Enabling podman.socket for user: s4176650
Running Intercept-Slow (BELIEF), seed 33

===========================================================================
║                        Environment Configuration                        ║
===========================================================================
║ Environment ID: InterceptSlow-v0                                        ║
║ Oracle Info:    None                                                    ║
║ Wrappers:                                                               ║
║    ├─ InitialZeroActionWrapper                                         ║
║    │  └─ {'n_initial_steps': 0}                                           ║
║    ├─ RenderStepInfoWrapper                                            ║
║    ├─ RenderRewardInfoWrapper                                          ║
║    ├─ DebugRewardWrapper                                               ║
║-------------------------------------------------------------------------║
║ include_state:       False │ state will not be used                ║
║ include_rgb:         True  │ rgb images will be used               ║
║ include_oracle:      False │ oracle info will not be used          ║
║ include_joints:      True  │ joints will be used                   ║
===========================================================================

MODE='rgb_joints_belief'
prompt_info=None
Saving eval videos to checkpoints/ppo_memtasks/rgb_joints_belief/normalized_dense/InterceptSlow-v0/ppo-belief-v2-interceptslow-33__33__rgb_joints_belief__20260126_093141/20260126_093141/videos
======================================================================
Max Episode Steps: 90
======================================================================

Loading belief model from /local/s4176650/sphinx/storage/InterceptSlow-v0_vae_mikasa_last5/final_vae_model.pt
  phi_dim=16, latent_dim=32
Belief model loaded successfully. Memory size: 768
Running training

####
args.num_iterations=434 args.num_envs=256 args.num_eval_envs=16
args.minibatch_size=720 args.batch_size=23040 args.update_epochs=4
####

sample_obs.keys()=dict_keys(['joints', 'rgb'])
joints: torch.Size([256, 25])
rgb: torch.Size([256, 128, 128, 3])


Epoch: 1, global_step=0
Evaluating
Evaluated 17280 steps resulting in 192 episodes
[32mEvaluation Metric: success_once[0m | [36mMean: 0.0781[0m
[32mEvaluation Metric: return[0m | [36mMean: 2.0342[0m
[32mEvaluation Metric: episode_len[0m | [36mMean: 90.0000[0m
[32mEvaluation Metric: reward[0m | [36mMean: 0.0226[0m
[32mEvaluation Metric: success_at_end[0m | [36mMean: 0.0312[0m
model saved to checkpoints/ppo_memtasks/rgb_joints_belief/normalized_dense/InterceptSlow-v0/ppo-belief-v2-interceptslow-33__33__rgb_joints_belief__20260126_093141/20260126_093141/ckpt_0_1.pt
SPS: 245
Epoch: 2, global_step=23040
SPS: 438
Epoch: 3, global_step=46080
SPS: 591
Epoch: 4, global_step=69120
SPS: 713
Epoch: 5, global_step=92160
SPS: 811
Epoch: 6, global_step=115200
SPS: 893
Epoch: 7, global_step=138240
SPS: 964
Epoch: 8, global_step=161280
SPS: 1024
Epoch: 9, global_step=184320
SPS: 1076
Epoch: 10, global_step=207360
SPS: 1121
Epoch: 11, global_step=230400
SPS: 1162
Epoch: 12, global_step=253440
SPS: 1197
Epoch: 13, global_step=276480
SPS: 1229
Epoch: 14, global_step=299520
SPS: 1257
Epoch: 15, global_step=322560
SPS: 1284
Epoch: 16, global_step=345600
SPS: 1307
Epoch: 17, global_step=368640
SPS: 1328
Epoch: 18, global_step=391680
SPS: 1347
Epoch: 19, global_step=414720
SPS: 1364
Epoch: 20, global_step=437760
SPS: 1382
Epoch: 21, global_step=460800
SPS: 1398
Epoch: 22, global_step=483840
SPS: 1411
Epoch: 23, global_step=506880
SPS: 1424
Epoch: 24, global_step=529920
SPS: 1437
Epoch: 25, global_step=552960
SPS: 1449
Epoch: 26, global_step=576000
Evaluating
Evaluated 17280 steps resulting in 192 episodes
[32mEvaluation Metric: success_once[0m | [36mMean: 0.1875[0m
[32mEvaluation Metric: return[0m | [36mMean: 4.7322[0m
[32mEvaluation Metric: episode_len[0m | [36mMean: 90.0000[0m
[32mEvaluation Metric: reward[0m | [36mMean: 0.0526[0m
[32mEvaluation Metric: success_at_end[0m | [36mMean: 0.0573[0m
model saved to checkpoints/ppo_memtasks/rgb_joints_belief/normalized_dense/InterceptSlow-v0/ppo-belief-v2-interceptslow-33__33__rgb_joints_belief__20260126_093141/20260126_093141/ckpt_1_26.pt
SPS: 1199
Epoch: 27, global_step=599040
SPS: 1214
Epoch: 28, global_step=622080
SPS: 1229
Epoch: 29, global_step=645120
SPS: 1244
Epoch: 30, global_step=668160
SPS: 1256
Epoch: 31, global_step=691200
SPS: 1267
Epoch: 32, global_step=714240
SPS: 1278
Epoch: 33, global_step=737280
SPS: 1290
Epoch: 34, global_step=760320
SPS: 1301
Epoch: 35, global_step=783360
SPS: 1310
Epoch: 36, global_step=806400
SPS: 1320
Epoch: 37, global_step=829440
SPS: 1329
Epoch: 38, global_step=852480
SPS: 1338
Epoch: 39, global_step=875520
SPS: 1347
Epoch: 40, global_step=898560
SPS: 1355
Epoch: 41, global_step=921600
SPS: 1363
Epoch: 42, global_step=944640
SPS: 1371
Epoch: 43, global_step=967680
SPS: 1378
Epoch: 44, global_step=990720
SPS: 1385
Epoch: 45, global_step=1013760
SPS: 1392
Epoch: 46, global_step=1036800
SPS: 1398
Epoch: 47, global_step=1059840
SPS: 1405
Epoch: 48, global_step=1082880
SPS: 1411
Epoch: 49, global_step=1105920
SPS: 1417
Epoch: 50, global_step=1128960
SPS: 1423
Epoch: 51, global_step=1152000
Evaluating
Evaluated 17280 steps resulting in 192 episodes
[32mEvaluation Metric: success_once[0m | [36mMean: 0.2969[0m
[32mEvaluation Metric: return[0m | [36mMean: 7.1460[0m
[32mEvaluation Metric: episode_len[0m | [36mMean: 90.0000[0m
[32mEvaluation Metric: reward[0m | [36mMean: 0.0794[0m
[32mEvaluation Metric: success_at_end[0m | [36mMean: 0.0833[0m
model saved to checkpoints/ppo_memtasks/rgb_joints_belief/normalized_dense/InterceptSlow-v0/ppo-belief-v2-interceptslow-33__33__rgb_joints_belief__20260126_093141/20260126_093141/ckpt_2_51.pt
SPS: 1282
Epoch: 52, global_step=1175040
SPS: 1289
Epoch: 53, global_step=1198080
SPS: 1296
Epoch: 54, global_step=1221120
SPS: 1302
Epoch: 55, global_step=1244160
SPS: 1309
Epoch: 56, global_step=1267200
SPS: 1315
Epoch: 57, global_step=1290240
SPS: 1321
Epoch: 58, global_step=1313280
SPS: 1326
Epoch: 59, global_step=1336320
SPS: 1332
Epoch: 60, global_step=1359360
SPS: 1337
Epoch: 61, global_step=1382400
SPS: 1343
Epoch: 62, global_step=1405440
SPS: 1348
Epoch: 63, global_step=1428480
SPS: 1354
Epoch: 64, global_step=1451520
SPS: 1360
Epoch: 65, global_step=1474560
SPS: 1365
Epoch: 66, global_step=1497600
SPS: 1369
Epoch: 67, global_step=1520640
SPS: 1374
Epoch: 68, global_step=1543680
SPS: 1379
Epoch: 69, global_step=1566720
SPS: 1383
Epoch: 70, global_step=1589760
SPS: 1388
Epoch: 71, global_step=1612800
SPS: 1392
Epoch: 72, global_step=1635840
SPS: 1396
Epoch: 73, global_step=1658880
SPS: 1401
Epoch: 74, global_step=1681920
SPS: 1405
Epoch: 75, global_step=1704960
SPS: 1409
Epoch: 76, global_step=1728000
Evaluating
Evaluated 17280 steps resulting in 192 episodes
[32mEvaluation Metric: success_once[0m | [36mMean: 0.4427[0m
[32mEvaluation Metric: return[0m | [36mMean: 9.7380[0m
[32mEvaluation Metric: episode_len[0m | [36mMean: 90.0000[0m
[32mEvaluation Metric: reward[0m | [36mMean: 0.1082[0m
[32mEvaluation Metric: success_at_end[0m | [36mMean: 0.0573[0m
model saved to checkpoints/ppo_memtasks/rgb_joints_belief/normalized_dense/InterceptSlow-v0/ppo-belief-v2-interceptslow-33__33__rgb_joints_belief__20260126_093141/20260126_093141/ckpt_3_76.pt
SPS: 1314
Epoch: 77, global_step=1751040
SPS: 1319
Epoch: 78, global_step=1774080
SPS: 1324
Epoch: 79, global_step=1797120
SPS: 1328
Epoch: 80, global_step=1820160
SPS: 1333
Epoch: 81, global_step=1843200
SPS: 1337
Epoch: 82, global_step=1866240
SPS: 1341
Epoch: 83, global_step=1889280
SPS: 1346
Epoch: 84, global_step=1912320
SPS: 1350
Epoch: 85, global_step=1935360
SPS: 1354
Epoch: 86, global_step=1958400
SPS: 1358
Epoch: 87, global_step=1981440
SPS: 1362
Epoch: 88, global_step=2004480
SPS: 1365
Epoch: 89, global_step=2027520
SPS: 1369
Epoch: 90, global_step=2050560
SPS: 1372
Epoch: 91, global_step=2073600
SPS: 1376
Epoch: 92, global_step=2096640
SPS: 1379
Epoch: 93, global_step=2119680
SPS: 1382
Epoch: 94, global_step=2142720
SPS: 1386
Epoch: 95, global_step=2165760
SPS: 1389
Epoch: 96, global_step=2188800
SPS: 1392
Epoch: 97, global_step=2211840
SPS: 1395
Epoch: 98, global_step=2234880
SPS: 1398
Epoch: 99, global_step=2257920
SPS: 1402
Epoch: 100, global_step=2280960
SPS: 1405
Epoch: 101, global_step=2304000
Evaluating
Evaluated 17280 steps resulting in 192 episodes
[32mEvaluation Metric: success_once[0m | [36mMean: 0.5521[0m
[32mEvaluation Metric: return[0m | [36mMean: 10.3351[0m
[32mEvaluation Metric: episode_len[0m | [36mMean: 90.0000[0m
[32mEvaluation Metric: reward[0m | [36mMean: 0.1148[0m
[32mEvaluation Metric: success_at_end[0m | [36mMean: 0.0677[0m
model saved to checkpoints/ppo_memtasks/rgb_joints_belief/normalized_dense/InterceptSlow-v0/ppo-belief-v2-interceptslow-33__33__rgb_joints_belief__20260126_093141/20260126_093141/ckpt_4_101.pt
SPS: 1335
Epoch: 102, global_step=2327040
SPS: 1339
Epoch: 103, global_step=2350080
SPS: 1342
Epoch: 104, global_step=2373120
SPS: 1345
Epoch: 105, global_step=2396160
SPS: 1348
Epoch: 106, global_step=2419200
SPS: 1352
Epoch: 107, global_step=2442240
SPS: 1354
Epoch: 108, global_step=2465280
SPS: 1357
Epoch: 109, global_step=2488320
SPS: 1360
Epoch: 110, global_step=2511360
SPS: 1363
Epoch: 111, global_step=2534400
SPS: 1366
Epoch: 112, global_step=2557440
SPS: 1369
Epoch: 113, global_step=2580480
SPS: 1371
Epoch: 114, global_step=2603520
SPS: 1374
Epoch: 115, global_step=2626560
SPS: 1377
Epoch: 116, global_step=2649600
SPS: 1380
Epoch: 117, global_step=2672640
SPS: 1383
Epoch: 118, global_step=2695680
SPS: 1385
Epoch: 119, global_step=2718720
SPS: 1388
Epoch: 120, global_step=2741760
SPS: 1391
Epoch: 121, global_step=2764800
SPS: 1393
Epoch: 122, global_step=2787840
SPS: 1396
Epoch: 123, global_step=2810880
SPS: 1399
Epoch: 124, global_step=2833920
SPS: 1401
Epoch: 125, global_step=2856960
SPS: 1404
Epoch: 126, global_step=2880000
Evaluating
Evaluated 17280 steps resulting in 192 episodes
[32mEvaluation Metric: success_once[0m | [36mMean: 0.7344[0m
[32mEvaluation Metric: return[0m | [36mMean: 10.4548[0m
[32mEvaluation Metric: episode_len[0m | [36mMean: 90.0000[0m
[32mEvaluation Metric: reward[0m | [36mMean: 0.1162[0m
[32mEvaluation Metric: success_at_end[0m | [36mMean: 0.0469[0m
model saved to checkpoints/ppo_memtasks/rgb_joints_belief/normalized_dense/InterceptSlow-v0/ppo-belief-v2-interceptslow-33__33__rgb_joints_belief__20260126_093141/20260126_093141/ckpt_5_126.pt
SPS: 1346
Epoch: 127, global_step=2903040
SPS: 1349
Epoch: 128, global_step=2926080
SPS: 1352
Epoch: 129, global_step=2949120
SPS: 1354
Epoch: 130, global_step=2972160
SPS: 1356
Epoch: 131, global_step=2995200
SPS: 1359
Epoch: 132, global_step=3018240
SPS: 1361
Epoch: 133, global_step=3041280
SPS: 1363
Epoch: 134, global_step=3064320
SPS: 1366
Epoch: 135, global_step=3087360
SPS: 1368
Epoch: 136, global_step=3110400
SPS: 1370
Epoch: 137, global_step=3133440
SPS: 1372
Epoch: 138, global_step=3156480
SPS: 1374
Epoch: 139, global_step=3179520
SPS: 1377
Epoch: 140, global_step=3202560
SPS: 1379
Epoch: 141, global_step=3225600
SPS: 1380
Epoch: 142, global_step=3248640
SPS: 1382
Epoch: 143, global_step=3271680
SPS: 1384
Epoch: 144, global_step=3294720
SPS: 1386
Epoch: 145, global_step=3317760
SPS: 1388
Epoch: 146, global_step=3340800
SPS: 1390
Epoch: 147, global_step=3363840
SPS: 1392
Epoch: 148, global_step=3386880
SPS: 1393
Epoch: 149, global_step=3409920
SPS: 1395
Epoch: 150, global_step=3432960
SPS: 1397
Epoch: 151, global_step=3456000
Evaluating
Evaluated 17280 steps resulting in 192 episodes
[32mEvaluation Metric: success_once[0m | [36mMean: 0.6458[0m
[32mEvaluation Metric: return[0m | [36mMean: 11.9104[0m
[32mEvaluation Metric: episode_len[0m | [36mMean: 90.0000[0m
[32mEvaluation Metric: reward[0m | [36mMean: 0.1323[0m
[32mEvaluation Metric: success_at_end[0m | [36mMean: 0.0521[0m
model saved to checkpoints/ppo_memtasks/rgb_joints_belief/normalized_dense/InterceptSlow-v0/ppo-belief-v2-interceptslow-33__33__rgb_joints_belief__20260126_093141/20260126_093141/ckpt_6_151.pt
SPS: 1350
Epoch: 152, global_step=3479040
SPS: 1352
Epoch: 153, global_step=3502080
SPS: 1354
Epoch: 154, global_step=3525120
SPS: 1356
Epoch: 155, global_step=3548160
SPS: 1358
Epoch: 156, global_step=3571200
SPS: 1360
Epoch: 157, global_step=3594240
SPS: 1362
Epoch: 158, global_step=3617280
SPS: 1364
Epoch: 159, global_step=3640320
SPS: 1366
Epoch: 160, global_step=3663360
SPS: 1368
Epoch: 161, global_step=3686400
SPS: 1370
Epoch: 162, global_step=3709440
SPS: 1372
Epoch: 163, global_step=3732480
SPS: 1374
Epoch: 164, global_step=3755520
SPS: 1376
Epoch: 165, global_step=3778560
SPS: 1378
Epoch: 166, global_step=3801600
SPS: 1380
Epoch: 167, global_step=3824640
SPS: 1382
Epoch: 168, global_step=3847680
SPS: 1383
Epoch: 169, global_step=3870720
SPS: 1385
Epoch: 170, global_step=3893760
SPS: 1387
Epoch: 171, global_step=3916800
SPS: 1389
Epoch: 172, global_step=3939840
SPS: 1390
Epoch: 173, global_step=3962880
SPS: 1392
Epoch: 174, global_step=3985920
SPS: 1394
Epoch: 175, global_step=4008960
SPS: 1396
Epoch: 176, global_step=4032000
Evaluating
Evaluated 17280 steps resulting in 192 episodes
[32mEvaluation Metric: success_once[0m | [36mMean: 0.6875[0m
[32mEvaluation Metric: return[0m | [36mMean: 11.5919[0m
[32mEvaluation Metric: episode_len[0m | [36mMean: 90.0000[0m
[32mEvaluation Metric: reward[0m | [36mMean: 0.1288[0m
[32mEvaluation Metric: success_at_end[0m | [36mMean: 0.0417[0m
model saved to checkpoints/ppo_memtasks/rgb_joints_belief/normalized_dense/InterceptSlow-v0/ppo-belief-v2-interceptslow-33__33__rgb_joints_belief__20260126_093141/20260126_093141/ckpt_7_176.pt
SPS: 1356
Epoch: 177, global_step=4055040
SPS: 1358
Epoch: 178, global_step=4078080
SPS: 1360
Epoch: 179, global_step=4101120
SPS: 1361
Epoch: 180, global_step=4124160
SPS: 1363
Epoch: 181, global_step=4147200
SPS: 1365
Epoch: 182, global_step=4170240
SPS: 1367
Epoch: 183, global_step=4193280
SPS: 1368
Epoch: 184, global_step=4216320
SPS: 1370
Epoch: 185, global_step=4239360
SPS: 1371
Epoch: 186, global_step=4262400
SPS: 1373
Epoch: 187, global_step=4285440
SPS: 1375
Epoch: 188, global_step=4308480
SPS: 1376
Epoch: 189, global_step=4331520
SPS: 1378
Epoch: 190, global_step=4354560
SPS: 1379
Epoch: 191, global_step=4377600
SPS: 1381
Epoch: 192, global_step=4400640
SPS: 1383
Epoch: 193, global_step=4423680
SPS: 1384
Epoch: 194, global_step=4446720
SPS: 1385
Epoch: 195, global_step=4469760
SPS: 1387
Epoch: 196, global_step=4492800
SPS: 1388
Epoch: 197, global_step=4515840
SPS: 1390
Epoch: 198, global_step=4538880
SPS: 1392
Epoch: 199, global_step=4561920
SPS: 1393
Epoch: 200, global_step=4584960
SPS: 1395
Epoch: 201, global_step=4608000
Evaluating
Evaluated 17280 steps resulting in 192 episodes
[32mEvaluation Metric: success_once[0m | [36mMean: 0.7708[0m
[32mEvaluation Metric: return[0m | [36mMean: 11.4425[0m
[32mEvaluation Metric: episode_len[0m | [36mMean: 90.0000[0m
[32mEvaluation Metric: reward[0m | [36mMean: 0.1271[0m
[32mEvaluation Metric: success_at_end[0m | [36mMean: 0.0260[0m
model saved to checkpoints/ppo_memtasks/rgb_joints_belief/normalized_dense/InterceptSlow-v0/ppo-belief-v2-interceptslow-33__33__rgb_joints_belief__20260126_093141/20260126_093141/ckpt_8_201.pt
SPS: 1358
Epoch: 202, global_step=4631040
SPS: 1360
Epoch: 203, global_step=4654080
SPS: 1362
Epoch: 204, global_step=4677120
SPS: 1363
Epoch: 205, global_step=4700160
SPS: 1365
Epoch: 206, global_step=4723200
SPS: 1366
Epoch: 207, global_step=4746240
SPS: 1368
Epoch: 208, global_step=4769280
SPS: 1369
Epoch: 209, global_step=4792320
SPS: 1371
Epoch: 210, global_step=4815360
SPS: 1372
Epoch: 211, global_step=4838400
SPS: 1374
Epoch: 212, global_step=4861440
SPS: 1375
Epoch: 213, global_step=4884480
SPS: 1376
Epoch: 214, global_step=4907520
SPS: 1378
Epoch: 215, global_step=4930560
SPS: 1379
Epoch: 216, global_step=4953600
SPS: 1381
Epoch: 217, global_step=4976640
SPS: 1382
Epoch: 218, global_step=4999680
SPS: 1384
Epoch: 219, global_step=5022720
SPS: 1385
Epoch: 220, global_step=5045760
SPS: 1386
Epoch: 221, global_step=5068800
SPS: 1388
Epoch: 222, global_step=5091840
SPS: 1389
Epoch: 223, global_step=5114880
SPS: 1390
Epoch: 224, global_step=5137920
SPS: 1392
Epoch: 225, global_step=5160960
SPS: 1393
Epoch: 226, global_step=5184000
Evaluating
Evaluated 17280 steps resulting in 192 episodes
[32mEvaluation Metric: success_once[0m | [36mMean: 0.7292[0m
[32mEvaluation Metric: return[0m | [36mMean: 11.9320[0m
[32mEvaluation Metric: episode_len[0m | [36mMean: 90.0000[0m
[32mEvaluation Metric: reward[0m | [36mMean: 0.1326[0m
[32mEvaluation Metric: success_at_end[0m | [36mMean: 0.0260[0m
model saved to checkpoints/ppo_memtasks/rgb_joints_belief/normalized_dense/InterceptSlow-v0/ppo-belief-v2-interceptslow-33__33__rgb_joints_belief__20260126_093141/20260126_093141/ckpt_9_226.pt
SPS: 1361
Epoch: 227, global_step=5207040
SPS: 1363
Epoch: 228, global_step=5230080
SPS: 1364
Epoch: 229, global_step=5253120
SPS: 1365
Epoch: 230, global_step=5276160
SPS: 1367
Epoch: 231, global_step=5299200
SPS: 1368
Epoch: 232, global_step=5322240
SPS: 1369
Epoch: 233, global_step=5345280
SPS: 1371
Epoch: 234, global_step=5368320
SPS: 1372
Epoch: 235, global_step=5391360
SPS: 1373
Epoch: 236, global_step=5414400
SPS: 1375
Epoch: 237, global_step=5437440
SPS: 1376
Epoch: 238, global_step=5460480
SPS: 1377
Epoch: 239, global_step=5483520
SPS: 1379
Epoch: 240, global_step=5506560
SPS: 1380
Epoch: 241, global_step=5529600
SPS: 1381
Epoch: 242, global_step=5552640
SPS: 1382
Epoch: 243, global_step=5575680
SPS: 1384
Epoch: 244, global_step=5598720
SPS: 1385
Epoch: 245, global_step=5621760
SPS: 1386
Epoch: 246, global_step=5644800
SPS: 1387
Epoch: 247, global_step=5667840
SPS: 1389
Epoch: 248, global_step=5690880
SPS: 1390
Epoch: 249, global_step=5713920
SPS: 1391
Epoch: 250, global_step=5736960
SPS: 1392
Epoch: 251, global_step=5760000
Evaluating
Evaluated 17280 steps resulting in 192 episodes
[32mEvaluation Metric: success_once[0m | [36mMean: 0.8438[0m
[32mEvaluation Metric: return[0m | [36mMean: 12.1387[0m
[32mEvaluation Metric: episode_len[0m | [36mMean: 90.0000[0m
[32mEvaluation Metric: reward[0m | [36mMean: 0.1349[0m
[32mEvaluation Metric: success_at_end[0m | [36mMean: 0.0208[0m
model saved to checkpoints/ppo_memtasks/rgb_joints_belief/normalized_dense/InterceptSlow-v0/ppo-belief-v2-interceptslow-33__33__rgb_joints_belief__20260126_093141/20260126_093141/ckpt_10_251.pt
SPS: 1365
Epoch: 252, global_step=5783040
SPS: 1366
Epoch: 253, global_step=5806080
SPS: 1368
Epoch: 254, global_step=5829120
SPS: 1369
Epoch: 255, global_step=5852160
SPS: 1370
Epoch: 256, global_step=5875200
SPS: 1371
Epoch: 257, global_step=5898240
SPS: 1372
Epoch: 258, global_step=5921280
SPS: 1374
Epoch: 259, global_step=5944320
SPS: 1375
Epoch: 260, global_step=5967360
SPS: 1376
Epoch: 261, global_step=5990400
SPS: 1377
Epoch: 262, global_step=6013440
SPS: 1378
Epoch: 263, global_step=6036480
SPS: 1379
Epoch: 264, global_step=6059520
SPS: 1381
Epoch: 265, global_step=6082560
SPS: 1382
Epoch: 266, global_step=6105600
SPS: 1383
Epoch: 267, global_step=6128640
SPS: 1384
Epoch: 268, global_step=6151680
SPS: 1385
Epoch: 269, global_step=6174720
SPS: 1386
Epoch: 270, global_step=6197760
SPS: 1387
Epoch: 271, global_step=6220800
SPS: 1389
Epoch: 272, global_step=6243840
SPS: 1390
Epoch: 273, global_step=6266880
SPS: 1391
Epoch: 274, global_step=6289920
SPS: 1392
Epoch: 275, global_step=6312960
SPS: 1393
Epoch: 276, global_step=6336000
Evaluating
Evaluated 17280 steps resulting in 192 episodes
[32mEvaluation Metric: success_once[0m | [36mMean: 0.8594[0m
[32mEvaluation Metric: return[0m | [36mMean: 12.5194[0m
[32mEvaluation Metric: episode_len[0m | [36mMean: 90.0000[0m
[32mEvaluation Metric: reward[0m | [36mMean: 0.1391[0m
[32mEvaluation Metric: success_at_end[0m | [36mMean: 0.0104[0m
model saved to checkpoints/ppo_memtasks/rgb_joints_belief/normalized_dense/InterceptSlow-v0/ppo-belief-v2-interceptslow-33__33__rgb_joints_belief__20260126_093141/20260126_093141/ckpt_11_276.pt
SPS: 1367
Epoch: 277, global_step=6359040
SPS: 1368
Epoch: 278, global_step=6382080
SPS: 1369
Epoch: 279, global_step=6405120
SPS: 1370
Epoch: 280, global_step=6428160
SPS: 1372
Epoch: 281, global_step=6451200
SPS: 1373
Epoch: 282, global_step=6474240
SPS: 1374
Epoch: 283, global_step=6497280
SPS: 1375
Epoch: 284, global_step=6520320
SPS: 1377
Epoch: 285, global_step=6543360
SPS: 1378
Epoch: 286, global_step=6566400
SPS: 1379
Epoch: 287, global_step=6589440
SPS: 1380
Epoch: 288, global_step=6612480
SPS: 1381
Epoch: 289, global_step=6635520
SPS: 1382
Epoch: 290, global_step=6658560
SPS: 1384
Epoch: 291, global_step=6681600
SPS: 1385
Epoch: 292, global_step=6704640
SPS: 1386
Epoch: 293, global_step=6727680
SPS: 1387
Epoch: 294, global_step=6750720
SPS: 1388
Epoch: 295, global_step=6773760
SPS: 1389
Epoch: 296, global_step=6796800
SPS: 1390
Epoch: 297, global_step=6819840
SPS: 1392
Epoch: 298, global_step=6842880
SPS: 1393
Epoch: 299, global_step=6865920
SPS: 1394
Epoch: 300, global_step=6888960
SPS: 1395
Epoch: 301, global_step=6912000
Evaluating
Evaluated 17280 steps resulting in 192 episodes
[32mEvaluation Metric: success_once[0m | [36mMean: 0.8333[0m
[32mEvaluation Metric: return[0m | [36mMean: 12.2659[0m
[32mEvaluation Metric: episode_len[0m | [36mMean: 90.0000[0m
[32mEvaluation Metric: reward[0m | [36mMean: 0.1363[0m
[32mEvaluation Metric: success_at_end[0m | [36mMean: 0.0052[0m
model saved to checkpoints/ppo_memtasks/rgb_joints_belief/normalized_dense/InterceptSlow-v0/ppo-belief-v2-interceptslow-33__33__rgb_joints_belief__20260126_093141/20260126_093141/ckpt_12_301.pt
SPS: 1372
Epoch: 302, global_step=6935040
SPS: 1373
Epoch: 303, global_step=6958080
SPS: 1374
Epoch: 304, global_step=6981120
SPS: 1375
Epoch: 305, global_step=7004160
SPS: 1376
Epoch: 306, global_step=7027200
SPS: 1377
Epoch: 307, global_step=7050240
SPS: 1378
Epoch: 308, global_step=7073280
SPS: 1379
Epoch: 309, global_step=7096320
SPS: 1380
Epoch: 310, global_step=7119360
SPS: 1381
Epoch: 311, global_step=7142400
SPS: 1382
Epoch: 312, global_step=7165440
SPS: 1383
Epoch: 313, global_step=7188480
SPS: 1384
Epoch: 314, global_step=7211520
SPS: 1385
Epoch: 315, global_step=7234560
SPS: 1387
Epoch: 316, global_step=7257600
SPS: 1387
Epoch: 317, global_step=7280640
SPS: 1388
Epoch: 318, global_step=7303680
SPS: 1389
Epoch: 319, global_step=7326720
SPS: 1390
Epoch: 320, global_step=7349760
SPS: 1391
Epoch: 321, global_step=7372800
SPS: 1392
Epoch: 322, global_step=7395840
SPS: 1393
Epoch: 323, global_step=7418880
SPS: 1394
Epoch: 324, global_step=7441920
SPS: 1395
Epoch: 325, global_step=7464960
SPS: 1396
Epoch: 326, global_step=7488000
Evaluating
Evaluated 17280 steps resulting in 192 episodes
[32mEvaluation Metric: success_once[0m | [36mMean: 0.8698[0m
[32mEvaluation Metric: return[0m | [36mMean: 12.4068[0m
[32mEvaluation Metric: episode_len[0m | [36mMean: 90.0000[0m
[32mEvaluation Metric: reward[0m | [36mMean: 0.1379[0m
[32mEvaluation Metric: success_at_end[0m | [36mMean: 0.0104[0m
model saved to checkpoints/ppo_memtasks/rgb_joints_belief/normalized_dense/InterceptSlow-v0/ppo-belief-v2-interceptslow-33__33__rgb_joints_belief__20260126_093141/20260126_093141/ckpt_13_326.pt
SPS: 1374
Epoch: 327, global_step=7511040
SPS: 1375
Epoch: 328, global_step=7534080
SPS: 1376
Epoch: 329, global_step=7557120
SPS: 1377
Epoch: 330, global_step=7580160
SPS: 1378
Epoch: 331, global_step=7603200
SPS: 1378
Epoch: 332, global_step=7626240
SPS: 1379
Epoch: 333, global_step=7649280
SPS: 1380
Epoch: 334, global_step=7672320
SPS: 1381
Epoch: 335, global_step=7695360
SPS: 1382
Epoch: 336, global_step=7718400
SPS: 1383
Epoch: 337, global_step=7741440
SPS: 1384
Epoch: 338, global_step=7764480
SPS: 1385
Epoch: 339, global_step=7787520
SPS: 1386
Epoch: 340, global_step=7810560
SPS: 1387
Epoch: 341, global_step=7833600
SPS: 1388
Epoch: 342, global_step=7856640
SPS: 1389
Epoch: 343, global_step=7879680
SPS: 1390
Epoch: 344, global_step=7902720
SPS: 1390
Epoch: 345, global_step=7925760
SPS: 1391
Epoch: 346, global_step=7948800
SPS: 1392
Epoch: 347, global_step=7971840
SPS: 1393
Epoch: 348, global_step=7994880
SPS: 1394
Epoch: 349, global_step=8017920
SPS: 1394
Epoch: 350, global_step=8040960
SPS: 1395
Epoch: 351, global_step=8064000
Evaluating
Evaluated 17280 steps resulting in 192 episodes
[32mEvaluation Metric: success_once[0m | [36mMean: 0.7865[0m
[32mEvaluation Metric: return[0m | [36mMean: 11.6741[0m
[32mEvaluation Metric: episode_len[0m | [36mMean: 90.0000[0m
[32mEvaluation Metric: reward[0m | [36mMean: 0.1297[0m
[32mEvaluation Metric: success_at_end[0m | [36mMean: 0.0052[0m
model saved to checkpoints/ppo_memtasks/rgb_joints_belief/normalized_dense/InterceptSlow-v0/ppo-belief-v2-interceptslow-33__33__rgb_joints_belief__20260126_093141/20260126_093141/ckpt_14_351.pt
SPS: 1375
Epoch: 352, global_step=8087040
SPS: 1376
Epoch: 353, global_step=8110080
SPS: 1377
Epoch: 354, global_step=8133120
SPS: 1378
Epoch: 355, global_step=8156160
SPS: 1379
Epoch: 356, global_step=8179200
SPS: 1380
Epoch: 357, global_step=8202240
SPS: 1381
Epoch: 358, global_step=8225280
SPS: 1382
Epoch: 359, global_step=8248320
SPS: 1383
Epoch: 360, global_step=8271360
SPS: 1384
Epoch: 361, global_step=8294400
SPS: 1385
Epoch: 362, global_step=8317440
SPS: 1386
Epoch: 363, global_step=8340480
SPS: 1387
Epoch: 364, global_step=8363520
SPS: 1387
Epoch: 365, global_step=8386560
SPS: 1388
Epoch: 366, global_step=8409600
SPS: 1389
Epoch: 367, global_step=8432640
SPS: 1390
Epoch: 368, global_step=8455680
SPS: 1391
Epoch: 369, global_step=8478720
SPS: 1392
Epoch: 370, global_step=8501760
SPS: 1393
Epoch: 371, global_step=8524800
SPS: 1394
Epoch: 372, global_step=8547840
SPS: 1395
Epoch: 373, global_step=8570880
SPS: 1396
Epoch: 374, global_step=8593920
SPS: 1397
Epoch: 375, global_step=8616960
SPS: 1397
Epoch: 376, global_step=8640000
Evaluating
Evaluated 17280 steps resulting in 192 episodes
[32mEvaluation Metric: success_once[0m | [36mMean: 0.8594[0m
[32mEvaluation Metric: return[0m | [36mMean: 12.0642[0m
[32mEvaluation Metric: episode_len[0m | [36mMean: 90.0000[0m
[32mEvaluation Metric: reward[0m | [36mMean: 0.1340[0m
[32mEvaluation Metric: success_at_end[0m | [36mMean: 0.0052[0m
model saved to checkpoints/ppo_memtasks/rgb_joints_belief/normalized_dense/InterceptSlow-v0/ppo-belief-v2-interceptslow-33__33__rgb_joints_belief__20260126_093141/20260126_093141/ckpt_15_376.pt
SPS: 1378
Epoch: 377, global_step=8663040
SPS: 1379
Epoch: 378, global_step=8686080
SPS: 1380
Epoch: 379, global_step=8709120
SPS: 1381
Epoch: 380, global_step=8732160
SPS: 1382
Epoch: 381, global_step=8755200
SPS: 1383
Epoch: 382, global_step=8778240
SPS: 1384
Epoch: 383, global_step=8801280
SPS: 1385
Epoch: 384, global_step=8824320
SPS: 1386
Epoch: 385, global_step=8847360
SPS: 1387
Epoch: 386, global_step=8870400
SPS: 1388
Epoch: 387, global_step=8893440
SPS: 1388
Epoch: 388, global_step=8916480
SPS: 1389
Epoch: 389, global_step=8939520
SPS: 1390
Epoch: 390, global_step=8962560
SPS: 1392
Epoch: 391, global_step=8985600
SPS: 1393
Epoch: 392, global_step=9008640
SPS: 1393
Epoch: 393, global_step=9031680
SPS: 1394
Epoch: 394, global_step=9054720
SPS: 1395
Epoch: 395, global_step=9077760
SPS: 1396
Epoch: 396, global_step=9100800
SPS: 1397
Epoch: 397, global_step=9123840
SPS: 1397
Epoch: 398, global_step=9146880
SPS: 1398
Epoch: 399, global_step=9169920
SPS: 1399
Epoch: 400, global_step=9192960
SPS: 1400
Epoch: 401, global_step=9216000
Evaluating
Evaluated 17280 steps resulting in 192 episodes
[32mEvaluation Metric: success_once[0m | [36mMean: 0.9062[0m
[32mEvaluation Metric: return[0m | [36mMean: 13.2414[0m
[32mEvaluation Metric: episode_len[0m | [36mMean: 90.0000[0m
[32mEvaluation Metric: reward[0m | [36mMean: 0.1471[0m
[32mEvaluation Metric: success_at_end[0m | [36mMean: 0.0260[0m
model saved to checkpoints/ppo_memtasks/rgb_joints_belief/normalized_dense/InterceptSlow-v0/ppo-belief-v2-interceptslow-33__33__rgb_joints_belief__20260126_093141/20260126_093141/ckpt_16_401.pt
SPS: 1382
Epoch: 402, global_step=9239040
SPS: 1383
Epoch: 403, global_step=9262080
SPS: 1384
Epoch: 404, global_step=9285120
SPS: 1385
Epoch: 405, global_step=9308160
SPS: 1386
Epoch: 406, global_step=9331200
SPS: 1387
Epoch: 407, global_step=9354240
SPS: 1388
Epoch: 408, global_step=9377280
SPS: 1389
Epoch: 409, global_step=9400320
SPS: 1390
Epoch: 410, global_step=9423360
SPS: 1390
Epoch: 411, global_step=9446400
SPS: 1391
Epoch: 412, global_step=9469440
SPS: 1392
Epoch: 413, global_step=9492480
SPS: 1393
Epoch: 414, global_step=9515520
SPS: 1393
Epoch: 415, global_step=9538560
SPS: 1394
Epoch: 416, global_step=9561600
SPS: 1395
Epoch: 417, global_step=9584640
SPS: 1396
Epoch: 418, global_step=9607680
SPS: 1397
Epoch: 419, global_step=9630720
SPS: 1398
Epoch: 420, global_step=9653760
SPS: 1399
Epoch: 421, global_step=9676800
SPS: 1400
Epoch: 422, global_step=9699840
SPS: 1401
Epoch: 423, global_step=9722880
SPS: 1402
Epoch: 424, global_step=9745920
SPS: 1403
Epoch: 425, global_step=9768960
SPS: 1404
Epoch: 426, global_step=9792000
Evaluating
Evaluated 17280 steps resulting in 192 episodes
[32mEvaluation Metric: success_once[0m | [36mMean: 0.9010[0m
[32mEvaluation Metric: return[0m | [36mMean: 13.4661[0m
[32mEvaluation Metric: episode_len[0m | [36mMean: 90.0000[0m
[32mEvaluation Metric: reward[0m | [36mMean: 0.1496[0m
[32mEvaluation Metric: success_at_end[0m | [36mMean: 0.0208[0m
model saved to checkpoints/ppo_memtasks/rgb_joints_belief/normalized_dense/InterceptSlow-v0/ppo-belief-v2-interceptslow-33__33__rgb_joints_belief__20260126_093141/20260126_093141/ckpt_17_426.pt
SPS: 1386
Epoch: 427, global_step=9815040
SPS: 1387
Epoch: 428, global_step=9838080
SPS: 1388
Epoch: 429, global_step=9861120
SPS: 1389
Epoch: 430, global_step=9884160
SPS: 1390
Epoch: 431, global_step=9907200
SPS: 1391
Epoch: 432, global_step=9930240
SPS: 1392
Epoch: 433, global_step=9953280
SPS: 1393
Epoch: 434, global_step=9976320
SPS: 1394
model saved to checkpoints/ppo_memtasks/rgb_joints_belief/normalized_dense/InterceptSlow-v0/ppo-belief-v2-interceptslow-33__33__rgb_joints_belief__20260126_093141/20260126_093141/final_ckpt.pt
Running Intercept-Slow (BELIEF), seed 42

===========================================================================
║                        Environment Configuration                        ║
===========================================================================
║ Environment ID: InterceptSlow-v0                                        ║
║ Oracle Info:    None                                                    ║
║ Wrappers:                                                               ║
║    ├─ InitialZeroActionWrapper                                         ║
║    │  └─ {'n_initial_steps': 0}                                           ║
║    ├─ RenderStepInfoWrapper                                            ║
║    ├─ RenderRewardInfoWrapper                                          ║
║    ├─ DebugRewardWrapper                                               ║
║-------------------------------------------------------------------------║
║ include_state:       False │ state will not be used                ║
║ include_rgb:         True  │ rgb images will be used               ║
║ include_oracle:      False │ oracle info will not be used          ║
║ include_joints:      True  │ joints will be used                   ║
===========================================================================

MODE='rgb_joints_belief'
prompt_info=None
Saving eval videos to checkpoints/ppo_memtasks/rgb_joints_belief/normalized_dense/InterceptSlow-v0/ppo-belief-v2-interceptslow-42__42__rgb_joints_belief__20260126_113337/20260126_113337/videos
======================================================================
Max Episode Steps: 90
======================================================================

Loading belief model from /local/s4176650/sphinx/storage/InterceptSlow-v0_vae_mikasa_last5/final_vae_model.pt
  phi_dim=16, latent_dim=32
Belief model loaded successfully. Memory size: 768
Running training

####
args.num_iterations=434 args.num_envs=256 args.num_eval_envs=16
args.minibatch_size=720 args.batch_size=23040 args.update_epochs=4
####

sample_obs.keys()=dict_keys(['joints', 'rgb'])
joints: torch.Size([256, 25])
rgb: torch.Size([256, 128, 128, 3])


Epoch: 1, global_step=0
Evaluating
Evaluated 17280 steps resulting in 192 episodes
[32mEvaluation Metric: success_once[0m | [36mMean: 0.0833[0m
[32mEvaluation Metric: return[0m | [36mMean: 2.1146[0m
[32mEvaluation Metric: episode_len[0m | [36mMean: 90.0000[0m
[32mEvaluation Metric: reward[0m | [36mMean: 0.0235[0m
[32mEvaluation Metric: success_at_end[0m | [36mMean: 0.0104[0m
model saved to checkpoints/ppo_memtasks/rgb_joints_belief/normalized_dense/InterceptSlow-v0/ppo-belief-v2-interceptslow-42__42__rgb_joints_belief__20260126_113337/20260126_113337/ckpt_0_1.pt
SPS: 196
Epoch: 2, global_step=23040
SPS: 357
Epoch: 3, global_step=46080
SPS: 491
Epoch: 4, global_step=69120
SPS: 605
Epoch: 5, global_step=92160
SPS: 702
Epoch: 6, global_step=115200
SPS: 782
Epoch: 7, global_step=138240
SPS: 850
Epoch: 8, global_step=161280
SPS: 910
Epoch: 9, global_step=184320
SPS: 963
Epoch: 10, global_step=207360
SPS: 1009
Epoch: 11, global_step=230400
SPS: 1050
Epoch: 12, global_step=253440
SPS: 1087
Epoch: 13, global_step=276480
SPS: 1121
Epoch: 14, global_step=299520
SPS: 1150
Epoch: 15, global_step=322560
SPS: 1177
Epoch: 16, global_step=345600
SPS: 1202
Epoch: 17, global_step=368640
SPS: 1223
Epoch: 18, global_step=391680
SPS: 1245
Epoch: 19, global_step=414720
SPS: 1264
Epoch: 20, global_step=437760
SPS: 1282
Epoch: 21, global_step=460800
SPS: 1298
Epoch: 22, global_step=483840
SPS: 1313
Epoch: 23, global_step=506880
SPS: 1328
Epoch: 24, global_step=529920
SPS: 1342
Epoch: 25, global_step=552960
SPS: 1354
Epoch: 26, global_step=576000
Evaluating
Evaluated 17280 steps resulting in 192 episodes
[32mEvaluation Metric: success_once[0m | [36mMean: 0.1146[0m
[32mEvaluation Metric: return[0m | [36mMean: 4.8434[0m
[32mEvaluation Metric: episode_len[0m | [36mMean: 90.0000[0m
[32mEvaluation Metric: reward[0m | [36mMean: 0.0538[0m
[32mEvaluation Metric: success_at_end[0m | [36mMean: 0.0469[0m
model saved to checkpoints/ppo_memtasks/rgb_joints_belief/normalized_dense/InterceptSlow-v0/ppo-belief-v2-interceptslow-42__42__rgb_joints_belief__20260126_113337/20260126_113337/ckpt_1_26.pt
SPS: 1132
Epoch: 27, global_step=599040
SPS: 1148
Epoch: 28, global_step=622080
SPS: 1162
Epoch: 29, global_step=645120
SPS: 1175
Epoch: 30, global_step=668160
SPS: 1189
Epoch: 31, global_step=691200
SPS: 1201
Epoch: 32, global_step=714240
SPS: 1212
Epoch: 33, global_step=737280
SPS: 1224
Epoch: 34, global_step=760320
SPS: 1236
Epoch: 35, global_step=783360
SPS: 1245
Epoch: 36, global_step=806400
SPS: 1256
Epoch: 37, global_step=829440
SPS: 1265
Epoch: 38, global_step=852480
SPS: 1275
Epoch: 39, global_step=875520
SPS: 1285
Epoch: 40, global_step=898560
SPS: 1293
Epoch: 41, global_step=921600
SPS: 1301
Epoch: 42, global_step=944640
SPS: 1309
Epoch: 43, global_step=967680
SPS: 1316
Epoch: 44, global_step=990720
SPS: 1324
Epoch: 45, global_step=1013760
SPS: 1331
Epoch: 46, global_step=1036800
SPS: 1338
Epoch: 47, global_step=1059840
SPS: 1346
Epoch: 48, global_step=1082880
SPS: 1352
Epoch: 49, global_step=1105920
SPS: 1359
Epoch: 50, global_step=1128960
SPS: 1365
Epoch: 51, global_step=1152000
Evaluating
Evaluated 17280 steps resulting in 192 episodes
[32mEvaluation Metric: success_once[0m | [36mMean: 0.1927[0m
[32mEvaluation Metric: return[0m | [36mMean: 6.7223[0m
[32mEvaluation Metric: episode_len[0m | [36mMean: 90.0000[0m
[32mEvaluation Metric: reward[0m | [36mMean: 0.0747[0m
[32mEvaluation Metric: success_at_end[0m | [36mMean: 0.0365[0m
model saved to checkpoints/ppo_memtasks/rgb_joints_belief/normalized_dense/InterceptSlow-v0/ppo-belief-v2-interceptslow-42__42__rgb_joints_belief__20260126_113337/20260126_113337/ckpt_2_51.pt
SPS: 1239
Epoch: 52, global_step=1175040
SPS: 1247
Epoch: 53, global_step=1198080
SPS: 1254
Epoch: 54, global_step=1221120
SPS: 1261
Epoch: 55, global_step=1244160
SPS: 1267
Epoch: 56, global_step=1267200
SPS: 1273
Epoch: 57, global_step=1290240
SPS: 1279
Epoch: 58, global_step=1313280
SPS: 1285
Epoch: 59, global_step=1336320
SPS: 1291
Epoch: 60, global_step=1359360
SPS: 1297
Epoch: 61, global_step=1382400
SPS: 1302
Epoch: 62, global_step=1405440
SPS: 1307
Epoch: 63, global_step=1428480
SPS: 1312
Epoch: 64, global_step=1451520
SPS: 1317
Epoch: 65, global_step=1474560
SPS: 1322
Epoch: 66, global_step=1497600
SPS: 1327
Epoch: 67, global_step=1520640
SPS: 1332
Epoch: 68, global_step=1543680
SPS: 1336
Epoch: 69, global_step=1566720
SPS: 1341
Epoch: 70, global_step=1589760
SPS: 1345
Epoch: 71, global_step=1612800
SPS: 1349
Epoch: 72, global_step=1635840
SPS: 1354
Epoch: 73, global_step=1658880
SPS: 1358
Epoch: 74, global_step=1681920
SPS: 1362
Epoch: 75, global_step=1704960
SPS: 1366
Epoch: 76, global_step=1728000
Evaluating
Evaluated 17280 steps resulting in 192 episodes
[32mEvaluation Metric: success_once[0m | [36mMean: 0.2135[0m
[32mEvaluation Metric: return[0m | [36mMean: 7.3553[0m
[32mEvaluation Metric: episode_len[0m | [36mMean: 90.0000[0m
[32mEvaluation Metric: reward[0m | [36mMean: 0.0817[0m
[32mEvaluation Metric: success_at_end[0m | [36mMean: 0.0625[0m
model saved to checkpoints/ppo_memtasks/rgb_joints_belief/normalized_dense/InterceptSlow-v0/ppo-belief-v2-interceptslow-42__42__rgb_joints_belief__20260126_113337/20260126_113337/ckpt_3_76.pt
SPS: 1274
Epoch: 77, global_step=1751040
SPS: 1279
Epoch: 78, global_step=1774080
SPS: 1284
Epoch: 79, global_step=1797120
SPS: 1288
Epoch: 80, global_step=1820160
SPS: 1292
Epoch: 81, global_step=1843200
SPS: 1296
Epoch: 82, global_step=1866240
SPS: 1300
Epoch: 83, global_step=1889280
SPS: 1304
Epoch: 84, global_step=1912320
SPS: 1308
Epoch: 85, global_step=1935360
SPS: 1313
Epoch: 86, global_step=1958400
SPS: 1316
Epoch: 87, global_step=1981440
SPS: 1320
Epoch: 88, global_step=2004480
SPS: 1323
Epoch: 89, global_step=2027520
SPS: 1327
Epoch: 90, global_step=2050560
SPS: 1331
Epoch: 91, global_step=2073600
SPS: 1334
Epoch: 92, global_step=2096640
SPS: 1338
Epoch: 93, global_step=2119680
SPS: 1341
Epoch: 94, global_step=2142720
SPS: 1345
Epoch: 95, global_step=2165760
SPS: 1348
Epoch: 96, global_step=2188800
SPS: 1351
Epoch: 97, global_step=2211840
SPS: 1354
Epoch: 98, global_step=2234880
SPS: 1357
Epoch: 99, global_step=2257920
SPS: 1361
Epoch: 100, global_step=2280960
SPS: 1364
Epoch: 101, global_step=2304000
Evaluating
Evaluated 17280 steps resulting in 192 episodes
[32mEvaluation Metric: success_once[0m | [36mMean: 0.2344[0m
[32mEvaluation Metric: return[0m | [36mMean: 8.2423[0m
[32mEvaluation Metric: episode_len[0m | [36mMean: 90.0000[0m
[32mEvaluation Metric: reward[0m | [36mMean: 0.0916[0m
[32mEvaluation Metric: success_at_end[0m | [36mMean: 0.0417[0m
model saved to checkpoints/ppo_memtasks/rgb_joints_belief/normalized_dense/InterceptSlow-v0/ppo-belief-v2-interceptslow-42__42__rgb_joints_belief__20260126_113337/20260126_113337/ckpt_4_101.pt
SPS: 1296
Epoch: 102, global_step=2327040
SPS: 1300
Epoch: 103, global_step=2350080
SPS: 1303
Epoch: 104, global_step=2373120
SPS: 1306
Epoch: 105, global_step=2396160
SPS: 1309
Epoch: 106, global_step=2419200
SPS: 1312
Epoch: 107, global_step=2442240
SPS: 1315
Epoch: 108, global_step=2465280
SPS: 1318
Epoch: 109, global_step=2488320
SPS: 1321
Epoch: 110, global_step=2511360
SPS: 1324
Epoch: 111, global_step=2534400
SPS: 1327
Epoch: 112, global_step=2557440
SPS: 1329
Epoch: 113, global_step=2580480
SPS: 1333
Epoch: 114, global_step=2603520
SPS: 1335
Epoch: 115, global_step=2626560
SPS: 1338
Epoch: 116, global_step=2649600
SPS: 1342
Epoch: 117, global_step=2672640
SPS: 1345
Epoch: 118, global_step=2695680
SPS: 1347
Epoch: 119, global_step=2718720
SPS: 1350
Epoch: 120, global_step=2741760
SPS: 1353
Epoch: 121, global_step=2764800
SPS: 1356
Epoch: 122, global_step=2787840
SPS: 1358
Epoch: 123, global_step=2810880
SPS: 1361
Epoch: 124, global_step=2833920
SPS: 1363
Epoch: 125, global_step=2856960
SPS: 1366
Epoch: 126, global_step=2880000
Evaluating
Evaluated 17280 steps resulting in 192 episodes
[32mEvaluation Metric: success_once[0m | [36mMean: 0.4375[0m
[32mEvaluation Metric: return[0m | [36mMean: 9.7177[0m
[32mEvaluation Metric: episode_len[0m | [36mMean: 90.0000[0m
[32mEvaluation Metric: reward[0m | [36mMean: 0.1080[0m
[32mEvaluation Metric: success_at_end[0m | [36mMean: 0.0260[0m
model saved to checkpoints/ppo_memtasks/rgb_joints_belief/normalized_dense/InterceptSlow-v0/ppo-belief-v2-interceptslow-42__42__rgb_joints_belief__20260126_113337/20260126_113337/ckpt_5_126.pt
SPS: 1309
Epoch: 127, global_step=2903040
SPS: 1312
Epoch: 128, global_step=2926080
SPS: 1315
Epoch: 129, global_step=2949120
SPS: 1317
Epoch: 130, global_step=2972160
SPS: 1319
Epoch: 131, global_step=2995200
SPS: 1322
Epoch: 132, global_step=3018240
SPS: 1324
Epoch: 133, global_step=3041280
SPS: 1326
Epoch: 134, global_step=3064320
SPS: 1328
Epoch: 135, global_step=3087360
SPS: 1331
Epoch: 136, global_step=3110400
SPS: 1333
Epoch: 137, global_step=3133440
SPS: 1336
Epoch: 138, global_step=3156480
SPS: 1338
Epoch: 139, global_step=3179520
SPS: 1340
Epoch: 140, global_step=3202560
SPS: 1343
Epoch: 141, global_step=3225600
SPS: 1345
Epoch: 142, global_step=3248640
SPS: 1347
Epoch: 143, global_step=3271680
SPS: 1349
Epoch: 144, global_step=3294720
SPS: 1351
Epoch: 145, global_step=3317760
SPS: 1354
Epoch: 146, global_step=3340800
SPS: 1356
Epoch: 147, global_step=3363840
SPS: 1358
Epoch: 148, global_step=3386880
SPS: 1360
Epoch: 149, global_step=3409920
SPS: 1362
Epoch: 150, global_step=3432960
SPS: 1364
Epoch: 151, global_step=3456000
Evaluating
Evaluated 17280 steps resulting in 192 episodes
[32mEvaluation Metric: success_once[0m | [36mMean: 0.4323[0m
[32mEvaluation Metric: return[0m | [36mMean: 10.1985[0m
[32mEvaluation Metric: episode_len[0m | [36mMean: 90.0000[0m
[32mEvaluation Metric: reward[0m | [36mMean: 0.1133[0m
[32mEvaluation Metric: success_at_end[0m | [36mMean: 0.0260[0m
model saved to checkpoints/ppo_memtasks/rgb_joints_belief/normalized_dense/InterceptSlow-v0/ppo-belief-v2-interceptslow-42__42__rgb_joints_belief__20260126_113337/20260126_113337/ckpt_6_151.pt
SPS: 1317
Epoch: 152, global_step=3479040
SPS: 1319
Epoch: 153, global_step=3502080
SPS: 1321
Epoch: 154, global_step=3525120
SPS: 1323
Epoch: 155, global_step=3548160
SPS: 1326
Epoch: 156, global_step=3571200
SPS: 1328
Epoch: 157, global_step=3594240
SPS: 1330
Epoch: 158, global_step=3617280
SPS: 1332
Epoch: 159, global_step=3640320
SPS: 1334
Epoch: 160, global_step=3663360
SPS: 1336
Epoch: 161, global_step=3686400
SPS: 1338
Epoch: 162, global_step=3709440
SPS: 1340
Epoch: 163, global_step=3732480
SPS: 1343
Epoch: 164, global_step=3755520
SPS: 1345
Epoch: 165, global_step=3778560
SPS: 1347
Epoch: 166, global_step=3801600
SPS: 1349
Epoch: 167, global_step=3824640
SPS: 1351
Epoch: 168, global_step=3847680
SPS: 1353
Epoch: 169, global_step=3870720
SPS: 1355
Epoch: 170, global_step=3893760
SPS: 1357
Epoch: 171, global_step=3916800
SPS: 1360
Epoch: 172, global_step=3939840
SPS: 1362
Epoch: 173, global_step=3962880
SPS: 1364
Epoch: 174, global_step=3985920
SPS: 1365
Epoch: 175, global_step=4008960
SPS: 1367
Epoch: 176, global_step=4032000
Evaluating
Evaluated 17280 steps resulting in 192 episodes
[32mEvaluation Metric: success_once[0m | [36mMean: 0.4792[0m
[32mEvaluation Metric: return[0m | [36mMean: 10.7037[0m
[32mEvaluation Metric: episode_len[0m | [36mMean: 90.0000[0m
[32mEvaluation Metric: reward[0m | [36mMean: 0.1189[0m
[32mEvaluation Metric: success_at_end[0m | [36mMean: 0.0052[0m
model saved to checkpoints/ppo_memtasks/rgb_joints_belief/normalized_dense/InterceptSlow-v0/ppo-belief-v2-interceptslow-42__42__rgb_joints_belief__20260126_113337/20260126_113337/ckpt_7_176.pt
SPS: 1329
Epoch: 177, global_step=4055040
SPS: 1332
Epoch: 178, global_step=4078080
SPS: 1334
Epoch: 179, global_step=4101120
SPS: 1336
Epoch: 180, global_step=4124160
SPS: 1338
Epoch: 181, global_step=4147200
SPS: 1340
Epoch: 182, global_step=4170240
SPS: 1341
Epoch: 183, global_step=4193280
SPS: 1343
Epoch: 184, global_step=4216320
SPS: 1345
Epoch: 185, global_step=4239360
SPS: 1347
Epoch: 186, global_step=4262400
SPS: 1349
Epoch: 187, global_step=4285440
SPS: 1351
Epoch: 188, global_step=4308480
SPS: 1352
Epoch: 189, global_step=4331520
SPS: 1354
Epoch: 190, global_step=4354560
SPS: 1356
Epoch: 191, global_step=4377600
SPS: 1357
Epoch: 192, global_step=4400640
SPS: 1359
Epoch: 193, global_step=4423680
SPS: 1361
Epoch: 194, global_step=4446720
SPS: 1362
Epoch: 195, global_step=4469760
SPS: 1364
Epoch: 196, global_step=4492800
SPS: 1366
Epoch: 197, global_step=4515840
SPS: 1367
Epoch: 198, global_step=4538880
SPS: 1370
Epoch: 199, global_step=4561920
SPS: 1371
Epoch: 200, global_step=4584960
SPS: 1373
Epoch: 201, global_step=4608000
Evaluating
Evaluated 17280 steps resulting in 192 episodes
[32mEvaluation Metric: success_once[0m | [36mMean: 0.6250[0m
[32mEvaluation Metric: return[0m | [36mMean: 10.2251[0m
[32mEvaluation Metric: episode_len[0m | [36mMean: 90.0000[0m
[32mEvaluation Metric: reward[0m | [36mMean: 0.1136[0m
[32mEvaluation Metric: success_at_end[0m | [36mMean: 0.0104[0m
model saved to checkpoints/ppo_memtasks/rgb_joints_belief/normalized_dense/InterceptSlow-v0/ppo-belief-v2-interceptslow-42__42__rgb_joints_belief__20260126_113337/20260126_113337/ckpt_8_201.pt
SPS: 1338
Epoch: 202, global_step=4631040
SPS: 1339
Epoch: 203, global_step=4654080
SPS: 1341
Epoch: 204, global_step=4677120
SPS: 1343
Epoch: 205, global_step=4700160
SPS: 1345
Epoch: 206, global_step=4723200
SPS: 1346
Epoch: 207, global_step=4746240
SPS: 1348
Epoch: 208, global_step=4769280
SPS: 1350
Epoch: 209, global_step=4792320
SPS: 1351
Epoch: 210, global_step=4815360
SPS: 1353
Epoch: 211, global_step=4838400
SPS: 1354
Epoch: 212, global_step=4861440
SPS: 1356
Epoch: 213, global_step=4884480
SPS: 1357
Epoch: 214, global_step=4907520
SPS: 1359
Epoch: 215, global_step=4930560
SPS: 1360
Epoch: 216, global_step=4953600
SPS: 1362
Epoch: 217, global_step=4976640
SPS: 1363
Epoch: 218, global_step=4999680
SPS: 1365
Epoch: 219, global_step=5022720
SPS: 1368
Epoch: 220, global_step=5045760
SPS: 1369
Epoch: 221, global_step=5068800
SPS: 1371
Epoch: 222, global_step=5091840
SPS: 1372
Epoch: 223, global_step=5114880
SPS: 1373
Epoch: 224, global_step=5137920
SPS: 1375
Epoch: 225, global_step=5160960
SPS: 1376
Epoch: 226, global_step=5184000
Evaluating
Evaluated 17280 steps resulting in 192 episodes
[32mEvaluation Metric: success_once[0m | [36mMean: 0.6302[0m
[32mEvaluation Metric: return[0m | [36mMean: 10.8261[0m
[32mEvaluation Metric: episode_len[0m | [36mMean: 90.0000[0m
[32mEvaluation Metric: reward[0m | [36mMean: 0.1203[0m
[32mEvaluation Metric: success_at_end[0m | [36mMean: 0.0052[0m
model saved to checkpoints/ppo_memtasks/rgb_joints_belief/normalized_dense/InterceptSlow-v0/ppo-belief-v2-interceptslow-42__42__rgb_joints_belief__20260126_113337/20260126_113337/ckpt_9_226.pt
SPS: 1344
Epoch: 227, global_step=5207040
SPS: 1346
Epoch: 228, global_step=5230080
SPS: 1348
Epoch: 229, global_step=5253120
SPS: 1349
Epoch: 230, global_step=5276160
SPS: 1351
Epoch: 231, global_step=5299200
SPS: 1352
Epoch: 232, global_step=5322240
SPS: 1354
Epoch: 233, global_step=5345280
SPS: 1356
Epoch: 234, global_step=5368320
SPS: 1357
Epoch: 235, global_step=5391360
SPS: 1360
Epoch: 236, global_step=5414400
SPS: 1361
Epoch: 237, global_step=5437440
SPS: 1363
Epoch: 238, global_step=5460480
SPS: 1364
Epoch: 239, global_step=5483520
SPS: 1366
Epoch: 240, global_step=5506560
SPS: 1367
Epoch: 241, global_step=5529600
SPS: 1369
Epoch: 242, global_step=5552640
SPS: 1370
Epoch: 243, global_step=5575680
SPS: 1372
Epoch: 244, global_step=5598720
SPS: 1373
Epoch: 245, global_step=5621760
SPS: 1374
Epoch: 246, global_step=5644800
SPS: 1376
Epoch: 247, global_step=5667840
SPS: 1377
Epoch: 248, global_step=5690880
SPS: 1379
Epoch: 249, global_step=5713920
SPS: 1381
Epoch: 250, global_step=5736960
SPS: 1382
Epoch: 251, global_step=5760000
Evaluating
Evaluated 17280 steps resulting in 192 episodes
[32mEvaluation Metric: success_once[0m | [36mMean: 0.6823[0m
[32mEvaluation Metric: return[0m | [36mMean: 10.5957[0m
[32mEvaluation Metric: episode_len[0m | [36mMean: 90.0000[0m
[32mEvaluation Metric: reward[0m | [36mMean: 0.1177[0m
[32mEvaluation Metric: success_at_end[0m | [36mMean: 0.0052[0m
model saved to checkpoints/ppo_memtasks/rgb_joints_belief/normalized_dense/InterceptSlow-v0/ppo-belief-v2-interceptslow-42__42__rgb_joints_belief__20260126_113337/20260126_113337/ckpt_10_251.pt
SPS: 1354
Epoch: 252, global_step=5783040
SPS: 1356
Epoch: 253, global_step=5806080
SPS: 1357
Epoch: 254, global_step=5829120
SPS: 1358
Epoch: 255, global_step=5852160
SPS: 1360
Epoch: 256, global_step=5875200
SPS: 1361
Epoch: 257, global_step=5898240
SPS: 1363
Epoch: 258, global_step=5921280
SPS: 1364
Epoch: 259, global_step=5944320
SPS: 1365
Epoch: 260, global_step=5967360
SPS: 1367
Epoch: 261, global_step=5990400
SPS: 1368
Epoch: 262, global_step=6013440
SPS: 1370
Epoch: 263, global_step=6036480
SPS: 1371
Epoch: 264, global_step=6059520
SPS: 1372
Epoch: 265, global_step=6082560
SPS: 1374
Epoch: 266, global_step=6105600
SPS: 1376
Epoch: 267, global_step=6128640
SPS: 1377
Epoch: 268, global_step=6151680
SPS: 1379
Epoch: 269, global_step=6174720
SPS: 1380
Epoch: 270, global_step=6197760
SPS: 1382
Epoch: 271, global_step=6220800
SPS: 1383
Epoch: 272, global_step=6243840
SPS: 1384
Epoch: 273, global_step=6266880
SPS: 1386
Epoch: 274, global_step=6289920
SPS: 1387
Epoch: 275, global_step=6312960
SPS: 1388
Epoch: 276, global_step=6336000
Evaluating
Evaluated 17280 steps resulting in 192 episodes
[32mEvaluation Metric: success_once[0m | [36mMean: 0.7500[0m
[32mEvaluation Metric: return[0m | [36mMean: 10.1984[0m
[32mEvaluation Metric: episode_len[0m | [36mMean: 90.0000[0m
[32mEvaluation Metric: reward[0m | [36mMean: 0.1133[0m
[32mEvaluation Metric: success_at_end[0m | [36mMean: 0.0104[0m
model saved to checkpoints/ppo_memtasks/rgb_joints_belief/normalized_dense/InterceptSlow-v0/ppo-belief-v2-interceptslow-42__42__rgb_joints_belief__20260126_113337/20260126_113337/ckpt_11_276.pt
SPS: 1362
Epoch: 277, global_step=6359040
SPS: 1363
Epoch: 278, global_step=6382080
SPS: 1364
Epoch: 279, global_step=6405120
SPS: 1366
Epoch: 280, global_step=6428160
SPS: 1368
Epoch: 281, global_step=6451200
SPS: 1369
Epoch: 282, global_step=6474240
SPS: 1370
Epoch: 283, global_step=6497280
SPS: 1372
Epoch: 284, global_step=6520320
SPS: 1374
Epoch: 285, global_step=6543360
SPS: 1376
Epoch: 286, global_step=6566400
SPS: 1377
Epoch: 287, global_step=6589440
SPS: 1378
Epoch: 288, global_step=6612480
SPS: 1379
Epoch: 289, global_step=6635520
SPS: 1381
Epoch: 290, global_step=6658560
SPS: 1382
Epoch: 291, global_step=6681600
SPS: 1383
Epoch: 292, global_step=6704640
SPS: 1384
Epoch: 293, global_step=6727680
SPS: 1385
Epoch: 294, global_step=6750720
SPS: 1387
Epoch: 295, global_step=6773760
SPS: 1389
Epoch: 296, global_step=6796800
SPS: 1390
Epoch: 297, global_step=6819840
SPS: 1392
Epoch: 298, global_step=6842880
SPS: 1393
Epoch: 299, global_step=6865920
SPS: 1394
Epoch: 300, global_step=6888960
SPS: 1396
Epoch: 301, global_step=6912000
Evaluating
Evaluated 17280 steps resulting in 192 episodes
[32mEvaluation Metric: success_once[0m | [36mMean: 0.7500[0m
[32mEvaluation Metric: return[0m | [36mMean: 9.6772[0m
[32mEvaluation Metric: episode_len[0m | [36mMean: 90.0000[0m
[32mEvaluation Metric: reward[0m | [36mMean: 0.1075[0m
[32mEvaluation Metric: success_at_end[0m | [36mMean: 0.0104[0m
model saved to checkpoints/ppo_memtasks/rgb_joints_belief/normalized_dense/InterceptSlow-v0/ppo-belief-v2-interceptslow-42__42__rgb_joints_belief__20260126_113337/20260126_113337/ckpt_12_301.pt
SPS: 1372
Epoch: 302, global_step=6935040
SPS: 1373
Epoch: 303, global_step=6958080
SPS: 1375
Epoch: 304, global_step=6981120
SPS: 1376
Epoch: 305, global_step=7004160
SPS: 1377
Epoch: 306, global_step=7027200
SPS: 1379
Epoch: 307, global_step=7050240
SPS: 1380
Epoch: 308, global_step=7073280
SPS: 1381
Epoch: 309, global_step=7096320
SPS: 1383
Epoch: 310, global_step=7119360
SPS: 1384
Epoch: 311, global_step=7142400
SPS: 1385
Epoch: 312, global_step=7165440
SPS: 1387
Epoch: 313, global_step=7188480
SPS: 1388
Epoch: 314, global_step=7211520
SPS: 1390
Epoch: 315, global_step=7234560
SPS: 1391
Epoch: 316, global_step=7257600
SPS: 1392
Epoch: 317, global_step=7280640
SPS: 1393
Epoch: 318, global_step=7303680
SPS: 1394
Epoch: 319, global_step=7326720
SPS: 1396
Epoch: 320, global_step=7349760
SPS: 1398
Epoch: 321, global_step=7372800
SPS: 1399
Epoch: 322, global_step=7395840
SPS: 1400
Epoch: 323, global_step=7418880
SPS: 1401
Epoch: 324, global_step=7441920
SPS: 1402
Epoch: 325, global_step=7464960
SPS: 1403
Epoch: 326, global_step=7488000
Evaluating
Evaluated 17280 steps resulting in 192 episodes
[32mEvaluation Metric: success_once[0m | [36mMean: 0.8281[0m
[32mEvaluation Metric: return[0m | [36mMean: 10.0449[0m
[32mEvaluation Metric: episode_len[0m | [36mMean: 90.0000[0m
[32mEvaluation Metric: reward[0m | [36mMean: 0.1116[0m
[32mEvaluation Metric: success_at_end[0m | [36mMean: 0.0208[0m
model saved to checkpoints/ppo_memtasks/rgb_joints_belief/normalized_dense/InterceptSlow-v0/ppo-belief-v2-interceptslow-42__42__rgb_joints_belief__20260126_113337/20260126_113337/ckpt_13_326.pt
SPS: 1380
Epoch: 327, global_step=7511040
SPS: 1381
Epoch: 328, global_step=7534080
SPS: 1383
Epoch: 329, global_step=7557120
SPS: 1384
Epoch: 330, global_step=7580160
SPS: 1385
Epoch: 331, global_step=7603200
SPS: 1386
Epoch: 332, global_step=7626240
SPS: 1388
Epoch: 333, global_step=7649280
SPS: 1389
Epoch: 334, global_step=7672320
SPS: 1390
Epoch: 335, global_step=7695360
SPS: 1392
Epoch: 336, global_step=7718400
SPS: 1393
Epoch: 337, global_step=7741440
SPS: 1394
Epoch: 338, global_step=7764480
SPS: 1395
Epoch: 339, global_step=7787520
SPS: 1396
Epoch: 340, global_step=7810560
SPS: 1398
Epoch: 341, global_step=7833600
SPS: 1399
Epoch: 342, global_step=7856640
SPS: 1400
Epoch: 343, global_step=7879680
SPS: 1401
Epoch: 344, global_step=7902720
SPS: 1402
Epoch: 345, global_step=7925760
SPS: 1404
Epoch: 346, global_step=7948800
SPS: 1405
Epoch: 347, global_step=7971840
SPS: 1406
Epoch: 348, global_step=7994880
SPS: 1407
Epoch: 349, global_step=8017920
SPS: 1408
Epoch: 350, global_step=8040960
SPS: 1409
Epoch: 351, global_step=8064000
Evaluating
Evaluated 17280 steps resulting in 192 episodes
[32mEvaluation Metric: success_once[0m | [36mMean: 0.7396[0m
[32mEvaluation Metric: return[0m | [36mMean: 9.4225[0m
[32mEvaluation Metric: episode_len[0m | [36mMean: 90.0000[0m
[32mEvaluation Metric: reward[0m | [36mMean: 0.1047[0m
[32mEvaluation Metric: success_at_end[0m | [36mMean: 0.0052[0m
model saved to checkpoints/ppo_memtasks/rgb_joints_belief/normalized_dense/InterceptSlow-v0/ppo-belief-v2-interceptslow-42__42__rgb_joints_belief__20260126_113337/20260126_113337/ckpt_14_351.pt
SPS: 1387
Epoch: 352, global_step=8087040
SPS: 1388
Epoch: 353, global_step=8110080
SPS: 1389
Epoch: 354, global_step=8133120
SPS: 1390
Epoch: 355, global_step=8156160
SPS: 1392
Epoch: 356, global_step=8179200
SPS: 1393
Epoch: 357, global_step=8202240
SPS: 1394
Epoch: 358, global_step=8225280
SPS: 1394
Epoch: 359, global_step=8248320
SPS: 1395
Epoch: 360, global_step=8271360
SPS: 1396
Epoch: 361, global_step=8294400
SPS: 1398
Epoch: 362, global_step=8317440
SPS: 1399
Epoch: 363, global_step=8340480
SPS: 1400
Epoch: 364, global_step=8363520
SPS: 1401
Epoch: 365, global_step=8386560
SPS: 1402
Epoch: 366, global_step=8409600
SPS: 1403
Epoch: 367, global_step=8432640
SPS: 1404
Epoch: 368, global_step=8455680
SPS: 1405
Epoch: 369, global_step=8478720
SPS: 1406
Epoch: 370, global_step=8501760
SPS: 1407
Epoch: 371, global_step=8524800
SPS: 1408
Epoch: 372, global_step=8547840
SPS: 1409
Epoch: 373, global_step=8570880
SPS: 1410
Epoch: 374, global_step=8593920
SPS: 1411
Epoch: 375, global_step=8616960
SPS: 1412
Epoch: 376, global_step=8640000
Evaluating
Evaluated 17280 steps resulting in 192 episodes
[32mEvaluation Metric: success_once[0m | [36mMean: 0.8177[0m
[32mEvaluation Metric: return[0m | [36mMean: 9.9529[0m
[32mEvaluation Metric: episode_len[0m | [36mMean: 90.0000[0m
[32mEvaluation Metric: reward[0m | [36mMean: 0.1106[0m
[32mEvaluation Metric: success_at_end[0m | [36mMean: 0.0052[0m
model saved to checkpoints/ppo_memtasks/rgb_joints_belief/normalized_dense/InterceptSlow-v0/ppo-belief-v2-interceptslow-42__42__rgb_joints_belief__20260126_113337/20260126_113337/ckpt_15_376.pt
SPS: 1392
Epoch: 377, global_step=8663040
SPS: 1394
Epoch: 378, global_step=8686080
SPS: 1395
Epoch: 379, global_step=8709120
SPS: 1396
Epoch: 380, global_step=8732160
SPS: 1397
Epoch: 381, global_step=8755200
SPS: 1398
Epoch: 382, global_step=8778240
SPS: 1399
Epoch: 383, global_step=8801280
SPS: 1400
Epoch: 384, global_step=8824320
SPS: 1401
Epoch: 385, global_step=8847360
SPS: 1402
Epoch: 386, global_step=8870400
SPS: 1403
Epoch: 387, global_step=8893440
SPS: 1404
Epoch: 388, global_step=8916480
SPS: 1405
Epoch: 389, global_step=8939520
SPS: 1406
Epoch: 390, global_step=8962560
SPS: 1407
Epoch: 391, global_step=8985600
SPS: 1409
Epoch: 392, global_step=9008640
SPS: 1410
Epoch: 393, global_step=9031680
SPS: 1411
Epoch: 394, global_step=9054720
SPS: 1412
Epoch: 395, global_step=9077760
SPS: 1413
Epoch: 396, global_step=9100800
SPS: 1414
Epoch: 397, global_step=9123840
SPS: 1415
Epoch: 398, global_step=9146880
SPS: 1416
Epoch: 399, global_step=9169920
SPS: 1417
Epoch: 400, global_step=9192960
SPS: 1418
Epoch: 401, global_step=9216000
Evaluating
Evaluated 17280 steps resulting in 192 episodes
[32mEvaluation Metric: success_once[0m | [36mMean: 0.7708[0m
[32mEvaluation Metric: return[0m | [36mMean: 9.8336[0m
[32mEvaluation Metric: episode_len[0m | [36mMean: 90.0000[0m
[32mEvaluation Metric: reward[0m | [36mMean: 0.1093[0m
[32mEvaluation Metric: success_at_end[0m | [36mMean: 0.0104[0m
model saved to checkpoints/ppo_memtasks/rgb_joints_belief/normalized_dense/InterceptSlow-v0/ppo-belief-v2-interceptslow-42__42__rgb_joints_belief__20260126_113337/20260126_113337/ckpt_16_401.pt
SPS: 1399
Epoch: 402, global_step=9239040
SPS: 1400
Epoch: 403, global_step=9262080
SPS: 1401
Epoch: 404, global_step=9285120
SPS: 1403
Epoch: 405, global_step=9308160
SPS: 1404
Epoch: 406, global_step=9331200
SPS: 1405
Epoch: 407, global_step=9354240
SPS: 1406
Epoch: 408, global_step=9377280
SPS: 1407
Epoch: 409, global_step=9400320
SPS: 1408
Epoch: 410, global_step=9423360
SPS: 1410
Epoch: 411, global_step=9446400
SPS: 1410
Epoch: 412, global_step=9469440
SPS: 1412
Epoch: 413, global_step=9492480
SPS: 1413
Epoch: 414, global_step=9515520
SPS: 1414
Epoch: 415, global_step=9538560
SPS: 1415
Epoch: 416, global_step=9561600
SPS: 1416
Epoch: 417, global_step=9584640
SPS: 1417
Epoch: 418, global_step=9607680
SPS: 1418
Epoch: 419, global_step=9630720
SPS: 1419
Epoch: 420, global_step=9653760
SPS: 1420
Epoch: 421, global_step=9676800
SPS: 1421
Epoch: 422, global_step=9699840
SPS: 1422
Epoch: 423, global_step=9722880
SPS: 1423
Epoch: 424, global_step=9745920
SPS: 1424
Epoch: 425, global_step=9768960
SPS: 1425
Epoch: 426, global_step=9792000
Evaluating
Evaluated 17280 steps resulting in 192 episodes
[32mEvaluation Metric: success_once[0m | [36mMean: 0.7969[0m
[32mEvaluation Metric: return[0m | [36mMean: 9.3475[0m
[32mEvaluation Metric: episode_len[0m | [36mMean: 90.0000[0m
[32mEvaluation Metric: reward[0m | [36mMean: 0.1039[0m
[32mEvaluation Metric: success_at_end[0m | [36mMean: 0.0000[0m
model saved to checkpoints/ppo_memtasks/rgb_joints_belief/normalized_dense/InterceptSlow-v0/ppo-belief-v2-interceptslow-42__42__rgb_joints_belief__20260126_113337/20260126_113337/ckpt_17_426.pt
SPS: 1407
Epoch: 427, global_step=9815040
SPS: 1408
Epoch: 428, global_step=9838080
SPS: 1408
Epoch: 429, global_step=9861120
SPS: 1410
Epoch: 430, global_step=9884160
SPS: 1411
Epoch: 431, global_step=9907200
SPS: 1412
Epoch: 432, global_step=9930240
SPS: 1413
Epoch: 433, global_step=9953280
SPS: 1414
Epoch: 434, global_step=9976320
SPS: 1415
model saved to checkpoints/ppo_memtasks/rgb_joints_belief/normalized_dense/InterceptSlow-v0/ppo-belief-v2-interceptslow-42__42__rgb_joints_belief__20260126_113337/20260126_113337/final_ckpt.pt
Running Intercept-Slow (BELIEF), seed 99

===========================================================================
║                        Environment Configuration                        ║
===========================================================================
║ Environment ID: InterceptSlow-v0                                        ║
║ Oracle Info:    None                                                    ║
║ Wrappers:                                                               ║
║    ├─ InitialZeroActionWrapper                                         ║
║    │  └─ {'n_initial_steps': 0}                                           ║
║    ├─ RenderStepInfoWrapper                                            ║
║    ├─ RenderRewardInfoWrapper                                          ║
║    ├─ DebugRewardWrapper                                               ║
║-------------------------------------------------------------------------║
║ include_state:       False │ state will not be used                ║
║ include_rgb:         True  │ rgb images will be used               ║
║ include_oracle:      False │ oracle info will not be used          ║
║ include_joints:      True  │ joints will be used                   ║
===========================================================================

MODE='rgb_joints_belief'
prompt_info=None
Saving eval videos to checkpoints/ppo_memtasks/rgb_joints_belief/normalized_dense/InterceptSlow-v0/ppo-belief-v2-interceptslow-99__99__rgb_joints_belief__20260126_133355/20260126_133355/videos
======================================================================
Max Episode Steps: 90
======================================================================

Loading belief model from /local/s4176650/sphinx/storage/InterceptSlow-v0_vae_mikasa_last5/final_vae_model.pt
  phi_dim=16, latent_dim=32
Belief model loaded successfully. Memory size: 768
Running training

####
args.num_iterations=434 args.num_envs=256 args.num_eval_envs=16
args.minibatch_size=720 args.batch_size=23040 args.update_epochs=4
####

sample_obs.keys()=dict_keys(['joints', 'rgb'])
joints: torch.Size([256, 25])
rgb: torch.Size([256, 128, 128, 3])


Epoch: 1, global_step=0
Evaluating
Evaluated 17280 steps resulting in 192 episodes
[32mEvaluation Metric: success_once[0m | [36mMean: 0.0729[0m
[32mEvaluation Metric: return[0m | [36mMean: 2.0088[0m
[32mEvaluation Metric: episode_len[0m | [36mMean: 90.0000[0m
[32mEvaluation Metric: reward[0m | [36mMean: 0.0223[0m
[32mEvaluation Metric: success_at_end[0m | [36mMean: 0.0312[0m
model saved to checkpoints/ppo_memtasks/rgb_joints_belief/normalized_dense/InterceptSlow-v0/ppo-belief-v2-interceptslow-99__99__rgb_joints_belief__20260126_133355/20260126_133355/ckpt_0_1.pt
SPS: 184
Epoch: 2, global_step=23040
SPS: 338
Epoch: 3, global_step=46080
SPS: 466
Epoch: 4, global_step=69120
SPS: 574
Epoch: 5, global_step=92160
SPS: 665
Epoch: 6, global_step=115200
SPS: 742
Epoch: 7, global_step=138240
SPS: 809
Epoch: 8, global_step=161280
SPS: 868
Epoch: 9, global_step=184320
SPS: 920
Epoch: 10, global_step=207360
SPS: 966
Epoch: 11, global_step=230400
SPS: 1009
Epoch: 12, global_step=253440
SPS: 1045
Epoch: 13, global_step=276480
SPS: 1078
Epoch: 14, global_step=299520
SPS: 1109
Epoch: 15, global_step=322560
SPS: 1136
Epoch: 16, global_step=345600
SPS: 1161
Epoch: 17, global_step=368640
SPS: 1184
Epoch: 18, global_step=391680
SPS: 1208
Epoch: 19, global_step=414720
SPS: 1227
Epoch: 20, global_step=437760
SPS: 1246
Epoch: 21, global_step=460800
SPS: 1263
Epoch: 22, global_step=483840
SPS: 1279
Epoch: 23, global_step=506880
SPS: 1294
Epoch: 24, global_step=529920
SPS: 1308
Epoch: 25, global_step=552960
SPS: 1321
Epoch: 26, global_step=576000
Evaluating
Evaluated 17280 steps resulting in 192 episodes
[32mEvaluation Metric: success_once[0m | [36mMean: 0.0938[0m
[32mEvaluation Metric: return[0m | [36mMean: 4.4368[0m
[32mEvaluation Metric: episode_len[0m | [36mMean: 90.0000[0m
[32mEvaluation Metric: reward[0m | [36mMean: 0.0493[0m
[32mEvaluation Metric: success_at_end[0m | [36mMean: 0.0260[0m
model saved to checkpoints/ppo_memtasks/rgb_joints_belief/normalized_dense/InterceptSlow-v0/ppo-belief-v2-interceptslow-99__99__rgb_joints_belief__20260126_133355/20260126_133355/ckpt_1_26.pt
SPS: 1106
Epoch: 27, global_step=599040
SPS: 1123
Epoch: 28, global_step=622080
SPS: 1137
Epoch: 29, global_step=645120
SPS: 1151
Epoch: 30, global_step=668160
SPS: 1164
Epoch: 31, global_step=691200
SPS: 1176
Epoch: 32, global_step=714240
SPS: 1190
Epoch: 33, global_step=737280
SPS: 1201
Epoch: 34, global_step=760320
SPS: 1212
Epoch: 35, global_step=783360
SPS: 1222
Epoch: 36, global_step=806400
SPS: 1233
Epoch: 37, global_step=829440
SPS: 1243
Epoch: 38, global_step=852480
SPS: 1252
Epoch: 39, global_step=875520
SPS: 1261
Epoch: 40, global_step=898560
SPS: 1270
Epoch: 41, global_step=921600
SPS: 1279
Epoch: 42, global_step=944640
SPS: 1288
Epoch: 43, global_step=967680
SPS: 1297
Epoch: 44, global_step=990720
SPS: 1304
Epoch: 45, global_step=1013760
SPS: 1312
Epoch: 46, global_step=1036800
SPS: 1319
Epoch: 47, global_step=1059840
SPS: 1326
Epoch: 48, global_step=1082880
SPS: 1333
Epoch: 49, global_step=1105920
SPS: 1340
Epoch: 50, global_step=1128960
SPS: 1346
Epoch: 51, global_step=1152000
Evaluating
Evaluated 17280 steps resulting in 192 episodes
[32mEvaluation Metric: success_once[0m | [36mMean: 0.2135[0m
[32mEvaluation Metric: return[0m | [36mMean: 7.1476[0m
[32mEvaluation Metric: episode_len[0m | [36mMean: 90.0000[0m
[32mEvaluation Metric: reward[0m | [36mMean: 0.0794[0m
[32mEvaluation Metric: success_at_end[0m | [36mMean: 0.0469[0m
model saved to checkpoints/ppo_memtasks/rgb_joints_belief/normalized_dense/InterceptSlow-v0/ppo-belief-v2-interceptslow-99__99__rgb_joints_belief__20260126_133355/20260126_133355/ckpt_2_51.pt
SPS: 1218
Epoch: 52, global_step=1175040
SPS: 1225
Epoch: 53, global_step=1198080
SPS: 1232
Epoch: 54, global_step=1221120
SPS: 1239
Epoch: 55, global_step=1244160
SPS: 1245
Epoch: 56, global_step=1267200
SPS: 1252
Epoch: 57, global_step=1290240
SPS: 1259
Epoch: 58, global_step=1313280
SPS: 1265
Epoch: 59, global_step=1336320
SPS: 1271
Epoch: 60, global_step=1359360
SPS: 1276
Epoch: 61, global_step=1382400
SPS: 1282
Epoch: 62, global_step=1405440
SPS: 1287
Epoch: 63, global_step=1428480
SPS: 1293
Epoch: 64, global_step=1451520
SPS: 1298
Epoch: 65, global_step=1474560
SPS: 1303
Epoch: 66, global_step=1497600
SPS: 1308
Epoch: 67, global_step=1520640
SPS: 1312
Epoch: 68, global_step=1543680
SPS: 1317
Epoch: 69, global_step=1566720
SPS: 1322
Epoch: 70, global_step=1589760
SPS: 1327
Epoch: 71, global_step=1612800
SPS: 1332
Epoch: 72, global_step=1635840
SPS: 1336
Epoch: 73, global_step=1658880
SPS: 1341
Epoch: 74, global_step=1681920
SPS: 1345
Epoch: 75, global_step=1704960
SPS: 1350
Epoch: 76, global_step=1728000
Evaluating
Evaluated 17280 steps resulting in 192 episodes
[32mEvaluation Metric: success_once[0m | [36mMean: 0.2708[0m
[32mEvaluation Metric: return[0m | [36mMean: 6.7522[0m
[32mEvaluation Metric: episode_len[0m | [36mMean: 90.0000[0m
[32mEvaluation Metric: reward[0m | [36mMean: 0.0750[0m
[32mEvaluation Metric: success_at_end[0m | [36mMean: 0.0573[0m
model saved to checkpoints/ppo_memtasks/rgb_joints_belief/normalized_dense/InterceptSlow-v0/ppo-belief-v2-interceptslow-99__99__rgb_joints_belief__20260126_133355/20260126_133355/ckpt_3_76.pt
SPS: 1258
Epoch: 77, global_step=1751040
SPS: 1262
Epoch: 78, global_step=1774080
SPS: 1267
Epoch: 79, global_step=1797120
SPS: 1271
Epoch: 80, global_step=1820160
SPS: 1276
Epoch: 81, global_step=1843200
SPS: 1280
Epoch: 82, global_step=1866240
SPS: 1285
Epoch: 83, global_step=1889280
SPS: 1289
Epoch: 84, global_step=1912320
SPS: 1293
Epoch: 85, global_step=1935360
SPS: 1296
Epoch: 86, global_step=1958400
SPS: 1300
Epoch: 87, global_step=1981440
SPS: 1304
Epoch: 88, global_step=2004480
SPS: 1308
Epoch: 89, global_step=2027520
SPS: 1311
Epoch: 90, global_step=2050560
SPS: 1315
Epoch: 91, global_step=2073600
SPS: 1319
Epoch: 92, global_step=2096640
SPS: 1322
Epoch: 93, global_step=2119680
SPS: 1326
Epoch: 94, global_step=2142720
SPS: 1329
Epoch: 95, global_step=2165760
SPS: 1332
Epoch: 96, global_step=2188800
SPS: 1336
Epoch: 97, global_step=2211840
SPS: 1339
Epoch: 98, global_step=2234880
SPS: 1342
Epoch: 99, global_step=2257920
SPS: 1346
Epoch: 100, global_step=2280960
SPS: 1349
Epoch: 101, global_step=2304000
Evaluating
Evaluated 17280 steps resulting in 192 episodes
[32mEvaluation Metric: success_once[0m | [36mMean: 0.2917[0m
[32mEvaluation Metric: return[0m | [36mMean: 8.6182[0m
[32mEvaluation Metric: episode_len[0m | [36mMean: 90.0000[0m
[32mEvaluation Metric: reward[0m | [36mMean: 0.0958[0m
[32mEvaluation Metric: success_at_end[0m | [36mMean: 0.0417[0m
model saved to checkpoints/ppo_memtasks/rgb_joints_belief/normalized_dense/InterceptSlow-v0/ppo-belief-v2-interceptslow-99__99__rgb_joints_belief__20260126_133355/20260126_133355/ckpt_4_101.pt
SPS: 1278
Epoch: 102, global_step=2327040
SPS: 1281
Epoch: 103, global_step=2350080
SPS: 1284
Epoch: 104, global_step=2373120
SPS: 1288
Epoch: 105, global_step=2396160
SPS: 1292
Epoch: 106, global_step=2419200
SPS: 1295
Epoch: 107, global_step=2442240
SPS: 1298
Epoch: 108, global_step=2465280
SPS: 1301
Epoch: 109, global_step=2488320
SPS: 1304
Epoch: 110, global_step=2511360
SPS: 1307
Epoch: 111, global_step=2534400
SPS: 1310
Epoch: 112, global_step=2557440
SPS: 1314
Epoch: 113, global_step=2580480
SPS: 1317
Epoch: 114, global_step=2603520
SPS: 1320
Epoch: 115, global_step=2626560
SPS: 1323
Epoch: 116, global_step=2649600
SPS: 1325
Epoch: 117, global_step=2672640
SPS: 1328
Epoch: 118, global_step=2695680
SPS: 1331
Epoch: 119, global_step=2718720
SPS: 1334
Epoch: 120, global_step=2741760
SPS: 1336
Epoch: 121, global_step=2764800
SPS: 1339
Epoch: 122, global_step=2787840
SPS: 1342
Epoch: 123, global_step=2810880
SPS: 1344
Epoch: 124, global_step=2833920
SPS: 1347
Epoch: 125, global_step=2856960
SPS: 1350
Epoch: 126, global_step=2880000
Evaluating
Evaluated 17280 steps resulting in 192 episodes
[32mEvaluation Metric: success_once[0m | [36mMean: 0.3385[0m
[32mEvaluation Metric: return[0m | [36mMean: 9.8486[0m
[32mEvaluation Metric: episode_len[0m | [36mMean: 90.0000[0m
[32mEvaluation Metric: reward[0m | [36mMean: 0.1094[0m
[32mEvaluation Metric: success_at_end[0m | [36mMean: 0.0208[0m
model saved to checkpoints/ppo_memtasks/rgb_joints_belief/normalized_dense/InterceptSlow-v0/ppo-belief-v2-interceptslow-99__99__rgb_joints_belief__20260126_133355/20260126_133355/ckpt_5_126.pt
SPS: 1293
Epoch: 127, global_step=2903040
SPS: 1296
Epoch: 128, global_step=2926080
SPS: 1298
Epoch: 129, global_step=2949120
SPS: 1301
Epoch: 130, global_step=2972160
SPS: 1304
Epoch: 131, global_step=2995200
SPS: 1307
Epoch: 132, global_step=3018240
SPS: 1309
Epoch: 133, global_step=3041280
SPS: 1312
Epoch: 134, global_step=3064320
SPS: 1314
Epoch: 135, global_step=3087360
SPS: 1317
Epoch: 136, global_step=3110400
SPS: 1320
Epoch: 137, global_step=3133440
SPS: 1322
Epoch: 138, global_step=3156480
SPS: 1325
Epoch: 139, global_step=3179520
SPS: 1327
Epoch: 140, global_step=3202560
SPS: 1329
Epoch: 141, global_step=3225600
SPS: 1332
Epoch: 142, global_step=3248640
SPS: 1334
Epoch: 143, global_step=3271680
SPS: 1336
Epoch: 144, global_step=3294720
SPS: 1338
Epoch: 145, global_step=3317760
SPS: 1340
Epoch: 146, global_step=3340800
SPS: 1342
Epoch: 147, global_step=3363840
SPS: 1344
Epoch: 148, global_step=3386880
SPS: 1346
Epoch: 149, global_step=3409920
SPS: 1349
Epoch: 150, global_step=3432960
SPS: 1351
Epoch: 151, global_step=3456000
Evaluating
Evaluated 17280 steps resulting in 192 episodes
[32mEvaluation Metric: success_once[0m | [36mMean: 0.5208[0m
[32mEvaluation Metric: return[0m | [36mMean: 11.0784[0m
[32mEvaluation Metric: episode_len[0m | [36mMean: 90.0000[0m
[32mEvaluation Metric: reward[0m | [36mMean: 0.1231[0m
[32mEvaluation Metric: success_at_end[0m | [36mMean: 0.0104[0m
model saved to checkpoints/ppo_memtasks/rgb_joints_belief/normalized_dense/InterceptSlow-v0/ppo-belief-v2-interceptslow-99__99__rgb_joints_belief__20260126_133355/20260126_133355/ckpt_6_151.pt
SPS: 1305
Epoch: 152, global_step=3479040
SPS: 1308
Epoch: 153, global_step=3502080
SPS: 1311
Epoch: 154, global_step=3525120
SPS: 1314
Epoch: 155, global_step=3548160
SPS: 1317
Epoch: 156, global_step=3571200
SPS: 1319
Epoch: 157, global_step=3594240
SPS: 1322
Epoch: 158, global_step=3617280
SPS: 1325
Epoch: 159, global_step=3640320
SPS: 1327
Epoch: 160, global_step=3663360
SPS: 1329
Epoch: 161, global_step=3686400
SPS: 1331
Epoch: 162, global_step=3709440
SPS: 1333
Epoch: 163, global_step=3732480
SPS: 1335
Epoch: 164, global_step=3755520
SPS: 1336
Epoch: 165, global_step=3778560
SPS: 1338
Epoch: 166, global_step=3801600
SPS: 1340
Epoch: 167, global_step=3824640
SPS: 1342
Epoch: 168, global_step=3847680
SPS: 1344
Epoch: 169, global_step=3870720
SPS: 1346
Epoch: 170, global_step=3893760
SPS: 1348
Epoch: 171, global_step=3916800
SPS: 1349
Epoch: 172, global_step=3939840
SPS: 1351
Epoch: 173, global_step=3962880
SPS: 1353
Epoch: 174, global_step=3985920
SPS: 1355
Epoch: 175, global_step=4008960
SPS: 1357
Epoch: 176, global_step=4032000
Evaluating
Evaluated 17280 steps resulting in 192 episodes
[32mEvaluation Metric: success_once[0m | [36mMean: 0.6406[0m
[32mEvaluation Metric: return[0m | [36mMean: 10.6957[0m
[32mEvaluation Metric: episode_len[0m | [36mMean: 90.0000[0m
[32mEvaluation Metric: reward[0m | [36mMean: 0.1188[0m
[32mEvaluation Metric: success_at_end[0m | [36mMean: 0.0000[0m
model saved to checkpoints/ppo_memtasks/rgb_joints_belief/normalized_dense/InterceptSlow-v0/ppo-belief-v2-interceptslow-99__99__rgb_joints_belief__20260126_133355/20260126_133355/ckpt_7_176.pt
SPS: 1317
Epoch: 177, global_step=4055040
SPS: 1320
Epoch: 178, global_step=4078080
SPS: 1322
Epoch: 179, global_step=4101120
SPS: 1324
Epoch: 180, global_step=4124160
SPS: 1326
Epoch: 181, global_step=4147200
SPS: 1327
Epoch: 182, global_step=4170240
SPS: 1329
Epoch: 183, global_step=4193280
SPS: 1332
Epoch: 184, global_step=4216320
SPS: 1334
Epoch: 185, global_step=4239360
SPS: 1336
Epoch: 186, global_step=4262400
SPS: 1337
Epoch: 187, global_step=4285440
SPS: 1339
Epoch: 188, global_step=4308480
SPS: 1341
Epoch: 189, global_step=4331520
SPS: 1342
Epoch: 190, global_step=4354560
SPS: 1344
Epoch: 191, global_step=4377600
SPS: 1346
Epoch: 192, global_step=4400640
SPS: 1347
Epoch: 193, global_step=4423680
SPS: 1349
Epoch: 194, global_step=4446720
SPS: 1351
Epoch: 195, global_step=4469760
SPS: 1353
Epoch: 196, global_step=4492800
SPS: 1354
Epoch: 197, global_step=4515840
SPS: 1356
Epoch: 198, global_step=4538880
SPS: 1357
Epoch: 199, global_step=4561920
SPS: 1359
Epoch: 200, global_step=4584960
SPS: 1360
Epoch: 201, global_step=4608000
Evaluating
Evaluated 17280 steps resulting in 192 episodes
[32mEvaluation Metric: success_once[0m | [36mMean: 0.6354[0m
[32mEvaluation Metric: return[0m | [36mMean: 10.2782[0m
[32mEvaluation Metric: episode_len[0m | [36mMean: 90.0000[0m
[32mEvaluation Metric: reward[0m | [36mMean: 0.1142[0m
[32mEvaluation Metric: success_at_end[0m | [36mMean: 0.0052[0m
model saved to checkpoints/ppo_memtasks/rgb_joints_belief/normalized_dense/InterceptSlow-v0/ppo-belief-v2-interceptslow-99__99__rgb_joints_belief__20260126_133355/20260126_133355/ckpt_8_201.pt
SPS: 1325
Epoch: 202, global_step=4631040
SPS: 1327
Epoch: 203, global_step=4654080
SPS: 1329
Epoch: 204, global_step=4677120
SPS: 1330
Epoch: 205, global_step=4700160
SPS: 1332
Epoch: 206, global_step=4723200
SPS: 1334
Epoch: 207, global_step=4746240
SPS: 1335
Epoch: 208, global_step=4769280
SPS: 1337
Epoch: 209, global_step=4792320
SPS: 1338
Epoch: 210, global_step=4815360
SPS: 1340
Epoch: 211, global_step=4838400
SPS: 1341
Epoch: 212, global_step=4861440
SPS: 1343
Epoch: 213, global_step=4884480
SPS: 1344
Epoch: 214, global_step=4907520
SPS: 1345
Epoch: 215, global_step=4930560
SPS: 1347
Epoch: 216, global_step=4953600
SPS: 1348
Epoch: 217, global_step=4976640
SPS: 1350
Epoch: 218, global_step=4999680
SPS: 1351
Epoch: 219, global_step=5022720
SPS: 1352
Epoch: 220, global_step=5045760
SPS: 1354
Epoch: 221, global_step=5068800
SPS: 1355
Epoch: 222, global_step=5091840
SPS: 1357
Epoch: 223, global_step=5114880
SPS: 1358
Epoch: 224, global_step=5137920
SPS: 1360
Epoch: 225, global_step=5160960
SPS: 1361
Epoch: 226, global_step=5184000
Evaluating
Evaluated 17280 steps resulting in 192 episodes
[32mEvaluation Metric: success_once[0m | [36mMean: 0.7292[0m
[32mEvaluation Metric: return[0m | [36mMean: 11.1975[0m
[32mEvaluation Metric: episode_len[0m | [36mMean: 90.0000[0m
[32mEvaluation Metric: reward[0m | [36mMean: 0.1244[0m
[32mEvaluation Metric: success_at_end[0m | [36mMean: 0.0052[0m
model saved to checkpoints/ppo_memtasks/rgb_joints_belief/normalized_dense/InterceptSlow-v0/ppo-belief-v2-interceptslow-99__99__rgb_joints_belief__20260126_133355/20260126_133355/ckpt_9_226.pt
SPS: 1331
Epoch: 227, global_step=5207040
SPS: 1332
Epoch: 228, global_step=5230080
SPS: 1334
Epoch: 229, global_step=5253120
SPS: 1335
Epoch: 230, global_step=5276160
SPS: 1337
Epoch: 231, global_step=5299200
SPS: 1338
Epoch: 232, global_step=5322240
SPS: 1339
Epoch: 233, global_step=5345280
SPS: 1341
Epoch: 234, global_step=5368320
SPS: 1342
Epoch: 235, global_step=5391360
SPS: 1343
Epoch: 236, global_step=5414400
SPS: 1345
Epoch: 237, global_step=5437440
SPS: 1346
Epoch: 238, global_step=5460480
SPS: 1348
Epoch: 239, global_step=5483520
SPS: 1349
Epoch: 240, global_step=5506560
SPS: 1351
Epoch: 241, global_step=5529600
SPS: 1352
Epoch: 242, global_step=5552640
SPS: 1353
Epoch: 243, global_step=5575680
SPS: 1355
Epoch: 244, global_step=5598720
SPS: 1356
Epoch: 245, global_step=5621760
SPS: 1357
Epoch: 246, global_step=5644800
SPS: 1359
Epoch: 247, global_step=5667840
SPS: 1361
Epoch: 248, global_step=5690880
SPS: 1362
Epoch: 249, global_step=5713920
SPS: 1363
Epoch: 250, global_step=5736960
SPS: 1364
Epoch: 251, global_step=5760000
Evaluating
Evaluated 17280 steps resulting in 192 episodes
[32mEvaluation Metric: success_once[0m | [36mMean: 0.7188[0m
[32mEvaluation Metric: return[0m | [36mMean: 10.7725[0m
[32mEvaluation Metric: episode_len[0m | [36mMean: 90.0000[0m
[32mEvaluation Metric: reward[0m | [36mMean: 0.1197[0m
[32mEvaluation Metric: success_at_end[0m | [36mMean: 0.0104[0m
model saved to checkpoints/ppo_memtasks/rgb_joints_belief/normalized_dense/InterceptSlow-v0/ppo-belief-v2-interceptslow-99__99__rgb_joints_belief__20260126_133355/20260126_133355/ckpt_10_251.pt
SPS: 1336
Epoch: 252, global_step=5783040
SPS: 1338
Epoch: 253, global_step=5806080
SPS: 1339
Epoch: 254, global_step=5829120
SPS: 1340
Epoch: 255, global_step=5852160
SPS: 1342
Epoch: 256, global_step=5875200
SPS: 1343
Epoch: 257, global_step=5898240
SPS: 1344
Epoch: 258, global_step=5921280
SPS: 1346
Epoch: 259, global_step=5944320
SPS: 1347
Epoch: 260, global_step=5967360
SPS: 1348
Epoch: 261, global_step=5990400
SPS: 1350
Epoch: 262, global_step=6013440
SPS: 1351
Epoch: 263, global_step=6036480
SPS: 1352
Epoch: 264, global_step=6059520
SPS: 1353
Epoch: 265, global_step=6082560
SPS: 1354
Epoch: 266, global_step=6105600
SPS: 1355
Epoch: 267, global_step=6128640
SPS: 1357
Epoch: 268, global_step=6151680
SPS: 1358
Epoch: 269, global_step=6174720
SPS: 1359
Epoch: 270, global_step=6197760
SPS: 1360
Epoch: 271, global_step=6220800
SPS: 1361
Epoch: 272, global_step=6243840
SPS: 1362
Epoch: 273, global_step=6266880
SPS: 1364
Epoch: 274, global_step=6289920
SPS: 1365
Epoch: 275, global_step=6312960
SPS: 1366
Epoch: 276, global_step=6336000
Evaluating
Evaluated 17280 steps resulting in 192 episodes
[32mEvaluation Metric: success_once[0m | [36mMean: 0.8333[0m
[32mEvaluation Metric: return[0m | [36mMean: 10.7491[0m
[32mEvaluation Metric: episode_len[0m | [36mMean: 90.0000[0m
[32mEvaluation Metric: reward[0m | [36mMean: 0.1194[0m
[32mEvaluation Metric: success_at_end[0m | [36mMean: 0.0000[0m
model saved to checkpoints/ppo_memtasks/rgb_joints_belief/normalized_dense/InterceptSlow-v0/ppo-belief-v2-interceptslow-99__99__rgb_joints_belief__20260126_133355/20260126_133355/ckpt_11_276.pt
SPS: 1341
Epoch: 277, global_step=6359040
SPS: 1342
Epoch: 278, global_step=6382080
SPS: 1344
Epoch: 279, global_step=6405120
SPS: 1345
Epoch: 280, global_step=6428160
SPS: 1346
Epoch: 281, global_step=6451200
SPS: 1347
Epoch: 282, global_step=6474240
SPS: 1348
Epoch: 283, global_step=6497280
SPS: 1349
Epoch: 284, global_step=6520320
SPS: 1351
Epoch: 285, global_step=6543360
SPS: 1352
Epoch: 286, global_step=6566400
SPS: 1353
Epoch: 287, global_step=6589440
SPS: 1354
Epoch: 288, global_step=6612480
SPS: 1355
Epoch: 289, global_step=6635520
SPS: 1356
Epoch: 290, global_step=6658560
SPS: 1358
Epoch: 291, global_step=6681600
SPS: 1359
Epoch: 292, global_step=6704640
SPS: 1360
Epoch: 293, global_step=6727680
SPS: 1361
Epoch: 294, global_step=6750720
SPS: 1362
Epoch: 295, global_step=6773760
SPS: 1363
Epoch: 296, global_step=6796800
SPS: 1364
Epoch: 297, global_step=6819840
SPS: 1365
Epoch: 298, global_step=6842880
SPS: 1367
Epoch: 299, global_step=6865920
SPS: 1368
Epoch: 300, global_step=6888960
SPS: 1369
Epoch: 301, global_step=6912000
Evaluating
Evaluated 17280 steps resulting in 192 episodes
[32mEvaluation Metric: success_once[0m | [36mMean: 0.8177[0m
[32mEvaluation Metric: return[0m | [36mMean: 10.8001[0m
[32mEvaluation Metric: episode_len[0m | [36mMean: 90.0000[0m
[32mEvaluation Metric: reward[0m | [36mMean: 0.1200[0m
[32mEvaluation Metric: success_at_end[0m | [36mMean: 0.0000[0m
model saved to checkpoints/ppo_memtasks/rgb_joints_belief/normalized_dense/InterceptSlow-v0/ppo-belief-v2-interceptslow-99__99__rgb_joints_belief__20260126_133355/20260126_133355/ckpt_12_301.pt
SPS: 1346
Epoch: 302, global_step=6935040
SPS: 1347
Epoch: 303, global_step=6958080
SPS: 1348
Epoch: 304, global_step=6981120
SPS: 1349
Epoch: 305, global_step=7004160
SPS: 1350
Epoch: 306, global_step=7027200
SPS: 1352
Epoch: 307, global_step=7050240
SPS: 1353
Epoch: 308, global_step=7073280
SPS: 1354
Epoch: 309, global_step=7096320
SPS: 1356
Epoch: 310, global_step=7119360
SPS: 1357
Epoch: 311, global_step=7142400
SPS: 1358
Epoch: 312, global_step=7165440
SPS: 1359
Epoch: 313, global_step=7188480
SPS: 1360
Epoch: 314, global_step=7211520
SPS: 1361
Epoch: 315, global_step=7234560
SPS: 1363
Epoch: 316, global_step=7257600
SPS: 1364
Epoch: 317, global_step=7280640
SPS: 1365
Epoch: 318, global_step=7303680
SPS: 1366
Epoch: 319, global_step=7326720
SPS: 1367
Epoch: 320, global_step=7349760
SPS: 1368
Epoch: 321, global_step=7372800
SPS: 1369
Epoch: 322, global_step=7395840
SPS: 1371
Epoch: 323, global_step=7418880
SPS: 1372
Epoch: 324, global_step=7441920
SPS: 1373
Epoch: 325, global_step=7464960
SPS: 1374
Epoch: 326, global_step=7488000
Evaluating
Evaluated 17280 steps resulting in 192 episodes
[32mEvaluation Metric: success_once[0m | [36mMean: 0.8542[0m
[32mEvaluation Metric: return[0m | [36mMean: 10.5423[0m
[32mEvaluation Metric: episode_len[0m | [36mMean: 90.0000[0m
[32mEvaluation Metric: reward[0m | [36mMean: 0.1171[0m
[32mEvaluation Metric: success_at_end[0m | [36mMean: 0.0052[0m
model saved to checkpoints/ppo_memtasks/rgb_joints_belief/normalized_dense/InterceptSlow-v0/ppo-belief-v2-interceptslow-99__99__rgb_joints_belief__20260126_133355/20260126_133355/ckpt_13_326.pt
SPS: 1352
Epoch: 327, global_step=7511040
SPS: 1353
Epoch: 328, global_step=7534080
SPS: 1354
Epoch: 329, global_step=7557120
SPS: 1356
Epoch: 330, global_step=7580160
SPS: 1357
Epoch: 331, global_step=7603200
SPS: 1358
Epoch: 332, global_step=7626240
SPS: 1359
Epoch: 333, global_step=7649280
SPS: 1361
Epoch: 334, global_step=7672320
SPS: 1362
Epoch: 335, global_step=7695360
SPS: 1363
Epoch: 336, global_step=7718400
SPS: 1365
Epoch: 337, global_step=7741440
SPS: 1366
Epoch: 338, global_step=7764480
SPS: 1367
Epoch: 339, global_step=7787520
SPS: 1368
Epoch: 340, global_step=7810560
SPS: 1369
Epoch: 341, global_step=7833600
SPS: 1371
Epoch: 342, global_step=7856640
SPS: 1372
Epoch: 343, global_step=7879680
SPS: 1373
Epoch: 344, global_step=7902720
SPS: 1374
Epoch: 345, global_step=7925760
SPS: 1375
Epoch: 346, global_step=7948800
SPS: 1376
Epoch: 347, global_step=7971840
SPS: 1377
Epoch: 348, global_step=7994880
SPS: 1378
Epoch: 349, global_step=8017920
SPS: 1379
Epoch: 350, global_step=8040960
SPS: 1380
Epoch: 351, global_step=8064000
Evaluating
Evaluated 17280 steps resulting in 192 episodes
[32mEvaluation Metric: success_once[0m | [36mMean: 0.8646[0m
[32mEvaluation Metric: return[0m | [36mMean: 10.5839[0m
[32mEvaluation Metric: episode_len[0m | [36mMean: 90.0000[0m
[32mEvaluation Metric: reward[0m | [36mMean: 0.1176[0m
[32mEvaluation Metric: success_at_end[0m | [36mMean: 0.0052[0m
model saved to checkpoints/ppo_memtasks/rgb_joints_belief/normalized_dense/InterceptSlow-v0/ppo-belief-v2-interceptslow-99__99__rgb_joints_belief__20260126_133355/20260126_133355/ckpt_14_351.pt
SPS: 1360
Epoch: 352, global_step=8087040
SPS: 1361
Epoch: 353, global_step=8110080
SPS: 1363
Epoch: 354, global_step=8133120
SPS: 1364
Epoch: 355, global_step=8156160
SPS: 1365
Epoch: 356, global_step=8179200
SPS: 1366
Epoch: 357, global_step=8202240
SPS: 1367
Epoch: 358, global_step=8225280
SPS: 1368
Epoch: 359, global_step=8248320
SPS: 1370
Epoch: 360, global_step=8271360
SPS: 1371
Epoch: 361, global_step=8294400
SPS: 1372
Epoch: 362, global_step=8317440
SPS: 1374
Epoch: 363, global_step=8340480
SPS: 1375
Epoch: 364, global_step=8363520
SPS: 1376
Epoch: 365, global_step=8386560
SPS: 1377
Epoch: 366, global_step=8409600
SPS: 1378
Epoch: 367, global_step=8432640
SPS: 1379
Epoch: 368, global_step=8455680
SPS: 1380
Epoch: 369, global_step=8478720
SPS: 1381
Epoch: 370, global_step=8501760
SPS: 1382
Epoch: 371, global_step=8524800
SPS: 1383
Epoch: 372, global_step=8547840
SPS: 1384
Epoch: 373, global_step=8570880
SPS: 1385
Epoch: 374, global_step=8593920
SPS: 1386
Epoch: 375, global_step=8616960
SPS: 1388
Epoch: 376, global_step=8640000
Evaluating
Evaluated 17280 steps resulting in 192 episodes
[32mEvaluation Metric: success_once[0m | [36mMean: 0.8750[0m
[32mEvaluation Metric: return[0m | [36mMean: 10.5685[0m
[32mEvaluation Metric: episode_len[0m | [36mMean: 90.0000[0m
[32mEvaluation Metric: reward[0m | [36mMean: 0.1174[0m
[32mEvaluation Metric: success_at_end[0m | [36mMean: 0.0000[0m
model saved to checkpoints/ppo_memtasks/rgb_joints_belief/normalized_dense/InterceptSlow-v0/ppo-belief-v2-interceptslow-99__99__rgb_joints_belief__20260126_133355/20260126_133355/ckpt_15_376.pt
SPS: 1369
Epoch: 377, global_step=8663040
SPS: 1370
Epoch: 378, global_step=8686080
SPS: 1372
Epoch: 379, global_step=8709120
SPS: 1373
Epoch: 380, global_step=8732160
SPS: 1374
Epoch: 381, global_step=8755200
SPS: 1375
Epoch: 382, global_step=8778240
SPS: 1376
Epoch: 383, global_step=8801280
SPS: 1377
Epoch: 384, global_step=8824320
SPS: 1379
Epoch: 385, global_step=8847360
SPS: 1380
Epoch: 386, global_step=8870400
SPS: 1381
Epoch: 387, global_step=8893440
SPS: 1382
Epoch: 388, global_step=8916480
SPS: 1383
Epoch: 389, global_step=8939520
SPS: 1384
Epoch: 390, global_step=8962560
SPS: 1385
Epoch: 391, global_step=8985600
SPS: 1386
Epoch: 392, global_step=9008640
SPS: 1388
Epoch: 393, global_step=9031680
SPS: 1389
Epoch: 394, global_step=9054720
SPS: 1390
Epoch: 395, global_step=9077760
SPS: 1391
Epoch: 396, global_step=9100800
SPS: 1392
Epoch: 397, global_step=9123840
SPS: 1393
Epoch: 398, global_step=9146880
SPS: 1394
Epoch: 399, global_step=9169920
SPS: 1395
Epoch: 400, global_step=9192960
SPS: 1396
Epoch: 401, global_step=9216000
Evaluating
Evaluated 17280 steps resulting in 192 episodes
[32mEvaluation Metric: success_once[0m | [36mMean: 0.9010[0m
[32mEvaluation Metric: return[0m | [36mMean: 10.4547[0m
[32mEvaluation Metric: episode_len[0m | [36mMean: 90.0000[0m
[32mEvaluation Metric: reward[0m | [36mMean: 0.1162[0m
[32mEvaluation Metric: success_at_end[0m | [36mMean: 0.0104[0m
model saved to checkpoints/ppo_memtasks/rgb_joints_belief/normalized_dense/InterceptSlow-v0/ppo-belief-v2-interceptslow-99__99__rgb_joints_belief__20260126_133355/20260126_133355/ckpt_16_401.pt
SPS: 1378
Epoch: 402, global_step=9239040
SPS: 1379
Epoch: 403, global_step=9262080
SPS: 1380
Epoch: 404, global_step=9285120
SPS: 1381
Epoch: 405, global_step=9308160
SPS: 1382
Epoch: 406, global_step=9331200
SPS: 1383
Epoch: 407, global_step=9354240
SPS: 1384
Epoch: 408, global_step=9377280
SPS: 1385
Epoch: 409, global_step=9400320
SPS: 1386
Epoch: 410, global_step=9423360
SPS: 1388
Epoch: 411, global_step=9446400
SPS: 1389
Epoch: 412, global_step=9469440
SPS: 1390
Epoch: 413, global_step=9492480
SPS: 1391
Epoch: 414, global_step=9515520
SPS: 1392
Epoch: 415, global_step=9538560
SPS: 1393
Epoch: 416, global_step=9561600
SPS: 1394
Epoch: 417, global_step=9584640
SPS: 1395
Epoch: 418, global_step=9607680
SPS: 1396
Epoch: 419, global_step=9630720
SPS: 1397
Epoch: 420, global_step=9653760
SPS: 1398
Epoch: 421, global_step=9676800
SPS: 1399
Epoch: 422, global_step=9699840
SPS: 1400
Epoch: 423, global_step=9722880
SPS: 1402
Epoch: 424, global_step=9745920
SPS: 1403
Epoch: 425, global_step=9768960
SPS: 1404
Epoch: 426, global_step=9792000
Evaluating
Evaluated 17280 steps resulting in 192 episodes
[32mEvaluation Metric: success_once[0m | [36mMean: 0.8542[0m
[32mEvaluation Metric: return[0m | [36mMean: 10.2639[0m
[32mEvaluation Metric: episode_len[0m | [36mMean: 90.0000[0m
[32mEvaluation Metric: reward[0m | [36mMean: 0.1140[0m
[32mEvaluation Metric: success_at_end[0m | [36mMean: 0.0000[0m
model saved to checkpoints/ppo_memtasks/rgb_joints_belief/normalized_dense/InterceptSlow-v0/ppo-belief-v2-interceptslow-99__99__rgb_joints_belief__20260126_133355/20260126_133355/ckpt_17_426.pt
SPS: 1386
Epoch: 427, global_step=9815040
SPS: 1387
Epoch: 428, global_step=9838080
SPS: 1388
Epoch: 429, global_step=9861120
SPS: 1389
Epoch: 430, global_step=9884160
SPS: 1390
Epoch: 431, global_step=9907200
SPS: 1391
Epoch: 432, global_step=9930240
SPS: 1392
Epoch: 433, global_step=9953280
SPS: 1394
Epoch: 434, global_step=9976320
SPS: 1394
model saved to checkpoints/ppo_memtasks/rgb_joints_belief/normalized_dense/InterceptSlow-v0/ppo-belief-v2-interceptslow-99__99__rgb_joints_belief__20260126_133355/20260126_133355/final_ckpt.pt
