/home/s4176650/.conda/envs/mikasa/lib/python3.11/site-packages/torch/cuda/__init__.py:54: FutureWarning: The pynvml package is deprecated. Please install nvidia-ml-py instead. If you did not install pynvml directly, please report this to the maintainers of the package that installed pynvml for you.
  import pynvml  # type: ignore[import]
/home/s4176650/.conda/envs/mikasa/lib/python3.11/site-packages/sapien/_vulkan_tricks.py:37: UserWarning: Failed to find Vulkan ICD file. This is probably due to an incorrect or partial installation of the NVIDIA driver. SAPIEN will attempt to provide an ICD file anyway but it may not work.
  warn(
Gym has been unmaintained since 2022 and does not support NumPy 2.0 amongst other critical functionality.
Please upgrade to Gymnasium, the maintained drop-in replacement of Gym, or contact the authors of your software and request that they upgrade.
See the migration guide at https://gymnasium.farama.org/introduction/migration_guide/ for additional information.
Traceback (most recent call last):
  File "/local/s4176650/MIKASA-Robo/baselines/ppo/ppo_memtasks_cvae.py", line 837, in <module>
    eval_envs = gym.make(args.env_id, num_envs=args.num_eval_envs, reconfiguration_freq=args.eval_reconfiguration_freq,  **env_kwargs) # , reconfigure_freq=args.eval_reconfiguration_freq
                ^^^^^^^^^^^^^^^^^^^^^^^^^^^^^^^^^^^^^^^^^^^^^^^^^^^^^^^^^^^^^^^^^^^^^^^^^^^^^^^^^^^^^^^^^^^^^^^^^^^^^^^^^^^^^^^^^^^^^^
  File "/home/s4176650/.conda/envs/mikasa/lib/python3.11/site-packages/gymnasium/envs/registration.py", line 802, in make
    env = env_creator(**env_spec_kwargs)
          ^^^^^^^^^^^^^^^^^^^^^^^^^^^^^^
  File "/home/s4176650/.conda/envs/mikasa/lib/python3.11/site-packages/mani_skill/utils/registration.py", line 182, in make
    env = env_spec.make(**kwargs)
          ^^^^^^^^^^^^^^^^^^^^^^^
  File "/home/s4176650/.conda/envs/mikasa/lib/python3.11/site-packages/mani_skill/utils/registration.py", line 79, in make
    return self.cls(**_kwargs)
           ^^^^^^^^^^^^^^^^^^^
  File "/local/s4176650/MIKASA-Robo/mikasa_robo_suite/memory_envs/shell_game_touch.py", line 53, in __init__
    load_json(ASSET_DIR / "assets/mani_skill2_ycb/info_pick_v0.json").keys()
    ^^^^^^^^^^^^^^^^^^^^^^^^^^^^^^^^^^^^^^^^^^^^^^^^^^^^^^^^^^^^^^^^^
  File "/home/s4176650/.conda/envs/mikasa/lib/python3.11/site-packages/mani_skill/utils/io_utils.py", line 31, in load_json
    f = open(filename, "rt")
        ^^^^^^^^^^^^^^^^^^^^
FileNotFoundError: [Errno 2] No such file or directory: '/home/s4176650/.maniskill/data/assets/mani_skill2_ycb/info_pick_v0.json'
/home/s4176650/.conda/envs/mikasa/lib/python3.11/site-packages/torch/cuda/__init__.py:54: FutureWarning: The pynvml package is deprecated. Please install nvidia-ml-py instead. If you did not install pynvml directly, please report this to the maintainers of the package that installed pynvml for you.
  import pynvml  # type: ignore[import]
/home/s4176650/.conda/envs/mikasa/lib/python3.11/site-packages/sapien/_vulkan_tricks.py:37: UserWarning: Failed to find Vulkan ICD file. This is probably due to an incorrect or partial installation of the NVIDIA driver. SAPIEN will attempt to provide an ICD file anyway but it may not work.
  warn(
Gym has been unmaintained since 2022 and does not support NumPy 2.0 amongst other critical functionality.
Please upgrade to Gymnasium, the maintained drop-in replacement of Gym, or contact the authors of your software and request that they upgrade.
See the migration guide at https://gymnasium.farama.org/introduction/migration_guide/ for additional information.
Traceback (most recent call last):
  File "/local/s4176650/MIKASA-Robo/baselines/ppo/ppo_memtasks_cvae.py", line 837, in <module>
    eval_envs = gym.make(args.env_id, num_envs=args.num_eval_envs, reconfiguration_freq=args.eval_reconfiguration_freq,  **env_kwargs) # , reconfigure_freq=args.eval_reconfiguration_freq
                ^^^^^^^^^^^^^^^^^^^^^^^^^^^^^^^^^^^^^^^^^^^^^^^^^^^^^^^^^^^^^^^^^^^^^^^^^^^^^^^^^^^^^^^^^^^^^^^^^^^^^^^^^^^^^^^^^^^^^^
  File "/home/s4176650/.conda/envs/mikasa/lib/python3.11/site-packages/gymnasium/envs/registration.py", line 802, in make
    env = env_creator(**env_spec_kwargs)
          ^^^^^^^^^^^^^^^^^^^^^^^^^^^^^^
  File "/home/s4176650/.conda/envs/mikasa/lib/python3.11/site-packages/mani_skill/utils/registration.py", line 182, in make
    env = env_spec.make(**kwargs)
          ^^^^^^^^^^^^^^^^^^^^^^^
  File "/home/s4176650/.conda/envs/mikasa/lib/python3.11/site-packages/mani_skill/utils/registration.py", line 79, in make
    return self.cls(**_kwargs)
           ^^^^^^^^^^^^^^^^^^^
  File "/local/s4176650/MIKASA-Robo/mikasa_robo_suite/memory_envs/shell_game_touch.py", line 53, in __init__
    load_json(ASSET_DIR / "assets/mani_skill2_ycb/info_pick_v0.json").keys()
    ^^^^^^^^^^^^^^^^^^^^^^^^^^^^^^^^^^^^^^^^^^^^^^^^^^^^^^^^^^^^^^^^^
  File "/home/s4176650/.conda/envs/mikasa/lib/python3.11/site-packages/mani_skill/utils/io_utils.py", line 31, in load_json
    f = open(filename, "rt")
        ^^^^^^^^^^^^^^^^^^^^
FileNotFoundError: [Errno 2] No such file or directory: '/home/s4176650/.maniskill/data/assets/mani_skill2_ycb/info_pick_v0.json'
/home/s4176650/.conda/envs/mikasa/lib/python3.11/site-packages/torch/cuda/__init__.py:54: FutureWarning: The pynvml package is deprecated. Please install nvidia-ml-py instead. If you did not install pynvml directly, please report this to the maintainers of the package that installed pynvml for you.
  import pynvml  # type: ignore[import]
/home/s4176650/.conda/envs/mikasa/lib/python3.11/site-packages/sapien/_vulkan_tricks.py:37: UserWarning: Failed to find Vulkan ICD file. This is probably due to an incorrect or partial installation of the NVIDIA driver. SAPIEN will attempt to provide an ICD file anyway but it may not work.
  warn(
Gym has been unmaintained since 2022 and does not support NumPy 2.0 amongst other critical functionality.
Please upgrade to Gymnasium, the maintained drop-in replacement of Gym, or contact the authors of your software and request that they upgrade.
See the migration guide at https://gymnasium.farama.org/introduction/migration_guide/ for additional information.
Traceback (most recent call last):
  File "/local/s4176650/MIKASA-Robo/baselines/ppo/ppo_memtasks_cvae.py", line 837, in <module>
    eval_envs = gym.make(args.env_id, num_envs=args.num_eval_envs, reconfiguration_freq=args.eval_reconfiguration_freq,  **env_kwargs) # , reconfigure_freq=args.eval_reconfiguration_freq
                ^^^^^^^^^^^^^^^^^^^^^^^^^^^^^^^^^^^^^^^^^^^^^^^^^^^^^^^^^^^^^^^^^^^^^^^^^^^^^^^^^^^^^^^^^^^^^^^^^^^^^^^^^^^^^^^^^^^^^^
  File "/home/s4176650/.conda/envs/mikasa/lib/python3.11/site-packages/gymnasium/envs/registration.py", line 802, in make
    env = env_creator(**env_spec_kwargs)
          ^^^^^^^^^^^^^^^^^^^^^^^^^^^^^^
  File "/home/s4176650/.conda/envs/mikasa/lib/python3.11/site-packages/mani_skill/utils/registration.py", line 182, in make
    env = env_spec.make(**kwargs)
          ^^^^^^^^^^^^^^^^^^^^^^^
  File "/home/s4176650/.conda/envs/mikasa/lib/python3.11/site-packages/mani_skill/utils/registration.py", line 79, in make
    return self.cls(**_kwargs)
           ^^^^^^^^^^^^^^^^^^^
  File "/local/s4176650/MIKASA-Robo/mikasa_robo_suite/memory_envs/shell_game_touch.py", line 53, in __init__
    load_json(ASSET_DIR / "assets/mani_skill2_ycb/info_pick_v0.json").keys()
    ^^^^^^^^^^^^^^^^^^^^^^^^^^^^^^^^^^^^^^^^^^^^^^^^^^^^^^^^^^^^^^^^^
  File "/home/s4176650/.conda/envs/mikasa/lib/python3.11/site-packages/mani_skill/utils/io_utils.py", line 31, in load_json
    f = open(filename, "rt")
        ^^^^^^^^^^^^^^^^^^^^
FileNotFoundError: [Errno 2] No such file or directory: '/home/s4176650/.maniskill/data/assets/mani_skill2_ycb/info_pick_v0.json'
