Enabling podman.socket for user: s4176650
Running RememberShapeAndColor5x3-v0 with belief, seed 33

===========================================================================
║                        Environment Configuration                        ║
===========================================================================
║ Environment ID: RememberShapeAndColor3x2-v0                             ║
║ Oracle Info:    None                                                    ║
║ Wrappers:                                                               ║
║    ├─ InitialZeroActionWrapper                                         ║
║    │  └─ {'n_initial_steps': 0}                                           ║
║    ├─ RememberShapeAndColorInfoWrapper                                 ║
║    ├─ RenderStepInfoWrapper                                            ║
║    ├─ RenderRewardInfoWrapper                                          ║
║    ├─ DebugRewardWrapper                                               ║
║-------------------------------------------------------------------------║
║ include_state:       False │ state will not be used                ║
║ include_rgb:         True  │ rgb images will be used               ║
║ include_oracle:      False │ oracle info will not be used          ║
║ include_joints:      True  │ joints will be used                   ║
===========================================================================

MODE='rgb_joints_belief'
prompt_info=None
{0: 'cube', 1: 'sphere', 2: 't_shape', 3: 'cross', 4: 'torus'}
{0: 'cube', 1: 'sphere', 2: 't_shape', 3: 'cross', 4: 'torus'}
Saving eval videos to checkpoints/ppo_memtasks/rgb_joints_belief/normalized_dense/RememberShapeAndColor3x2-v0/ppo-mlp-dense-remember-shape-color-3x2-v0-belief__33__rgb_joints_belief__20260103_225612/20260103_225612/videos
======================================================================
Max Episode Steps: 60
======================================================================

Loading belief model from /local/s4176650/sphinx/storage/RememberShapeAndColor3x2-v0_vae_mikasa_1500_1/final_vae_model.pt
  phi_dim=16, latent_dim=32
Belief model loaded successfully. Memory size: 768
Running training

####
args.num_iterations=865 args.num_envs=200 args.num_eval_envs=16
args.minibatch_size=375 args.batch_size=12000 args.update_epochs=4
####

sample_obs.keys()=dict_keys(['joints', 'rgb'])
joints: torch.Size([200, 25])
rgb: torch.Size([200, 128, 128, 3])


Epoch: 1, global_step=0
Evaluating
Evaluated 11520 steps resulting in 192 episodes
[32mEvaluation Metric: success_once[0m | [36mMean: 0.0000[0m
[32mEvaluation Metric: return[0m | [36mMean: 9.8617[0m
[32mEvaluation Metric: episode_len[0m | [36mMean: 60.0000[0m
[32mEvaluation Metric: reward[0m | [36mMean: 0.1644[0m
[32mEvaluation Metric: success_at_end[0m | [36mMean: 0.0000[0m
model saved to checkpoints/ppo_memtasks/rgb_joints_belief/normalized_dense/RememberShapeAndColor3x2-v0/ppo-mlp-dense-remember-shape-color-3x2-v0-belief__33__rgb_joints_belief__20260103_225612/20260103_225612/ckpt_0_1.pt
SPS: 118
Epoch: 2, global_step=12000
SPS: 218
Epoch: 3, global_step=24000
SPS: 304
Epoch: 4, global_step=36000
SPS: 378
Epoch: 5, global_step=48000
SPS: 441
Epoch: 6, global_step=60000
SPS: 496
Epoch: 7, global_step=72000
SPS: 546
Epoch: 8, global_step=84000
SPS: 589
Epoch: 9, global_step=96000
SPS: 627
Epoch: 10, global_step=108000
SPS: 661
Epoch: 11, global_step=120000
SPS: 692
Epoch: 12, global_step=132000
SPS: 719
Epoch: 13, global_step=144000
SPS: 744
Epoch: 14, global_step=156000
SPS: 767
Epoch: 15, global_step=168000
SPS: 788
Epoch: 16, global_step=180000
SPS: 807
Epoch: 17, global_step=192000
SPS: 825
Epoch: 18, global_step=204000
SPS: 840
Epoch: 19, global_step=216000
SPS: 855
Epoch: 20, global_step=228000
SPS: 868
Epoch: 21, global_step=240000
SPS: 881
Epoch: 22, global_step=252000
SPS: 892
Epoch: 23, global_step=264000
SPS: 906
Epoch: 24, global_step=276000
SPS: 922
Epoch: 25, global_step=288000
SPS: 937
Epoch: 26, global_step=300000
SPS: 951
Epoch: 27, global_step=312000
SPS: 964
Epoch: 28, global_step=324000
SPS: 977
Epoch: 29, global_step=336000
SPS: 989
Epoch: 30, global_step=348000
SPS: 1001
Epoch: 31, global_step=360000
SPS: 1012
Epoch: 32, global_step=372000
SPS: 1023
Epoch: 33, global_step=384000
SPS: 1033
Epoch: 34, global_step=396000
SPS: 1043
Epoch: 35, global_step=408000
SPS: 1053
Epoch: 36, global_step=420000
SPS: 1062
Epoch: 37, global_step=432000
SPS: 1070
Epoch: 38, global_step=444000
SPS: 1079
Epoch: 39, global_step=456000
SPS: 1087
Epoch: 40, global_step=468000
SPS: 1095
Epoch: 41, global_step=480000
SPS: 1102
Epoch: 42, global_step=492000
SPS: 1112
Epoch: 43, global_step=504000
SPS: 1119
Epoch: 44, global_step=516000
SPS: 1126
Epoch: 45, global_step=528000
SPS: 1132
Epoch: 46, global_step=540000
SPS: 1139
Epoch: 47, global_step=552000
