Enabling podman.socket for user: s4176650
Running RememberShapeAndColor3x2-v0 with belief, seed 33

===========================================================================
║                        Environment Configuration                        ║
===========================================================================
║ Environment ID: InterceptSlow-v0                                        ║
║ Oracle Info:    None                                                    ║
║ Wrappers:                                                               ║
║    ├─ InitialZeroActionWrapper                                         ║
║    │  └─ {'n_initial_steps': 0}                                           ║
║    ├─ RenderStepInfoWrapper                                            ║
║    ├─ RenderRewardInfoWrapper                                          ║
║    ├─ DebugRewardWrapper                                               ║
║-------------------------------------------------------------------------║
║ include_state:       False │ state will not be used                ║
║ include_rgb:         True  │ rgb images will be used               ║
║ include_oracle:      False │ oracle info will not be used          ║
║ include_joints:      True  │ joints will be used                   ║
===========================================================================

MODE='rgb_joints'
prompt_info=None
Saving eval videos to checkpoints/ppo_memtasks/rgb_joints/normalized_dense/InterceptSlow-v0/ppo-nonbelief-newhyper-lr1e-4-33__33__rgb_joints__20260127_120856/20260127_120856/videos
======================================================================
Max Episode Steps: 90
======================================================================

Running training

####
args.num_iterations=434 args.num_envs=256 args.num_eval_envs=16
args.minibatch_size=720 args.batch_size=23040 args.update_epochs=2
####

sample_obs.keys()=dict_keys(['joints', 'rgb'])
joints: torch.Size([256, 25])
rgb: torch.Size([256, 128, 128, 3])


Epoch: 1, global_step=0
Evaluating
Evaluated 17280 steps resulting in 192 episodes
[32mEvaluation Metric: success_once[0m | [36mMean: 0.0833[0m
[32mEvaluation Metric: return[0m | [36mMean: 2.1331[0m
[32mEvaluation Metric: episode_len[0m | [36mMean: 90.0000[0m
[32mEvaluation Metric: reward[0m | [36mMean: 0.0237[0m
[32mEvaluation Metric: success_at_end[0m | [36mMean: 0.0312[0m
model saved to checkpoints/ppo_memtasks/rgb_joints/normalized_dense/InterceptSlow-v0/ppo-nonbelief-newhyper-lr1e-4-33__33__rgb_joints__20260127_120856/20260127_120856/ckpt_0_1.pt
SPS: 230
Epoch: 2, global_step=23040
SPS: 427
Epoch: 3, global_step=46080
SPS: 593
Epoch: 4, global_step=69120
SPS: 738
Epoch: 5, global_step=92160
SPS: 863
Epoch: 6, global_step=115200
SPS: 970
Epoch: 7, global_step=138240
SPS: 1064
Epoch: 8, global_step=161280
SPS: 1145
Epoch: 9, global_step=184320
SPS: 1218
Epoch: 10, global_step=207360
SPS: 1283
Epoch: 11, global_step=230400
SPS: 1339
Epoch: 12, global_step=253440
SPS: 1392
Epoch: 13, global_step=276480
SPS: 1440
Epoch: 14, global_step=299520
SPS: 1485
Epoch: 15, global_step=322560
SPS: 1525
Epoch: 16, global_step=345600
SPS: 1563
Epoch: 17, global_step=368640
SPS: 1598
Epoch: 18, global_step=391680
SPS: 1630
Epoch: 19, global_step=414720
SPS: 1660
Epoch: 20, global_step=437760
SPS: 1688
Epoch: 21, global_step=460800
SPS: 1713
Epoch: 22, global_step=483840
SPS: 1738
Epoch: 23, global_step=506880
SPS: 1761
Epoch: 24, global_step=529920
SPS: 1782
Epoch: 25, global_step=552960
SPS: 1803
Epoch: 26, global_step=576000
Evaluating
Evaluated 17280 steps resulting in 192 episodes
[32mEvaluation Metric: success_once[0m | [36mMean: 0.1406[0m
[32mEvaluation Metric: return[0m | [36mMean: 4.3244[0m
[32mEvaluation Metric: episode_len[0m | [36mMean: 90.0000[0m
[32mEvaluation Metric: reward[0m | [36mMean: 0.0480[0m
[32mEvaluation Metric: success_at_end[0m | [36mMean: 0.0677[0m
model saved to checkpoints/ppo_memtasks/rgb_joints/normalized_dense/InterceptSlow-v0/ppo-nonbelief-newhyper-lr1e-4-33__33__rgb_joints__20260127_120856/20260127_120856/ckpt_1_26.pt
SPS: 1466
Epoch: 27, global_step=599040
SPS: 1489
Epoch: 28, global_step=622080
SPS: 1510
Epoch: 29, global_step=645120
SPS: 1531
Epoch: 30, global_step=668160
SPS: 1551
Epoch: 31, global_step=691200
SPS: 1571
Epoch: 32, global_step=714240
SPS: 1589
Epoch: 33, global_step=737280
SPS: 1607
Epoch: 34, global_step=760320
SPS: 1624
Epoch: 35, global_step=783360
SPS: 1641
Epoch: 36, global_step=806400
SPS: 1657
Epoch: 37, global_step=829440
SPS: 1673
Epoch: 38, global_step=852480
SPS: 1688
Epoch: 39, global_step=875520
SPS: 1702
Epoch: 40, global_step=898560
SPS: 1716
Epoch: 41, global_step=921600
SPS: 1729
Epoch: 42, global_step=944640
SPS: 1742
Epoch: 43, global_step=967680
SPS: 1755
Epoch: 44, global_step=990720
SPS: 1766
Epoch: 45, global_step=1013760
SPS: 1778
Epoch: 46, global_step=1036800
SPS: 1789
Epoch: 47, global_step=1059840
SPS: 1800
Epoch: 48, global_step=1082880
SPS: 1811
Epoch: 49, global_step=1105920
SPS: 1822
Epoch: 50, global_step=1128960
SPS: 1832
Epoch: 51, global_step=1152000
Evaluating
Evaluated 17280 steps resulting in 192 episodes
[32mEvaluation Metric: success_once[0m | [36mMean: 0.2240[0m
[32mEvaluation Metric: return[0m | [36mMean: 6.4560[0m
[32mEvaluation Metric: episode_len[0m | [36mMean: 90.0000[0m
[32mEvaluation Metric: reward[0m | [36mMean: 0.0717[0m
[32mEvaluation Metric: success_at_end[0m | [36mMean: 0.1250[0m
model saved to checkpoints/ppo_memtasks/rgb_joints/normalized_dense/InterceptSlow-v0/ppo-nonbelief-newhyper-lr1e-4-33__33__rgb_joints__20260127_120856/20260127_120856/ckpt_2_51.pt
SPS: 1630
Epoch: 52, global_step=1175040
SPS: 1642
Epoch: 53, global_step=1198080
SPS: 1653
Epoch: 54, global_step=1221120
SPS: 1663
Epoch: 55, global_step=1244160
SPS: 1674
Epoch: 56, global_step=1267200
SPS: 1684
Epoch: 57, global_step=1290240
SPS: 1693
Epoch: 58, global_step=1313280
SPS: 1703
Epoch: 59, global_step=1336320
SPS: 1713
Epoch: 60, global_step=1359360
SPS: 1723
Epoch: 61, global_step=1382400
SPS: 1732
Epoch: 62, global_step=1405440
SPS: 1741
Epoch: 63, global_step=1428480
SPS: 1750
Epoch: 64, global_step=1451520
SPS: 1758
Epoch: 65, global_step=1474560
SPS: 1767
Epoch: 66, global_step=1497600
SPS: 1775
Epoch: 67, global_step=1520640
SPS: 1783
Epoch: 68, global_step=1543680
SPS: 1791
Epoch: 69, global_step=1566720
SPS: 1798
Epoch: 70, global_step=1589760
SPS: 1806
Epoch: 71, global_step=1612800
SPS: 1813
Epoch: 72, global_step=1635840
SPS: 1820
Epoch: 73, global_step=1658880
SPS: 1827
Epoch: 74, global_step=1681920
SPS: 1834
Epoch: 75, global_step=1704960
SPS: 1841
Epoch: 76, global_step=1728000
Evaluating
Evaluated 17280 steps resulting in 192 episodes
[32mEvaluation Metric: success_once[0m | [36mMean: 0.1354[0m
[32mEvaluation Metric: return[0m | [36mMean: 5.7729[0m
[32mEvaluation Metric: episode_len[0m | [36mMean: 90.0000[0m
[32mEvaluation Metric: reward[0m | [36mMean: 0.0641[0m
[32mEvaluation Metric: success_at_end[0m | [36mMean: 0.0729[0m
model saved to checkpoints/ppo_memtasks/rgb_joints/normalized_dense/InterceptSlow-v0/ppo-nonbelief-newhyper-lr1e-4-33__33__rgb_joints__20260127_120856/20260127_120856/ckpt_3_76.pt
SPS: 1704
Epoch: 77, global_step=1751040
SPS: 1712
Epoch: 78, global_step=1774080
SPS: 1719
Epoch: 79, global_step=1797120
SPS: 1726
Epoch: 80, global_step=1820160
SPS: 1733
Epoch: 81, global_step=1843200
SPS: 1739
Epoch: 82, global_step=1866240
SPS: 1746
Epoch: 83, global_step=1889280
SPS: 1752
Epoch: 84, global_step=1912320
SPS: 1758
Epoch: 85, global_step=1935360
SPS: 1764
Epoch: 86, global_step=1958400
SPS: 1771
Epoch: 87, global_step=1981440
SPS: 1776
Epoch: 88, global_step=2004480
SPS: 1782
Epoch: 89, global_step=2027520
SPS: 1788
Epoch: 90, global_step=2050560
SPS: 1794
Epoch: 91, global_step=2073600
SPS: 1799
Epoch: 92, global_step=2096640
SPS: 1805
Epoch: 93, global_step=2119680
SPS: 1810
Epoch: 94, global_step=2142720
SPS: 1816
Epoch: 95, global_step=2165760
SPS: 1821
Epoch: 96, global_step=2188800
SPS: 1827
Epoch: 97, global_step=2211840
SPS: 1832
Epoch: 98, global_step=2234880
SPS: 1837
Epoch: 99, global_step=2257920
SPS: 1842
Epoch: 100, global_step=2280960
SPS: 1847
Epoch: 101, global_step=2304000
Evaluating
Evaluated 17280 steps resulting in 192 episodes
[32mEvaluation Metric: success_once[0m | [36mMean: 0.2500[0m
[32mEvaluation Metric: return[0m | [36mMean: 7.8255[0m
[32mEvaluation Metric: episode_len[0m | [36mMean: 90.0000[0m
[32mEvaluation Metric: reward[0m | [36mMean: 0.0870[0m
[32mEvaluation Metric: success_at_end[0m | [36mMean: 0.1771[0m
model saved to checkpoints/ppo_memtasks/rgb_joints/normalized_dense/InterceptSlow-v0/ppo-nonbelief-newhyper-lr1e-4-33__33__rgb_joints__20260127_120856/20260127_120856/ckpt_4_101.pt
SPS: 1738
Epoch: 102, global_step=2327040
SPS: 1744
Epoch: 103, global_step=2350080
SPS: 1749
Epoch: 104, global_step=2373120
SPS: 1754
Epoch: 105, global_step=2396160
SPS: 1759
Epoch: 106, global_step=2419200
SPS: 1764
Epoch: 107, global_step=2442240
SPS: 1769
Epoch: 108, global_step=2465280
SPS: 1774
Epoch: 109, global_step=2488320
SPS: 1779
Epoch: 110, global_step=2511360
SPS: 1784
Epoch: 111, global_step=2534400
SPS: 1788
Epoch: 112, global_step=2557440
SPS: 1793
Epoch: 113, global_step=2580480
SPS: 1798
Epoch: 114, global_step=2603520
SPS: 1802
Epoch: 115, global_step=2626560
SPS: 1807
Epoch: 116, global_step=2649600
SPS: 1811
Epoch: 117, global_step=2672640
SPS: 1816
Epoch: 118, global_step=2695680
SPS: 1820
Epoch: 119, global_step=2718720
SPS: 1824
Epoch: 120, global_step=2741760
SPS: 1829
Epoch: 121, global_step=2764800
SPS: 1833
Epoch: 122, global_step=2787840
SPS: 1837
Epoch: 123, global_step=2810880
SPS: 1841
Epoch: 124, global_step=2833920
SPS: 1845
Epoch: 125, global_step=2856960
SPS: 1849
Epoch: 126, global_step=2880000
Evaluating
Evaluated 17280 steps resulting in 192 episodes
[32mEvaluation Metric: success_once[0m | [36mMean: 0.2396[0m
[32mEvaluation Metric: return[0m | [36mMean: 6.6931[0m
[32mEvaluation Metric: episode_len[0m | [36mMean: 90.0000[0m
[32mEvaluation Metric: reward[0m | [36mMean: 0.0744[0m
[32mEvaluation Metric: success_at_end[0m | [36mMean: 0.1615[0m
model saved to checkpoints/ppo_memtasks/rgb_joints/normalized_dense/InterceptSlow-v0/ppo-nonbelief-newhyper-lr1e-4-33__33__rgb_joints__20260127_120856/20260127_120856/ckpt_5_126.pt
SPS: 1756
Epoch: 127, global_step=2903040
SPS: 1760
Epoch: 128, global_step=2926080
SPS: 1765
Epoch: 129, global_step=2949120
SPS: 1769
Epoch: 130, global_step=2972160
SPS: 1773
Epoch: 131, global_step=2995200
SPS: 1777
Epoch: 132, global_step=3018240
SPS: 1781
Epoch: 133, global_step=3041280
SPS: 1785
Epoch: 134, global_step=3064320
SPS: 1789
Epoch: 135, global_step=3087360
SPS: 1792
Epoch: 136, global_step=3110400
SPS: 1796
Epoch: 137, global_step=3133440
SPS: 1799
Epoch: 138, global_step=3156480
SPS: 1803
Epoch: 139, global_step=3179520
SPS: 1807
Epoch: 140, global_step=3202560
SPS: 1810
Epoch: 141, global_step=3225600
SPS: 1814
Epoch: 142, global_step=3248640
SPS: 1817
Epoch: 143, global_step=3271680
SPS: 1821
Epoch: 144, global_step=3294720
SPS: 1824
Epoch: 145, global_step=3317760
SPS: 1827
Epoch: 146, global_step=3340800
SPS: 1831
Epoch: 147, global_step=3363840
SPS: 1834
Epoch: 148, global_step=3386880
SPS: 1837
Epoch: 149, global_step=3409920
SPS: 1841
Epoch: 150, global_step=3432960
SPS: 1844
Epoch: 151, global_step=3456000
Evaluating
Evaluated 17280 steps resulting in 192 episodes
[32mEvaluation Metric: success_once[0m | [36mMean: 0.2396[0m
[32mEvaluation Metric: return[0m | [36mMean: 7.6983[0m
[32mEvaluation Metric: episode_len[0m | [36mMean: 90.0000[0m
[32mEvaluation Metric: reward[0m | [36mMean: 0.0855[0m
[32mEvaluation Metric: success_at_end[0m | [36mMean: 0.1354[0m
model saved to checkpoints/ppo_memtasks/rgb_joints/normalized_dense/InterceptSlow-v0/ppo-nonbelief-newhyper-lr1e-4-33__33__rgb_joints__20260127_120856/20260127_120856/ckpt_6_151.pt
SPS: 1769
Epoch: 152, global_step=3479040
SPS: 1773
Epoch: 153, global_step=3502080
SPS: 1776
Epoch: 154, global_step=3525120
SPS: 1780
Epoch: 155, global_step=3548160
SPS: 1783
Epoch: 156, global_step=3571200
SPS: 1786
Epoch: 157, global_step=3594240
SPS: 1790
Epoch: 158, global_step=3617280
SPS: 1793
Epoch: 159, global_step=3640320
SPS: 1796
Epoch: 160, global_step=3663360
SPS: 1799
Epoch: 161, global_step=3686400
SPS: 1803
Epoch: 162, global_step=3709440
SPS: 1806
Epoch: 163, global_step=3732480
SPS: 1809
Epoch: 164, global_step=3755520
SPS: 1812
Epoch: 165, global_step=3778560
SPS: 1815
Epoch: 166, global_step=3801600
SPS: 1818
Epoch: 167, global_step=3824640
SPS: 1821
Epoch: 168, global_step=3847680
SPS: 1824
Epoch: 169, global_step=3870720
SPS: 1827
Epoch: 170, global_step=3893760
SPS: 1830
Epoch: 171, global_step=3916800
SPS: 1833
Epoch: 172, global_step=3939840
SPS: 1836
Epoch: 173, global_step=3962880
SPS: 1839
Epoch: 174, global_step=3985920
SPS: 1841
Epoch: 175, global_step=4008960
SPS: 1844
Epoch: 176, global_step=4032000
Evaluating
Evaluated 17280 steps resulting in 192 episodes
[32mEvaluation Metric: success_once[0m | [36mMean: 0.3750[0m
[32mEvaluation Metric: return[0m | [36mMean: 9.4999[0m
[32mEvaluation Metric: episode_len[0m | [36mMean: 90.0000[0m
[32mEvaluation Metric: reward[0m | [36mMean: 0.1056[0m
[32mEvaluation Metric: success_at_end[0m | [36mMean: 0.2083[0m
model saved to checkpoints/ppo_memtasks/rgb_joints/normalized_dense/InterceptSlow-v0/ppo-nonbelief-newhyper-lr1e-4-33__33__rgb_joints__20260127_120856/20260127_120856/ckpt_7_176.pt
SPS: 1780
Epoch: 177, global_step=4055040
SPS: 1783
Epoch: 178, global_step=4078080
SPS: 1786
Epoch: 179, global_step=4101120
SPS: 1789
Epoch: 180, global_step=4124160
SPS: 1791
Epoch: 181, global_step=4147200
SPS: 1794
Epoch: 182, global_step=4170240
SPS: 1797
Epoch: 183, global_step=4193280
SPS: 1800
Epoch: 184, global_step=4216320
SPS: 1803
Epoch: 185, global_step=4239360
SPS: 1805
Epoch: 186, global_step=4262400
SPS: 1808
Epoch: 187, global_step=4285440
SPS: 1811
Epoch: 188, global_step=4308480
SPS: 1814
Epoch: 189, global_step=4331520
SPS: 1816
Epoch: 190, global_step=4354560
SPS: 1819
Epoch: 191, global_step=4377600
SPS: 1822
Epoch: 192, global_step=4400640
SPS: 1824
Epoch: 193, global_step=4423680
SPS: 1827
Epoch: 194, global_step=4446720
SPS: 1830
Epoch: 195, global_step=4469760
SPS: 1832
Epoch: 196, global_step=4492800
SPS: 1835
Epoch: 197, global_step=4515840
SPS: 1837
Epoch: 198, global_step=4538880
SPS: 1840
Epoch: 199, global_step=4561920
SPS: 1842
Epoch: 200, global_step=4584960
SPS: 1845
Epoch: 201, global_step=4608000
Evaluating
Evaluated 17280 steps resulting in 192 episodes
[32mEvaluation Metric: success_once[0m | [36mMean: 0.3854[0m
[32mEvaluation Metric: return[0m | [36mMean: 9.1334[0m
[32mEvaluation Metric: episode_len[0m | [36mMean: 90.0000[0m
[32mEvaluation Metric: reward[0m | [36mMean: 0.1015[0m
[32mEvaluation Metric: success_at_end[0m | [36mMean: 0.1719[0m
model saved to checkpoints/ppo_memtasks/rgb_joints/normalized_dense/InterceptSlow-v0/ppo-nonbelief-newhyper-lr1e-4-33__33__rgb_joints__20260127_120856/20260127_120856/ckpt_8_201.pt
SPS: 1787
Epoch: 202, global_step=4631040
SPS: 1789
Epoch: 203, global_step=4654080
SPS: 1792
Epoch: 204, global_step=4677120
SPS: 1794
Epoch: 205, global_step=4700160
SPS: 1797
Epoch: 206, global_step=4723200
SPS: 1799
Epoch: 207, global_step=4746240
SPS: 1802
Epoch: 208, global_step=4769280
SPS: 1804
Epoch: 209, global_step=4792320
SPS: 1807
Epoch: 210, global_step=4815360
SPS: 1809
Epoch: 211, global_step=4838400
SPS: 1812
Epoch: 212, global_step=4861440
SPS: 1814
Epoch: 213, global_step=4884480
SPS: 1816
Epoch: 214, global_step=4907520
SPS: 1819
Epoch: 215, global_step=4930560
SPS: 1821
Epoch: 216, global_step=4953600
SPS: 1823
Epoch: 217, global_step=4976640
SPS: 1826
Epoch: 218, global_step=4999680
SPS: 1828
Epoch: 219, global_step=5022720
SPS: 1830
Epoch: 220, global_step=5045760
SPS: 1832
Epoch: 221, global_step=5068800
SPS: 1835
Epoch: 222, global_step=5091840
SPS: 1837
Epoch: 223, global_step=5114880
SPS: 1839
Epoch: 224, global_step=5137920
SPS: 1841
Epoch: 225, global_step=5160960
SPS: 1843
Epoch: 226, global_step=5184000
Evaluating
Evaluated 17280 steps resulting in 192 episodes
[32mEvaluation Metric: success_once[0m | [36mMean: 0.4740[0m
[32mEvaluation Metric: return[0m | [36mMean: 12.0869[0m
[32mEvaluation Metric: episode_len[0m | [36mMean: 90.0000[0m
[32mEvaluation Metric: reward[0m | [36mMean: 0.1343[0m
[32mEvaluation Metric: success_at_end[0m | [36mMean: 0.2604[0m
model saved to checkpoints/ppo_memtasks/rgb_joints/normalized_dense/InterceptSlow-v0/ppo-nonbelief-newhyper-lr1e-4-33__33__rgb_joints__20260127_120856/20260127_120856/ckpt_9_226.pt
SPS: 1792
Epoch: 227, global_step=5207040
SPS: 1795
Epoch: 228, global_step=5230080
SPS: 1797
Epoch: 229, global_step=5253120
SPS: 1800
Epoch: 230, global_step=5276160
SPS: 1802
Epoch: 231, global_step=5299200
SPS: 1804
Epoch: 232, global_step=5322240
SPS: 1807
Epoch: 233, global_step=5345280
SPS: 1809
Epoch: 234, global_step=5368320
SPS: 1811
Epoch: 235, global_step=5391360
SPS: 1813
Epoch: 236, global_step=5414400
SPS: 1815
Epoch: 237, global_step=5437440
SPS: 1817
Epoch: 238, global_step=5460480
SPS: 1819
Epoch: 239, global_step=5483520
SPS: 1821
Epoch: 240, global_step=5506560
SPS: 1823
Epoch: 241, global_step=5529600
SPS: 1825
Epoch: 242, global_step=5552640
SPS: 1827
Epoch: 243, global_step=5575680
SPS: 1830
Epoch: 244, global_step=5598720
SPS: 1832
Epoch: 245, global_step=5621760
SPS: 1834
Epoch: 246, global_step=5644800
SPS: 1836
Epoch: 247, global_step=5667840
SPS: 1838
Epoch: 248, global_step=5690880
SPS: 1840
Epoch: 249, global_step=5713920
SPS: 1842
Epoch: 250, global_step=5736960
SPS: 1844
Epoch: 251, global_step=5760000
Evaluating
Evaluated 17280 steps resulting in 192 episodes
[32mEvaluation Metric: success_once[0m | [36mMean: 0.4844[0m
[32mEvaluation Metric: return[0m | [36mMean: 10.9461[0m
[32mEvaluation Metric: episode_len[0m | [36mMean: 90.0000[0m
[32mEvaluation Metric: reward[0m | [36mMean: 0.1216[0m
[32mEvaluation Metric: success_at_end[0m | [36mMean: 0.2240[0m
model saved to checkpoints/ppo_memtasks/rgb_joints/normalized_dense/InterceptSlow-v0/ppo-nonbelief-newhyper-lr1e-4-33__33__rgb_joints__20260127_120856/20260127_120856/ckpt_10_251.pt
SPS: 1798
Epoch: 252, global_step=5783040
SPS: 1800
Epoch: 253, global_step=5806080
SPS: 1802
Epoch: 254, global_step=5829120
SPS: 1804
Epoch: 255, global_step=5852160
SPS: 1806
Epoch: 256, global_step=5875200
SPS: 1808
Epoch: 257, global_step=5898240
SPS: 1810
Epoch: 258, global_step=5921280
SPS: 1812
Epoch: 259, global_step=5944320
SPS: 1814
Epoch: 260, global_step=5967360
SPS: 1816
Epoch: 261, global_step=5990400
SPS: 1818
Epoch: 262, global_step=6013440
SPS: 1820
Epoch: 263, global_step=6036480
SPS: 1822
Epoch: 264, global_step=6059520
SPS: 1824
Epoch: 265, global_step=6082560
SPS: 1826
Epoch: 266, global_step=6105600
SPS: 1828
Epoch: 267, global_step=6128640
SPS: 1830
Epoch: 268, global_step=6151680
SPS: 1831
Epoch: 269, global_step=6174720
SPS: 1833
Epoch: 270, global_step=6197760
SPS: 1835
Epoch: 271, global_step=6220800
SPS: 1837
Epoch: 272, global_step=6243840
SPS: 1839
Epoch: 273, global_step=6266880
SPS: 1841
Epoch: 274, global_step=6289920
SPS: 1843
Epoch: 275, global_step=6312960
SPS: 1844
Epoch: 276, global_step=6336000
Evaluating
Evaluated 17280 steps resulting in 192 episodes
[32mEvaluation Metric: success_once[0m | [36mMean: 0.4688[0m
[32mEvaluation Metric: return[0m | [36mMean: 12.2294[0m
[32mEvaluation Metric: episode_len[0m | [36mMean: 90.0000[0m
[32mEvaluation Metric: reward[0m | [36mMean: 0.1359[0m
[32mEvaluation Metric: success_at_end[0m | [36mMean: 0.1667[0m
model saved to checkpoints/ppo_memtasks/rgb_joints/normalized_dense/InterceptSlow-v0/ppo-nonbelief-newhyper-lr1e-4-33__33__rgb_joints__20260127_120856/20260127_120856/ckpt_11_276.pt
SPS: 1802
Epoch: 277, global_step=6359040
SPS: 1804
Epoch: 278, global_step=6382080
SPS: 1806
Epoch: 279, global_step=6405120
SPS: 1808
Epoch: 280, global_step=6428160
SPS: 1809
Epoch: 281, global_step=6451200
SPS: 1811
Epoch: 282, global_step=6474240
SPS: 1813
Epoch: 283, global_step=6497280
SPS: 1815
Epoch: 284, global_step=6520320
SPS: 1817
Epoch: 285, global_step=6543360
SPS: 1818
Epoch: 286, global_step=6566400
SPS: 1820
Epoch: 287, global_step=6589440
SPS: 1822
Epoch: 288, global_step=6612480
SPS: 1824
Epoch: 289, global_step=6635520
SPS: 1825
Epoch: 290, global_step=6658560
SPS: 1827
Epoch: 291, global_step=6681600
SPS: 1829
Epoch: 292, global_step=6704640
SPS: 1830
Epoch: 293, global_step=6727680
SPS: 1832
Epoch: 294, global_step=6750720
SPS: 1834
Epoch: 295, global_step=6773760
SPS: 1835
Epoch: 296, global_step=6796800
SPS: 1837
Epoch: 297, global_step=6819840
SPS: 1839
Epoch: 298, global_step=6842880
SPS: 1840
Epoch: 299, global_step=6865920
SPS: 1842
Epoch: 300, global_step=6888960
SPS: 1844
Epoch: 301, global_step=6912000
Evaluating
Evaluated 17280 steps resulting in 192 episodes
[32mEvaluation Metric: success_once[0m | [36mMean: 0.4479[0m
[32mEvaluation Metric: return[0m | [36mMean: 10.8288[0m
[32mEvaluation Metric: episode_len[0m | [36mMean: 90.0000[0m
[32mEvaluation Metric: reward[0m | [36mMean: 0.1203[0m
[32mEvaluation Metric: success_at_end[0m | [36mMean: 0.1510[0m
model saved to checkpoints/ppo_memtasks/rgb_joints/normalized_dense/InterceptSlow-v0/ppo-nonbelief-newhyper-lr1e-4-33__33__rgb_joints__20260127_120856/20260127_120856/ckpt_12_301.pt
SPS: 1805
Epoch: 302, global_step=6935040
SPS: 1807
Epoch: 303, global_step=6958080
SPS: 1808
Epoch: 304, global_step=6981120
SPS: 1810
Epoch: 305, global_step=7004160
SPS: 1812
Epoch: 306, global_step=7027200
SPS: 1814
Epoch: 307, global_step=7050240
SPS: 1816
Epoch: 308, global_step=7073280
SPS: 1817
Epoch: 309, global_step=7096320
SPS: 1819
Epoch: 310, global_step=7119360
SPS: 1821
Epoch: 311, global_step=7142400
SPS: 1823
Epoch: 312, global_step=7165440
SPS: 1824
Epoch: 313, global_step=7188480
SPS: 1826
Epoch: 314, global_step=7211520
SPS: 1828
Epoch: 315, global_step=7234560
SPS: 1830
Epoch: 316, global_step=7257600
SPS: 1831
Epoch: 317, global_step=7280640
SPS: 1833
Epoch: 318, global_step=7303680
SPS: 1835
Epoch: 319, global_step=7326720
SPS: 1836
Epoch: 320, global_step=7349760
SPS: 1838
Epoch: 321, global_step=7372800
SPS: 1840
Epoch: 322, global_step=7395840
SPS: 1841
Epoch: 323, global_step=7418880
SPS: 1843
Epoch: 324, global_step=7441920
SPS: 1845
Epoch: 325, global_step=7464960
SPS: 1847
Epoch: 326, global_step=7488000
Evaluating
Evaluated 17280 steps resulting in 192 episodes
[32mEvaluation Metric: success_once[0m | [36mMean: 0.4427[0m
[32mEvaluation Metric: return[0m | [36mMean: 10.3777[0m
[32mEvaluation Metric: episode_len[0m | [36mMean: 90.0000[0m
[32mEvaluation Metric: reward[0m | [36mMean: 0.1153[0m
[32mEvaluation Metric: success_at_end[0m | [36mMean: 0.1823[0m
model saved to checkpoints/ppo_memtasks/rgb_joints/normalized_dense/InterceptSlow-v0/ppo-nonbelief-newhyper-lr1e-4-33__33__rgb_joints__20260127_120856/20260127_120856/ckpt_13_326.pt
SPS: 1811
Epoch: 327, global_step=7511040
SPS: 1813
Epoch: 328, global_step=7534080
SPS: 1815
Epoch: 329, global_step=7557120
SPS: 1816
Epoch: 330, global_step=7580160
SPS: 1818
Epoch: 331, global_step=7603200
SPS: 1819
Epoch: 332, global_step=7626240
SPS: 1821
Epoch: 333, global_step=7649280
SPS: 1823
Epoch: 334, global_step=7672320
SPS: 1824
Epoch: 335, global_step=7695360
SPS: 1826
Epoch: 336, global_step=7718400
SPS: 1827
Epoch: 337, global_step=7741440
SPS: 1829
Epoch: 338, global_step=7764480
SPS: 1830
Epoch: 339, global_step=7787520
SPS: 1832
Epoch: 340, global_step=7810560
SPS: 1834
Epoch: 341, global_step=7833600
SPS: 1835
Epoch: 342, global_step=7856640
SPS: 1837
Epoch: 343, global_step=7879680
SPS: 1838
Epoch: 344, global_step=7902720
SPS: 1840
Epoch: 345, global_step=7925760
SPS: 1841
Epoch: 346, global_step=7948800
SPS: 1843
Epoch: 347, global_step=7971840
SPS: 1844
Epoch: 348, global_step=7994880
SPS: 1846
Epoch: 349, global_step=8017920
SPS: 1847
Epoch: 350, global_step=8040960
SPS: 1849
Epoch: 351, global_step=8064000
Evaluating
Evaluated 17280 steps resulting in 192 episodes
[32mEvaluation Metric: success_once[0m | [36mMean: 0.5156[0m
[32mEvaluation Metric: return[0m | [36mMean: 12.4355[0m
[32mEvaluation Metric: episode_len[0m | [36mMean: 90.0000[0m
[32mEvaluation Metric: reward[0m | [36mMean: 0.1382[0m
[32mEvaluation Metric: success_at_end[0m | [36mMean: 0.1979[0m
model saved to checkpoints/ppo_memtasks/rgb_joints/normalized_dense/InterceptSlow-v0/ppo-nonbelief-newhyper-lr1e-4-33__33__rgb_joints__20260127_120856/20260127_120856/ckpt_14_351.pt
SPS: 1814
Epoch: 352, global_step=8087040
SPS: 1816
Epoch: 353, global_step=8110080
SPS: 1817
Epoch: 354, global_step=8133120
SPS: 1818
Epoch: 355, global_step=8156160
SPS: 1820
Epoch: 356, global_step=8179200
SPS: 1821
Epoch: 357, global_step=8202240
SPS: 1823
Epoch: 358, global_step=8225280
SPS: 1824
Epoch: 359, global_step=8248320
SPS: 1825
Epoch: 360, global_step=8271360
SPS: 1827
Epoch: 361, global_step=8294400
SPS: 1828
Epoch: 362, global_step=8317440
SPS: 1830
Epoch: 363, global_step=8340480
SPS: 1831
Epoch: 364, global_step=8363520
SPS: 1832
Epoch: 365, global_step=8386560
SPS: 1834
Epoch: 366, global_step=8409600
SPS: 1835
Epoch: 367, global_step=8432640
SPS: 1836
Epoch: 368, global_step=8455680
SPS: 1838
Epoch: 369, global_step=8478720
SPS: 1839
Epoch: 370, global_step=8501760
SPS: 1840
Epoch: 371, global_step=8524800
SPS: 1842
Epoch: 372, global_step=8547840
SPS: 1843
Epoch: 373, global_step=8570880
SPS: 1844
Epoch: 374, global_step=8593920
SPS: 1846
Epoch: 375, global_step=8616960
SPS: 1847
Epoch: 376, global_step=8640000
Evaluating
Evaluated 17280 steps resulting in 192 episodes
[32mEvaluation Metric: success_once[0m | [36mMean: 0.5885[0m
[32mEvaluation Metric: return[0m | [36mMean: 12.8565[0m
[32mEvaluation Metric: episode_len[0m | [36mMean: 90.0000[0m
[32mEvaluation Metric: reward[0m | [36mMean: 0.1428[0m
[32mEvaluation Metric: success_at_end[0m | [36mMean: 0.2240[0m
model saved to checkpoints/ppo_memtasks/rgb_joints/normalized_dense/InterceptSlow-v0/ppo-nonbelief-newhyper-lr1e-4-33__33__rgb_joints__20260127_120856/20260127_120856/ckpt_15_376.pt
SPS: 1816
Epoch: 377, global_step=8663040
SPS: 1818
Epoch: 378, global_step=8686080
SPS: 1819
Epoch: 379, global_step=8709120
SPS: 1820
Epoch: 380, global_step=8732160
SPS: 1822
Epoch: 381, global_step=8755200
SPS: 1823
Epoch: 382, global_step=8778240
SPS: 1824
Epoch: 383, global_step=8801280
SPS: 1826
Epoch: 384, global_step=8824320
SPS: 1827
Epoch: 385, global_step=8847360
SPS: 1828
Epoch: 386, global_step=8870400
SPS: 1830
Epoch: 387, global_step=8893440
SPS: 1831
Epoch: 388, global_step=8916480
SPS: 1832
Epoch: 389, global_step=8939520
SPS: 1833
Epoch: 390, global_step=8962560
SPS: 1835
Epoch: 391, global_step=8985600
SPS: 1836
Epoch: 392, global_step=9008640
SPS: 1837
Epoch: 393, global_step=9031680
SPS: 1838
Epoch: 394, global_step=9054720
SPS: 1839
Epoch: 395, global_step=9077760
SPS: 1841
Epoch: 396, global_step=9100800
SPS: 1842
Epoch: 397, global_step=9123840
SPS: 1843
Epoch: 398, global_step=9146880
SPS: 1844
Epoch: 399, global_step=9169920
SPS: 1846
Epoch: 400, global_step=9192960
SPS: 1847
Epoch: 401, global_step=9216000
Evaluating
Evaluated 17280 steps resulting in 192 episodes
[32mEvaluation Metric: success_once[0m | [36mMean: 0.6771[0m
[32mEvaluation Metric: return[0m | [36mMean: 14.1395[0m
[32mEvaluation Metric: episode_len[0m | [36mMean: 90.0000[0m
[32mEvaluation Metric: reward[0m | [36mMean: 0.1571[0m
[32mEvaluation Metric: success_at_end[0m | [36mMean: 0.2188[0m
model saved to checkpoints/ppo_memtasks/rgb_joints/normalized_dense/InterceptSlow-v0/ppo-nonbelief-newhyper-lr1e-4-33__33__rgb_joints__20260127_120856/20260127_120856/ckpt_16_401.pt
SPS: 1817
Epoch: 402, global_step=9239040
SPS: 1819
Epoch: 403, global_step=9262080
SPS: 1820
Epoch: 404, global_step=9285120
SPS: 1821
Epoch: 405, global_step=9308160
SPS: 1823
Epoch: 406, global_step=9331200
SPS: 1824
Epoch: 407, global_step=9354240
SPS: 1825
Epoch: 408, global_step=9377280
SPS: 1826
Epoch: 409, global_step=9400320
SPS: 1828
Epoch: 410, global_step=9423360
SPS: 1829
Epoch: 411, global_step=9446400
SPS: 1830
Epoch: 412, global_step=9469440
SPS: 1831
Epoch: 413, global_step=9492480
SPS: 1833
Epoch: 414, global_step=9515520
SPS: 1834
Epoch: 415, global_step=9538560
SPS: 1835
Epoch: 416, global_step=9561600
SPS: 1836
Epoch: 417, global_step=9584640
SPS: 1837
Epoch: 418, global_step=9607680
SPS: 1839
Epoch: 419, global_step=9630720
SPS: 1840
Epoch: 420, global_step=9653760
SPS: 1841
Epoch: 421, global_step=9676800
SPS: 1842
Epoch: 422, global_step=9699840
SPS: 1843
Epoch: 423, global_step=9722880
SPS: 1845
Epoch: 424, global_step=9745920
SPS: 1846
Epoch: 425, global_step=9768960
SPS: 1847
Epoch: 426, global_step=9792000
Evaluating
Evaluated 17280 steps resulting in 192 episodes
[32mEvaluation Metric: success_once[0m | [36mMean: 0.7188[0m
[32mEvaluation Metric: return[0m | [36mMean: 15.0969[0m
[32mEvaluation Metric: episode_len[0m | [36mMean: 90.0000[0m
[32mEvaluation Metric: reward[0m | [36mMean: 0.1677[0m
[32mEvaluation Metric: success_at_end[0m | [36mMean: 0.2188[0m
model saved to checkpoints/ppo_memtasks/rgb_joints/normalized_dense/InterceptSlow-v0/ppo-nonbelief-newhyper-lr1e-4-33__33__rgb_joints__20260127_120856/20260127_120856/ckpt_17_426.pt
SPS: 1819
Epoch: 427, global_step=9815040
SPS: 1820
Epoch: 428, global_step=9838080
SPS: 1821
Epoch: 429, global_step=9861120
SPS: 1823
Epoch: 430, global_step=9884160
SPS: 1824
Epoch: 431, global_step=9907200
SPS: 1825
Epoch: 432, global_step=9930240
SPS: 1826
Epoch: 433, global_step=9953280
SPS: 1827
Epoch: 434, global_step=9976320
SPS: 1829
model saved to checkpoints/ppo_memtasks/rgb_joints/normalized_dense/InterceptSlow-v0/ppo-nonbelief-newhyper-lr1e-4-33__33__rgb_joints__20260127_120856/20260127_120856/final_ckpt.pt
Running RememberShapeAndColor3x2-v0 with belief, seed 42

===========================================================================
║                        Environment Configuration                        ║
===========================================================================
║ Environment ID: InterceptSlow-v0                                        ║
║ Oracle Info:    None                                                    ║
║ Wrappers:                                                               ║
║    ├─ InitialZeroActionWrapper                                         ║
║    │  └─ {'n_initial_steps': 0}                                           ║
║    ├─ RenderStepInfoWrapper                                            ║
║    ├─ RenderRewardInfoWrapper                                          ║
║    ├─ DebugRewardWrapper                                               ║
║-------------------------------------------------------------------------║
║ include_state:       False │ state will not be used                ║
║ include_rgb:         True  │ rgb images will be used               ║
║ include_oracle:      False │ oracle info will not be used          ║
║ include_joints:      True  │ joints will be used                   ║
===========================================================================

MODE='rgb_joints'
prompt_info=None
Saving eval videos to checkpoints/ppo_memtasks/rgb_joints/normalized_dense/InterceptSlow-v0/ppo-nonbelief-newhyper-lr1e-4-42__42__rgb_joints__20260127_134201/20260127_134201/videos
======================================================================
Max Episode Steps: 90
======================================================================

Running training

####
args.num_iterations=434 args.num_envs=256 args.num_eval_envs=16
args.minibatch_size=720 args.batch_size=23040 args.update_epochs=2
####

sample_obs.keys()=dict_keys(['joints', 'rgb'])
joints: torch.Size([256, 25])
rgb: torch.Size([256, 128, 128, 3])


Epoch: 1, global_step=0
Evaluating
Evaluated 17280 steps resulting in 192 episodes
[32mEvaluation Metric: success_once[0m | [36mMean: 0.0938[0m
[32mEvaluation Metric: return[0m | [36mMean: 2.0883[0m
[32mEvaluation Metric: episode_len[0m | [36mMean: 90.0000[0m
[32mEvaluation Metric: reward[0m | [36mMean: 0.0232[0m
[32mEvaluation Metric: success_at_end[0m | [36mMean: 0.0260[0m
model saved to checkpoints/ppo_memtasks/rgb_joints/normalized_dense/InterceptSlow-v0/ppo-nonbelief-newhyper-lr1e-4-42__42__rgb_joints__20260127_134201/20260127_134201/ckpt_0_1.pt
SPS: 224
Epoch: 2, global_step=23040
SPS: 415
Epoch: 3, global_step=46080
SPS: 581
Epoch: 4, global_step=69120
SPS: 725
Epoch: 5, global_step=92160
SPS: 850
Epoch: 6, global_step=115200
SPS: 958
Epoch: 7, global_step=138240
SPS: 1054
Epoch: 8, global_step=161280
SPS: 1137
Epoch: 9, global_step=184320
SPS: 1211
Epoch: 10, global_step=207360
SPS: 1279
Epoch: 11, global_step=230400
SPS: 1340
Epoch: 12, global_step=253440
SPS: 1395
Epoch: 13, global_step=276480
SPS: 1445
Epoch: 14, global_step=299520
SPS: 1491
Epoch: 15, global_step=322560
SPS: 1531
Epoch: 16, global_step=345600
SPS: 1570
Epoch: 17, global_step=368640
SPS: 1606
Epoch: 18, global_step=391680
SPS: 1639
Epoch: 19, global_step=414720
SPS: 1668
Epoch: 20, global_step=437760
SPS: 1696
Epoch: 21, global_step=460800
SPS: 1722
Epoch: 22, global_step=483840
SPS: 1747
Epoch: 23, global_step=506880
SPS: 1769
Epoch: 24, global_step=529920
SPS: 1790
Epoch: 25, global_step=552960
SPS: 1811
Epoch: 26, global_step=576000
Evaluating
Evaluated 17280 steps resulting in 192 episodes
[32mEvaluation Metric: success_once[0m | [36mMean: 0.2396[0m
[32mEvaluation Metric: return[0m | [36mMean: 6.2397[0m
[32mEvaluation Metric: episode_len[0m | [36mMean: 90.0000[0m
[32mEvaluation Metric: reward[0m | [36mMean: 0.0693[0m
[32mEvaluation Metric: success_at_end[0m | [36mMean: 0.1250[0m
model saved to checkpoints/ppo_memtasks/rgb_joints/normalized_dense/InterceptSlow-v0/ppo-nonbelief-newhyper-lr1e-4-42__42__rgb_joints__20260127_134201/20260127_134201/ckpt_1_26.pt
SPS: 1463
Epoch: 27, global_step=599040
SPS: 1486
Epoch: 28, global_step=622080
SPS: 1509
Epoch: 29, global_step=645120
SPS: 1530
Epoch: 30, global_step=668160
SPS: 1550
Epoch: 31, global_step=691200
SPS: 1570
Epoch: 32, global_step=714240
SPS: 1589
Epoch: 33, global_step=737280
SPS: 1607
Epoch: 34, global_step=760320
SPS: 1625
Epoch: 35, global_step=783360
SPS: 1641
Epoch: 36, global_step=806400
SPS: 1658
Epoch: 37, global_step=829440
SPS: 1673
Epoch: 38, global_step=852480
SPS: 1688
Epoch: 39, global_step=875520
SPS: 1703
Epoch: 40, global_step=898560
SPS: 1717
Epoch: 41, global_step=921600
SPS: 1730
Epoch: 42, global_step=944640
SPS: 1743
Epoch: 43, global_step=967680
SPS: 1756
Epoch: 44, global_step=990720
SPS: 1768
Epoch: 45, global_step=1013760
SPS: 1779
Epoch: 46, global_step=1036800
SPS: 1790
Epoch: 47, global_step=1059840
SPS: 1801
Epoch: 48, global_step=1082880
SPS: 1812
Epoch: 49, global_step=1105920
SPS: 1822
Epoch: 50, global_step=1128960
SPS: 1832
Epoch: 51, global_step=1152000
Evaluating
Evaluated 17280 steps resulting in 192 episodes
[32mEvaluation Metric: success_once[0m | [36mMean: 0.2969[0m
[32mEvaluation Metric: return[0m | [36mMean: 7.2767[0m
[32mEvaluation Metric: episode_len[0m | [36mMean: 90.0000[0m
[32mEvaluation Metric: reward[0m | [36mMean: 0.0809[0m
[32mEvaluation Metric: success_at_end[0m | [36mMean: 0.1823[0m
model saved to checkpoints/ppo_memtasks/rgb_joints/normalized_dense/InterceptSlow-v0/ppo-nonbelief-newhyper-lr1e-4-42__42__rgb_joints__20260127_134201/20260127_134201/ckpt_2_51.pt
SPS: 1634
Epoch: 52, global_step=1175040
SPS: 1644
Epoch: 53, global_step=1198080
SPS: 1655
Epoch: 54, global_step=1221120
SPS: 1665
Epoch: 55, global_step=1244160
SPS: 1675
Epoch: 56, global_step=1267200
SPS: 1685
Epoch: 57, global_step=1290240
SPS: 1694
Epoch: 58, global_step=1313280
SPS: 1704
Epoch: 59, global_step=1336320
SPS: 1713
Epoch: 60, global_step=1359360
SPS: 1722
Epoch: 61, global_step=1382400
SPS: 1731
Epoch: 62, global_step=1405440
SPS: 1740
Epoch: 63, global_step=1428480
SPS: 1748
Epoch: 64, global_step=1451520
SPS: 1757
Epoch: 65, global_step=1474560
SPS: 1765
Epoch: 66, global_step=1497600
SPS: 1773
Epoch: 67, global_step=1520640
SPS: 1781
Epoch: 68, global_step=1543680
SPS: 1789
Epoch: 69, global_step=1566720
SPS: 1797
Epoch: 70, global_step=1589760
SPS: 1804
Epoch: 71, global_step=1612800
SPS: 1811
Epoch: 72, global_step=1635840
SPS: 1818
Epoch: 73, global_step=1658880
SPS: 1825
Epoch: 74, global_step=1681920
SPS: 1832
Epoch: 75, global_step=1704960
SPS: 1839
Epoch: 76, global_step=1728000
Evaluating
Evaluated 17280 steps resulting in 192 episodes
[32mEvaluation Metric: success_once[0m | [36mMean: 0.1927[0m
[32mEvaluation Metric: return[0m | [36mMean: 5.8679[0m
[32mEvaluation Metric: episode_len[0m | [36mMean: 90.0000[0m
[32mEvaluation Metric: reward[0m | [36mMean: 0.0652[0m
[32mEvaluation Metric: success_at_end[0m | [36mMean: 0.0521[0m
model saved to checkpoints/ppo_memtasks/rgb_joints/normalized_dense/InterceptSlow-v0/ppo-nonbelief-newhyper-lr1e-4-42__42__rgb_joints__20260127_134201/20260127_134201/ckpt_3_76.pt
SPS: 1694
Epoch: 77, global_step=1751040
SPS: 1701
Epoch: 78, global_step=1774080
SPS: 1708
Epoch: 79, global_step=1797120
SPS: 1715
Epoch: 80, global_step=1820160
SPS: 1722
Epoch: 81, global_step=1843200
SPS: 1729
Epoch: 82, global_step=1866240
SPS: 1736
Epoch: 83, global_step=1889280
SPS: 1742
Epoch: 84, global_step=1912320
SPS: 1749
Epoch: 85, global_step=1935360
SPS: 1755
Epoch: 86, global_step=1958400
SPS: 1761
Epoch: 87, global_step=1981440
SPS: 1767
Epoch: 88, global_step=2004480
SPS: 1773
Epoch: 89, global_step=2027520
SPS: 1779
Epoch: 90, global_step=2050560
SPS: 1784
Epoch: 91, global_step=2073600
SPS: 1790
Epoch: 92, global_step=2096640
SPS: 1796
Epoch: 93, global_step=2119680
SPS: 1801
Epoch: 94, global_step=2142720
SPS: 1807
Epoch: 95, global_step=2165760
SPS: 1812
Epoch: 96, global_step=2188800
SPS: 1817
Epoch: 97, global_step=2211840
SPS: 1822
Epoch: 98, global_step=2234880
SPS: 1827
Epoch: 99, global_step=2257920
SPS: 1832
Epoch: 100, global_step=2280960
SPS: 1836
Epoch: 101, global_step=2304000
Evaluating
Evaluated 17280 steps resulting in 192 episodes
[32mEvaluation Metric: success_once[0m | [36mMean: 0.2708[0m
[32mEvaluation Metric: return[0m | [36mMean: 7.9571[0m
[32mEvaluation Metric: episode_len[0m | [36mMean: 90.0000[0m
[32mEvaluation Metric: reward[0m | [36mMean: 0.0884[0m
[32mEvaluation Metric: success_at_end[0m | [36mMean: 0.1198[0m
model saved to checkpoints/ppo_memtasks/rgb_joints/normalized_dense/InterceptSlow-v0/ppo-nonbelief-newhyper-lr1e-4-42__42__rgb_joints__20260127_134201/20260127_134201/ckpt_4_101.pt
SPS: 1727
Epoch: 102, global_step=2327040
SPS: 1732
Epoch: 103, global_step=2350080
SPS: 1737
Epoch: 104, global_step=2373120
SPS: 1742
Epoch: 105, global_step=2396160
SPS: 1747
Epoch: 106, global_step=2419200
SPS: 1752
Epoch: 107, global_step=2442240
SPS: 1757
Epoch: 108, global_step=2465280
SPS: 1762
Epoch: 109, global_step=2488320
SPS: 1767
Epoch: 110, global_step=2511360
SPS: 1771
Epoch: 111, global_step=2534400
SPS: 1776
Epoch: 112, global_step=2557440
SPS: 1781
Epoch: 113, global_step=2580480
SPS: 1785
Epoch: 114, global_step=2603520
SPS: 1790
Epoch: 115, global_step=2626560
SPS: 1794
Epoch: 116, global_step=2649600
SPS: 1798
Epoch: 117, global_step=2672640
SPS: 1803
Epoch: 118, global_step=2695680
SPS: 1807
Epoch: 119, global_step=2718720
SPS: 1811
Epoch: 120, global_step=2741760
SPS: 1815
Epoch: 121, global_step=2764800
SPS: 1820
Epoch: 122, global_step=2787840
SPS: 1824
Epoch: 123, global_step=2810880
SPS: 1828
Epoch: 124, global_step=2833920
SPS: 1832
Epoch: 125, global_step=2856960
SPS: 1836
Epoch: 126, global_step=2880000
Evaluating
Evaluated 17280 steps resulting in 192 episodes
[32mEvaluation Metric: success_once[0m | [36mMean: 0.3854[0m
[32mEvaluation Metric: return[0m | [36mMean: 9.1917[0m
[32mEvaluation Metric: episode_len[0m | [36mMean: 90.0000[0m
[32mEvaluation Metric: reward[0m | [36mMean: 0.1021[0m
[32mEvaluation Metric: success_at_end[0m | [36mMean: 0.2604[0m
model saved to checkpoints/ppo_memtasks/rgb_joints/normalized_dense/InterceptSlow-v0/ppo-nonbelief-newhyper-lr1e-4-42__42__rgb_joints__20260127_134201/20260127_134201/ckpt_5_126.pt
SPS: 1751
Epoch: 127, global_step=2903040
SPS: 1755
Epoch: 128, global_step=2926080
SPS: 1759
Epoch: 129, global_step=2949120
SPS: 1763
Epoch: 130, global_step=2972160
SPS: 1767
Epoch: 131, global_step=2995200
SPS: 1771
Epoch: 132, global_step=3018240
SPS: 1775
Epoch: 133, global_step=3041280
SPS: 1778
Epoch: 134, global_step=3064320
SPS: 1782
Epoch: 135, global_step=3087360
SPS: 1786
Epoch: 136, global_step=3110400
SPS: 1790
Epoch: 137, global_step=3133440
SPS: 1794
Epoch: 138, global_step=3156480
SPS: 1798
Epoch: 139, global_step=3179520
SPS: 1801
Epoch: 140, global_step=3202560
SPS: 1805
Epoch: 141, global_step=3225600
SPS: 1809
Epoch: 142, global_step=3248640
SPS: 1812
Epoch: 143, global_step=3271680
SPS: 1816
Epoch: 144, global_step=3294720
SPS: 1819
Epoch: 145, global_step=3317760
SPS: 1823
Epoch: 146, global_step=3340800
SPS: 1826
Epoch: 147, global_step=3363840
SPS: 1829
Epoch: 148, global_step=3386880
SPS: 1833
Epoch: 149, global_step=3409920
SPS: 1836
Epoch: 150, global_step=3432960
SPS: 1839
Epoch: 151, global_step=3456000
Evaluating
Evaluated 17280 steps resulting in 192 episodes
[32mEvaluation Metric: success_once[0m | [36mMean: 0.2396[0m
[32mEvaluation Metric: return[0m | [36mMean: 7.3408[0m
[32mEvaluation Metric: episode_len[0m | [36mMean: 90.0000[0m
[32mEvaluation Metric: reward[0m | [36mMean: 0.0816[0m
[32mEvaluation Metric: success_at_end[0m | [36mMean: 0.1094[0m
model saved to checkpoints/ppo_memtasks/rgb_joints/normalized_dense/InterceptSlow-v0/ppo-nonbelief-newhyper-lr1e-4-42__42__rgb_joints__20260127_134201/20260127_134201/ckpt_6_151.pt
SPS: 1767
Epoch: 152, global_step=3479040
SPS: 1770
Epoch: 153, global_step=3502080
SPS: 1773
Epoch: 154, global_step=3525120
SPS: 1777
Epoch: 155, global_step=3548160
SPS: 1780
Epoch: 156, global_step=3571200
SPS: 1783
Epoch: 157, global_step=3594240
SPS: 1787
Epoch: 158, global_step=3617280
SPS: 1790
Epoch: 159, global_step=3640320
SPS: 1793
Epoch: 160, global_step=3663360
SPS: 1797
Epoch: 161, global_step=3686400
SPS: 1800
Epoch: 162, global_step=3709440
SPS: 1803
Epoch: 163, global_step=3732480
SPS: 1806
Epoch: 164, global_step=3755520
SPS: 1809
Epoch: 165, global_step=3778560
SPS: 1812
Epoch: 166, global_step=3801600
SPS: 1815
Epoch: 167, global_step=3824640
SPS: 1818
Epoch: 168, global_step=3847680
SPS: 1821
Epoch: 169, global_step=3870720
SPS: 1824
Epoch: 170, global_step=3893760
SPS: 1827
Epoch: 171, global_step=3916800
SPS: 1830
Epoch: 172, global_step=3939840
SPS: 1833
Epoch: 173, global_step=3962880
SPS: 1836
Epoch: 174, global_step=3985920
SPS: 1838
Epoch: 175, global_step=4008960
SPS: 1841
Epoch: 176, global_step=4032000
Evaluating
Evaluated 17280 steps resulting in 192 episodes
[32mEvaluation Metric: success_once[0m | [36mMean: 0.3177[0m
[32mEvaluation Metric: return[0m | [36mMean: 8.1741[0m
[32mEvaluation Metric: episode_len[0m | [36mMean: 90.0000[0m
[32mEvaluation Metric: reward[0m | [36mMean: 0.0908[0m
[32mEvaluation Metric: success_at_end[0m | [36mMean: 0.1562[0m
model saved to checkpoints/ppo_memtasks/rgb_joints/normalized_dense/InterceptSlow-v0/ppo-nonbelief-newhyper-lr1e-4-42__42__rgb_joints__20260127_134201/20260127_134201/ckpt_7_176.pt
SPS: 1777
Epoch: 177, global_step=4055040
SPS: 1780
Epoch: 178, global_step=4078080
SPS: 1783
Epoch: 179, global_step=4101120
SPS: 1786
Epoch: 180, global_step=4124160
SPS: 1789
Epoch: 181, global_step=4147200
SPS: 1791
Epoch: 182, global_step=4170240
SPS: 1794
Epoch: 183, global_step=4193280
SPS: 1797
Epoch: 184, global_step=4216320
SPS: 1800
Epoch: 185, global_step=4239360
SPS: 1803
Epoch: 186, global_step=4262400
SPS: 1806
Epoch: 187, global_step=4285440
SPS: 1808
Epoch: 188, global_step=4308480
SPS: 1811
Epoch: 189, global_step=4331520
SPS: 1814
Epoch: 190, global_step=4354560
SPS: 1816
Epoch: 191, global_step=4377600
SPS: 1819
Epoch: 192, global_step=4400640
SPS: 1821
Epoch: 193, global_step=4423680
SPS: 1824
Epoch: 194, global_step=4446720
SPS: 1827
Epoch: 195, global_step=4469760
SPS: 1829
Epoch: 196, global_step=4492800
SPS: 1832
Epoch: 197, global_step=4515840
SPS: 1834
Epoch: 198, global_step=4538880
SPS: 1836
Epoch: 199, global_step=4561920
SPS: 1839
Epoch: 200, global_step=4584960
SPS: 1841
Epoch: 201, global_step=4608000
Evaluating
Evaluated 17280 steps resulting in 192 episodes
[32mEvaluation Metric: success_once[0m | [36mMean: 0.3698[0m
[32mEvaluation Metric: return[0m | [36mMean: 8.9158[0m
[32mEvaluation Metric: episode_len[0m | [36mMean: 90.0000[0m
[32mEvaluation Metric: reward[0m | [36mMean: 0.0991[0m
[32mEvaluation Metric: success_at_end[0m | [36mMean: 0.2812[0m
model saved to checkpoints/ppo_memtasks/rgb_joints/normalized_dense/InterceptSlow-v0/ppo-nonbelief-newhyper-lr1e-4-42__42__rgb_joints__20260127_134201/20260127_134201/ckpt_8_201.pt
SPS: 1784
Epoch: 202, global_step=4631040
SPS: 1786
Epoch: 203, global_step=4654080
SPS: 1789
Epoch: 204, global_step=4677120
SPS: 1791
Epoch: 205, global_step=4700160
SPS: 1793
Epoch: 206, global_step=4723200
SPS: 1796
Epoch: 207, global_step=4746240
SPS: 1798
Epoch: 208, global_step=4769280
SPS: 1800
Epoch: 209, global_step=4792320
SPS: 1803
Epoch: 210, global_step=4815360
SPS: 1805
Epoch: 211, global_step=4838400
SPS: 1807
Epoch: 212, global_step=4861440
SPS: 1810
Epoch: 213, global_step=4884480
SPS: 1812
Epoch: 214, global_step=4907520
SPS: 1814
Epoch: 215, global_step=4930560
SPS: 1817
Epoch: 216, global_step=4953600
SPS: 1819
Epoch: 217, global_step=4976640
SPS: 1821
Epoch: 218, global_step=4999680
SPS: 1823
Epoch: 219, global_step=5022720
SPS: 1826
Epoch: 220, global_step=5045760
SPS: 1828
Epoch: 221, global_step=5068800
SPS: 1830
Epoch: 222, global_step=5091840
SPS: 1833
Epoch: 223, global_step=5114880
SPS: 1835
Epoch: 224, global_step=5137920
SPS: 1837
Epoch: 225, global_step=5160960
SPS: 1839
Epoch: 226, global_step=5184000
Evaluating
Evaluated 17280 steps resulting in 192 episodes
[32mEvaluation Metric: success_once[0m | [36mMean: 0.2917[0m
[32mEvaluation Metric: return[0m | [36mMean: 7.7371[0m
[32mEvaluation Metric: episode_len[0m | [36mMean: 90.0000[0m
[32mEvaluation Metric: reward[0m | [36mMean: 0.0860[0m
[32mEvaluation Metric: success_at_end[0m | [36mMean: 0.2083[0m
model saved to checkpoints/ppo_memtasks/rgb_joints/normalized_dense/InterceptSlow-v0/ppo-nonbelief-newhyper-lr1e-4-42__42__rgb_joints__20260127_134201/20260127_134201/ckpt_9_226.pt
SPS: 1789
Epoch: 227, global_step=5207040
SPS: 1791
Epoch: 228, global_step=5230080
SPS: 1793
Epoch: 229, global_step=5253120
SPS: 1796
Epoch: 230, global_step=5276160
SPS: 1798
Epoch: 231, global_step=5299200
SPS: 1800
Epoch: 232, global_step=5322240
SPS: 1802
Epoch: 233, global_step=5345280
SPS: 1805
Epoch: 234, global_step=5368320
SPS: 1807
Epoch: 235, global_step=5391360
SPS: 1809
Epoch: 236, global_step=5414400
SPS: 1811
Epoch: 237, global_step=5437440
SPS: 1813
Epoch: 238, global_step=5460480
SPS: 1815
Epoch: 239, global_step=5483520
SPS: 1817
Epoch: 240, global_step=5506560
SPS: 1819
Epoch: 241, global_step=5529600
SPS: 1821
Epoch: 242, global_step=5552640
SPS: 1824
Epoch: 243, global_step=5575680
SPS: 1826
Epoch: 244, global_step=5598720
SPS: 1828
Epoch: 245, global_step=5621760
SPS: 1830
Epoch: 246, global_step=5644800
SPS: 1832
Epoch: 247, global_step=5667840
SPS: 1834
Epoch: 248, global_step=5690880
SPS: 1835
Epoch: 249, global_step=5713920
SPS: 1837
Epoch: 250, global_step=5736960
SPS: 1839
Epoch: 251, global_step=5760000
Evaluating
Evaluated 17280 steps resulting in 192 episodes
[32mEvaluation Metric: success_once[0m | [36mMean: 0.2917[0m
[32mEvaluation Metric: return[0m | [36mMean: 7.9775[0m
[32mEvaluation Metric: episode_len[0m | [36mMean: 90.0000[0m
[32mEvaluation Metric: reward[0m | [36mMean: 0.0886[0m
[32mEvaluation Metric: success_at_end[0m | [36mMean: 0.1667[0m
model saved to checkpoints/ppo_memtasks/rgb_joints/normalized_dense/InterceptSlow-v0/ppo-nonbelief-newhyper-lr1e-4-42__42__rgb_joints__20260127_134201/20260127_134201/ckpt_10_251.pt
SPS: 1793
Epoch: 252, global_step=5783040
SPS: 1795
Epoch: 253, global_step=5806080
SPS: 1797
Epoch: 254, global_step=5829120
SPS: 1800
Epoch: 255, global_step=5852160
SPS: 1802
Epoch: 256, global_step=5875200
SPS: 1804
Epoch: 257, global_step=5898240
SPS: 1805
Epoch: 258, global_step=5921280
SPS: 1807
Epoch: 259, global_step=5944320
SPS: 1809
Epoch: 260, global_step=5967360
SPS: 1811
Epoch: 261, global_step=5990400
SPS: 1813
Epoch: 262, global_step=6013440
SPS: 1815
Epoch: 263, global_step=6036480
SPS: 1817
Epoch: 264, global_step=6059520
SPS: 1819
Epoch: 265, global_step=6082560
SPS: 1821
Epoch: 266, global_step=6105600
SPS: 1823
Epoch: 267, global_step=6128640
SPS: 1825
Epoch: 268, global_step=6151680
SPS: 1827
Epoch: 269, global_step=6174720
SPS: 1828
Epoch: 270, global_step=6197760
SPS: 1830
Epoch: 271, global_step=6220800
SPS: 1832
Epoch: 272, global_step=6243840
SPS: 1834
Epoch: 273, global_step=6266880
SPS: 1836
Epoch: 274, global_step=6289920
SPS: 1838
Epoch: 275, global_step=6312960
SPS: 1840
Epoch: 276, global_step=6336000
Evaluating
Evaluated 17280 steps resulting in 192 episodes
[32mEvaluation Metric: success_once[0m | [36mMean: 0.2188[0m
[32mEvaluation Metric: return[0m | [36mMean: 6.8748[0m
[32mEvaluation Metric: episode_len[0m | [36mMean: 90.0000[0m
[32mEvaluation Metric: reward[0m | [36mMean: 0.0764[0m
[32mEvaluation Metric: success_at_end[0m | [36mMean: 0.1250[0m
model saved to checkpoints/ppo_memtasks/rgb_joints/normalized_dense/InterceptSlow-v0/ppo-nonbelief-newhyper-lr1e-4-42__42__rgb_joints__20260127_134201/20260127_134201/ckpt_11_276.pt
SPS: 1799
Epoch: 277, global_step=6359040
SPS: 1801
Epoch: 278, global_step=6382080
SPS: 1803
Epoch: 279, global_step=6405120
SPS: 1805
Epoch: 280, global_step=6428160
SPS: 1807
Epoch: 281, global_step=6451200
SPS: 1809
Epoch: 282, global_step=6474240
SPS: 1811
Epoch: 283, global_step=6497280
SPS: 1813
Epoch: 284, global_step=6520320
SPS: 1814
Epoch: 285, global_step=6543360
SPS: 1816
Epoch: 286, global_step=6566400
SPS: 1818
Epoch: 287, global_step=6589440
SPS: 1820
Epoch: 288, global_step=6612480
SPS: 1822
Epoch: 289, global_step=6635520
SPS: 1823
Epoch: 290, global_step=6658560
SPS: 1825
Epoch: 291, global_step=6681600
SPS: 1827
Epoch: 292, global_step=6704640
SPS: 1829
Epoch: 293, global_step=6727680
SPS: 1831
Epoch: 294, global_step=6750720
SPS: 1832
Epoch: 295, global_step=6773760
SPS: 1834
Epoch: 296, global_step=6796800
SPS: 1836
Epoch: 297, global_step=6819840
SPS: 1838
Epoch: 298, global_step=6842880
SPS: 1839
Epoch: 299, global_step=6865920
SPS: 1841
Epoch: 300, global_step=6888960
SPS: 1843
Epoch: 301, global_step=6912000
Evaluating
Evaluated 17280 steps resulting in 192 episodes
[32mEvaluation Metric: success_once[0m | [36mMean: 0.2708[0m
[32mEvaluation Metric: return[0m | [36mMean: 7.3729[0m
[32mEvaluation Metric: episode_len[0m | [36mMean: 90.0000[0m
[32mEvaluation Metric: reward[0m | [36mMean: 0.0819[0m
[32mEvaluation Metric: success_at_end[0m | [36mMean: 0.1719[0m
model saved to checkpoints/ppo_memtasks/rgb_joints/normalized_dense/InterceptSlow-v0/ppo-nonbelief-newhyper-lr1e-4-42__42__rgb_joints__20260127_134201/20260127_134201/ckpt_12_301.pt
SPS: 1805
Epoch: 302, global_step=6935040
SPS: 1807
Epoch: 303, global_step=6958080
SPS: 1809
Epoch: 304, global_step=6981120
SPS: 1811
Epoch: 305, global_step=7004160
SPS: 1813
Epoch: 306, global_step=7027200
SPS: 1814
Epoch: 307, global_step=7050240
SPS: 1816
Epoch: 308, global_step=7073280
SPS: 1818
Epoch: 309, global_step=7096320
SPS: 1820
Epoch: 310, global_step=7119360
SPS: 1822
Epoch: 311, global_step=7142400
SPS: 1823
Epoch: 312, global_step=7165440
SPS: 1825
Epoch: 313, global_step=7188480
SPS: 1827
Epoch: 314, global_step=7211520
SPS: 1829
Epoch: 315, global_step=7234560
SPS: 1830
Epoch: 316, global_step=7257600
SPS: 1832
Epoch: 317, global_step=7280640
SPS: 1834
Epoch: 318, global_step=7303680
SPS: 1836
Epoch: 319, global_step=7326720
SPS: 1837
Epoch: 320, global_step=7349760
SPS: 1839
Epoch: 321, global_step=7372800
SPS: 1841
Epoch: 322, global_step=7395840
SPS: 1843
Epoch: 323, global_step=7418880
SPS: 1844
Epoch: 324, global_step=7441920
SPS: 1846
Epoch: 325, global_step=7464960
SPS: 1848
Epoch: 326, global_step=7488000
Evaluating
Evaluated 17280 steps resulting in 192 episodes
[32mEvaluation Metric: success_once[0m | [36mMean: 0.3438[0m
[32mEvaluation Metric: return[0m | [36mMean: 8.1031[0m
[32mEvaluation Metric: episode_len[0m | [36mMean: 90.0000[0m
[32mEvaluation Metric: reward[0m | [36mMean: 0.0900[0m
[32mEvaluation Metric: success_at_end[0m | [36mMean: 0.1510[0m
model saved to checkpoints/ppo_memtasks/rgb_joints/normalized_dense/InterceptSlow-v0/ppo-nonbelief-newhyper-lr1e-4-42__42__rgb_joints__20260127_134201/20260127_134201/ckpt_13_326.pt
SPS: 1811
Epoch: 327, global_step=7511040
SPS: 1813
Epoch: 328, global_step=7534080
SPS: 1814
Epoch: 329, global_step=7557120
SPS: 1816
Epoch: 330, global_step=7580160
SPS: 1818
Epoch: 331, global_step=7603200
SPS: 1819
Epoch: 332, global_step=7626240
SPS: 1821
Epoch: 333, global_step=7649280
SPS: 1823
Epoch: 334, global_step=7672320
SPS: 1824
Epoch: 335, global_step=7695360
SPS: 1826
Epoch: 336, global_step=7718400
SPS: 1827
Epoch: 337, global_step=7741440
SPS: 1829
Epoch: 338, global_step=7764480
SPS: 1830
Epoch: 339, global_step=7787520
SPS: 1832
Epoch: 340, global_step=7810560
SPS: 1834
Epoch: 341, global_step=7833600
SPS: 1835
Epoch: 342, global_step=7856640
SPS: 1837
Epoch: 343, global_step=7879680
SPS: 1838
Epoch: 344, global_step=7902720
SPS: 1840
Epoch: 345, global_step=7925760
SPS: 1841
Epoch: 346, global_step=7948800
SPS: 1842
Epoch: 347, global_step=7971840
SPS: 1844
Epoch: 348, global_step=7994880
SPS: 1845
Epoch: 349, global_step=8017920
SPS: 1847
Epoch: 350, global_step=8040960
SPS: 1849
Epoch: 351, global_step=8064000
Evaluating
Evaluated 17280 steps resulting in 192 episodes
[32mEvaluation Metric: success_once[0m | [36mMean: 0.3490[0m
[32mEvaluation Metric: return[0m | [36mMean: 9.1989[0m
[32mEvaluation Metric: episode_len[0m | [36mMean: 90.0000[0m
[32mEvaluation Metric: reward[0m | [36mMean: 0.1022[0m
[32mEvaluation Metric: success_at_end[0m | [36mMean: 0.1510[0m
model saved to checkpoints/ppo_memtasks/rgb_joints/normalized_dense/InterceptSlow-v0/ppo-nonbelief-newhyper-lr1e-4-42__42__rgb_joints__20260127_134201/20260127_134201/ckpt_14_351.pt
SPS: 1815
Epoch: 352, global_step=8087040
SPS: 1817
Epoch: 353, global_step=8110080
SPS: 1818
Epoch: 354, global_step=8133120
SPS: 1820
Epoch: 355, global_step=8156160
SPS: 1821
Epoch: 356, global_step=8179200
SPS: 1823
Epoch: 357, global_step=8202240
SPS: 1824
Epoch: 358, global_step=8225280
SPS: 1826
Epoch: 359, global_step=8248320
SPS: 1827
Epoch: 360, global_step=8271360
SPS: 1829
Epoch: 361, global_step=8294400
SPS: 1830
Epoch: 362, global_step=8317440
SPS: 1832
Epoch: 363, global_step=8340480
SPS: 1833
Epoch: 364, global_step=8363520
SPS: 1835
Epoch: 365, global_step=8386560
SPS: 1836
Epoch: 366, global_step=8409600
SPS: 1838
Epoch: 367, global_step=8432640
SPS: 1839
Epoch: 368, global_step=8455680
SPS: 1841
Epoch: 369, global_step=8478720
SPS: 1842
Epoch: 370, global_step=8501760
SPS: 1843
Epoch: 371, global_step=8524800
SPS: 1845
Epoch: 372, global_step=8547840
SPS: 1846
Epoch: 373, global_step=8570880
SPS: 1848
Epoch: 374, global_step=8593920
SPS: 1849
Epoch: 375, global_step=8616960
SPS: 1850
Epoch: 376, global_step=8640000
Evaluating
Evaluated 17280 steps resulting in 192 episodes
[32mEvaluation Metric: success_once[0m | [36mMean: 0.3698[0m
[32mEvaluation Metric: return[0m | [36mMean: 8.7672[0m
[32mEvaluation Metric: episode_len[0m | [36mMean: 90.0000[0m
[32mEvaluation Metric: reward[0m | [36mMean: 0.0974[0m
[32mEvaluation Metric: success_at_end[0m | [36mMean: 0.1615[0m
model saved to checkpoints/ppo_memtasks/rgb_joints/normalized_dense/InterceptSlow-v0/ppo-nonbelief-newhyper-lr1e-4-42__42__rgb_joints__20260127_134201/20260127_134201/ckpt_15_376.pt
SPS: 1820
Epoch: 377, global_step=8663040
SPS: 1821
Epoch: 378, global_step=8686080
SPS: 1823
Epoch: 379, global_step=8709120
SPS: 1824
Epoch: 380, global_step=8732160
SPS: 1825
Epoch: 381, global_step=8755200
SPS: 1827
Epoch: 382, global_step=8778240
SPS: 1828
Epoch: 383, global_step=8801280
SPS: 1829
Epoch: 384, global_step=8824320
SPS: 1831
Epoch: 385, global_step=8847360
SPS: 1832
Epoch: 386, global_step=8870400
SPS: 1833
Epoch: 387, global_step=8893440
SPS: 1835
Epoch: 388, global_step=8916480
SPS: 1836
Epoch: 389, global_step=8939520
SPS: 1837
Epoch: 390, global_step=8962560
SPS: 1839
Epoch: 391, global_step=8985600
SPS: 1840
Epoch: 392, global_step=9008640
SPS: 1841
Epoch: 393, global_step=9031680
SPS: 1843
Epoch: 394, global_step=9054720
SPS: 1844
Epoch: 395, global_step=9077760
SPS: 1845
Epoch: 396, global_step=9100800
SPS: 1847
Epoch: 397, global_step=9123840
SPS: 1848
Epoch: 398, global_step=9146880
SPS: 1849
Epoch: 399, global_step=9169920
SPS: 1850
Epoch: 400, global_step=9192960
SPS: 1852
Epoch: 401, global_step=9216000
Evaluating
Evaluated 17280 steps resulting in 192 episodes
[32mEvaluation Metric: success_once[0m | [36mMean: 0.3594[0m
[32mEvaluation Metric: return[0m | [36mMean: 9.4368[0m
[32mEvaluation Metric: episode_len[0m | [36mMean: 90.0000[0m
[32mEvaluation Metric: reward[0m | [36mMean: 0.1049[0m
[32mEvaluation Metric: success_at_end[0m | [36mMean: 0.1146[0m
model saved to checkpoints/ppo_memtasks/rgb_joints/normalized_dense/InterceptSlow-v0/ppo-nonbelief-newhyper-lr1e-4-42__42__rgb_joints__20260127_134201/20260127_134201/ckpt_16_401.pt
SPS: 1823
Epoch: 402, global_step=9239040
SPS: 1824
Epoch: 403, global_step=9262080
SPS: 1825
Epoch: 404, global_step=9285120
SPS: 1827
Epoch: 405, global_step=9308160
SPS: 1828
Epoch: 406, global_step=9331200
SPS: 1829
Epoch: 407, global_step=9354240
SPS: 1830
Epoch: 408, global_step=9377280
SPS: 1832
Epoch: 409, global_step=9400320
SPS: 1833
Epoch: 410, global_step=9423360
SPS: 1834
Epoch: 411, global_step=9446400
SPS: 1835
Epoch: 412, global_step=9469440
SPS: 1837
Epoch: 413, global_step=9492480
SPS: 1838
Epoch: 414, global_step=9515520
SPS: 1839
Epoch: 415, global_step=9538560
SPS: 1840
Epoch: 416, global_step=9561600
SPS: 1842
Epoch: 417, global_step=9584640
SPS: 1843
Epoch: 418, global_step=9607680
SPS: 1844
Epoch: 419, global_step=9630720
SPS: 1845
Epoch: 420, global_step=9653760
SPS: 1846
Epoch: 421, global_step=9676800
SPS: 1848
Epoch: 422, global_step=9699840
SPS: 1849
Epoch: 423, global_step=9722880
SPS: 1850
Epoch: 424, global_step=9745920
SPS: 1851
Epoch: 425, global_step=9768960
SPS: 1852
Epoch: 426, global_step=9792000
Evaluating
Evaluated 17280 steps resulting in 192 episodes
[32mEvaluation Metric: success_once[0m | [36mMean: 0.4062[0m
[32mEvaluation Metric: return[0m | [36mMean: 8.5293[0m
[32mEvaluation Metric: episode_len[0m | [36mMean: 90.0000[0m
[32mEvaluation Metric: reward[0m | [36mMean: 0.0948[0m
[32mEvaluation Metric: success_at_end[0m | [36mMean: 0.1875[0m
model saved to checkpoints/ppo_memtasks/rgb_joints/normalized_dense/InterceptSlow-v0/ppo-nonbelief-newhyper-lr1e-4-42__42__rgb_joints__20260127_134201/20260127_134201/ckpt_17_426.pt
SPS: 1825
Epoch: 427, global_step=9815040
SPS: 1826
Epoch: 428, global_step=9838080
SPS: 1828
Epoch: 429, global_step=9861120
SPS: 1829
Epoch: 430, global_step=9884160
SPS: 1830
Epoch: 431, global_step=9907200
SPS: 1831
Epoch: 432, global_step=9930240
SPS: 1833
Epoch: 433, global_step=9953280
SPS: 1834
Epoch: 434, global_step=9976320
SPS: 1835
model saved to checkpoints/ppo_memtasks/rgb_joints/normalized_dense/InterceptSlow-v0/ppo-nonbelief-newhyper-lr1e-4-42__42__rgb_joints__20260127_134201/20260127_134201/final_ckpt.pt
Running RememberShapeAndColor3x2-v0 with belief, seed 99

===========================================================================
║                        Environment Configuration                        ║
===========================================================================
║ Environment ID: InterceptSlow-v0                                        ║
║ Oracle Info:    None                                                    ║
║ Wrappers:                                                               ║
║    ├─ InitialZeroActionWrapper                                         ║
║    │  └─ {'n_initial_steps': 0}                                           ║
║    ├─ RenderStepInfoWrapper                                            ║
║    ├─ RenderRewardInfoWrapper                                          ║
║    ├─ DebugRewardWrapper                                               ║
║-------------------------------------------------------------------------║
║ include_state:       False │ state will not be used                ║
║ include_rgb:         True  │ rgb images will be used               ║
║ include_oracle:      False │ oracle info will not be used          ║
║ include_joints:      True  │ joints will be used                   ║
===========================================================================

MODE='rgb_joints'
prompt_info=None
Saving eval videos to checkpoints/ppo_memtasks/rgb_joints/normalized_dense/InterceptSlow-v0/ppo-nonbelief-newhyper-lr1e-4-99__99__rgb_joints__20260127_151303/20260127_151303/videos
======================================================================
Max Episode Steps: 90
======================================================================

Running training

####
args.num_iterations=434 args.num_envs=256 args.num_eval_envs=16
args.minibatch_size=720 args.batch_size=23040 args.update_epochs=2
####

sample_obs.keys()=dict_keys(['joints', 'rgb'])
joints: torch.Size([256, 25])
rgb: torch.Size([256, 128, 128, 3])


Epoch: 1, global_step=0
Evaluating
Evaluated 17280 steps resulting in 192 episodes
[32mEvaluation Metric: success_once[0m | [36mMean: 0.0833[0m
[32mEvaluation Metric: return[0m | [36mMean: 2.1523[0m
[32mEvaluation Metric: episode_len[0m | [36mMean: 90.0000[0m
[32mEvaluation Metric: reward[0m | [36mMean: 0.0239[0m
[32mEvaluation Metric: success_at_end[0m | [36mMean: 0.0365[0m
model saved to checkpoints/ppo_memtasks/rgb_joints/normalized_dense/InterceptSlow-v0/ppo-nonbelief-newhyper-lr1e-4-99__99__rgb_joints__20260127_151303/20260127_151303/ckpt_0_1.pt
SPS: 293
Epoch: 2, global_step=23040
SPS: 531
Epoch: 3, global_step=46080
SPS: 727
Epoch: 4, global_step=69120
SPS: 890
Epoch: 5, global_step=92160
SPS: 1030
Epoch: 6, global_step=115200
SPS: 1147
Epoch: 7, global_step=138240
SPS: 1246
Epoch: 8, global_step=161280
SPS: 1331
Epoch: 9, global_step=184320
SPS: 1405
Epoch: 10, global_step=207360
SPS: 1470
Epoch: 11, global_step=230400
SPS: 1527
Epoch: 12, global_step=253440
SPS: 1578
Epoch: 13, global_step=276480
SPS: 1626
Epoch: 14, global_step=299520
SPS: 1668
Epoch: 15, global_step=322560
SPS: 1707
Epoch: 16, global_step=345600
SPS: 1743
Epoch: 17, global_step=368640
SPS: 1775
Epoch: 18, global_step=391680
SPS: 1805
Epoch: 19, global_step=414720
SPS: 1835
Epoch: 20, global_step=437760
SPS: 1862
Epoch: 21, global_step=460800
SPS: 1886
Epoch: 22, global_step=483840
SPS: 1908
Epoch: 23, global_step=506880
SPS: 1928
Epoch: 24, global_step=529920
SPS: 1948
Epoch: 25, global_step=552960
SPS: 1967
Epoch: 26, global_step=576000
Evaluating
Evaluated 17280 steps resulting in 192 episodes
[32mEvaluation Metric: success_once[0m | [36mMean: 0.1042[0m
[32mEvaluation Metric: return[0m | [36mMean: 2.8926[0m
[32mEvaluation Metric: episode_len[0m | [36mMean: 90.0000[0m
[32mEvaluation Metric: reward[0m | [36mMean: 0.0321[0m
[32mEvaluation Metric: success_at_end[0m | [36mMean: 0.0365[0m
model saved to checkpoints/ppo_memtasks/rgb_joints/normalized_dense/InterceptSlow-v0/ppo-nonbelief-newhyper-lr1e-4-99__99__rgb_joints__20260127_151303/20260127_151303/ckpt_1_26.pt
SPS: 1586
Epoch: 27, global_step=599040
SPS: 1609
Epoch: 28, global_step=622080
SPS: 1632
Epoch: 29, global_step=645120
SPS: 1653
Epoch: 30, global_step=668160
SPS: 1673
Epoch: 31, global_step=691200
SPS: 1692
Epoch: 32, global_step=714240
SPS: 1711
Epoch: 33, global_step=737280
SPS: 1729
Epoch: 34, global_step=760320
SPS: 1746
Epoch: 35, global_step=783360
SPS: 1762
Epoch: 36, global_step=806400
SPS: 1778
Epoch: 37, global_step=829440
SPS: 1794
Epoch: 38, global_step=852480
SPS: 1808
Epoch: 39, global_step=875520
SPS: 1822
Epoch: 40, global_step=898560
SPS: 1835
Epoch: 41, global_step=921600
SPS: 1847
Epoch: 42, global_step=944640
SPS: 1859
Epoch: 43, global_step=967680
SPS: 1871
Epoch: 44, global_step=990720
SPS: 1883
Epoch: 45, global_step=1013760
SPS: 1895
Epoch: 46, global_step=1036800
SPS: 1906
Epoch: 47, global_step=1059840
SPS: 1917
Epoch: 48, global_step=1082880
SPS: 1927
Epoch: 49, global_step=1105920
SPS: 1937
Epoch: 50, global_step=1128960
SPS: 1947
Epoch: 51, global_step=1152000
Evaluating
Evaluated 17280 steps resulting in 192 episodes
[32mEvaluation Metric: success_once[0m | [36mMean: 0.1562[0m
[32mEvaluation Metric: return[0m | [36mMean: 3.8548[0m
[32mEvaluation Metric: episode_len[0m | [36mMean: 90.0000[0m
[32mEvaluation Metric: reward[0m | [36mMean: 0.0428[0m
[32mEvaluation Metric: success_at_end[0m | [36mMean: 0.0625[0m
model saved to checkpoints/ppo_memtasks/rgb_joints/normalized_dense/InterceptSlow-v0/ppo-nonbelief-newhyper-lr1e-4-99__99__rgb_joints__20260127_151303/20260127_151303/ckpt_2_51.pt
SPS: 1732
Epoch: 52, global_step=1175040
SPS: 1743
Epoch: 53, global_step=1198080
SPS: 1753
Epoch: 54, global_step=1221120
SPS: 1763
Epoch: 55, global_step=1244160
SPS: 1773
Epoch: 56, global_step=1267200
SPS: 1783
Epoch: 57, global_step=1290240
SPS: 1792
Epoch: 58, global_step=1313280
SPS: 1801
Epoch: 59, global_step=1336320
SPS: 1809
Epoch: 60, global_step=1359360
SPS: 1818
Epoch: 61, global_step=1382400
SPS: 1826
Epoch: 62, global_step=1405440
SPS: 1835
Epoch: 63, global_step=1428480
SPS: 1843
Epoch: 64, global_step=1451520
SPS: 1851
Epoch: 65, global_step=1474560
SPS: 1859
Epoch: 66, global_step=1497600
SPS: 1866
Epoch: 67, global_step=1520640
SPS: 1873
Epoch: 68, global_step=1543680
SPS: 1881
Epoch: 69, global_step=1566720
SPS: 1888
Epoch: 70, global_step=1589760
SPS: 1894
Epoch: 71, global_step=1612800
SPS: 1901
Epoch: 72, global_step=1635840
SPS: 1907
Epoch: 73, global_step=1658880
SPS: 1913
Epoch: 74, global_step=1681920
SPS: 1920
Epoch: 75, global_step=1704960
SPS: 1926
Epoch: 76, global_step=1728000
Evaluating
Evaluated 17280 steps resulting in 192 episodes
[32mEvaluation Metric: success_once[0m | [36mMean: 0.2031[0m
[32mEvaluation Metric: return[0m | [36mMean: 4.8651[0m
[32mEvaluation Metric: episode_len[0m | [36mMean: 90.0000[0m
[32mEvaluation Metric: reward[0m | [36mMean: 0.0541[0m
[32mEvaluation Metric: success_at_end[0m | [36mMean: 0.1146[0m
model saved to checkpoints/ppo_memtasks/rgb_joints/normalized_dense/InterceptSlow-v0/ppo-nonbelief-newhyper-lr1e-4-99__99__rgb_joints__20260127_151303/20260127_151303/ckpt_3_76.pt
SPS: 1775
Epoch: 77, global_step=1751040
SPS: 1782
Epoch: 78, global_step=1774080
SPS: 1789
Epoch: 79, global_step=1797120
SPS: 1796
Epoch: 80, global_step=1820160
SPS: 1802
Epoch: 81, global_step=1843200
SPS: 1808
Epoch: 82, global_step=1866240
SPS: 1815
Epoch: 83, global_step=1889280
SPS: 1821
Epoch: 84, global_step=1912320
SPS: 1827
Epoch: 85, global_step=1935360
SPS: 1833
Epoch: 86, global_step=1958400
SPS: 1839
Epoch: 87, global_step=1981440
SPS: 1845
Epoch: 88, global_step=2004480
SPS: 1850
Epoch: 89, global_step=2027520
SPS: 1856
Epoch: 90, global_step=2050560
SPS: 1861
Epoch: 91, global_step=2073600
SPS: 1866
Epoch: 92, global_step=2096640
SPS: 1871
Epoch: 93, global_step=2119680
SPS: 1877
Epoch: 94, global_step=2142720
SPS: 1881
Epoch: 95, global_step=2165760
SPS: 1886
Epoch: 96, global_step=2188800
SPS: 1891
Epoch: 97, global_step=2211840
SPS: 1895
Epoch: 98, global_step=2234880
SPS: 1900
Epoch: 99, global_step=2257920
SPS: 1905
Epoch: 100, global_step=2280960
SPS: 1909
Epoch: 101, global_step=2304000
Evaluating
Evaluated 17280 steps resulting in 192 episodes
[32mEvaluation Metric: success_once[0m | [36mMean: 0.2292[0m
[32mEvaluation Metric: return[0m | [36mMean: 6.2680[0m
[32mEvaluation Metric: episode_len[0m | [36mMean: 90.0000[0m
[32mEvaluation Metric: reward[0m | [36mMean: 0.0696[0m
[32mEvaluation Metric: success_at_end[0m | [36mMean: 0.1302[0m
model saved to checkpoints/ppo_memtasks/rgb_joints/normalized_dense/InterceptSlow-v0/ppo-nonbelief-newhyper-lr1e-4-99__99__rgb_joints__20260127_151303/20260127_151303/ckpt_4_101.pt
SPS: 1791
Epoch: 102, global_step=2327040
SPS: 1796
Epoch: 103, global_step=2350080
SPS: 1801
Epoch: 104, global_step=2373120
SPS: 1805
Epoch: 105, global_step=2396160
SPS: 1810
Epoch: 106, global_step=2419200
SPS: 1815
Epoch: 107, global_step=2442240
SPS: 1819
Epoch: 108, global_step=2465280
SPS: 1824
Epoch: 109, global_step=2488320
SPS: 1828
Epoch: 110, global_step=2511360
SPS: 1832
Epoch: 111, global_step=2534400
SPS: 1837
Epoch: 112, global_step=2557440
SPS: 1841
Epoch: 113, global_step=2580480
SPS: 1845
Epoch: 114, global_step=2603520
SPS: 1849
Epoch: 115, global_step=2626560
SPS: 1853
Epoch: 116, global_step=2649600
SPS: 1857
Epoch: 117, global_step=2672640
SPS: 1861
Epoch: 118, global_step=2695680
SPS: 1865
Epoch: 119, global_step=2718720
SPS: 1869
Epoch: 120, global_step=2741760
SPS: 1872
Epoch: 121, global_step=2764800
SPS: 1876
Epoch: 122, global_step=2787840
SPS: 1880
Epoch: 123, global_step=2810880
SPS: 1883
Epoch: 124, global_step=2833920
SPS: 1887
Epoch: 125, global_step=2856960
SPS: 1890
Epoch: 126, global_step=2880000
Evaluating
Evaluated 17280 steps resulting in 192 episodes
[32mEvaluation Metric: success_once[0m | [36mMean: 0.4115[0m
[32mEvaluation Metric: return[0m | [36mMean: 8.0492[0m
[32mEvaluation Metric: episode_len[0m | [36mMean: 90.0000[0m
[32mEvaluation Metric: reward[0m | [36mMean: 0.0894[0m
[32mEvaluation Metric: success_at_end[0m | [36mMean: 0.1719[0m
model saved to checkpoints/ppo_memtasks/rgb_joints/normalized_dense/InterceptSlow-v0/ppo-nonbelief-newhyper-lr1e-4-99__99__rgb_joints__20260127_151303/20260127_151303/ckpt_5_126.pt
SPS: 1803
Epoch: 127, global_step=2903040
SPS: 1806
Epoch: 128, global_step=2926080
SPS: 1810
Epoch: 129, global_step=2949120
SPS: 1814
Epoch: 130, global_step=2972160
SPS: 1818
Epoch: 131, global_step=2995200
SPS: 1822
Epoch: 132, global_step=3018240
SPS: 1826
Epoch: 133, global_step=3041280
SPS: 1829
Epoch: 134, global_step=3064320
SPS: 1833
Epoch: 135, global_step=3087360
SPS: 1837
Epoch: 136, global_step=3110400
SPS: 1840
Epoch: 137, global_step=3133440
SPS: 1844
Epoch: 138, global_step=3156480
SPS: 1847
Epoch: 139, global_step=3179520
SPS: 1851
Epoch: 140, global_step=3202560
SPS: 1854
Epoch: 141, global_step=3225600
SPS: 1858
Epoch: 142, global_step=3248640
SPS: 1861
Epoch: 143, global_step=3271680
SPS: 1865
Epoch: 144, global_step=3294720
SPS: 1868
Epoch: 145, global_step=3317760
SPS: 1871
Epoch: 146, global_step=3340800
SPS: 1875
Epoch: 147, global_step=3363840
SPS: 1878
Epoch: 148, global_step=3386880
SPS: 1881
Epoch: 149, global_step=3409920
SPS: 1885
Epoch: 150, global_step=3432960
SPS: 1888
Epoch: 151, global_step=3456000
Evaluating
Evaluated 17280 steps resulting in 192 episodes
[32mEvaluation Metric: success_once[0m | [36mMean: 0.5677[0m
[32mEvaluation Metric: return[0m | [36mMean: 11.1882[0m
[32mEvaluation Metric: episode_len[0m | [36mMean: 90.0000[0m
[32mEvaluation Metric: reward[0m | [36mMean: 0.1243[0m
[32mEvaluation Metric: success_at_end[0m | [36mMean: 0.2188[0m
model saved to checkpoints/ppo_memtasks/rgb_joints/normalized_dense/InterceptSlow-v0/ppo-nonbelief-newhyper-lr1e-4-99__99__rgb_joints__20260127_151303/20260127_151303/ckpt_6_151.pt
SPS: 1813
Epoch: 152, global_step=3479040
SPS: 1817
Epoch: 153, global_step=3502080
SPS: 1820
Epoch: 154, global_step=3525120
SPS: 1824
Epoch: 155, global_step=3548160
SPS: 1827
Epoch: 156, global_step=3571200
SPS: 1831
Epoch: 157, global_step=3594240
SPS: 1834
Epoch: 158, global_step=3617280
SPS: 1837
Epoch: 159, global_step=3640320
SPS: 1841
Epoch: 160, global_step=3663360
SPS: 1844
Epoch: 161, global_step=3686400
SPS: 1847
Epoch: 162, global_step=3709440
SPS: 1850
Epoch: 163, global_step=3732480
SPS: 1853
Epoch: 164, global_step=3755520
SPS: 1857
Epoch: 165, global_step=3778560
SPS: 1860
Epoch: 166, global_step=3801600
SPS: 1863
Epoch: 167, global_step=3824640
SPS: 1866
Epoch: 168, global_step=3847680
SPS: 1869
Epoch: 169, global_step=3870720
SPS: 1872
Epoch: 170, global_step=3893760
SPS: 1875
Epoch: 171, global_step=3916800
SPS: 1878
Epoch: 172, global_step=3939840
SPS: 1881
Epoch: 173, global_step=3962880
SPS: 1884
Epoch: 174, global_step=3985920
SPS: 1887
Epoch: 175, global_step=4008960
SPS: 1890
Epoch: 176, global_step=4032000
Evaluating
Evaluated 17280 steps resulting in 192 episodes
[32mEvaluation Metric: success_once[0m | [36mMean: 0.6458[0m
[32mEvaluation Metric: return[0m | [36mMean: 10.7270[0m
[32mEvaluation Metric: episode_len[0m | [36mMean: 90.0000[0m
[32mEvaluation Metric: reward[0m | [36mMean: 0.1192[0m
[32mEvaluation Metric: success_at_end[0m | [36mMean: 0.2396[0m
model saved to checkpoints/ppo_memtasks/rgb_joints/normalized_dense/InterceptSlow-v0/ppo-nonbelief-newhyper-lr1e-4-99__99__rgb_joints__20260127_151303/20260127_151303/ckpt_7_176.pt
SPS: 1825
Epoch: 177, global_step=4055040
SPS: 1828
Epoch: 178, global_step=4078080
SPS: 1831
Epoch: 179, global_step=4101120
SPS: 1834
Epoch: 180, global_step=4124160
SPS: 1837
Epoch: 181, global_step=4147200
SPS: 1840
Epoch: 182, global_step=4170240
SPS: 1843
Epoch: 183, global_step=4193280
SPS: 1846
Epoch: 184, global_step=4216320
SPS: 1849
Epoch: 185, global_step=4239360
SPS: 1852
Epoch: 186, global_step=4262400
SPS: 1855
Epoch: 187, global_step=4285440
SPS: 1858
Epoch: 188, global_step=4308480
SPS: 1861
Epoch: 189, global_step=4331520
SPS: 1864
Epoch: 190, global_step=4354560
SPS: 1866
Epoch: 191, global_step=4377600
SPS: 1869
Epoch: 192, global_step=4400640
SPS: 1872
Epoch: 193, global_step=4423680
SPS: 1875
Epoch: 194, global_step=4446720
SPS: 1877
Epoch: 195, global_step=4469760
SPS: 1880
Epoch: 196, global_step=4492800
SPS: 1883
Epoch: 197, global_step=4515840
SPS: 1886
Epoch: 198, global_step=4538880
SPS: 1888
Epoch: 199, global_step=4561920
SPS: 1891
Epoch: 200, global_step=4584960
SPS: 1894
Epoch: 201, global_step=4608000
Evaluating
Evaluated 17280 steps resulting in 192 episodes
[32mEvaluation Metric: success_once[0m | [36mMean: 0.6458[0m
[32mEvaluation Metric: return[0m | [36mMean: 10.8930[0m
[32mEvaluation Metric: episode_len[0m | [36mMean: 90.0000[0m
[32mEvaluation Metric: reward[0m | [36mMean: 0.1210[0m
[32mEvaluation Metric: success_at_end[0m | [36mMean: 0.2448[0m
model saved to checkpoints/ppo_memtasks/rgb_joints/normalized_dense/InterceptSlow-v0/ppo-nonbelief-newhyper-lr1e-4-99__99__rgb_joints__20260127_151303/20260127_151303/ckpt_8_201.pt
SPS: 1837
Epoch: 202, global_step=4631040
SPS: 1840
Epoch: 203, global_step=4654080
SPS: 1843
Epoch: 204, global_step=4677120
SPS: 1845
Epoch: 205, global_step=4700160
SPS: 1848
Epoch: 206, global_step=4723200
SPS: 1851
Epoch: 207, global_step=4746240
SPS: 1853
Epoch: 208, global_step=4769280
SPS: 1856
Epoch: 209, global_step=4792320
SPS: 1858
Epoch: 210, global_step=4815360
SPS: 1861
Epoch: 211, global_step=4838400
SPS: 1863
Epoch: 212, global_step=4861440
SPS: 1866
Epoch: 213, global_step=4884480
SPS: 1868
Epoch: 214, global_step=4907520
SPS: 1870
Epoch: 215, global_step=4930560
SPS: 1873
Epoch: 216, global_step=4953600
SPS: 1876
Epoch: 217, global_step=4976640
SPS: 1878
Epoch: 218, global_step=4999680
SPS: 1881
Epoch: 219, global_step=5022720
SPS: 1883
Epoch: 220, global_step=5045760
SPS: 1886
Epoch: 221, global_step=5068800
SPS: 1889
Epoch: 222, global_step=5091840
SPS: 1891
Epoch: 223, global_step=5114880
SPS: 1894
Epoch: 224, global_step=5137920
SPS: 1896
Epoch: 225, global_step=5160960
SPS: 1898
Epoch: 226, global_step=5184000
Evaluating
Evaluated 17280 steps resulting in 192 episodes
[32mEvaluation Metric: success_once[0m | [36mMean: 0.6875[0m
[32mEvaluation Metric: return[0m | [36mMean: 11.0209[0m
[32mEvaluation Metric: episode_len[0m | [36mMean: 90.0000[0m
[32mEvaluation Metric: reward[0m | [36mMean: 0.1225[0m
[32mEvaluation Metric: success_at_end[0m | [36mMean: 0.1354[0m
model saved to checkpoints/ppo_memtasks/rgb_joints/normalized_dense/InterceptSlow-v0/ppo-nonbelief-newhyper-lr1e-4-99__99__rgb_joints__20260127_151303/20260127_151303/ckpt_9_226.pt
SPS: 1846
Epoch: 227, global_step=5207040
SPS: 1848
Epoch: 228, global_step=5230080
SPS: 1851
Epoch: 229, global_step=5253120
SPS: 1853
Epoch: 230, global_step=5276160
SPS: 1856
Epoch: 231, global_step=5299200
SPS: 1858
Epoch: 232, global_step=5322240
SPS: 1861
Epoch: 233, global_step=5345280
SPS: 1863
Epoch: 234, global_step=5368320
SPS: 1865
Epoch: 235, global_step=5391360
SPS: 1868
Epoch: 236, global_step=5414400
SPS: 1870
Epoch: 237, global_step=5437440
SPS: 1873
Epoch: 238, global_step=5460480
SPS: 1875
Epoch: 239, global_step=5483520
SPS: 1877
Epoch: 240, global_step=5506560
SPS: 1880
Epoch: 241, global_step=5529600
SPS: 1882
Epoch: 242, global_step=5552640
SPS: 1884
Epoch: 243, global_step=5575680
SPS: 1887
Epoch: 244, global_step=5598720
SPS: 1889
Epoch: 245, global_step=5621760
SPS: 1891
Epoch: 246, global_step=5644800
SPS: 1893
Epoch: 247, global_step=5667840
SPS: 1896
Epoch: 248, global_step=5690880
SPS: 1898
Epoch: 249, global_step=5713920
SPS: 1900
Epoch: 250, global_step=5736960
SPS: 1902
Epoch: 251, global_step=5760000
Evaluating
Evaluated 17280 steps resulting in 192 episodes
[32mEvaluation Metric: success_once[0m | [36mMean: 0.7552[0m
[32mEvaluation Metric: return[0m | [36mMean: 12.8928[0m
[32mEvaluation Metric: episode_len[0m | [36mMean: 90.0000[0m
[32mEvaluation Metric: reward[0m | [36mMean: 0.1433[0m
[32mEvaluation Metric: success_at_end[0m | [36mMean: 0.1979[0m
model saved to checkpoints/ppo_memtasks/rgb_joints/normalized_dense/InterceptSlow-v0/ppo-nonbelief-newhyper-lr1e-4-99__99__rgb_joints__20260127_151303/20260127_151303/ckpt_10_251.pt
SPS: 1857
Epoch: 252, global_step=5783040
SPS: 1859
Epoch: 253, global_step=5806080
SPS: 1861
Epoch: 254, global_step=5829120
SPS: 1864
Epoch: 255, global_step=5852160
SPS: 1866
Epoch: 256, global_step=5875200
SPS: 1868
Epoch: 257, global_step=5898240
SPS: 1870
Epoch: 258, global_step=5921280
SPS: 1873
Epoch: 259, global_step=5944320
SPS: 1875
Epoch: 260, global_step=5967360
SPS: 1877
Epoch: 261, global_step=5990400
SPS: 1879
Epoch: 262, global_step=6013440
SPS: 1881
Epoch: 263, global_step=6036480
SPS: 1883
Epoch: 264, global_step=6059520
SPS: 1886
Epoch: 265, global_step=6082560
SPS: 1888
Epoch: 266, global_step=6105600
SPS: 1890
Epoch: 267, global_step=6128640
SPS: 1892
Epoch: 268, global_step=6151680
SPS: 1894
Epoch: 269, global_step=6174720
SPS: 1896
Epoch: 270, global_step=6197760
SPS: 1898
Epoch: 271, global_step=6220800
SPS: 1900
Epoch: 272, global_step=6243840
SPS: 1902
Epoch: 273, global_step=6266880
SPS: 1904
Epoch: 274, global_step=6289920
SPS: 1906
Epoch: 275, global_step=6312960
SPS: 1908
Epoch: 276, global_step=6336000
Evaluating
Evaluated 17280 steps resulting in 192 episodes
[32mEvaluation Metric: success_once[0m | [36mMean: 0.8229[0m
[32mEvaluation Metric: return[0m | [36mMean: 14.9341[0m
[32mEvaluation Metric: episode_len[0m | [36mMean: 90.0000[0m
[32mEvaluation Metric: reward[0m | [36mMean: 0.1659[0m
[32mEvaluation Metric: success_at_end[0m | [36mMean: 0.1667[0m
model saved to checkpoints/ppo_memtasks/rgb_joints/normalized_dense/InterceptSlow-v0/ppo-nonbelief-newhyper-lr1e-4-99__99__rgb_joints__20260127_151303/20260127_151303/ckpt_11_276.pt
SPS: 1868
Epoch: 277, global_step=6359040
SPS: 1870
Epoch: 278, global_step=6382080
SPS: 1872
Epoch: 279, global_step=6405120
SPS: 1874
Epoch: 280, global_step=6428160
SPS: 1876
Epoch: 281, global_step=6451200
SPS: 1878
Epoch: 282, global_step=6474240
SPS: 1880
Epoch: 283, global_step=6497280
SPS: 1882
Epoch: 284, global_step=6520320
SPS: 1884
Epoch: 285, global_step=6543360
SPS: 1886
Epoch: 286, global_step=6566400
SPS: 1887
Epoch: 287, global_step=6589440
SPS: 1889
Epoch: 288, global_step=6612480
SPS: 1891
Epoch: 289, global_step=6635520
SPS: 1893
Epoch: 290, global_step=6658560
SPS: 1894
Epoch: 291, global_step=6681600
SPS: 1896
Epoch: 292, global_step=6704640
SPS: 1898
Epoch: 293, global_step=6727680
SPS: 1900
Epoch: 294, global_step=6750720
SPS: 1901
Epoch: 295, global_step=6773760
SPS: 1903
Epoch: 296, global_step=6796800
SPS: 1905
Epoch: 297, global_step=6819840
SPS: 1907
Epoch: 298, global_step=6842880
SPS: 1908
Epoch: 299, global_step=6865920
SPS: 1910
Epoch: 300, global_step=6888960
SPS: 1912
Epoch: 301, global_step=6912000
Evaluating
Evaluated 17280 steps resulting in 192 episodes
[32mEvaluation Metric: success_once[0m | [36mMean: 0.9271[0m
[32mEvaluation Metric: return[0m | [36mMean: 15.9784[0m
[32mEvaluation Metric: episode_len[0m | [36mMean: 90.0000[0m
[32mEvaluation Metric: reward[0m | [36mMean: 0.1775[0m
[32mEvaluation Metric: success_at_end[0m | [36mMean: 0.2396[0m
model saved to checkpoints/ppo_memtasks/rgb_joints/normalized_dense/InterceptSlow-v0/ppo-nonbelief-newhyper-lr1e-4-99__99__rgb_joints__20260127_151303/20260127_151303/ckpt_12_301.pt
SPS: 1875
Epoch: 302, global_step=6935040
SPS: 1877
Epoch: 303, global_step=6958080
SPS: 1879
Epoch: 304, global_step=6981120
SPS: 1880
Epoch: 305, global_step=7004160
SPS: 1882
Epoch: 306, global_step=7027200
SPS: 1884
Epoch: 307, global_step=7050240
SPS: 1886
Epoch: 308, global_step=7073280
SPS: 1887
Epoch: 309, global_step=7096320
SPS: 1889
Epoch: 310, global_step=7119360
SPS: 1891
Epoch: 311, global_step=7142400
SPS: 1893
Epoch: 312, global_step=7165440
SPS: 1894
Epoch: 313, global_step=7188480
SPS: 1896
Epoch: 314, global_step=7211520
SPS: 1898
Epoch: 315, global_step=7234560
SPS: 1900
Epoch: 316, global_step=7257600
SPS: 1901
Epoch: 317, global_step=7280640
SPS: 1903
Epoch: 318, global_step=7303680
SPS: 1905
Epoch: 319, global_step=7326720
SPS: 1906
Epoch: 320, global_step=7349760
SPS: 1908
Epoch: 321, global_step=7372800
SPS: 1910
Epoch: 322, global_step=7395840
SPS: 1911
Epoch: 323, global_step=7418880
SPS: 1913
Epoch: 324, global_step=7441920
SPS: 1915
Epoch: 325, global_step=7464960
SPS: 1916
Epoch: 326, global_step=7488000
Evaluating
Evaluated 17280 steps resulting in 192 episodes
[32mEvaluation Metric: success_once[0m | [36mMean: 0.8542[0m
[32mEvaluation Metric: return[0m | [36mMean: 16.8715[0m
[32mEvaluation Metric: episode_len[0m | [36mMean: 90.0000[0m
[32mEvaluation Metric: reward[0m | [36mMean: 0.1875[0m
[32mEvaluation Metric: success_at_end[0m | [36mMean: 0.2656[0m
model saved to checkpoints/ppo_memtasks/rgb_joints/normalized_dense/InterceptSlow-v0/ppo-nonbelief-newhyper-lr1e-4-99__99__rgb_joints__20260127_151303/20260127_151303/ckpt_13_326.pt
SPS: 1880
Epoch: 327, global_step=7511040
SPS: 1882
Epoch: 328, global_step=7534080
SPS: 1884
Epoch: 329, global_step=7557120
SPS: 1885
Epoch: 330, global_step=7580160
SPS: 1887
Epoch: 331, global_step=7603200
SPS: 1888
Epoch: 332, global_step=7626240
SPS: 1890
Epoch: 333, global_step=7649280
SPS: 1892
Epoch: 334, global_step=7672320
SPS: 1893
Epoch: 335, global_step=7695360
SPS: 1895
Epoch: 336, global_step=7718400
SPS: 1896
Epoch: 337, global_step=7741440
SPS: 1898
Epoch: 338, global_step=7764480
SPS: 1900
Epoch: 339, global_step=7787520
SPS: 1901
Epoch: 340, global_step=7810560
SPS: 1903
Epoch: 341, global_step=7833600
SPS: 1904
Epoch: 342, global_step=7856640
SPS: 1906
Epoch: 343, global_step=7879680
SPS: 1908
Epoch: 344, global_step=7902720
SPS: 1909
Epoch: 345, global_step=7925760
SPS: 1911
Epoch: 346, global_step=7948800
SPS: 1912
Epoch: 347, global_step=7971840
SPS: 1914
Epoch: 348, global_step=7994880
SPS: 1915
Epoch: 349, global_step=8017920
SPS: 1917
Epoch: 350, global_step=8040960
SPS: 1918
Epoch: 351, global_step=8064000
Evaluating
Evaluated 17280 steps resulting in 192 episodes
[32mEvaluation Metric: success_once[0m | [36mMean: 0.8438[0m
[32mEvaluation Metric: return[0m | [36mMean: 13.0867[0m
[32mEvaluation Metric: episode_len[0m | [36mMean: 90.0000[0m
[32mEvaluation Metric: reward[0m | [36mMean: 0.1454[0m
[32mEvaluation Metric: success_at_end[0m | [36mMean: 0.2135[0m
model saved to checkpoints/ppo_memtasks/rgb_joints/normalized_dense/InterceptSlow-v0/ppo-nonbelief-newhyper-lr1e-4-99__99__rgb_joints__20260127_151303/20260127_151303/ckpt_14_351.pt
SPS: 1886
Epoch: 352, global_step=8087040
SPS: 1888
Epoch: 353, global_step=8110080
SPS: 1890
Epoch: 354, global_step=8133120
SPS: 1891
Epoch: 355, global_step=8156160
SPS: 1893
Epoch: 356, global_step=8179200
SPS: 1894
Epoch: 357, global_step=8202240
SPS: 1896
Epoch: 358, global_step=8225280
SPS: 1898
Epoch: 359, global_step=8248320
SPS: 1899
Epoch: 360, global_step=8271360
SPS: 1901
Epoch: 361, global_step=8294400
SPS: 1903
Epoch: 362, global_step=8317440
SPS: 1904
Epoch: 363, global_step=8340480
SPS: 1906
Epoch: 364, global_step=8363520
SPS: 1907
Epoch: 365, global_step=8386560
SPS: 1909
Epoch: 366, global_step=8409600
SPS: 1910
Epoch: 367, global_step=8432640
SPS: 1912
Epoch: 368, global_step=8455680
SPS: 1913
Epoch: 369, global_step=8478720
SPS: 1915
Epoch: 370, global_step=8501760
SPS: 1917
Epoch: 371, global_step=8524800
SPS: 1918
Epoch: 372, global_step=8547840
SPS: 1920
Epoch: 373, global_step=8570880
SPS: 1921
Epoch: 374, global_step=8593920
SPS: 1922
Epoch: 375, global_step=8616960
SPS: 1924
Epoch: 376, global_step=8640000
Evaluating
Evaluated 17280 steps resulting in 192 episodes
[32mEvaluation Metric: success_once[0m | [36mMean: 0.8229[0m
[32mEvaluation Metric: return[0m | [36mMean: 15.4976[0m
[32mEvaluation Metric: episode_len[0m | [36mMean: 90.0000[0m
[32mEvaluation Metric: reward[0m | [36mMean: 0.1722[0m
[32mEvaluation Metric: success_at_end[0m | [36mMean: 0.2188[0m
model saved to checkpoints/ppo_memtasks/rgb_joints/normalized_dense/InterceptSlow-v0/ppo-nonbelief-newhyper-lr1e-4-99__99__rgb_joints__20260127_151303/20260127_151303/ckpt_15_376.pt
SPS: 1892
Epoch: 377, global_step=8663040
SPS: 1893
Epoch: 378, global_step=8686080
SPS: 1894
Epoch: 379, global_step=8709120
SPS: 1896
Epoch: 380, global_step=8732160
SPS: 1897
Epoch: 381, global_step=8755200
SPS: 1899
Epoch: 382, global_step=8778240
SPS: 1900
Epoch: 383, global_step=8801280
SPS: 1901
Epoch: 384, global_step=8824320
SPS: 1903
Epoch: 385, global_step=8847360
SPS: 1904
Epoch: 386, global_step=8870400
SPS: 1906
Epoch: 387, global_step=8893440
SPS: 1907
Epoch: 388, global_step=8916480
SPS: 1909
Epoch: 389, global_step=8939520
SPS: 1910
Epoch: 390, global_step=8962560
SPS: 1911
Epoch: 391, global_step=8985600
SPS: 1913
Epoch: 392, global_step=9008640
SPS: 1914
Epoch: 393, global_step=9031680
SPS: 1915
Epoch: 394, global_step=9054720
SPS: 1917
Epoch: 395, global_step=9077760
SPS: 1918
Epoch: 396, global_step=9100800
SPS: 1920
Epoch: 397, global_step=9123840
SPS: 1921
Epoch: 398, global_step=9146880
SPS: 1922
Epoch: 399, global_step=9169920
SPS: 1924
Epoch: 400, global_step=9192960
SPS: 1925
Epoch: 401, global_step=9216000
Evaluating
Evaluated 17280 steps resulting in 192 episodes
[32mEvaluation Metric: success_once[0m | [36mMean: 0.9010[0m
[32mEvaluation Metric: return[0m | [36mMean: 16.4468[0m
[32mEvaluation Metric: episode_len[0m | [36mMean: 90.0000[0m
[32mEvaluation Metric: reward[0m | [36mMean: 0.1827[0m
[32mEvaluation Metric: success_at_end[0m | [36mMean: 0.2917[0m
model saved to checkpoints/ppo_memtasks/rgb_joints/normalized_dense/InterceptSlow-v0/ppo-nonbelief-newhyper-lr1e-4-99__99__rgb_joints__20260127_151303/20260127_151303/ckpt_16_401.pt
SPS: 1895
Epoch: 402, global_step=9239040
SPS: 1896
Epoch: 403, global_step=9262080
SPS: 1897
Epoch: 404, global_step=9285120
SPS: 1899
Epoch: 405, global_step=9308160
SPS: 1900
Epoch: 406, global_step=9331200
SPS: 1902
Epoch: 407, global_step=9354240
SPS: 1903
Epoch: 408, global_step=9377280
SPS: 1904
Epoch: 409, global_step=9400320
SPS: 1906
Epoch: 410, global_step=9423360
SPS: 1907
Epoch: 411, global_step=9446400
SPS: 1908
Epoch: 412, global_step=9469440
SPS: 1910
Epoch: 413, global_step=9492480
SPS: 1911
Epoch: 414, global_step=9515520
SPS: 1912
Epoch: 415, global_step=9538560
SPS: 1914
Epoch: 416, global_step=9561600
SPS: 1915
Epoch: 417, global_step=9584640
SPS: 1916
Epoch: 418, global_step=9607680
SPS: 1917
Epoch: 419, global_step=9630720
SPS: 1919
Epoch: 420, global_step=9653760
SPS: 1920
Epoch: 421, global_step=9676800
SPS: 1921
Epoch: 422, global_step=9699840
SPS: 1923
Epoch: 423, global_step=9722880
SPS: 1924
Epoch: 424, global_step=9745920
SPS: 1925
Epoch: 425, global_step=9768960
SPS: 1926
Epoch: 426, global_step=9792000
Evaluating
Evaluated 17280 steps resulting in 192 episodes
[32mEvaluation Metric: success_once[0m | [36mMean: 0.9115[0m
[32mEvaluation Metric: return[0m | [36mMean: 16.8299[0m
[32mEvaluation Metric: episode_len[0m | [36mMean: 90.0000[0m
[32mEvaluation Metric: reward[0m | [36mMean: 0.1870[0m
[32mEvaluation Metric: success_at_end[0m | [36mMean: 0.3333[0m
model saved to checkpoints/ppo_memtasks/rgb_joints/normalized_dense/InterceptSlow-v0/ppo-nonbelief-newhyper-lr1e-4-99__99__rgb_joints__20260127_151303/20260127_151303/ckpt_17_426.pt
SPS: 1899
Epoch: 427, global_step=9815040
SPS: 1900
Epoch: 428, global_step=9838080
SPS: 1901
Epoch: 429, global_step=9861120
SPS: 1902
Epoch: 430, global_step=9884160
SPS: 1904
Epoch: 431, global_step=9907200
SPS: 1905
Epoch: 432, global_step=9930240
SPS: 1906
Epoch: 433, global_step=9953280
SPS: 1907
Epoch: 434, global_step=9976320
SPS: 1909
model saved to checkpoints/ppo_memtasks/rgb_joints/normalized_dense/InterceptSlow-v0/ppo-nonbelief-newhyper-lr1e-4-99__99__rgb_joints__20260127_151303/20260127_151303/final_ckpt.pt
