Enabling podman.socket for user: s4176650
Running RememberShapeAndColor5x3-v0 with belief, seed 33

===========================================================================
║                        Environment Configuration                        ║
===========================================================================
║ Environment ID: RememberShapeAndColor3x2-v0                             ║
║ Oracle Info:    None                                                    ║
║ Wrappers:                                                               ║
║    ├─ InitialZeroActionWrapper                                         ║
║    │  └─ {'n_initial_steps': 0}                                           ║
║    ├─ RememberShapeAndColorInfoWrapper                                 ║
║    ├─ RenderStepInfoWrapper                                            ║
║    ├─ RenderRewardInfoWrapper                                          ║
║    ├─ DebugRewardWrapper                                               ║
║-------------------------------------------------------------------------║
║ include_state:       False │ state will not be used                ║
║ include_rgb:         True  │ rgb images will be used               ║
║ include_oracle:      False │ oracle info will not be used          ║
║ include_joints:      True  │ joints will be used                   ║
===========================================================================

MODE='rgb_joints_belief'
prompt_info=None
{0: 'cube', 1: 'sphere', 2: 't_shape', 3: 'cross', 4: 'torus'}
{0: 'cube', 1: 'sphere', 2: 't_shape', 3: 'cross', 4: 'torus'}
Saving eval videos to checkpoints/ppo_memtasks/rgb_joints_belief/normalized_dense/RememberShapeAndColor3x2-v0/ppo-baseline-33__33__rgb_joints_belief__20260105_150549/20260105_150549/videos
======================================================================
Max Episode Steps: 60
======================================================================

Loading belief model from /local/s4176650/sphinx/storage/RememberShapeAndColor3x2-v0_cvae_mikasa_test/final_vae_model.pt
  phi_dim=16, latent_dim=32
Belief model loaded successfully. Memory size: 768
Running training

####
args.num_iterations=865 args.num_envs=200 args.num_eval_envs=16
args.minibatch_size=375 args.batch_size=12000 args.update_epochs=4
####

sample_obs.keys()=dict_keys(['joints', 'rgb'])
joints: torch.Size([200, 25])
rgb: torch.Size([200, 128, 128, 3])


Epoch: 1, global_step=0
Evaluating
Evaluated 11520 steps resulting in 192 episodes
[32mEvaluation Metric: success_once[0m | [36mMean: 0.0000[0m
[32mEvaluation Metric: return[0m | [36mMean: 9.8643[0m
[32mEvaluation Metric: episode_len[0m | [36mMean: 60.0000[0m
[32mEvaluation Metric: reward[0m | [36mMean: 0.1644[0m
[32mEvaluation Metric: success_at_end[0m | [36mMean: 0.0000[0m
model saved to checkpoints/ppo_memtasks/rgb_joints_belief/normalized_dense/RememberShapeAndColor3x2-v0/ppo-baseline-33__33__rgb_joints_belief__20260105_150549/20260105_150549/ckpt_0_1.pt
SPS: 143
Epoch: 2, global_step=12000
SPS: 260
Epoch: 3, global_step=24000
SPS: 358
Epoch: 4, global_step=36000
SPS: 441
Epoch: 5, global_step=48000
SPS: 511
Epoch: 6, global_step=60000
SPS: 568
Epoch: 7, global_step=72000
SPS: 617
Epoch: 8, global_step=84000
SPS: 659
Epoch: 9, global_step=96000
SPS: 700
Epoch: 10, global_step=108000
SPS: 735
Epoch: 11, global_step=120000
SPS: 764
Epoch: 12, global_step=132000
SPS: 791
Epoch: 13, global_step=144000
SPS: 816
Epoch: 14, global_step=156000
SPS: 839
Epoch: 15, global_step=168000
SPS: 860
Epoch: 16, global_step=180000
SPS: 877
Epoch: 17, global_step=192000
SPS: 892
Epoch: 18, global_step=204000
SPS: 906
Epoch: 19, global_step=216000
SPS: 918
Epoch: 20, global_step=228000
SPS: 930
Epoch: 21, global_step=240000
SPS: 941
Epoch: 22, global_step=252000
SPS: 951
Epoch: 23, global_step=264000
SPS: 960
Epoch: 24, global_step=276000
SPS: 969
Epoch: 25, global_step=288000
SPS: 977
Epoch: 26, global_step=300000
SPS: 987
Epoch: 27, global_step=312000
SPS: 994
Epoch: 28, global_step=324000
SPS: 1001
Epoch: 29, global_step=336000
SPS: 1007
Epoch: 30, global_step=348000
SPS: 1013
Epoch: 31, global_step=360000
SPS: 1018
Epoch: 32, global_step=372000
SPS: 1024
Epoch: 33, global_step=384000
SPS: 1028
Epoch: 34, global_step=396000
SPS: 1033
Epoch: 35, global_step=408000
SPS: 1037
Epoch: 36, global_step=420000
SPS: 1041
Epoch: 37, global_step=432000
SPS: 1046
Epoch: 38, global_step=444000
SPS: 1050
Epoch: 39, global_step=456000
SPS: 1053
Epoch: 40, global_step=468000
