Enabling podman.socket for user: s4176650
Running RememberShapeAndColor3x2-v0 with belief, seed 42

===========================================================================
║                        Environment Configuration                        ║
===========================================================================
║ Environment ID: RememberShapeAndColor3x2-v0                             ║
║ Oracle Info:    None                                                    ║
║ Wrappers:                                                               ║
║    ├─ InitialZeroActionWrapper                                         ║
║    │  └─ {'n_initial_steps': 0}                                           ║
║    ├─ RememberShapeAndColorInfoWrapper                                 ║
║    ├─ RenderStepInfoWrapper                                            ║
║    ├─ RenderRewardInfoWrapper                                          ║
║    ├─ DebugRewardWrapper                                               ║
║-------------------------------------------------------------------------║
║ include_state:       False │ state will not be used                ║
║ include_rgb:         True  │ rgb images will be used               ║
║ include_oracle:      False │ oracle info will not be used          ║
║ include_joints:      True  │ joints will be used                   ║
===========================================================================

MODE='rgb_joints_belief'
prompt_info=None
{0: 'cube', 1: 'sphere', 2: 't_shape', 3: 'cross', 4: 'torus'}
{0: 'cube', 1: 'sphere', 2: 't_shape', 3: 'cross', 4: 'torus'}
Saving eval videos to checkpoints/ppo_memtasks/rgb_joints_belief/normalized_dense/RememberShapeAndColor3x2-v0/ppo-last4-cvae-42__42__rgb_joints_belief__20260112_123153/20260112_123153/videos
======================================================================
Max Episode Steps: 60
======================================================================

Loading belief model from /local/s4176650/sphinx/storage_cvae/RememberShapeAndColor3x2-v0_cvae_mikasa_last4/final_vae_model.pt
  phi_dim=16, latent_dim=32
Belief model loaded successfully. Memory size: 768
Running training

####
args.num_iterations=865 args.num_envs=200 args.num_eval_envs=16
args.minibatch_size=375 args.batch_size=12000 args.update_epochs=4
####

sample_obs.keys()=dict_keys(['joints', 'rgb'])
joints: torch.Size([200, 25])
rgb: torch.Size([200, 128, 128, 3])


Epoch: 1, global_step=0
Evaluating
Evaluated 11520 steps resulting in 192 episodes
[32mEvaluation Metric: success_once[0m | [36mMean: 0.0000[0m
[32mEvaluation Metric: return[0m | [36mMean: 9.8749[0m
[32mEvaluation Metric: episode_len[0m | [36mMean: 60.0000[0m
[32mEvaluation Metric: reward[0m | [36mMean: 0.1646[0m
[32mEvaluation Metric: success_at_end[0m | [36mMean: 0.0000[0m
model saved to checkpoints/ppo_memtasks/rgb_joints_belief/normalized_dense/RememberShapeAndColor3x2-v0/ppo-last4-cvae-42__42__rgb_joints_belief__20260112_123153/20260112_123153/ckpt_0_1.pt
SPS: 141
Epoch: 2, global_step=12000
SPS: 256
Epoch: 3, global_step=24000
SPS: 350
Epoch: 4, global_step=36000
SPS: 429
Epoch: 5, global_step=48000
SPS: 495
Epoch: 6, global_step=60000
SPS: 555
Epoch: 7, global_step=72000
SPS: 606
Epoch: 8, global_step=84000
SPS: 650
Epoch: 9, global_step=96000
SPS: 687
Epoch: 10, global_step=108000
SPS: 722
Epoch: 11, global_step=120000
SPS: 752
Epoch: 12, global_step=132000
SPS: 778
Epoch: 13, global_step=144000
SPS: 801
Epoch: 14, global_step=156000
SPS: 824
Epoch: 15, global_step=168000
SPS: 843
Epoch: 16, global_step=180000
SPS: 862
Epoch: 17, global_step=192000
SPS: 878
Epoch: 18, global_step=204000
SPS: 892
Epoch: 19, global_step=216000
SPS: 907
Epoch: 20, global_step=228000
SPS: 920
Epoch: 21, global_step=240000
SPS: 931
Epoch: 22, global_step=252000
SPS: 942
Epoch: 23, global_step=264000
SPS: 953
Epoch: 24, global_step=276000
SPS: 963
Epoch: 25, global_step=288000
SPS: 972
Epoch: 26, global_step=300000
SPS: 980
Epoch: 27, global_step=312000
SPS: 988
Epoch: 28, global_step=324000
SPS: 994
Epoch: 29, global_step=336000
SPS: 1000
Epoch: 30, global_step=348000
SPS: 1006
Epoch: 31, global_step=360000
SPS: 1012
Epoch: 32, global_step=372000
SPS: 1017
Epoch: 33, global_step=384000
SPS: 1022
Epoch: 34, global_step=396000
SPS: 1026
Epoch: 35, global_step=408000
SPS: 1031
Epoch: 36, global_step=420000
SPS: 1035
Epoch: 37, global_step=432000
SPS: 1039
Epoch: 38, global_step=444000
SPS: 1043
Epoch: 39, global_step=456000
SPS: 1046
Epoch: 40, global_step=468000
SPS: 1050
Epoch: 41, global_step=480000
SPS: 1054
Epoch: 42, global_step=492000
SPS: 1058
Epoch: 43, global_step=504000
SPS: 1063
Epoch: 44, global_step=516000
SPS: 1067
Epoch: 45, global_step=528000
SPS: 1070
Epoch: 46, global_step=540000
SPS: 1073
Epoch: 47, global_step=552000
SPS: 1077
Epoch: 48, global_step=564000
SPS: 1079
Epoch: 49, global_step=576000
Evaluating
Evaluated 11520 steps resulting in 192 episodes
[32mEvaluation Metric: success_once[0m | [36mMean: 0.3125[0m
[32mEvaluation Metric: return[0m | [36mMean: 7.1178[0m
[32mEvaluation Metric: episode_len[0m | [36mMean: 60.0000[0m
[32mEvaluation Metric: reward[0m | [36mMean: 0.1186[0m
[32mEvaluation Metric: success_at_end[0m | [36mMean: 0.1198[0m
model saved to checkpoints/ppo_memtasks/rgb_joints_belief/normalized_dense/RememberShapeAndColor3x2-v0/ppo-last4-cvae-42__42__rgb_joints_belief__20260112_123153/20260112_123153/ckpt_1_49.pt
SPS: 932
Epoch: 50, global_step=588000
SPS: 938
Epoch: 51, global_step=600000
SPS: 943
Epoch: 52, global_step=612000
SPS: 947
Epoch: 53, global_step=624000
SPS: 951
Epoch: 54, global_step=636000
SPS: 955
Epoch: 55, global_step=648000
SPS: 960
Epoch: 56, global_step=660000
SPS: 964
Epoch: 57, global_step=672000
SPS: 968
Epoch: 58, global_step=684000
SPS: 972
Epoch: 59, global_step=696000
SPS: 975
Epoch: 60, global_step=708000
SPS: 979
Epoch: 61, global_step=720000
SPS: 983
Epoch: 62, global_step=732000
SPS: 987
Epoch: 63, global_step=744000
SPS: 991
Epoch: 64, global_step=756000
SPS: 994
Epoch: 65, global_step=768000
SPS: 997
Epoch: 66, global_step=780000
SPS: 1000
Epoch: 67, global_step=792000
SPS: 1003
Epoch: 68, global_step=804000
SPS: 1005
Epoch: 69, global_step=816000
SPS: 1008
Epoch: 70, global_step=828000
SPS: 1012
Epoch: 71, global_step=840000
SPS: 1014
Epoch: 72, global_step=852000
SPS: 1016
Epoch: 73, global_step=864000
SPS: 1019
Epoch: 74, global_step=876000
SPS: 1022
Epoch: 75, global_step=888000
SPS: 1024
Epoch: 76, global_step=900000
SPS: 1027
Epoch: 77, global_step=912000
SPS: 1029
Epoch: 78, global_step=924000
SPS: 1031
Epoch: 79, global_step=936000
SPS: 1033
Epoch: 80, global_step=948000
SPS: 1035
Epoch: 81, global_step=960000
SPS: 1037
Epoch: 82, global_step=972000
SPS: 1039
Epoch: 83, global_step=984000
SPS: 1040
Epoch: 84, global_step=996000
SPS: 1042
Epoch: 85, global_step=1008000
SPS: 1044
Epoch: 86, global_step=1020000
SPS: 1045
Epoch: 87, global_step=1032000
SPS: 1047
Epoch: 88, global_step=1044000
SPS: 1048
Epoch: 89, global_step=1056000
SPS: 1050
Epoch: 90, global_step=1068000
SPS: 1051
Epoch: 91, global_step=1080000
SPS: 1052
Epoch: 92, global_step=1092000
SPS: 1054
Epoch: 93, global_step=1104000
SPS: 1055
Epoch: 94, global_step=1116000
SPS: 1057
Epoch: 95, global_step=1128000
SPS: 1058
Epoch: 96, global_step=1140000
SPS: 1059
Epoch: 97, global_step=1152000
Evaluating
Evaluated 11520 steps resulting in 192 episodes
[32mEvaluation Metric: success_once[0m | [36mMean: 0.2865[0m
[32mEvaluation Metric: return[0m | [36mMean: 7.9389[0m
[32mEvaluation Metric: episode_len[0m | [36mMean: 60.0000[0m
[32mEvaluation Metric: reward[0m | [36mMean: 0.1323[0m
[32mEvaluation Metric: success_at_end[0m | [36mMean: 0.0938[0m
model saved to checkpoints/ppo_memtasks/rgb_joints_belief/normalized_dense/RememberShapeAndColor3x2-v0/ppo-last4-cvae-42__42__rgb_joints_belief__20260112_123153/20260112_123153/ckpt_2_97.pt
SPS: 983
Epoch: 98, global_step=1164000
SPS: 985
Epoch: 99, global_step=1176000
SPS: 987
Epoch: 100, global_step=1188000
SPS: 989
Epoch: 101, global_step=1200000
SPS: 991
Epoch: 102, global_step=1212000
SPS: 993
Epoch: 103, global_step=1224000
SPS: 994
Epoch: 104, global_step=1236000
SPS: 996
Epoch: 105, global_step=1248000
SPS: 998
Epoch: 106, global_step=1260000
SPS: 999
Epoch: 107, global_step=1272000
SPS: 1001
Epoch: 108, global_step=1284000
SPS: 1002
Epoch: 109, global_step=1296000
SPS: 1004
Epoch: 110, global_step=1308000
SPS: 1006
Epoch: 111, global_step=1320000
SPS: 1007
Epoch: 112, global_step=1332000
SPS: 1009
Epoch: 113, global_step=1344000
SPS: 1010
Epoch: 114, global_step=1356000
SPS: 1012
Epoch: 115, global_step=1368000
SPS: 1013
Epoch: 116, global_step=1380000
SPS: 1015
Epoch: 117, global_step=1392000
SPS: 1016
Epoch: 118, global_step=1404000
SPS: 1017
Epoch: 119, global_step=1416000
SPS: 1018
Epoch: 120, global_step=1428000
SPS: 1020
Epoch: 121, global_step=1440000
SPS: 1021
Epoch: 122, global_step=1452000
SPS: 1022
Epoch: 123, global_step=1464000
SPS: 1023
Epoch: 124, global_step=1476000
SPS: 1025
Epoch: 125, global_step=1488000
SPS: 1026
Epoch: 126, global_step=1500000
SPS: 1027
Epoch: 127, global_step=1512000
SPS: 1028
Epoch: 128, global_step=1524000
SPS: 1030
Epoch: 129, global_step=1536000
SPS: 1031
Epoch: 130, global_step=1548000
SPS: 1033
Epoch: 131, global_step=1560000
SPS: 1034
Epoch: 132, global_step=1572000
SPS: 1036
Epoch: 133, global_step=1584000
SPS: 1037
Epoch: 134, global_step=1596000
SPS: 1038
Epoch: 135, global_step=1608000
SPS: 1039
Epoch: 136, global_step=1620000
SPS: 1040
Epoch: 137, global_step=1632000
SPS: 1041
Epoch: 138, global_step=1644000
SPS: 1042
Epoch: 139, global_step=1656000
SPS: 1043
Epoch: 140, global_step=1668000
SPS: 1044
Epoch: 141, global_step=1680000
SPS: 1045
Epoch: 142, global_step=1692000
SPS: 1046
Epoch: 143, global_step=1704000
SPS: 1047
Epoch: 144, global_step=1716000
SPS: 1048
Epoch: 145, global_step=1728000
Evaluating
Evaluated 11520 steps resulting in 192 episodes
[32mEvaluation Metric: success_once[0m | [36mMean: 0.4427[0m
[32mEvaluation Metric: return[0m | [36mMean: 12.2058[0m
[32mEvaluation Metric: episode_len[0m | [36mMean: 60.0000[0m
[32mEvaluation Metric: reward[0m | [36mMean: 0.2034[0m
[32mEvaluation Metric: success_at_end[0m | [36mMean: 0.1615[0m
model saved to checkpoints/ppo_memtasks/rgb_joints_belief/normalized_dense/RememberShapeAndColor3x2-v0/ppo-last4-cvae-42__42__rgb_joints_belief__20260112_123153/20260112_123153/ckpt_3_145.pt
SPS: 996
Epoch: 146, global_step=1740000
SPS: 997
Epoch: 147, global_step=1752000
SPS: 999
Epoch: 148, global_step=1764000
SPS: 1000
Epoch: 149, global_step=1776000
SPS: 1002
Epoch: 150, global_step=1788000
SPS: 1003
Epoch: 151, global_step=1800000
SPS: 1004
Epoch: 152, global_step=1812000
SPS: 1005
Epoch: 153, global_step=1824000
SPS: 1007
Epoch: 154, global_step=1836000
SPS: 1008
Epoch: 155, global_step=1848000
SPS: 1009
Epoch: 156, global_step=1860000
SPS: 1011
Epoch: 157, global_step=1872000
SPS: 1013
Epoch: 158, global_step=1884000
SPS: 1015
Epoch: 159, global_step=1896000
SPS: 1017
Epoch: 160, global_step=1908000
SPS: 1019
Epoch: 161, global_step=1920000
SPS: 1021
Epoch: 162, global_step=1932000
SPS: 1022
Epoch: 163, global_step=1944000
SPS: 1023
Epoch: 164, global_step=1956000
SPS: 1024
Epoch: 165, global_step=1968000
SPS: 1025
Epoch: 166, global_step=1980000
SPS: 1026
Epoch: 167, global_step=1992000
SPS: 1027
Epoch: 168, global_step=2004000
SPS: 1028
Epoch: 169, global_step=2016000
SPS: 1029
Epoch: 170, global_step=2028000
SPS: 1029
Epoch: 171, global_step=2040000
SPS: 1030
Epoch: 172, global_step=2052000
SPS: 1031
Epoch: 173, global_step=2064000
SPS: 1032
Epoch: 174, global_step=2076000
SPS: 1032
Epoch: 175, global_step=2088000
SPS: 1033
Epoch: 176, global_step=2100000
SPS: 1034
Epoch: 177, global_step=2112000
SPS: 1035
Epoch: 178, global_step=2124000
SPS: 1036
Epoch: 179, global_step=2136000
SPS: 1037
Epoch: 180, global_step=2148000
SPS: 1037
Epoch: 181, global_step=2160000
SPS: 1038
Epoch: 182, global_step=2172000
SPS: 1039
Epoch: 183, global_step=2184000
SPS: 1040
Epoch: 184, global_step=2196000
SPS: 1041
Epoch: 185, global_step=2208000
SPS: 1041
Epoch: 186, global_step=2220000
SPS: 1042
Epoch: 187, global_step=2232000
SPS: 1043
Epoch: 188, global_step=2244000
SPS: 1043
Epoch: 189, global_step=2256000
SPS: 1044
Epoch: 190, global_step=2268000
SPS: 1045
Epoch: 191, global_step=2280000
SPS: 1046
Epoch: 192, global_step=2292000
SPS: 1047
Epoch: 193, global_step=2304000
Evaluating
Evaluated 11520 steps resulting in 192 episodes
[32mEvaluation Metric: success_once[0m | [36mMean: 0.4375[0m
[32mEvaluation Metric: return[0m | [36mMean: 12.9067[0m
[32mEvaluation Metric: episode_len[0m | [36mMean: 60.0000[0m
[32mEvaluation Metric: reward[0m | [36mMean: 0.2151[0m
[32mEvaluation Metric: success_at_end[0m | [36mMean: 0.2031[0m
model saved to checkpoints/ppo_memtasks/rgb_joints_belief/normalized_dense/RememberShapeAndColor3x2-v0/ppo-last4-cvae-42__42__rgb_joints_belief__20260112_123153/20260112_123153/ckpt_4_193.pt
SPS: 1007
Epoch: 194, global_step=2316000
SPS: 1008
Epoch: 195, global_step=2328000
SPS: 1009
Epoch: 196, global_step=2340000
SPS: 1010
Epoch: 197, global_step=2352000
SPS: 1011
Epoch: 198, global_step=2364000
SPS: 1012
Epoch: 199, global_step=2376000
SPS: 1013
Epoch: 200, global_step=2388000
SPS: 1014
Epoch: 201, global_step=2400000
SPS: 1015
Epoch: 202, global_step=2412000
SPS: 1015
Epoch: 203, global_step=2424000
SPS: 1016
Epoch: 204, global_step=2436000
SPS: 1017
Epoch: 205, global_step=2448000
SPS: 1018
Epoch: 206, global_step=2460000
SPS: 1019
Epoch: 207, global_step=2472000
SPS: 1020
Epoch: 208, global_step=2484000
SPS: 1020
Epoch: 209, global_step=2496000
SPS: 1021
Epoch: 210, global_step=2508000
SPS: 1022
Epoch: 211, global_step=2520000
SPS: 1023
Epoch: 212, global_step=2532000
SPS: 1023
Epoch: 213, global_step=2544000
SPS: 1024
Epoch: 214, global_step=2556000
SPS: 1025
Epoch: 215, global_step=2568000
SPS: 1026
Epoch: 216, global_step=2580000
SPS: 1026
Epoch: 217, global_step=2592000
SPS: 1027
Epoch: 218, global_step=2604000
SPS: 1028
Epoch: 219, global_step=2616000
SPS: 1029
Epoch: 220, global_step=2628000
SPS: 1029
Epoch: 221, global_step=2640000
SPS: 1030
Epoch: 222, global_step=2652000
SPS: 1031
Epoch: 223, global_step=2664000
SPS: 1031
Epoch: 224, global_step=2676000
SPS: 1032
Epoch: 225, global_step=2688000
SPS: 1033
Epoch: 226, global_step=2700000
SPS: 1033
Epoch: 227, global_step=2712000
SPS: 1034
Epoch: 228, global_step=2724000
SPS: 1035
Epoch: 229, global_step=2736000
SPS: 1036
Epoch: 230, global_step=2748000
SPS: 1037
Epoch: 231, global_step=2760000
SPS: 1038
Epoch: 232, global_step=2772000
SPS: 1039
Epoch: 233, global_step=2784000
SPS: 1040
Epoch: 234, global_step=2796000
SPS: 1040
Epoch: 235, global_step=2808000
SPS: 1041
Epoch: 236, global_step=2820000
SPS: 1042
Epoch: 237, global_step=2832000
SPS: 1043
Epoch: 238, global_step=2844000
SPS: 1043
Epoch: 239, global_step=2856000
SPS: 1044
Epoch: 240, global_step=2868000
SPS: 1045
Epoch: 241, global_step=2880000
Evaluating
Evaluated 11520 steps resulting in 192 episodes
[32mEvaluation Metric: success_once[0m | [36mMean: 0.4427[0m
[32mEvaluation Metric: return[0m | [36mMean: 16.5753[0m
[32mEvaluation Metric: episode_len[0m | [36mMean: 60.0000[0m
[32mEvaluation Metric: reward[0m | [36mMean: 0.2763[0m
[32mEvaluation Metric: success_at_end[0m | [36mMean: 0.2448[0m
model saved to checkpoints/ppo_memtasks/rgb_joints_belief/normalized_dense/RememberShapeAndColor3x2-v0/ppo-last4-cvae-42__42__rgb_joints_belief__20260112_123153/20260112_123153/ckpt_5_241.pt
SPS: 1014
Epoch: 242, global_step=2892000
SPS: 1015
Epoch: 243, global_step=2904000
SPS: 1015
Epoch: 244, global_step=2916000
SPS: 1016
Epoch: 245, global_step=2928000
SPS: 1017
Epoch: 246, global_step=2940000
SPS: 1018
Epoch: 247, global_step=2952000
SPS: 1019
Epoch: 248, global_step=2964000
SPS: 1019
Epoch: 249, global_step=2976000
SPS: 1020
Epoch: 250, global_step=2988000
SPS: 1021
Epoch: 251, global_step=3000000
SPS: 1021
Epoch: 252, global_step=3012000
SPS: 1023
Epoch: 253, global_step=3024000
SPS: 1024
Epoch: 254, global_step=3036000
SPS: 1024
Epoch: 255, global_step=3048000
SPS: 1025
Epoch: 256, global_step=3060000
SPS: 1026
Epoch: 257, global_step=3072000
SPS: 1026
Epoch: 258, global_step=3084000
SPS: 1027
Epoch: 259, global_step=3096000
SPS: 1027
Epoch: 260, global_step=3108000
SPS: 1028
Epoch: 261, global_step=3120000
SPS: 1029
Epoch: 262, global_step=3132000
SPS: 1029
Epoch: 263, global_step=3144000
SPS: 1030
Epoch: 264, global_step=3156000
SPS: 1031
Epoch: 265, global_step=3168000
SPS: 1031
Epoch: 266, global_step=3180000
SPS: 1032
Epoch: 267, global_step=3192000
SPS: 1032
Epoch: 268, global_step=3204000
SPS: 1033
Epoch: 269, global_step=3216000
SPS: 1033
Epoch: 270, global_step=3228000
SPS: 1034
Epoch: 271, global_step=3240000
SPS: 1035
Epoch: 272, global_step=3252000
SPS: 1035
Epoch: 273, global_step=3264000
SPS: 1036
Epoch: 274, global_step=3276000
SPS: 1036
Epoch: 275, global_step=3288000
SPS: 1037
Epoch: 276, global_step=3300000
SPS: 1037
Epoch: 277, global_step=3312000
SPS: 1038
Epoch: 278, global_step=3324000
SPS: 1039
Epoch: 279, global_step=3336000
SPS: 1039
Epoch: 280, global_step=3348000
SPS: 1040
Epoch: 281, global_step=3360000
SPS: 1041
Epoch: 282, global_step=3372000
SPS: 1041
Epoch: 283, global_step=3384000
SPS: 1042
Epoch: 284, global_step=3396000
SPS: 1042
Epoch: 285, global_step=3408000
SPS: 1043
Epoch: 286, global_step=3420000
SPS: 1044
Epoch: 287, global_step=3432000
SPS: 1045
Epoch: 288, global_step=3444000
SPS: 1045
Epoch: 289, global_step=3456000
Evaluating
Evaluated 11520 steps resulting in 192 episodes
[32mEvaluation Metric: success_once[0m | [36mMean: 0.5052[0m
[32mEvaluation Metric: return[0m | [36mMean: 18.9474[0m
[32mEvaluation Metric: episode_len[0m | [36mMean: 60.0000[0m
[32mEvaluation Metric: reward[0m | [36mMean: 0.3158[0m
[32mEvaluation Metric: success_at_end[0m | [36mMean: 0.3073[0m
model saved to checkpoints/ppo_memtasks/rgb_joints_belief/normalized_dense/RememberShapeAndColor3x2-v0/ppo-last4-cvae-42__42__rgb_joints_belief__20260112_123153/20260112_123153/ckpt_6_289.pt
SPS: 1019
Epoch: 290, global_step=3468000
SPS: 1020
Epoch: 291, global_step=3480000
SPS: 1020
Epoch: 292, global_step=3492000
SPS: 1021
Epoch: 293, global_step=3504000
SPS: 1022
Epoch: 294, global_step=3516000
SPS: 1022
Epoch: 295, global_step=3528000
SPS: 1023
Epoch: 296, global_step=3540000
SPS: 1024
Epoch: 297, global_step=3552000
SPS: 1025
Epoch: 298, global_step=3564000
SPS: 1026
Epoch: 299, global_step=3576000
SPS: 1026
Epoch: 300, global_step=3588000
SPS: 1027
Epoch: 301, global_step=3600000
SPS: 1028
Epoch: 302, global_step=3612000
SPS: 1028
Epoch: 303, global_step=3624000
SPS: 1029
Epoch: 304, global_step=3636000
SPS: 1029
Epoch: 305, global_step=3648000
SPS: 1030
Epoch: 306, global_step=3660000
SPS: 1030
Epoch: 307, global_step=3672000
SPS: 1031
Epoch: 308, global_step=3684000
SPS: 1031
Epoch: 309, global_step=3696000
SPS: 1032
Epoch: 310, global_step=3708000
SPS: 1032
Epoch: 311, global_step=3720000
SPS: 1033
Epoch: 312, global_step=3732000
SPS: 1033
Epoch: 313, global_step=3744000
SPS: 1034
Epoch: 314, global_step=3756000
SPS: 1034
Epoch: 315, global_step=3768000
SPS: 1035
Epoch: 316, global_step=3780000
SPS: 1035
Epoch: 317, global_step=3792000
SPS: 1036
Epoch: 318, global_step=3804000
SPS: 1036
Epoch: 319, global_step=3816000
SPS: 1037
Epoch: 320, global_step=3828000
SPS: 1038
Epoch: 321, global_step=3840000
SPS: 1039
Epoch: 322, global_step=3852000
SPS: 1039
Epoch: 323, global_step=3864000
SPS: 1040
Epoch: 324, global_step=3876000
SPS: 1040
Epoch: 325, global_step=3888000
SPS: 1041
Epoch: 326, global_step=3900000
SPS: 1041
Epoch: 327, global_step=3912000
SPS: 1041
Epoch: 328, global_step=3924000
SPS: 1042
Epoch: 329, global_step=3936000
SPS: 1043
Epoch: 330, global_step=3948000
SPS: 1043
Epoch: 331, global_step=3960000
SPS: 1044
Epoch: 332, global_step=3972000
SPS: 1044
Epoch: 333, global_step=3984000
SPS: 1045
Epoch: 334, global_step=3996000
SPS: 1045
Epoch: 335, global_step=4008000
SPS: 1046
Epoch: 336, global_step=4020000
SPS: 1047
Epoch: 337, global_step=4032000
Evaluating
Evaluated 11520 steps resulting in 192 episodes
[32mEvaluation Metric: success_once[0m | [36mMean: 0.5156[0m
[32mEvaluation Metric: return[0m | [36mMean: 21.3075[0m
[32mEvaluation Metric: episode_len[0m | [36mMean: 60.0000[0m
[32mEvaluation Metric: reward[0m | [36mMean: 0.3551[0m
[32mEvaluation Metric: success_at_end[0m | [36mMean: 0.4010[0m
model saved to checkpoints/ppo_memtasks/rgb_joints_belief/normalized_dense/RememberShapeAndColor3x2-v0/ppo-last4-cvae-42__42__rgb_joints_belief__20260112_123153/20260112_123153/ckpt_7_337.pt
SPS: 1024
Epoch: 338, global_step=4044000
SPS: 1025
Epoch: 339, global_step=4056000
SPS: 1026
Epoch: 340, global_step=4068000
SPS: 1026
Epoch: 341, global_step=4080000
SPS: 1027
Epoch: 342, global_step=4092000
SPS: 1027
Epoch: 343, global_step=4104000
SPS: 1028
Epoch: 344, global_step=4116000
SPS: 1028
Epoch: 345, global_step=4128000
SPS: 1029
Epoch: 346, global_step=4140000
SPS: 1029
Epoch: 347, global_step=4152000
SPS: 1029
Epoch: 348, global_step=4164000
SPS: 1030
Epoch: 349, global_step=4176000
SPS: 1030
Epoch: 350, global_step=4188000
SPS: 1031
Epoch: 351, global_step=4200000
SPS: 1031
Epoch: 352, global_step=4212000
SPS: 1032
Epoch: 353, global_step=4224000
SPS: 1032
Epoch: 354, global_step=4236000
SPS: 1032
Epoch: 355, global_step=4248000
SPS: 1033
Epoch: 356, global_step=4260000
SPS: 1034
Epoch: 357, global_step=4272000
SPS: 1034
Epoch: 358, global_step=4284000
SPS: 1035
Epoch: 359, global_step=4296000
SPS: 1035
Epoch: 360, global_step=4308000
SPS: 1035
Epoch: 361, global_step=4320000
SPS: 1036
Epoch: 362, global_step=4332000
SPS: 1037
Epoch: 363, global_step=4344000
SPS: 1037
Epoch: 364, global_step=4356000
SPS: 1038
Epoch: 365, global_step=4368000
SPS: 1038
Epoch: 366, global_step=4380000
