Enabling podman.socket for user: s4176650
Running Intercept-Slow (BELIEF), seed 33

===========================================================================
║                        Environment Configuration                        ║
===========================================================================
║ Environment ID: InterceptSlow-v0                                        ║
║ Oracle Info:    None                                                    ║
║ Wrappers:                                                               ║
║    ├─ InitialZeroActionWrapper                                         ║
║    │  └─ {'n_initial_steps': 0}                                           ║
║    ├─ RenderStepInfoWrapper                                            ║
║    ├─ RenderRewardInfoWrapper                                          ║
║    ├─ DebugRewardWrapper                                               ║
║-------------------------------------------------------------------------║
║ include_state:       False │ state will not be used                ║
║ include_rgb:         True  │ rgb images will be used               ║
║ include_oracle:      False │ oracle info will not be used          ║
║ include_joints:      True  │ joints will be used                   ║
===========================================================================

MODE='rgb_joints_belief'
prompt_info=None
Saving eval videos to checkpoints/ppo_memtasks/rgb_joints_belief/normalized_dense/InterceptSlow-v0/ppo-cave-interceptslow-33__33__rgb_joints_belief__20260127_091300/20260127_091300/videos
======================================================================
Max Episode Steps: 90
======================================================================

Loading belief model from /local/s4176650/sphinx/storage_cvae/InterceptSlow-v0_cvae_mikasa_last5_v6_1/final_vae_model.pt
  phi_dim=16, latent_dim=32
Belief model loaded successfully. Memory size: 768
Running training

####
args.num_iterations=434 args.num_envs=256 args.num_eval_envs=16
args.minibatch_size=720 args.batch_size=23040 args.update_epochs=2
####

sample_obs.keys()=dict_keys(['joints', 'rgb'])
joints: torch.Size([256, 25])
rgb: torch.Size([256, 128, 128, 3])


Epoch: 1, global_step=0
Evaluating
Evaluated 17280 steps resulting in 192 episodes
[32mEvaluation Metric: success_once[0m | [36mMean: 0.0781[0m
[32mEvaluation Metric: return[0m | [36mMean: 2.0305[0m
[32mEvaluation Metric: episode_len[0m | [36mMean: 90.0000[0m
[32mEvaluation Metric: reward[0m | [36mMean: 0.0226[0m
[32mEvaluation Metric: success_at_end[0m | [36mMean: 0.0312[0m
model saved to checkpoints/ppo_memtasks/rgb_joints_belief/normalized_dense/InterceptSlow-v0/ppo-cave-interceptslow-33__33__rgb_joints_belief__20260127_091300/20260127_091300/ckpt_0_1.pt
SPS: 238
Epoch: 2, global_step=23040
SPS: 431
Epoch: 3, global_step=46080
SPS: 587
Epoch: 4, global_step=69120
SPS: 719
Epoch: 5, global_step=92160
SPS: 828
Epoch: 6, global_step=115200
SPS: 920
Epoch: 7, global_step=138240
SPS: 999
Epoch: 8, global_step=161280
SPS: 1066
Epoch: 9, global_step=184320
SPS: 1125
Epoch: 10, global_step=207360
SPS: 1176
Epoch: 11, global_step=230400
SPS: 1223
Epoch: 12, global_step=253440
SPS: 1265
Epoch: 13, global_step=276480
SPS: 1303
Epoch: 14, global_step=299520
SPS: 1337
Epoch: 15, global_step=322560
SPS: 1368
Epoch: 16, global_step=345600
SPS: 1397
Epoch: 17, global_step=368640
SPS: 1423
Epoch: 18, global_step=391680
SPS: 1447
Epoch: 19, global_step=414720
SPS: 1470
Epoch: 20, global_step=437760
SPS: 1491
Epoch: 21, global_step=460800
SPS: 1510
Epoch: 22, global_step=483840
SPS: 1529
Epoch: 23, global_step=506880
SPS: 1546
Epoch: 24, global_step=529920
SPS: 1562
Epoch: 25, global_step=552960
SPS: 1577
Epoch: 26, global_step=576000
Evaluating
Evaluated 17280 steps resulting in 192 episodes
[32mEvaluation Metric: success_once[0m | [36mMean: 0.1562[0m
[32mEvaluation Metric: return[0m | [36mMean: 5.2831[0m
[32mEvaluation Metric: episode_len[0m | [36mMean: 90.0000[0m
[32mEvaluation Metric: reward[0m | [36mMean: 0.0587[0m
[32mEvaluation Metric: success_at_end[0m | [36mMean: 0.0677[0m
model saved to checkpoints/ppo_memtasks/rgb_joints_belief/normalized_dense/InterceptSlow-v0/ppo-cave-interceptslow-33__33__rgb_joints_belief__20260127_091300/20260127_091300/ckpt_1_26.pt
SPS: 1262
Epoch: 27, global_step=599040
SPS: 1280
Epoch: 28, global_step=622080
SPS: 1298
Epoch: 29, global_step=645120
SPS: 1315
Epoch: 30, global_step=668160
SPS: 1330
Epoch: 31, global_step=691200
SPS: 1346
Epoch: 32, global_step=714240
SPS: 1361
Epoch: 33, global_step=737280
SPS: 1375
Epoch: 34, global_step=760320
SPS: 1389
Epoch: 35, global_step=783360
SPS: 1402
Epoch: 36, global_step=806400
SPS: 1415
Epoch: 37, global_step=829440
SPS: 1427
Epoch: 38, global_step=852480
SPS: 1439
Epoch: 39, global_step=875520
SPS: 1450
Epoch: 40, global_step=898560
SPS: 1461
Epoch: 41, global_step=921600
SPS: 1471
Epoch: 42, global_step=944640
SPS: 1482
Epoch: 43, global_step=967680
SPS: 1491
Epoch: 44, global_step=990720
SPS: 1501
Epoch: 45, global_step=1013760
SPS: 1510
Epoch: 46, global_step=1036800
SPS: 1519
Epoch: 47, global_step=1059840
SPS: 1528
Epoch: 48, global_step=1082880
SPS: 1536
Epoch: 49, global_step=1105920
SPS: 1544
Epoch: 50, global_step=1128960
SPS: 1552
Epoch: 51, global_step=1152000
Evaluating
Evaluated 17280 steps resulting in 192 episodes
[32mEvaluation Metric: success_once[0m | [36mMean: 0.1615[0m
[32mEvaluation Metric: return[0m | [36mMean: 7.0780[0m
[32mEvaluation Metric: episode_len[0m | [36mMean: 90.0000[0m
[32mEvaluation Metric: reward[0m | [36mMean: 0.0786[0m
[32mEvaluation Metric: success_at_end[0m | [36mMean: 0.0990[0m
model saved to checkpoints/ppo_memtasks/rgb_joints_belief/normalized_dense/InterceptSlow-v0/ppo-cave-interceptslow-33__33__rgb_joints_belief__20260127_091300/20260127_091300/ckpt_2_51.pt
SPS: 1371
Epoch: 52, global_step=1175040
SPS: 1380
Epoch: 53, global_step=1198080
SPS: 1388
Epoch: 54, global_step=1221120
SPS: 1397
Epoch: 55, global_step=1244160
SPS: 1405
Epoch: 56, global_step=1267200
SPS: 1413
Epoch: 57, global_step=1290240
SPS: 1421
Epoch: 58, global_step=1313280
SPS: 1428
Epoch: 59, global_step=1336320
SPS: 1436
Epoch: 60, global_step=1359360
SPS: 1443
Epoch: 61, global_step=1382400
SPS: 1450
Epoch: 62, global_step=1405440
SPS: 1457
Epoch: 63, global_step=1428480
SPS: 1464
Epoch: 64, global_step=1451520
SPS: 1470
Epoch: 65, global_step=1474560
SPS: 1477
Epoch: 66, global_step=1497600
SPS: 1483
Epoch: 67, global_step=1520640
SPS: 1489
Epoch: 68, global_step=1543680
SPS: 1496
Epoch: 69, global_step=1566720
SPS: 1501
Epoch: 70, global_step=1589760
SPS: 1507
Epoch: 71, global_step=1612800
SPS: 1513
Epoch: 72, global_step=1635840
SPS: 1519
Epoch: 73, global_step=1658880
SPS: 1524
Epoch: 74, global_step=1681920
SPS: 1530
Epoch: 75, global_step=1704960
SPS: 1535
Epoch: 76, global_step=1728000
Evaluating
Evaluated 17280 steps resulting in 192 episodes
[32mEvaluation Metric: success_once[0m | [36mMean: 0.3125[0m
[32mEvaluation Metric: return[0m | [36mMean: 8.1316[0m
[32mEvaluation Metric: episode_len[0m | [36mMean: 90.0000[0m
[32mEvaluation Metric: reward[0m | [36mMean: 0.0904[0m
[32mEvaluation Metric: success_at_end[0m | [36mMean: 0.1198[0m
model saved to checkpoints/ppo_memtasks/rgb_joints_belief/normalized_dense/InterceptSlow-v0/ppo-cave-interceptslow-33__33__rgb_joints_belief__20260127_091300/20260127_091300/ckpt_3_76.pt
SPS: 1416
Epoch: 77, global_step=1751040
SPS: 1421
Epoch: 78, global_step=1774080
SPS: 1427
Epoch: 79, global_step=1797120
SPS: 1433
Epoch: 80, global_step=1820160
SPS: 1438
Epoch: 81, global_step=1843200
SPS: 1444
Epoch: 82, global_step=1866240
SPS: 1449
Epoch: 83, global_step=1889280
SPS: 1454
Epoch: 84, global_step=1912320
SPS: 1459
Epoch: 85, global_step=1935360
SPS: 1464
Epoch: 86, global_step=1958400
SPS: 1469
Epoch: 87, global_step=1981440
SPS: 1474
Epoch: 88, global_step=2004480
SPS: 1478
Epoch: 89, global_step=2027520
SPS: 1483
Epoch: 90, global_step=2050560
SPS: 1487
Epoch: 91, global_step=2073600
SPS: 1492
Epoch: 92, global_step=2096640
SPS: 1496
Epoch: 93, global_step=2119680
SPS: 1500
Epoch: 94, global_step=2142720
SPS: 1504
Epoch: 95, global_step=2165760
SPS: 1509
Epoch: 96, global_step=2188800
SPS: 1513
Epoch: 97, global_step=2211840
SPS: 1517
Epoch: 98, global_step=2234880
SPS: 1520
Epoch: 99, global_step=2257920
SPS: 1524
Epoch: 100, global_step=2280960
SPS: 1528
Epoch: 101, global_step=2304000
Evaluating
Evaluated 17280 steps resulting in 192 episodes
[32mEvaluation Metric: success_once[0m | [36mMean: 0.3906[0m
[32mEvaluation Metric: return[0m | [36mMean: 8.6997[0m
[32mEvaluation Metric: episode_len[0m | [36mMean: 90.0000[0m
[32mEvaluation Metric: reward[0m | [36mMean: 0.0967[0m
[32mEvaluation Metric: success_at_end[0m | [36mMean: 0.1250[0m
model saved to checkpoints/ppo_memtasks/rgb_joints_belief/normalized_dense/InterceptSlow-v0/ppo-cave-interceptslow-33__33__rgb_joints_belief__20260127_091300/20260127_091300/ckpt_4_101.pt
SPS: 1438
Epoch: 102, global_step=2327040
SPS: 1442
Epoch: 103, global_step=2350080
SPS: 1446
Epoch: 104, global_step=2373120
SPS: 1450
Epoch: 105, global_step=2396160
SPS: 1454
Epoch: 106, global_step=2419200
SPS: 1458
Epoch: 107, global_step=2442240
SPS: 1462
Epoch: 108, global_step=2465280
SPS: 1466
Epoch: 109, global_step=2488320
SPS: 1469
Epoch: 110, global_step=2511360
SPS: 1473
Epoch: 111, global_step=2534400
SPS: 1477
Epoch: 112, global_step=2557440
SPS: 1480
Epoch: 113, global_step=2580480
SPS: 1484
Epoch: 114, global_step=2603520
SPS: 1488
Epoch: 115, global_step=2626560
SPS: 1491
Epoch: 116, global_step=2649600
SPS: 1494
Epoch: 117, global_step=2672640
SPS: 1498
Epoch: 118, global_step=2695680
SPS: 1501
Epoch: 119, global_step=2718720
SPS: 1504
Epoch: 120, global_step=2741760
SPS: 1508
Epoch: 121, global_step=2764800
SPS: 1511
Epoch: 122, global_step=2787840
SPS: 1514
Epoch: 123, global_step=2810880
SPS: 1517
Epoch: 124, global_step=2833920
SPS: 1520
Epoch: 125, global_step=2856960
SPS: 1523
Epoch: 126, global_step=2880000
Evaluating
Evaluated 17280 steps resulting in 192 episodes
[32mEvaluation Metric: success_once[0m | [36mMean: 0.4010[0m
[32mEvaluation Metric: return[0m | [36mMean: 8.6845[0m
[32mEvaluation Metric: episode_len[0m | [36mMean: 90.0000[0m
[32mEvaluation Metric: reward[0m | [36mMean: 0.0965[0m
[32mEvaluation Metric: success_at_end[0m | [36mMean: 0.0729[0m
model saved to checkpoints/ppo_memtasks/rgb_joints_belief/normalized_dense/InterceptSlow-v0/ppo-cave-interceptslow-33__33__rgb_joints_belief__20260127_091300/20260127_091300/ckpt_5_126.pt
SPS: 1450
Epoch: 127, global_step=2903040
SPS: 1453
Epoch: 128, global_step=2926080
SPS: 1457
Epoch: 129, global_step=2949120
SPS: 1460
Epoch: 130, global_step=2972160
SPS: 1463
Epoch: 131, global_step=2995200
SPS: 1466
Epoch: 132, global_step=3018240
SPS: 1469
Epoch: 133, global_step=3041280
SPS: 1472
Epoch: 134, global_step=3064320
SPS: 1475
Epoch: 135, global_step=3087360
SPS: 1478
Epoch: 136, global_step=3110400
SPS: 1481
Epoch: 137, global_step=3133440
SPS: 1484
Epoch: 138, global_step=3156480
SPS: 1486
Epoch: 139, global_step=3179520
SPS: 1489
Epoch: 140, global_step=3202560
SPS: 1492
Epoch: 141, global_step=3225600
SPS: 1495
Epoch: 142, global_step=3248640
SPS: 1498
Epoch: 143, global_step=3271680
SPS: 1500
Epoch: 144, global_step=3294720
SPS: 1503
Epoch: 145, global_step=3317760
SPS: 1506
Epoch: 146, global_step=3340800
SPS: 1508
Epoch: 147, global_step=3363840
SPS: 1511
Epoch: 148, global_step=3386880
SPS: 1513
Epoch: 149, global_step=3409920
SPS: 1516
Epoch: 150, global_step=3432960
SPS: 1518
Epoch: 151, global_step=3456000
Evaluating
Evaluated 17280 steps resulting in 192 episodes
[32mEvaluation Metric: success_once[0m | [36mMean: 0.4062[0m
[32mEvaluation Metric: return[0m | [36mMean: 9.5768[0m
[32mEvaluation Metric: episode_len[0m | [36mMean: 90.0000[0m
[32mEvaluation Metric: reward[0m | [36mMean: 0.1064[0m
[32mEvaluation Metric: success_at_end[0m | [36mMean: 0.0729[0m
model saved to checkpoints/ppo_memtasks/rgb_joints_belief/normalized_dense/InterceptSlow-v0/ppo-cave-interceptslow-33__33__rgb_joints_belief__20260127_091300/20260127_091300/ckpt_6_151.pt
SPS: 1457
Epoch: 152, global_step=3479040
SPS: 1460
Epoch: 153, global_step=3502080
SPS: 1463
Epoch: 154, global_step=3525120
SPS: 1465
Epoch: 155, global_step=3548160
SPS: 1468
Epoch: 156, global_step=3571200
SPS: 1470
Epoch: 157, global_step=3594240
SPS: 1473
Epoch: 158, global_step=3617280
SPS: 1476
Epoch: 159, global_step=3640320
SPS: 1478
Epoch: 160, global_step=3663360
SPS: 1481
Epoch: 161, global_step=3686400
SPS: 1483
Epoch: 162, global_step=3709440
SPS: 1485
Epoch: 163, global_step=3732480
SPS: 1488
Epoch: 164, global_step=3755520
SPS: 1490
Epoch: 165, global_step=3778560
SPS: 1492
Epoch: 166, global_step=3801600
SPS: 1495
Epoch: 167, global_step=3824640
SPS: 1497
Epoch: 168, global_step=3847680
SPS: 1499
Epoch: 169, global_step=3870720
SPS: 1502
Epoch: 170, global_step=3893760
SPS: 1504
Epoch: 171, global_step=3916800
SPS: 1506
Epoch: 172, global_step=3939840
SPS: 1508
Epoch: 173, global_step=3962880
SPS: 1510
Epoch: 174, global_step=3985920
SPS: 1513
Epoch: 175, global_step=4008960
SPS: 1515
Epoch: 176, global_step=4032000
Evaluating
Evaluated 17280 steps resulting in 192 episodes
[32mEvaluation Metric: success_once[0m | [36mMean: 0.5156[0m
[32mEvaluation Metric: return[0m | [36mMean: 11.4853[0m
[32mEvaluation Metric: episode_len[0m | [36mMean: 90.0000[0m
[32mEvaluation Metric: reward[0m | [36mMean: 0.1276[0m
[32mEvaluation Metric: success_at_end[0m | [36mMean: 0.0833[0m
model saved to checkpoints/ppo_memtasks/rgb_joints_belief/normalized_dense/InterceptSlow-v0/ppo-cave-interceptslow-33__33__rgb_joints_belief__20260127_091300/20260127_091300/ckpt_7_176.pt
SPS: 1462
Epoch: 177, global_step=4055040
SPS: 1464
Epoch: 178, global_step=4078080
SPS: 1466
Epoch: 179, global_step=4101120
SPS: 1468
Epoch: 180, global_step=4124160
SPS: 1471
Epoch: 181, global_step=4147200
SPS: 1473
Epoch: 182, global_step=4170240
SPS: 1475
Epoch: 183, global_step=4193280
SPS: 1477
Epoch: 184, global_step=4216320
SPS: 1479
Epoch: 185, global_step=4239360
SPS: 1481
Epoch: 186, global_step=4262400
SPS: 1484
Epoch: 187, global_step=4285440
SPS: 1486
Epoch: 188, global_step=4308480
SPS: 1488
Epoch: 189, global_step=4331520
SPS: 1490
Epoch: 190, global_step=4354560
SPS: 1492
Epoch: 191, global_step=4377600
SPS: 1494
Epoch: 192, global_step=4400640
SPS: 1496
Epoch: 193, global_step=4423680
SPS: 1498
Epoch: 194, global_step=4446720
SPS: 1500
Epoch: 195, global_step=4469760
SPS: 1502
Epoch: 196, global_step=4492800
SPS: 1504
Epoch: 197, global_step=4515840
SPS: 1506
Epoch: 198, global_step=4538880
SPS: 1508
Epoch: 199, global_step=4561920
SPS: 1510
Epoch: 200, global_step=4584960
SPS: 1512
Epoch: 201, global_step=4608000
Evaluating
Evaluated 17280 steps resulting in 192 episodes
[32mEvaluation Metric: success_once[0m | [36mMean: 0.7188[0m
[32mEvaluation Metric: return[0m | [36mMean: 14.9946[0m
[32mEvaluation Metric: episode_len[0m | [36mMean: 90.0000[0m
[32mEvaluation Metric: reward[0m | [36mMean: 0.1666[0m
[32mEvaluation Metric: success_at_end[0m | [36mMean: 0.1562[0m
model saved to checkpoints/ppo_memtasks/rgb_joints_belief/normalized_dense/InterceptSlow-v0/ppo-cave-interceptslow-33__33__rgb_joints_belief__20260127_091300/20260127_091300/ckpt_8_201.pt
SPS: 1466
Epoch: 202, global_step=4631040
SPS: 1468
Epoch: 203, global_step=4654080
SPS: 1470
Epoch: 204, global_step=4677120
SPS: 1472
Epoch: 205, global_step=4700160
SPS: 1474
Epoch: 206, global_step=4723200
SPS: 1476
Epoch: 207, global_step=4746240
SPS: 1477
Epoch: 208, global_step=4769280
SPS: 1479
Epoch: 209, global_step=4792320
SPS: 1481
Epoch: 210, global_step=4815360
SPS: 1483
Epoch: 211, global_step=4838400
SPS: 1485
Epoch: 212, global_step=4861440
SPS: 1487
Epoch: 213, global_step=4884480
SPS: 1489
Epoch: 214, global_step=4907520
SPS: 1490
Epoch: 215, global_step=4930560
SPS: 1492
Epoch: 216, global_step=4953600
SPS: 1494
Epoch: 217, global_step=4976640
SPS: 1496
Epoch: 218, global_step=4999680
SPS: 1498
Epoch: 219, global_step=5022720
SPS: 1499
Epoch: 220, global_step=5045760
SPS: 1501
Epoch: 221, global_step=5068800
SPS: 1503
Epoch: 222, global_step=5091840
SPS: 1505
Epoch: 223, global_step=5114880
SPS: 1506
Epoch: 224, global_step=5137920
SPS: 1508
Epoch: 225, global_step=5160960
SPS: 1510
Epoch: 226, global_step=5184000
Evaluating
Evaluated 17280 steps resulting in 192 episodes
[32mEvaluation Metric: success_once[0m | [36mMean: 0.7344[0m
[32mEvaluation Metric: return[0m | [36mMean: 14.1582[0m
[32mEvaluation Metric: episode_len[0m | [36mMean: 90.0000[0m
[32mEvaluation Metric: reward[0m | [36mMean: 0.1573[0m
[32mEvaluation Metric: success_at_end[0m | [36mMean: 0.0990[0m
model saved to checkpoints/ppo_memtasks/rgb_joints_belief/normalized_dense/InterceptSlow-v0/ppo-cave-interceptslow-33__33__rgb_joints_belief__20260127_091300/20260127_091300/ckpt_9_226.pt
SPS: 1469
Epoch: 227, global_step=5207040
SPS: 1471
Epoch: 228, global_step=5230080
SPS: 1472
Epoch: 229, global_step=5253120
SPS: 1474
Epoch: 230, global_step=5276160
SPS: 1476
Epoch: 231, global_step=5299200
SPS: 1477
Epoch: 232, global_step=5322240
SPS: 1479
Epoch: 233, global_step=5345280
SPS: 1481
Epoch: 234, global_step=5368320
SPS: 1483
Epoch: 235, global_step=5391360
SPS: 1484
Epoch: 236, global_step=5414400
SPS: 1486
Epoch: 237, global_step=5437440
SPS: 1487
Epoch: 238, global_step=5460480
SPS: 1489
Epoch: 239, global_step=5483520
SPS: 1491
Epoch: 240, global_step=5506560
SPS: 1492
Epoch: 241, global_step=5529600
SPS: 1494
Epoch: 242, global_step=5552640
SPS: 1495
Epoch: 243, global_step=5575680
SPS: 1497
Epoch: 244, global_step=5598720
SPS: 1498
Epoch: 245, global_step=5621760
SPS: 1500
Epoch: 246, global_step=5644800
SPS: 1502
Epoch: 247, global_step=5667840
SPS: 1503
Epoch: 248, global_step=5690880
SPS: 1505
Epoch: 249, global_step=5713920
SPS: 1506
Epoch: 250, global_step=5736960
SPS: 1508
Epoch: 251, global_step=5760000
Evaluating
Evaluated 17280 steps resulting in 192 episodes
[32mEvaluation Metric: success_once[0m | [36mMean: 0.6667[0m
[32mEvaluation Metric: return[0m | [36mMean: 14.7386[0m
[32mEvaluation Metric: episode_len[0m | [36mMean: 90.0000[0m
[32mEvaluation Metric: reward[0m | [36mMean: 0.1638[0m
[32mEvaluation Metric: success_at_end[0m | [36mMean: 0.1562[0m
model saved to checkpoints/ppo_memtasks/rgb_joints_belief/normalized_dense/InterceptSlow-v0/ppo-cave-interceptslow-33__33__rgb_joints_belief__20260127_091300/20260127_091300/ckpt_10_251.pt
SPS: 1470
Epoch: 252, global_step=5783040
SPS: 1472
Epoch: 253, global_step=5806080
SPS: 1473
Epoch: 254, global_step=5829120
SPS: 1475
Epoch: 255, global_step=5852160
SPS: 1476
Epoch: 256, global_step=5875200
SPS: 1478
Epoch: 257, global_step=5898240
SPS: 1480
Epoch: 258, global_step=5921280
SPS: 1481
Epoch: 259, global_step=5944320
SPS: 1482
Epoch: 260, global_step=5967360
SPS: 1484
Epoch: 261, global_step=5990400
SPS: 1485
Epoch: 262, global_step=6013440
SPS: 1487
Epoch: 263, global_step=6036480
SPS: 1488
Epoch: 264, global_step=6059520
SPS: 1490
Epoch: 265, global_step=6082560
SPS: 1491
Epoch: 266, global_step=6105600
SPS: 1493
Epoch: 267, global_step=6128640
SPS: 1494
Epoch: 268, global_step=6151680
SPS: 1496
Epoch: 269, global_step=6174720
SPS: 1497
Epoch: 270, global_step=6197760
SPS: 1498
Epoch: 271, global_step=6220800
SPS: 1500
Epoch: 272, global_step=6243840
SPS: 1501
Epoch: 273, global_step=6266880
SPS: 1502
Epoch: 274, global_step=6289920
SPS: 1504
Epoch: 275, global_step=6312960
SPS: 1505
Epoch: 276, global_step=6336000
Evaluating
Evaluated 17280 steps resulting in 192 episodes
[32mEvaluation Metric: success_once[0m | [36mMean: 0.6510[0m
[32mEvaluation Metric: return[0m | [36mMean: 15.2852[0m
[32mEvaluation Metric: episode_len[0m | [36mMean: 90.0000[0m
[32mEvaluation Metric: reward[0m | [36mMean: 0.1698[0m
[32mEvaluation Metric: success_at_end[0m | [36mMean: 0.1615[0m
model saved to checkpoints/ppo_memtasks/rgb_joints_belief/normalized_dense/InterceptSlow-v0/ppo-cave-interceptslow-33__33__rgb_joints_belief__20260127_091300/20260127_091300/ckpt_11_276.pt
SPS: 1471
Epoch: 277, global_step=6359040
SPS: 1473
Epoch: 278, global_step=6382080
SPS: 1474
Epoch: 279, global_step=6405120
SPS: 1475
Epoch: 280, global_step=6428160
SPS: 1477
Epoch: 281, global_step=6451200
SPS: 1478
Epoch: 282, global_step=6474240
SPS: 1480
Epoch: 283, global_step=6497280
SPS: 1481
Epoch: 284, global_step=6520320
SPS: 1482
Epoch: 285, global_step=6543360
SPS: 1484
Epoch: 286, global_step=6566400
SPS: 1485
Epoch: 287, global_step=6589440
SPS: 1486
Epoch: 288, global_step=6612480
SPS: 1488
Epoch: 289, global_step=6635520
SPS: 1489
Epoch: 290, global_step=6658560
SPS: 1490
Epoch: 291, global_step=6681600
SPS: 1492
Epoch: 292, global_step=6704640
SPS: 1493
Epoch: 293, global_step=6727680
SPS: 1494
Epoch: 294, global_step=6750720
SPS: 1495
Epoch: 295, global_step=6773760
SPS: 1497
Epoch: 296, global_step=6796800
SPS: 1498
Epoch: 297, global_step=6819840
SPS: 1499
Epoch: 298, global_step=6842880
SPS: 1501
Epoch: 299, global_step=6865920
SPS: 1502
Epoch: 300, global_step=6888960
SPS: 1503
Epoch: 301, global_step=6912000
Evaluating
Evaluated 17280 steps resulting in 192 episodes
[32mEvaluation Metric: success_once[0m | [36mMean: 0.6875[0m
[32mEvaluation Metric: return[0m | [36mMean: 15.5661[0m
[32mEvaluation Metric: episode_len[0m | [36mMean: 90.0000[0m
[32mEvaluation Metric: reward[0m | [36mMean: 0.1730[0m
[32mEvaluation Metric: success_at_end[0m | [36mMean: 0.1302[0m
model saved to checkpoints/ppo_memtasks/rgb_joints_belief/normalized_dense/InterceptSlow-v0/ppo-cave-interceptslow-33__33__rgb_joints_belief__20260127_091300/20260127_091300/ckpt_12_301.pt
SPS: 1473
Epoch: 302, global_step=6935040
SPS: 1474
Epoch: 303, global_step=6958080
SPS: 1475
Epoch: 304, global_step=6981120
SPS: 1477
Epoch: 305, global_step=7004160
SPS: 1478
Epoch: 306, global_step=7027200
SPS: 1479
Epoch: 307, global_step=7050240
SPS: 1481
Epoch: 308, global_step=7073280
SPS: 1482
Epoch: 309, global_step=7096320
SPS: 1483
Epoch: 310, global_step=7119360
SPS: 1484
Epoch: 311, global_step=7142400
SPS: 1485
Epoch: 312, global_step=7165440
SPS: 1487
Epoch: 313, global_step=7188480
SPS: 1488
Epoch: 314, global_step=7211520
SPS: 1489
Epoch: 315, global_step=7234560
SPS: 1490
Epoch: 316, global_step=7257600
SPS: 1492
Epoch: 317, global_step=7280640
SPS: 1493
Epoch: 318, global_step=7303680
SPS: 1494
Epoch: 319, global_step=7326720
SPS: 1495
Epoch: 320, global_step=7349760
SPS: 1496
Epoch: 321, global_step=7372800
SPS: 1497
Epoch: 322, global_step=7395840
SPS: 1499
Epoch: 323, global_step=7418880
SPS: 1500
Epoch: 324, global_step=7441920
SPS: 1501
Epoch: 325, global_step=7464960
SPS: 1502
Epoch: 326, global_step=7488000
Evaluating
Evaluated 17280 steps resulting in 192 episodes
[32mEvaluation Metric: success_once[0m | [36mMean: 0.7188[0m
[32mEvaluation Metric: return[0m | [36mMean: 16.5203[0m
[32mEvaluation Metric: episode_len[0m | [36mMean: 90.0000[0m
[32mEvaluation Metric: reward[0m | [36mMean: 0.1836[0m
[32mEvaluation Metric: success_at_end[0m | [36mMean: 0.1875[0m
model saved to checkpoints/ppo_memtasks/rgb_joints_belief/normalized_dense/InterceptSlow-v0/ppo-cave-interceptslow-33__33__rgb_joints_belief__20260127_091300/20260127_091300/ckpt_13_326.pt
SPS: 1473
Epoch: 327, global_step=7511040
SPS: 1474
Epoch: 328, global_step=7534080
SPS: 1476
Epoch: 329, global_step=7557120
SPS: 1477
Epoch: 330, global_step=7580160
SPS: 1478
Epoch: 331, global_step=7603200
SPS: 1479
Epoch: 332, global_step=7626240
SPS: 1480
Epoch: 333, global_step=7649280
SPS: 1481
Epoch: 334, global_step=7672320
SPS: 1483
Epoch: 335, global_step=7695360
SPS: 1484
Epoch: 336, global_step=7718400
SPS: 1485
Epoch: 337, global_step=7741440
SPS: 1486
Epoch: 338, global_step=7764480
SPS: 1487
Epoch: 339, global_step=7787520
SPS: 1488
Epoch: 340, global_step=7810560
SPS: 1489
Epoch: 341, global_step=7833600
SPS: 1490
Epoch: 342, global_step=7856640
SPS: 1492
Epoch: 343, global_step=7879680
SPS: 1493
Epoch: 344, global_step=7902720
SPS: 1494
Epoch: 345, global_step=7925760
SPS: 1495
Epoch: 346, global_step=7948800
SPS: 1496
Epoch: 347, global_step=7971840
SPS: 1497
Epoch: 348, global_step=7994880
SPS: 1498
Epoch: 349, global_step=8017920
SPS: 1499
Epoch: 350, global_step=8040960
SPS: 1500
Epoch: 351, global_step=8064000
Evaluating
Evaluated 17280 steps resulting in 192 episodes
[32mEvaluation Metric: success_once[0m | [36mMean: 0.7552[0m
[32mEvaluation Metric: return[0m | [36mMean: 18.0944[0m
[32mEvaluation Metric: episode_len[0m | [36mMean: 90.0000[0m
[32mEvaluation Metric: reward[0m | [36mMean: 0.2010[0m
[32mEvaluation Metric: success_at_end[0m | [36mMean: 0.2083[0m
model saved to checkpoints/ppo_memtasks/rgb_joints_belief/normalized_dense/InterceptSlow-v0/ppo-cave-interceptslow-33__33__rgb_joints_belief__20260127_091300/20260127_091300/ckpt_14_351.pt
SPS: 1474
Epoch: 352, global_step=8087040
SPS: 1475
Epoch: 353, global_step=8110080
SPS: 1476
Epoch: 354, global_step=8133120
SPS: 1477
Epoch: 355, global_step=8156160
SPS: 1478
Epoch: 356, global_step=8179200
SPS: 1479
Epoch: 357, global_step=8202240
SPS: 1480
Epoch: 358, global_step=8225280
SPS: 1481
Epoch: 359, global_step=8248320
SPS: 1482
Epoch: 360, global_step=8271360
SPS: 1484
Epoch: 361, global_step=8294400
SPS: 1485
Epoch: 362, global_step=8317440
SPS: 1486
Epoch: 363, global_step=8340480
SPS: 1487
Epoch: 364, global_step=8363520
SPS: 1488
Epoch: 365, global_step=8386560
SPS: 1489
Epoch: 366, global_step=8409600
SPS: 1490
Epoch: 367, global_step=8432640
SPS: 1491
Epoch: 368, global_step=8455680
SPS: 1492
Epoch: 369, global_step=8478720
SPS: 1493
Epoch: 370, global_step=8501760
SPS: 1494
Epoch: 371, global_step=8524800
SPS: 1495
Epoch: 372, global_step=8547840
SPS: 1496
Epoch: 373, global_step=8570880
SPS: 1497
Epoch: 374, global_step=8593920
SPS: 1498
Epoch: 375, global_step=8616960
SPS: 1499
Epoch: 376, global_step=8640000
Evaluating
Evaluated 17280 steps resulting in 192 episodes
[32mEvaluation Metric: success_once[0m | [36mMean: 0.6302[0m
[32mEvaluation Metric: return[0m | [36mMean: 15.3402[0m
[32mEvaluation Metric: episode_len[0m | [36mMean: 90.0000[0m
[32mEvaluation Metric: reward[0m | [36mMean: 0.1704[0m
[32mEvaluation Metric: success_at_end[0m | [36mMean: 0.1406[0m
model saved to checkpoints/ppo_memtasks/rgb_joints_belief/normalized_dense/InterceptSlow-v0/ppo-cave-interceptslow-33__33__rgb_joints_belief__20260127_091300/20260127_091300/ckpt_15_376.pt
SPS: 1474
Epoch: 377, global_step=8663040
SPS: 1475
Epoch: 378, global_step=8686080
SPS: 1476
Epoch: 379, global_step=8709120
SPS: 1477
Epoch: 380, global_step=8732160
SPS: 1478
Epoch: 381, global_step=8755200
SPS: 1479
Epoch: 382, global_step=8778240
SPS: 1480
Epoch: 383, global_step=8801280
SPS: 1481
Epoch: 384, global_step=8824320
SPS: 1482
Epoch: 385, global_step=8847360
SPS: 1483
Epoch: 386, global_step=8870400
SPS: 1484
Epoch: 387, global_step=8893440
SPS: 1485
Epoch: 388, global_step=8916480
SPS: 1486
Epoch: 389, global_step=8939520
SPS: 1487
Epoch: 390, global_step=8962560
SPS: 1488
Epoch: 391, global_step=8985600
SPS: 1489
Epoch: 392, global_step=9008640
SPS: 1490
Epoch: 393, global_step=9031680
SPS: 1491
Epoch: 394, global_step=9054720
SPS: 1492
Epoch: 395, global_step=9077760
SPS: 1493
Epoch: 396, global_step=9100800
SPS: 1494
Epoch: 397, global_step=9123840
SPS: 1495
Epoch: 398, global_step=9146880
SPS: 1496
Epoch: 399, global_step=9169920
SPS: 1497
Epoch: 400, global_step=9192960
SPS: 1498
Epoch: 401, global_step=9216000
Evaluating
Evaluated 17280 steps resulting in 192 episodes
[32mEvaluation Metric: success_once[0m | [36mMean: 0.6354[0m
[32mEvaluation Metric: return[0m | [36mMean: 15.3106[0m
[32mEvaluation Metric: episode_len[0m | [36mMean: 90.0000[0m
[32mEvaluation Metric: reward[0m | [36mMean: 0.1701[0m
[32mEvaluation Metric: success_at_end[0m | [36mMean: 0.1615[0m
model saved to checkpoints/ppo_memtasks/rgb_joints_belief/normalized_dense/InterceptSlow-v0/ppo-cave-interceptslow-33__33__rgb_joints_belief__20260127_091300/20260127_091300/ckpt_16_401.pt
SPS: 1475
Epoch: 402, global_step=9239040
SPS: 1475
Epoch: 403, global_step=9262080
SPS: 1476
Epoch: 404, global_step=9285120
SPS: 1477
Epoch: 405, global_step=9308160
SPS: 1478
Epoch: 406, global_step=9331200
SPS: 1479
Epoch: 407, global_step=9354240
SPS: 1480
Epoch: 408, global_step=9377280
SPS: 1481
Epoch: 409, global_step=9400320
SPS: 1482
Epoch: 410, global_step=9423360
SPS: 1483
Epoch: 411, global_step=9446400
SPS: 1484
Epoch: 412, global_step=9469440
SPS: 1485
Epoch: 413, global_step=9492480
SPS: 1486
Epoch: 414, global_step=9515520
SPS: 1487
Epoch: 415, global_step=9538560
SPS: 1488
Epoch: 416, global_step=9561600
SPS: 1489
Epoch: 417, global_step=9584640
SPS: 1489
Epoch: 418, global_step=9607680
SPS: 1490
Epoch: 419, global_step=9630720
SPS: 1491
Epoch: 420, global_step=9653760
SPS: 1492
Epoch: 421, global_step=9676800
SPS: 1493
Epoch: 422, global_step=9699840
SPS: 1494
Epoch: 423, global_step=9722880
SPS: 1495
Epoch: 424, global_step=9745920
SPS: 1496
Epoch: 425, global_step=9768960
SPS: 1497
Epoch: 426, global_step=9792000
Evaluating
Evaluated 17280 steps resulting in 192 episodes
[32mEvaluation Metric: success_once[0m | [36mMean: 0.7135[0m
[32mEvaluation Metric: return[0m | [36mMean: 16.1001[0m
[32mEvaluation Metric: episode_len[0m | [36mMean: 90.0000[0m
[32mEvaluation Metric: reward[0m | [36mMean: 0.1789[0m
[32mEvaluation Metric: success_at_end[0m | [36mMean: 0.1875[0m
model saved to checkpoints/ppo_memtasks/rgb_joints_belief/normalized_dense/InterceptSlow-v0/ppo-cave-interceptslow-33__33__rgb_joints_belief__20260127_091300/20260127_091300/ckpt_17_426.pt
SPS: 1475
Epoch: 427, global_step=9815040
SPS: 1476
Epoch: 428, global_step=9838080
SPS: 1477
Epoch: 429, global_step=9861120
SPS: 1478
Epoch: 430, global_step=9884160
SPS: 1478
Epoch: 431, global_step=9907200
SPS: 1479
Epoch: 432, global_step=9930240
SPS: 1480
Epoch: 433, global_step=9953280
SPS: 1481
Epoch: 434, global_step=9976320
SPS: 1482
model saved to checkpoints/ppo_memtasks/rgb_joints_belief/normalized_dense/InterceptSlow-v0/ppo-cave-interceptslow-33__33__rgb_joints_belief__20260127_091300/20260127_091300/final_ckpt.pt
Running Intercept-Slow (BELIEF), seed 42

===========================================================================
║                        Environment Configuration                        ║
===========================================================================
║ Environment ID: InterceptSlow-v0                                        ║
║ Oracle Info:    None                                                    ║
║ Wrappers:                                                               ║
║    ├─ InitialZeroActionWrapper                                         ║
║    │  └─ {'n_initial_steps': 0}                                           ║
║    ├─ RenderStepInfoWrapper                                            ║
║    ├─ RenderRewardInfoWrapper                                          ║
║    ├─ DebugRewardWrapper                                               ║
║-------------------------------------------------------------------------║
║ include_state:       False │ state will not be used                ║
║ include_rgb:         True  │ rgb images will be used               ║
║ include_oracle:      False │ oracle info will not be used          ║
║ include_joints:      True  │ joints will be used                   ║
===========================================================================

MODE='rgb_joints_belief'
prompt_info=None
Saving eval videos to checkpoints/ppo_memtasks/rgb_joints_belief/normalized_dense/InterceptSlow-v0/ppo-cave-interceptslow-42__42__rgb_joints_belief__20260127_110538/20260127_110538/videos
======================================================================
Max Episode Steps: 90
======================================================================

Loading belief model from /local/s4176650/sphinx/storage_cvae/InterceptSlow-v0_cvae_mikasa_last5_v6_1/final_vae_model.pt
  phi_dim=16, latent_dim=32
Belief model loaded successfully. Memory size: 768
Running training

####
args.num_iterations=434 args.num_envs=256 args.num_eval_envs=16
args.minibatch_size=720 args.batch_size=23040 args.update_epochs=2
####

sample_obs.keys()=dict_keys(['joints', 'rgb'])
joints: torch.Size([256, 25])
rgb: torch.Size([256, 128, 128, 3])


Epoch: 1, global_step=0
Evaluating
Evaluated 17280 steps resulting in 192 episodes
[32mEvaluation Metric: success_once[0m | [36mMean: 0.0833[0m
[32mEvaluation Metric: return[0m | [36mMean: 2.0999[0m
[32mEvaluation Metric: episode_len[0m | [36mMean: 90.0000[0m
[32mEvaluation Metric: reward[0m | [36mMean: 0.0233[0m
[32mEvaluation Metric: success_at_end[0m | [36mMean: 0.0104[0m
model saved to checkpoints/ppo_memtasks/rgb_joints_belief/normalized_dense/InterceptSlow-v0/ppo-cave-interceptslow-42__42__rgb_joints_belief__20260127_110538/20260127_110538/ckpt_0_1.pt
SPS: 156
Epoch: 2, global_step=23040
SPS: 293
Epoch: 3, global_step=46080
SPS: 412
Epoch: 4, global_step=69120
SPS: 518
Epoch: 5, global_step=92160
SPS: 612
Epoch: 6, global_step=115200
SPS: 694
Epoch: 7, global_step=138240
SPS: 767
Epoch: 8, global_step=161280
SPS: 832
Epoch: 9, global_step=184320
SPS: 891
Epoch: 10, global_step=207360
SPS: 944
Epoch: 11, global_step=230400
SPS: 992
Epoch: 12, global_step=253440
SPS: 1037
Epoch: 13, global_step=276480
SPS: 1077
Epoch: 14, global_step=299520
SPS: 1114
Epoch: 15, global_step=322560
SPS: 1148
Epoch: 16, global_step=345600
SPS: 1180
Epoch: 17, global_step=368640
SPS: 1210
Epoch: 18, global_step=391680
SPS: 1238
Epoch: 19, global_step=414720
SPS: 1264
Epoch: 20, global_step=437760
SPS: 1288
Epoch: 21, global_step=460800
SPS: 1311
Epoch: 22, global_step=483840
SPS: 1333
Epoch: 23, global_step=506880
SPS: 1354
Epoch: 24, global_step=529920
SPS: 1373
Epoch: 25, global_step=552960
SPS: 1391
Epoch: 26, global_step=576000
Evaluating
Evaluated 17280 steps resulting in 192 episodes
[32mEvaluation Metric: success_once[0m | [36mMean: 0.1458[0m
[32mEvaluation Metric: return[0m | [36mMean: 5.6100[0m
[32mEvaluation Metric: episode_len[0m | [36mMean: 90.0000[0m
[32mEvaluation Metric: reward[0m | [36mMean: 0.0623[0m
[32mEvaluation Metric: success_at_end[0m | [36mMean: 0.0833[0m
model saved to checkpoints/ppo_memtasks/rgb_joints_belief/normalized_dense/InterceptSlow-v0/ppo-cave-interceptslow-42__42__rgb_joints_belief__20260127_110538/20260127_110538/ckpt_1_26.pt
SPS: 1143
Epoch: 27, global_step=599040
SPS: 1163
Epoch: 28, global_step=622080
SPS: 1183
Epoch: 29, global_step=645120
SPS: 1202
Epoch: 30, global_step=668160
SPS: 1220
Epoch: 31, global_step=691200
SPS: 1238
Epoch: 32, global_step=714240
SPS: 1255
Epoch: 33, global_step=737280
SPS: 1271
Epoch: 34, global_step=760320
SPS: 1287
Epoch: 35, global_step=783360
SPS: 1300
Epoch: 36, global_step=806400
SPS: 1314
Epoch: 37, global_step=829440
SPS: 1327
Epoch: 38, global_step=852480
SPS: 1339
Epoch: 39, global_step=875520
SPS: 1351
Epoch: 40, global_step=898560
SPS: 1363
Epoch: 41, global_step=921600
SPS: 1375
Epoch: 42, global_step=944640
SPS: 1386
Epoch: 43, global_step=967680
SPS: 1396
Epoch: 44, global_step=990720
SPS: 1406
Epoch: 45, global_step=1013760
SPS: 1416
Epoch: 46, global_step=1036800
SPS: 1426
Epoch: 47, global_step=1059840
SPS: 1435
Epoch: 48, global_step=1082880
SPS: 1444
Epoch: 49, global_step=1105920
SPS: 1452
Epoch: 50, global_step=1128960
SPS: 1461
Epoch: 51, global_step=1152000
Evaluating
Evaluated 17280 steps resulting in 192 episodes
[32mEvaluation Metric: success_once[0m | [36mMean: 0.1927[0m
[32mEvaluation Metric: return[0m | [36mMean: 6.4782[0m
[32mEvaluation Metric: episode_len[0m | [36mMean: 90.0000[0m
[32mEvaluation Metric: reward[0m | [36mMean: 0.0720[0m
[32mEvaluation Metric: success_at_end[0m | [36mMean: 0.1146[0m
model saved to checkpoints/ppo_memtasks/rgb_joints_belief/normalized_dense/InterceptSlow-v0/ppo-cave-interceptslow-42__42__rgb_joints_belief__20260127_110538/20260127_110538/ckpt_2_51.pt
SPS: 1303
Epoch: 52, global_step=1175040
SPS: 1312
Epoch: 53, global_step=1198080
SPS: 1321
Epoch: 54, global_step=1221120
SPS: 1330
Epoch: 55, global_step=1244160
SPS: 1338
Epoch: 56, global_step=1267200
SPS: 1346
Epoch: 57, global_step=1290240
SPS: 1354
Epoch: 58, global_step=1313280
SPS: 1362
Epoch: 59, global_step=1336320
SPS: 1370
Epoch: 60, global_step=1359360
SPS: 1378
Epoch: 61, global_step=1382400
SPS: 1385
Epoch: 62, global_step=1405440
SPS: 1392
Epoch: 63, global_step=1428480
SPS: 1400
Epoch: 64, global_step=1451520
SPS: 1407
Epoch: 65, global_step=1474560
SPS: 1414
Epoch: 66, global_step=1497600
SPS: 1421
Epoch: 67, global_step=1520640
SPS: 1427
Epoch: 68, global_step=1543680
SPS: 1434
Epoch: 69, global_step=1566720
SPS: 1440
Epoch: 70, global_step=1589760
SPS: 1446
Epoch: 71, global_step=1612800
SPS: 1452
Epoch: 72, global_step=1635840
SPS: 1458
Epoch: 73, global_step=1658880
SPS: 1464
Epoch: 74, global_step=1681920
SPS: 1469
Epoch: 75, global_step=1704960
SPS: 1475
Epoch: 76, global_step=1728000
Evaluating
Evaluated 17280 steps resulting in 192 episodes
[32mEvaluation Metric: success_once[0m | [36mMean: 0.1875[0m
[32mEvaluation Metric: return[0m | [36mMean: 6.8376[0m
[32mEvaluation Metric: episode_len[0m | [36mMean: 90.0000[0m
[32mEvaluation Metric: reward[0m | [36mMean: 0.0760[0m
[32mEvaluation Metric: success_at_end[0m | [36mMean: 0.1250[0m
model saved to checkpoints/ppo_memtasks/rgb_joints_belief/normalized_dense/InterceptSlow-v0/ppo-cave-interceptslow-42__42__rgb_joints_belief__20260127_110538/20260127_110538/ckpt_3_76.pt
SPS: 1364
Epoch: 77, global_step=1751040
SPS: 1370
Epoch: 78, global_step=1774080
SPS: 1376
Epoch: 79, global_step=1797120
SPS: 1381
Epoch: 80, global_step=1820160
SPS: 1387
Epoch: 81, global_step=1843200
SPS: 1393
Epoch: 82, global_step=1866240
SPS: 1398
Epoch: 83, global_step=1889280
SPS: 1404
Epoch: 84, global_step=1912320
SPS: 1409
Epoch: 85, global_step=1935360
SPS: 1414
Epoch: 86, global_step=1958400
SPS: 1419
Epoch: 87, global_step=1981440
SPS: 1424
Epoch: 88, global_step=2004480
SPS: 1429
Epoch: 89, global_step=2027520
SPS: 1434
Epoch: 90, global_step=2050560
SPS: 1439
Epoch: 91, global_step=2073600
SPS: 1444
Epoch: 92, global_step=2096640
SPS: 1448
Epoch: 93, global_step=2119680
SPS: 1453
Epoch: 94, global_step=2142720
SPS: 1457
Epoch: 95, global_step=2165760
SPS: 1462
Epoch: 96, global_step=2188800
SPS: 1466
Epoch: 97, global_step=2211840
SPS: 1470
Epoch: 98, global_step=2234880
SPS: 1474
Epoch: 99, global_step=2257920
SPS: 1478
Epoch: 100, global_step=2280960
SPS: 1483
Epoch: 101, global_step=2304000
Evaluating
Evaluated 17280 steps resulting in 192 episodes
[32mEvaluation Metric: success_once[0m | [36mMean: 0.3958[0m
[32mEvaluation Metric: return[0m | [36mMean: 10.6557[0m
[32mEvaluation Metric: episode_len[0m | [36mMean: 90.0000[0m
[32mEvaluation Metric: reward[0m | [36mMean: 0.1184[0m
[32mEvaluation Metric: success_at_end[0m | [36mMean: 0.3177[0m
model saved to checkpoints/ppo_memtasks/rgb_joints_belief/normalized_dense/InterceptSlow-v0/ppo-cave-interceptslow-42__42__rgb_joints_belief__20260127_110538/20260127_110538/ckpt_4_101.pt
SPS: 1398
Epoch: 102, global_step=2327040
SPS: 1403
Epoch: 103, global_step=2350080
SPS: 1407
Epoch: 104, global_step=2373120
SPS: 1411
Epoch: 105, global_step=2396160
SPS: 1415
Epoch: 106, global_step=2419200
SPS: 1420
Epoch: 107, global_step=2442240
SPS: 1424
Epoch: 108, global_step=2465280
SPS: 1428
Epoch: 109, global_step=2488320
SPS: 1432
Epoch: 110, global_step=2511360
SPS: 1436
Epoch: 111, global_step=2534400
SPS: 1439
Epoch: 112, global_step=2557440
SPS: 1443
Epoch: 113, global_step=2580480
SPS: 1447
Epoch: 114, global_step=2603520
SPS: 1451
Epoch: 115, global_step=2626560
SPS: 1455
Epoch: 116, global_step=2649600
SPS: 1458
Epoch: 117, global_step=2672640
SPS: 1462
Epoch: 118, global_step=2695680
SPS: 1465
Epoch: 119, global_step=2718720
SPS: 1469
Epoch: 120, global_step=2741760
SPS: 1472
Epoch: 121, global_step=2764800
SPS: 1476
Epoch: 122, global_step=2787840
SPS: 1479
Epoch: 123, global_step=2810880
SPS: 1482
Epoch: 124, global_step=2833920
SPS: 1486
Epoch: 125, global_step=2856960
SPS: 1489
Epoch: 126, global_step=2880000
Evaluating
Evaluated 17280 steps resulting in 192 episodes
[32mEvaluation Metric: success_once[0m | [36mMean: 0.3125[0m
[32mEvaluation Metric: return[0m | [36mMean: 8.6143[0m
[32mEvaluation Metric: episode_len[0m | [36mMean: 90.0000[0m
[32mEvaluation Metric: reward[0m | [36mMean: 0.0957[0m
[32mEvaluation Metric: success_at_end[0m | [36mMean: 0.1823[0m
model saved to checkpoints/ppo_memtasks/rgb_joints_belief/normalized_dense/InterceptSlow-v0/ppo-cave-interceptslow-42__42__rgb_joints_belief__20260127_110538/20260127_110538/ckpt_5_126.pt
SPS: 1418
Epoch: 127, global_step=2903040
SPS: 1422
Epoch: 128, global_step=2926080
SPS: 1425
Epoch: 129, global_step=2949120
SPS: 1428
Epoch: 130, global_step=2972160
SPS: 1432
Epoch: 131, global_step=2995200
SPS: 1435
Epoch: 132, global_step=3018240
SPS: 1438
Epoch: 133, global_step=3041280
SPS: 1442
Epoch: 134, global_step=3064320
SPS: 1445
Epoch: 135, global_step=3087360
SPS: 1448
Epoch: 136, global_step=3110400
SPS: 1451
Epoch: 137, global_step=3133440
SPS: 1454
Epoch: 138, global_step=3156480
SPS: 1457
Epoch: 139, global_step=3179520
SPS: 1460
Epoch: 140, global_step=3202560
SPS: 1463
Epoch: 141, global_step=3225600
SPS: 1466
Epoch: 142, global_step=3248640
SPS: 1469
Epoch: 143, global_step=3271680
SPS: 1472
Epoch: 144, global_step=3294720
SPS: 1475
Epoch: 145, global_step=3317760
SPS: 1478
Epoch: 146, global_step=3340800
SPS: 1481
Epoch: 147, global_step=3363840
SPS: 1483
Epoch: 148, global_step=3386880
SPS: 1486
Epoch: 149, global_step=3409920
SPS: 1489
Epoch: 150, global_step=3432960
SPS: 1491
Epoch: 151, global_step=3456000
Evaluating
Evaluated 17280 steps resulting in 192 episodes
[32mEvaluation Metric: success_once[0m | [36mMean: 0.2969[0m
[32mEvaluation Metric: return[0m | [36mMean: 9.8453[0m
[32mEvaluation Metric: episode_len[0m | [36mMean: 90.0000[0m
[32mEvaluation Metric: reward[0m | [36mMean: 0.1094[0m
[32mEvaluation Metric: success_at_end[0m | [36mMean: 0.2448[0m
model saved to checkpoints/ppo_memtasks/rgb_joints_belief/normalized_dense/InterceptSlow-v0/ppo-cave-interceptslow-42__42__rgb_joints_belief__20260127_110538/20260127_110538/ckpt_6_151.pt
SPS: 1433
Epoch: 152, global_step=3479040
SPS: 1436
Epoch: 153, global_step=3502080
SPS: 1439
Epoch: 154, global_step=3525120
SPS: 1441
Epoch: 155, global_step=3548160
SPS: 1444
Epoch: 156, global_step=3571200
SPS: 1447
Epoch: 157, global_step=3594240
SPS: 1450
Epoch: 158, global_step=3617280
SPS: 1452
Epoch: 159, global_step=3640320
SPS: 1455
Epoch: 160, global_step=3663360
SPS: 1458
Epoch: 161, global_step=3686400
SPS: 1460
Epoch: 162, global_step=3709440
SPS: 1463
Epoch: 163, global_step=3732480
SPS: 1465
Epoch: 164, global_step=3755520
SPS: 1468
Epoch: 165, global_step=3778560
SPS: 1470
Epoch: 166, global_step=3801600
SPS: 1473
Epoch: 167, global_step=3824640
SPS: 1475
Epoch: 168, global_step=3847680
SPS: 1478
Epoch: 169, global_step=3870720
SPS: 1480
Epoch: 170, global_step=3893760
SPS: 1483
Epoch: 171, global_step=3916800
SPS: 1485
Epoch: 172, global_step=3939840
SPS: 1487
Epoch: 173, global_step=3962880
SPS: 1490
Epoch: 174, global_step=3985920
SPS: 1492
Epoch: 175, global_step=4008960
SPS: 1494
Epoch: 176, global_step=4032000
Evaluating
Evaluated 17280 steps resulting in 192 episodes
[32mEvaluation Metric: success_once[0m | [36mMean: 0.4271[0m
[32mEvaluation Metric: return[0m | [36mMean: 12.2970[0m
[32mEvaluation Metric: episode_len[0m | [36mMean: 90.0000[0m
[32mEvaluation Metric: reward[0m | [36mMean: 0.1366[0m
[32mEvaluation Metric: success_at_end[0m | [36mMean: 0.3385[0m
model saved to checkpoints/ppo_memtasks/rgb_joints_belief/normalized_dense/InterceptSlow-v0/ppo-cave-interceptslow-42__42__rgb_joints_belief__20260127_110538/20260127_110538/ckpt_7_176.pt
SPS: 1444
Epoch: 177, global_step=4055040
SPS: 1446
Epoch: 178, global_step=4078080
SPS: 1448
Epoch: 179, global_step=4101120
SPS: 1451
Epoch: 180, global_step=4124160
SPS: 1453
Epoch: 181, global_step=4147200
SPS: 1455
Epoch: 182, global_step=4170240
SPS: 1458
Epoch: 183, global_step=4193280
SPS: 1460
Epoch: 184, global_step=4216320
SPS: 1462
Epoch: 185, global_step=4239360
SPS: 1465
Epoch: 186, global_step=4262400
SPS: 1467
Epoch: 187, global_step=4285440
SPS: 1469
Epoch: 188, global_step=4308480
SPS: 1471
Epoch: 189, global_step=4331520
SPS: 1474
Epoch: 190, global_step=4354560
SPS: 1476
Epoch: 191, global_step=4377600
SPS: 1478
Epoch: 192, global_step=4400640
SPS: 1480
Epoch: 193, global_step=4423680
SPS: 1482
Epoch: 194, global_step=4446720
SPS: 1484
Epoch: 195, global_step=4469760
SPS: 1486
Epoch: 196, global_step=4492800
SPS: 1488
Epoch: 197, global_step=4515840
SPS: 1490
Epoch: 198, global_step=4538880
SPS: 1492
Epoch: 199, global_step=4561920
SPS: 1494
Epoch: 200, global_step=4584960
SPS: 1496
Epoch: 201, global_step=4608000
Evaluating
Evaluated 17280 steps resulting in 192 episodes
[32mEvaluation Metric: success_once[0m | [36mMean: 0.3594[0m
[32mEvaluation Metric: return[0m | [36mMean: 9.9147[0m
[32mEvaluation Metric: episode_len[0m | [36mMean: 90.0000[0m
[32mEvaluation Metric: reward[0m | [36mMean: 0.1102[0m
[32mEvaluation Metric: success_at_end[0m | [36mMean: 0.2656[0m
model saved to checkpoints/ppo_memtasks/rgb_joints_belief/normalized_dense/InterceptSlow-v0/ppo-cave-interceptslow-42__42__rgb_joints_belief__20260127_110538/20260127_110538/ckpt_8_201.pt
SPS: 1452
Epoch: 202, global_step=4631040
SPS: 1454
Epoch: 203, global_step=4654080
SPS: 1456
Epoch: 204, global_step=4677120
SPS: 1458
Epoch: 205, global_step=4700160
SPS: 1460
Epoch: 206, global_step=4723200
SPS: 1462
Epoch: 207, global_step=4746240
SPS: 1464
Epoch: 208, global_step=4769280
SPS: 1466
Epoch: 209, global_step=4792320
SPS: 1468
Epoch: 210, global_step=4815360
SPS: 1470
Epoch: 211, global_step=4838400
SPS: 1472
Epoch: 212, global_step=4861440
SPS: 1474
Epoch: 213, global_step=4884480
SPS: 1476
Epoch: 214, global_step=4907520
SPS: 1478
Epoch: 215, global_step=4930560
SPS: 1480
Epoch: 216, global_step=4953600
SPS: 1482
Epoch: 217, global_step=4976640
SPS: 1484
Epoch: 218, global_step=4999680
SPS: 1486
Epoch: 219, global_step=5022720
SPS: 1488
Epoch: 220, global_step=5045760
SPS: 1489
Epoch: 221, global_step=5068800
SPS: 1491
Epoch: 222, global_step=5091840
SPS: 1493
Epoch: 223, global_step=5114880
SPS: 1495
Epoch: 224, global_step=5137920
SPS: 1497
Epoch: 225, global_step=5160960
SPS: 1499
Epoch: 226, global_step=5184000
Evaluating
Evaluated 17280 steps resulting in 192 episodes
[32mEvaluation Metric: success_once[0m | [36mMean: 0.3281[0m
[32mEvaluation Metric: return[0m | [36mMean: 9.5009[0m
[32mEvaluation Metric: episode_len[0m | [36mMean: 90.0000[0m
[32mEvaluation Metric: reward[0m | [36mMean: 0.1056[0m
[32mEvaluation Metric: success_at_end[0m | [36mMean: 0.1979[0m
model saved to checkpoints/ppo_memtasks/rgb_joints_belief/normalized_dense/InterceptSlow-v0/ppo-cave-interceptslow-42__42__rgb_joints_belief__20260127_110538/20260127_110538/ckpt_9_226.pt
SPS: 1458
Epoch: 227, global_step=5207040
SPS: 1460
Epoch: 228, global_step=5230080
SPS: 1462
Epoch: 229, global_step=5253120
SPS: 1464
Epoch: 230, global_step=5276160
SPS: 1465
Epoch: 231, global_step=5299200
SPS: 1467
Epoch: 232, global_step=5322240
SPS: 1469
Epoch: 233, global_step=5345280
SPS: 1471
Epoch: 234, global_step=5368320
SPS: 1473
Epoch: 235, global_step=5391360
SPS: 1474
Epoch: 236, global_step=5414400
SPS: 1476
Epoch: 237, global_step=5437440
SPS: 1478
Epoch: 238, global_step=5460480
SPS: 1480
Epoch: 239, global_step=5483520
SPS: 1481
Epoch: 240, global_step=5506560
SPS: 1483
Epoch: 241, global_step=5529600
SPS: 1485
Epoch: 242, global_step=5552640
SPS: 1487
Epoch: 243, global_step=5575680
SPS: 1488
Epoch: 244, global_step=5598720
SPS: 1490
Epoch: 245, global_step=5621760
SPS: 1491
Epoch: 246, global_step=5644800
SPS: 1493
Epoch: 247, global_step=5667840
SPS: 1495
Epoch: 248, global_step=5690880
SPS: 1497
Epoch: 249, global_step=5713920
SPS: 1498
Epoch: 250, global_step=5736960
SPS: 1500
Epoch: 251, global_step=5760000
Evaluating
Evaluated 17280 steps resulting in 192 episodes
[32mEvaluation Metric: success_once[0m | [36mMean: 0.3177[0m
[32mEvaluation Metric: return[0m | [36mMean: 9.7148[0m
[32mEvaluation Metric: episode_len[0m | [36mMean: 90.0000[0m
[32mEvaluation Metric: reward[0m | [36mMean: 0.1079[0m
[32mEvaluation Metric: success_at_end[0m | [36mMean: 0.2031[0m
model saved to checkpoints/ppo_memtasks/rgb_joints_belief/normalized_dense/InterceptSlow-v0/ppo-cave-interceptslow-42__42__rgb_joints_belief__20260127_110538/20260127_110538/ckpt_10_251.pt
SPS: 1464
Epoch: 252, global_step=5783040
SPS: 1466
Epoch: 253, global_step=5806080
SPS: 1467
Epoch: 254, global_step=5829120
SPS: 1469
Epoch: 255, global_step=5852160
SPS: 1471
Epoch: 256, global_step=5875200
SPS: 1472
Epoch: 257, global_step=5898240
SPS: 1474
Epoch: 258, global_step=5921280
SPS: 1475
Epoch: 259, global_step=5944320
SPS: 1477
Epoch: 260, global_step=5967360
SPS: 1479
Epoch: 261, global_step=5990400
SPS: 1480
Epoch: 262, global_step=6013440
SPS: 1482
Epoch: 263, global_step=6036480
SPS: 1483
Epoch: 264, global_step=6059520
SPS: 1485
Epoch: 265, global_step=6082560
SPS: 1486
Epoch: 266, global_step=6105600
SPS: 1488
Epoch: 267, global_step=6128640
SPS: 1489
Epoch: 268, global_step=6151680
SPS: 1491
Epoch: 269, global_step=6174720
SPS: 1492
Epoch: 270, global_step=6197760
SPS: 1494
Epoch: 271, global_step=6220800
SPS: 1495
Epoch: 272, global_step=6243840
SPS: 1497
Epoch: 273, global_step=6266880
SPS: 1498
Epoch: 274, global_step=6289920
SPS: 1500
Epoch: 275, global_step=6312960
SPS: 1501
Epoch: 276, global_step=6336000
Evaluating
Evaluated 17280 steps resulting in 192 episodes
[32mEvaluation Metric: success_once[0m | [36mMean: 0.5885[0m
[32mEvaluation Metric: return[0m | [36mMean: 12.9980[0m
[32mEvaluation Metric: episode_len[0m | [36mMean: 90.0000[0m
[32mEvaluation Metric: reward[0m | [36mMean: 0.1444[0m
[32mEvaluation Metric: success_at_end[0m | [36mMean: 0.3750[0m
model saved to checkpoints/ppo_memtasks/rgb_joints_belief/normalized_dense/InterceptSlow-v0/ppo-cave-interceptslow-42__42__rgb_joints_belief__20260127_110538/20260127_110538/ckpt_11_276.pt
SPS: 1468
Epoch: 277, global_step=6359040
SPS: 1470
Epoch: 278, global_step=6382080
SPS: 1471
Epoch: 279, global_step=6405120
SPS: 1472
Epoch: 280, global_step=6428160
SPS: 1474
Epoch: 281, global_step=6451200
SPS: 1475
Epoch: 282, global_step=6474240
SPS: 1477
Epoch: 283, global_step=6497280
SPS: 1478
Epoch: 284, global_step=6520320
SPS: 1480
Epoch: 285, global_step=6543360
SPS: 1481
Epoch: 286, global_step=6566400
SPS: 1482
Epoch: 287, global_step=6589440
SPS: 1484
Epoch: 288, global_step=6612480
SPS: 1485
Epoch: 289, global_step=6635520
SPS: 1487
Epoch: 290, global_step=6658560
SPS: 1488
Epoch: 291, global_step=6681600
SPS: 1489
Epoch: 292, global_step=6704640
SPS: 1491
Epoch: 293, global_step=6727680
SPS: 1492
Epoch: 294, global_step=6750720
SPS: 1493
Epoch: 295, global_step=6773760
SPS: 1495
Epoch: 296, global_step=6796800
SPS: 1496
Epoch: 297, global_step=6819840
SPS: 1497
Epoch: 298, global_step=6842880
SPS: 1499
Epoch: 299, global_step=6865920
SPS: 1500
Epoch: 300, global_step=6888960
SPS: 1501
Epoch: 301, global_step=6912000
Evaluating
Evaluated 17280 steps resulting in 192 episodes
[32mEvaluation Metric: success_once[0m | [36mMean: 0.4740[0m
[32mEvaluation Metric: return[0m | [36mMean: 13.4323[0m
[32mEvaluation Metric: episode_len[0m | [36mMean: 90.0000[0m
[32mEvaluation Metric: reward[0m | [36mMean: 0.1492[0m
[32mEvaluation Metric: success_at_end[0m | [36mMean: 0.3229[0m
model saved to checkpoints/ppo_memtasks/rgb_joints_belief/normalized_dense/InterceptSlow-v0/ppo-cave-interceptslow-42__42__rgb_joints_belief__20260127_110538/20260127_110538/ckpt_12_301.pt
SPS: 1472
Epoch: 302, global_step=6935040
SPS: 1473
Epoch: 303, global_step=6958080
SPS: 1475
Epoch: 304, global_step=6981120
SPS: 1476
Epoch: 305, global_step=7004160
SPS: 1477
Epoch: 306, global_step=7027200
SPS: 1479
Epoch: 307, global_step=7050240
SPS: 1480
Epoch: 308, global_step=7073280
SPS: 1481
Epoch: 309, global_step=7096320
SPS: 1483
Epoch: 310, global_step=7119360
SPS: 1484
Epoch: 311, global_step=7142400
SPS: 1485
Epoch: 312, global_step=7165440
SPS: 1486
Epoch: 313, global_step=7188480
SPS: 1488
Epoch: 314, global_step=7211520
SPS: 1489
Epoch: 315, global_step=7234560
SPS: 1490
Epoch: 316, global_step=7257600
SPS: 1491
Epoch: 317, global_step=7280640
SPS: 1493
Epoch: 318, global_step=7303680
SPS: 1494
Epoch: 319, global_step=7326720
SPS: 1495
Epoch: 320, global_step=7349760
SPS: 1496
Epoch: 321, global_step=7372800
SPS: 1498
Epoch: 322, global_step=7395840
SPS: 1499
Epoch: 323, global_step=7418880
SPS: 1500
Epoch: 324, global_step=7441920
SPS: 1501
Epoch: 325, global_step=7464960
SPS: 1503
Epoch: 326, global_step=7488000
Evaluating
Evaluated 17280 steps resulting in 192 episodes
[32mEvaluation Metric: success_once[0m | [36mMean: 0.4167[0m
[32mEvaluation Metric: return[0m | [36mMean: 11.2730[0m
[32mEvaluation Metric: episode_len[0m | [36mMean: 90.0000[0m
[32mEvaluation Metric: reward[0m | [36mMean: 0.1253[0m
[32mEvaluation Metric: success_at_end[0m | [36mMean: 0.2708[0m
model saved to checkpoints/ppo_memtasks/rgb_joints_belief/normalized_dense/InterceptSlow-v0/ppo-cave-interceptslow-42__42__rgb_joints_belief__20260127_110538/20260127_110538/ckpt_13_326.pt
SPS: 1474
Epoch: 327, global_step=7511040
SPS: 1476
Epoch: 328, global_step=7534080
SPS: 1477
Epoch: 329, global_step=7557120
SPS: 1478
Epoch: 330, global_step=7580160
SPS: 1479
Epoch: 331, global_step=7603200
SPS: 1480
Epoch: 332, global_step=7626240
SPS: 1482
Epoch: 333, global_step=7649280
SPS: 1483
Epoch: 334, global_step=7672320
SPS: 1484
Epoch: 335, global_step=7695360
SPS: 1485
Epoch: 336, global_step=7718400
SPS: 1486
Epoch: 337, global_step=7741440
SPS: 1488
Epoch: 338, global_step=7764480
SPS: 1489
Epoch: 339, global_step=7787520
SPS: 1490
Epoch: 340, global_step=7810560
SPS: 1491
Epoch: 341, global_step=7833600
SPS: 1492
Epoch: 342, global_step=7856640
SPS: 1493
Epoch: 343, global_step=7879680
SPS: 1495
Epoch: 344, global_step=7902720
SPS: 1496
Epoch: 345, global_step=7925760
SPS: 1497
Epoch: 346, global_step=7948800
SPS: 1498
Epoch: 347, global_step=7971840
SPS: 1499
Epoch: 348, global_step=7994880
SPS: 1500
Epoch: 349, global_step=8017920
SPS: 1501
Epoch: 350, global_step=8040960
SPS: 1503
Epoch: 351, global_step=8064000
Evaluating
Evaluated 17280 steps resulting in 192 episodes
[32mEvaluation Metric: success_once[0m | [36mMean: 0.4479[0m
[32mEvaluation Metric: return[0m | [36mMean: 12.8480[0m
[32mEvaluation Metric: episode_len[0m | [36mMean: 90.0000[0m
[32mEvaluation Metric: reward[0m | [36mMean: 0.1428[0m
[32mEvaluation Metric: success_at_end[0m | [36mMean: 0.2917[0m
model saved to checkpoints/ppo_memtasks/rgb_joints_belief/normalized_dense/InterceptSlow-v0/ppo-cave-interceptslow-42__42__rgb_joints_belief__20260127_110538/20260127_110538/ckpt_14_351.pt
SPS: 1465
Epoch: 352, global_step=8087040
SPS: 1466
Epoch: 353, global_step=8110080
SPS: 1467
Epoch: 354, global_step=8133120
SPS: 1468
Epoch: 355, global_step=8156160
SPS: 1469
Epoch: 356, global_step=8179200
SPS: 1470
Epoch: 357, global_step=8202240
SPS: 1472
Epoch: 358, global_step=8225280
SPS: 1473
Epoch: 359, global_step=8248320
SPS: 1474
Epoch: 360, global_step=8271360
SPS: 1475
Epoch: 361, global_step=8294400
SPS: 1476
Epoch: 362, global_step=8317440
SPS: 1477
Epoch: 363, global_step=8340480
SPS: 1478
Epoch: 364, global_step=8363520
SPS: 1479
Epoch: 365, global_step=8386560
SPS: 1480
Epoch: 366, global_step=8409600
SPS: 1482
Epoch: 367, global_step=8432640
SPS: 1483
Epoch: 368, global_step=8455680
SPS: 1484
Epoch: 369, global_step=8478720
SPS: 1485
Epoch: 370, global_step=8501760
SPS: 1486
Epoch: 371, global_step=8524800
SPS: 1487
Epoch: 372, global_step=8547840
SPS: 1488
Epoch: 373, global_step=8570880
SPS: 1489
Epoch: 374, global_step=8593920
SPS: 1490
Epoch: 375, global_step=8616960
SPS: 1491
Epoch: 376, global_step=8640000
Evaluating
Evaluated 17280 steps resulting in 192 episodes
[32mEvaluation Metric: success_once[0m | [36mMean: 0.5208[0m
[32mEvaluation Metric: return[0m | [36mMean: 13.6812[0m
[32mEvaluation Metric: episode_len[0m | [36mMean: 90.0000[0m
[32mEvaluation Metric: reward[0m | [36mMean: 0.1520[0m
[32mEvaluation Metric: success_at_end[0m | [36mMean: 0.2344[0m
model saved to checkpoints/ppo_memtasks/rgb_joints_belief/normalized_dense/InterceptSlow-v0/ppo-cave-interceptslow-42__42__rgb_joints_belief__20260127_110538/20260127_110538/ckpt_15_376.pt
SPS: 1467
Epoch: 377, global_step=8663040
SPS: 1468
Epoch: 378, global_step=8686080
SPS: 1470
Epoch: 379, global_step=8709120
SPS: 1471
Epoch: 380, global_step=8732160
SPS: 1472
Epoch: 381, global_step=8755200
SPS: 1473
Epoch: 382, global_step=8778240
SPS: 1474
Epoch: 383, global_step=8801280
SPS: 1475
Epoch: 384, global_step=8824320
SPS: 1476
Epoch: 385, global_step=8847360
SPS: 1477
Epoch: 386, global_step=8870400
SPS: 1478
Epoch: 387, global_step=8893440
SPS: 1479
Epoch: 388, global_step=8916480
SPS: 1480
Epoch: 389, global_step=8939520
SPS: 1481
Epoch: 390, global_step=8962560
SPS: 1482
Epoch: 391, global_step=8985600
SPS: 1483
Epoch: 392, global_step=9008640
SPS: 1484
Epoch: 393, global_step=9031680
SPS: 1485
Epoch: 394, global_step=9054720
SPS: 1486
Epoch: 395, global_step=9077760
SPS: 1487
Epoch: 396, global_step=9100800
SPS: 1488
Epoch: 397, global_step=9123840
SPS: 1489
Epoch: 398, global_step=9146880
SPS: 1490
Epoch: 399, global_step=9169920
SPS: 1491
Epoch: 400, global_step=9192960
SPS: 1492
Epoch: 401, global_step=9216000
Evaluating
Evaluated 17280 steps resulting in 192 episodes
[32mEvaluation Metric: success_once[0m | [36mMean: 0.5260[0m
[32mEvaluation Metric: return[0m | [36mMean: 14.5598[0m
[32mEvaluation Metric: episode_len[0m | [36mMean: 90.0000[0m
[32mEvaluation Metric: reward[0m | [36mMean: 0.1618[0m
[32mEvaluation Metric: success_at_end[0m | [36mMean: 0.3281[0m
model saved to checkpoints/ppo_memtasks/rgb_joints_belief/normalized_dense/InterceptSlow-v0/ppo-cave-interceptslow-42__42__rgb_joints_belief__20260127_110538/20260127_110538/ckpt_16_401.pt
SPS: 1470
Epoch: 402, global_step=9239040
SPS: 1471
Epoch: 403, global_step=9262080
SPS: 1472
Epoch: 404, global_step=9285120
SPS: 1473
Epoch: 405, global_step=9308160
SPS: 1474
Epoch: 406, global_step=9331200
SPS: 1475
Epoch: 407, global_step=9354240
SPS: 1476
Epoch: 408, global_step=9377280
SPS: 1477
Epoch: 409, global_step=9400320
SPS: 1478
Epoch: 410, global_step=9423360
SPS: 1479
Epoch: 411, global_step=9446400
SPS: 1480
Epoch: 412, global_step=9469440
SPS: 1481
Epoch: 413, global_step=9492480
SPS: 1482
Epoch: 414, global_step=9515520
SPS: 1483
Epoch: 415, global_step=9538560
SPS: 1484
Epoch: 416, global_step=9561600
SPS: 1485
Epoch: 417, global_step=9584640
SPS: 1486
Epoch: 418, global_step=9607680
SPS: 1487
Epoch: 419, global_step=9630720
SPS: 1488
Epoch: 420, global_step=9653760
SPS: 1488
Epoch: 421, global_step=9676800
SPS: 1489
Epoch: 422, global_step=9699840
SPS: 1490
Epoch: 423, global_step=9722880
SPS: 1491
Epoch: 424, global_step=9745920
SPS: 1492
Epoch: 425, global_step=9768960
SPS: 1493
Epoch: 426, global_step=9792000
Evaluating
Evaluated 17280 steps resulting in 192 episodes
[32mEvaluation Metric: success_once[0m | [36mMean: 0.4948[0m
[32mEvaluation Metric: return[0m | [36mMean: 13.4432[0m
[32mEvaluation Metric: episode_len[0m | [36mMean: 90.0000[0m
[32mEvaluation Metric: reward[0m | [36mMean: 0.1494[0m
[32mEvaluation Metric: success_at_end[0m | [36mMean: 0.3646[0m
model saved to checkpoints/ppo_memtasks/rgb_joints_belief/normalized_dense/InterceptSlow-v0/ppo-cave-interceptslow-42__42__rgb_joints_belief__20260127_110538/20260127_110538/ckpt_17_426.pt
SPS: 1471
Epoch: 427, global_step=9815040
SPS: 1472
Epoch: 428, global_step=9838080
SPS: 1473
Epoch: 429, global_step=9861120
SPS: 1474
Epoch: 430, global_step=9884160
SPS: 1475
Epoch: 431, global_step=9907200
SPS: 1476
Epoch: 432, global_step=9930240
SPS: 1476
Epoch: 433, global_step=9953280
SPS: 1477
Epoch: 434, global_step=9976320
SPS: 1478
model saved to checkpoints/ppo_memtasks/rgb_joints_belief/normalized_dense/InterceptSlow-v0/ppo-cave-interceptslow-42__42__rgb_joints_belief__20260127_110538/20260127_110538/final_ckpt.pt
Running Intercept-Slow (BELIEF), seed 99

===========================================================================
║                        Environment Configuration                        ║
===========================================================================
║ Environment ID: InterceptSlow-v0                                        ║
║ Oracle Info:    None                                                    ║
║ Wrappers:                                                               ║
║    ├─ InitialZeroActionWrapper                                         ║
║    │  └─ {'n_initial_steps': 0}                                           ║
║    ├─ RenderStepInfoWrapper                                            ║
║    ├─ RenderRewardInfoWrapper                                          ║
║    ├─ DebugRewardWrapper                                               ║
║-------------------------------------------------------------------------║
║ include_state:       False │ state will not be used                ║
║ include_rgb:         True  │ rgb images will be used               ║
║ include_oracle:      False │ oracle info will not be used          ║
║ include_joints:      True  │ joints will be used                   ║
===========================================================================

MODE='rgb_joints_belief'
prompt_info=None
Saving eval videos to checkpoints/ppo_memtasks/rgb_joints_belief/normalized_dense/InterceptSlow-v0/ppo-cave-interceptslow-99__99__rgb_joints_belief__20260127_125833/20260127_125833/videos
======================================================================
Max Episode Steps: 90
======================================================================

Loading belief model from /local/s4176650/sphinx/storage_cvae/InterceptSlow-v0_cvae_mikasa_last5_v6_1/final_vae_model.pt
  phi_dim=16, latent_dim=32
Belief model loaded successfully. Memory size: 768
Running training

####
args.num_iterations=434 args.num_envs=256 args.num_eval_envs=16
args.minibatch_size=720 args.batch_size=23040 args.update_epochs=2
####

sample_obs.keys()=dict_keys(['joints', 'rgb'])
joints: torch.Size([256, 25])
rgb: torch.Size([256, 128, 128, 3])


Epoch: 1, global_step=0
Evaluating
Evaluated 17280 steps resulting in 192 episodes
[32mEvaluation Metric: success_once[0m | [36mMean: 0.0729[0m
[32mEvaluation Metric: return[0m | [36mMean: 2.0097[0m
[32mEvaluation Metric: episode_len[0m | [36mMean: 90.0000[0m
[32mEvaluation Metric: reward[0m | [36mMean: 0.0223[0m
[32mEvaluation Metric: success_at_end[0m | [36mMean: 0.0312[0m
model saved to checkpoints/ppo_memtasks/rgb_joints_belief/normalized_dense/InterceptSlow-v0/ppo-cave-interceptslow-99__99__rgb_joints_belief__20260127_125833/20260127_125833/ckpt_0_1.pt
SPS: 232
Epoch: 2, global_step=23040
SPS: 421
Epoch: 3, global_step=46080
SPS: 577
Epoch: 4, global_step=69120
SPS: 706
Epoch: 5, global_step=92160
SPS: 814
Epoch: 6, global_step=115200
SPS: 904
Epoch: 7, global_step=138240
SPS: 985
Epoch: 8, global_step=161280
SPS: 1053
Epoch: 9, global_step=184320
SPS: 1112
Epoch: 10, global_step=207360
SPS: 1167
Epoch: 11, global_step=230400
SPS: 1217
Epoch: 12, global_step=253440
SPS: 1261
Epoch: 13, global_step=276480
SPS: 1299
Epoch: 14, global_step=299520
SPS: 1334
Epoch: 15, global_step=322560
SPS: 1366
Epoch: 16, global_step=345600
SPS: 1397
Epoch: 17, global_step=368640
SPS: 1425
Epoch: 18, global_step=391680
SPS: 1450
Epoch: 19, global_step=414720
SPS: 1474
Epoch: 20, global_step=437760
SPS: 1496
Epoch: 21, global_step=460800
SPS: 1516
Epoch: 22, global_step=483840
SPS: 1536
Epoch: 23, global_step=506880
SPS: 1554
Epoch: 24, global_step=529920
SPS: 1570
Epoch: 25, global_step=552960
SPS: 1586
Epoch: 26, global_step=576000
Evaluating
Evaluated 17280 steps resulting in 192 episodes
[32mEvaluation Metric: success_once[0m | [36mMean: 0.1406[0m
[32mEvaluation Metric: return[0m | [36mMean: 4.1079[0m
[32mEvaluation Metric: episode_len[0m | [36mMean: 90.0000[0m
[32mEvaluation Metric: reward[0m | [36mMean: 0.0456[0m
[32mEvaluation Metric: success_at_end[0m | [36mMean: 0.0573[0m
model saved to checkpoints/ppo_memtasks/rgb_joints_belief/normalized_dense/InterceptSlow-v0/ppo-cave-interceptslow-99__99__rgb_joints_belief__20260127_125833/20260127_125833/ckpt_1_26.pt
SPS: 1195
Epoch: 27, global_step=599040
SPS: 1214
Epoch: 28, global_step=622080
SPS: 1232
Epoch: 29, global_step=645120
SPS: 1249
Epoch: 30, global_step=668160
SPS: 1266
Epoch: 31, global_step=691200
SPS: 1282
Epoch: 32, global_step=714240
SPS: 1297
Epoch: 33, global_step=737280
SPS: 1311
Epoch: 34, global_step=760320
SPS: 1325
Epoch: 35, global_step=783360
SPS: 1338
Epoch: 36, global_step=806400
SPS: 1351
Epoch: 37, global_step=829440
SPS: 1364
Epoch: 38, global_step=852480
SPS: 1376
Epoch: 39, global_step=875520
SPS: 1387
Epoch: 40, global_step=898560
SPS: 1399
Epoch: 41, global_step=921600
SPS: 1410
Epoch: 42, global_step=944640
SPS: 1420
Epoch: 43, global_step=967680
SPS: 1430
Epoch: 44, global_step=990720
SPS: 1440
Epoch: 45, global_step=1013760
SPS: 1449
Epoch: 46, global_step=1036800
SPS: 1458
Epoch: 47, global_step=1059840
SPS: 1467
Epoch: 48, global_step=1082880
SPS: 1476
Epoch: 49, global_step=1105920
SPS: 1484
Epoch: 50, global_step=1128960
SPS: 1492
Epoch: 51, global_step=1152000
Evaluating
Evaluated 17280 steps resulting in 192 episodes
[32mEvaluation Metric: success_once[0m | [36mMean: 0.2083[0m
[32mEvaluation Metric: return[0m | [36mMean: 6.9773[0m
[32mEvaluation Metric: episode_len[0m | [36mMean: 90.0000[0m
[32mEvaluation Metric: reward[0m | [36mMean: 0.0775[0m
[32mEvaluation Metric: success_at_end[0m | [36mMean: 0.0885[0m
model saved to checkpoints/ppo_memtasks/rgb_joints_belief/normalized_dense/InterceptSlow-v0/ppo-cave-interceptslow-99__99__rgb_joints_belief__20260127_125833/20260127_125833/ckpt_2_51.pt
SPS: 1322
Epoch: 52, global_step=1175040
SPS: 1330
Epoch: 53, global_step=1198080
SPS: 1339
Epoch: 54, global_step=1221120
SPS: 1348
Epoch: 55, global_step=1244160
SPS: 1356
Epoch: 56, global_step=1267200
SPS: 1364
Epoch: 57, global_step=1290240
SPS: 1372
Epoch: 58, global_step=1313280
SPS: 1379
Epoch: 59, global_step=1336320
SPS: 1387
Epoch: 60, global_step=1359360
SPS: 1395
Epoch: 61, global_step=1382400
SPS: 1402
Epoch: 62, global_step=1405440
SPS: 1409
Epoch: 63, global_step=1428480
SPS: 1415
Epoch: 64, global_step=1451520
SPS: 1422
Epoch: 65, global_step=1474560
SPS: 1428
Epoch: 66, global_step=1497600
SPS: 1435
Epoch: 67, global_step=1520640
SPS: 1441
Epoch: 68, global_step=1543680
SPS: 1447
Epoch: 69, global_step=1566720
SPS: 1454
Epoch: 70, global_step=1589760
SPS: 1459
Epoch: 71, global_step=1612800
SPS: 1465
Epoch: 72, global_step=1635840
SPS: 1471
Epoch: 73, global_step=1658880
SPS: 1477
Epoch: 74, global_step=1681920
SPS: 1482
Epoch: 75, global_step=1704960
SPS: 1487
Epoch: 76, global_step=1728000
Evaluating
Evaluated 17280 steps resulting in 192 episodes
[32mEvaluation Metric: success_once[0m | [36mMean: 0.1771[0m
[32mEvaluation Metric: return[0m | [36mMean: 6.5478[0m
[32mEvaluation Metric: episode_len[0m | [36mMean: 90.0000[0m
[32mEvaluation Metric: reward[0m | [36mMean: 0.0728[0m
[32mEvaluation Metric: success_at_end[0m | [36mMean: 0.0990[0m
model saved to checkpoints/ppo_memtasks/rgb_joints_belief/normalized_dense/InterceptSlow-v0/ppo-cave-interceptslow-99__99__rgb_joints_belief__20260127_125833/20260127_125833/ckpt_3_76.pt
SPS: 1374
Epoch: 77, global_step=1751040
SPS: 1379
Epoch: 78, global_step=1774080
SPS: 1385
Epoch: 79, global_step=1797120
SPS: 1391
Epoch: 80, global_step=1820160
SPS: 1396
Epoch: 81, global_step=1843200
SPS: 1401
Epoch: 82, global_step=1866240
SPS: 1407
Epoch: 83, global_step=1889280
SPS: 1412
Epoch: 84, global_step=1912320
SPS: 1417
Epoch: 85, global_step=1935360
SPS: 1422
Epoch: 86, global_step=1958400
SPS: 1427
Epoch: 87, global_step=1981440
SPS: 1431
Epoch: 88, global_step=2004480
SPS: 1436
Epoch: 89, global_step=2027520
SPS: 1441
Epoch: 90, global_step=2050560
SPS: 1445
Epoch: 91, global_step=2073600
SPS: 1450
Epoch: 92, global_step=2096640
SPS: 1455
Epoch: 93, global_step=2119680
SPS: 1459
Epoch: 94, global_step=2142720
SPS: 1463
Epoch: 95, global_step=2165760
SPS: 1468
Epoch: 96, global_step=2188800
SPS: 1472
Epoch: 97, global_step=2211840
SPS: 1476
Epoch: 98, global_step=2234880
SPS: 1480
Epoch: 99, global_step=2257920
SPS: 1484
Epoch: 100, global_step=2280960
SPS: 1488
Epoch: 101, global_step=2304000
Evaluating
Evaluated 17280 steps resulting in 192 episodes
[32mEvaluation Metric: success_once[0m | [36mMean: 0.2396[0m
[32mEvaluation Metric: return[0m | [36mMean: 7.3572[0m
[32mEvaluation Metric: episode_len[0m | [36mMean: 90.0000[0m
[32mEvaluation Metric: reward[0m | [36mMean: 0.0817[0m
[32mEvaluation Metric: success_at_end[0m | [36mMean: 0.0573[0m
model saved to checkpoints/ppo_memtasks/rgb_joints_belief/normalized_dense/InterceptSlow-v0/ppo-cave-interceptslow-99__99__rgb_joints_belief__20260127_125833/20260127_125833/ckpt_4_101.pt
SPS: 1401
Epoch: 102, global_step=2327040
SPS: 1405
Epoch: 103, global_step=2350080
SPS: 1409
Epoch: 104, global_step=2373120
SPS: 1413
Epoch: 105, global_step=2396160
SPS: 1417
Epoch: 106, global_step=2419200
SPS: 1421
Epoch: 107, global_step=2442240
SPS: 1425
Epoch: 108, global_step=2465280
SPS: 1429
Epoch: 109, global_step=2488320
SPS: 1433
Epoch: 110, global_step=2511360
SPS: 1437
Epoch: 111, global_step=2534400
SPS: 1441
Epoch: 112, global_step=2557440
SPS: 1444
Epoch: 113, global_step=2580480
SPS: 1448
Epoch: 114, global_step=2603520
SPS: 1452
Epoch: 115, global_step=2626560
SPS: 1455
Epoch: 116, global_step=2649600
SPS: 1459
Epoch: 117, global_step=2672640
SPS: 1462
Epoch: 118, global_step=2695680
SPS: 1466
Epoch: 119, global_step=2718720
SPS: 1469
Epoch: 120, global_step=2741760
SPS: 1473
Epoch: 121, global_step=2764800
SPS: 1476
Epoch: 122, global_step=2787840
SPS: 1479
Epoch: 123, global_step=2810880
SPS: 1483
Epoch: 124, global_step=2833920
SPS: 1486
Epoch: 125, global_step=2856960
SPS: 1489
Epoch: 126, global_step=2880000
Evaluating
Evaluated 17280 steps resulting in 192 episodes
[32mEvaluation Metric: success_once[0m | [36mMean: 0.2812[0m
[32mEvaluation Metric: return[0m | [36mMean: 7.6738[0m
[32mEvaluation Metric: episode_len[0m | [36mMean: 90.0000[0m
[32mEvaluation Metric: reward[0m | [36mMean: 0.0853[0m
[32mEvaluation Metric: success_at_end[0m | [36mMean: 0.0885[0m
model saved to checkpoints/ppo_memtasks/rgb_joints_belief/normalized_dense/InterceptSlow-v0/ppo-cave-interceptslow-99__99__rgb_joints_belief__20260127_125833/20260127_125833/ckpt_5_126.pt
SPS: 1417
Epoch: 127, global_step=2903040
SPS: 1420
Epoch: 128, global_step=2926080
SPS: 1423
Epoch: 129, global_step=2949120
SPS: 1427
Epoch: 130, global_step=2972160
SPS: 1430
Epoch: 131, global_step=2995200
SPS: 1433
Epoch: 132, global_step=3018240
SPS: 1436
Epoch: 133, global_step=3041280
SPS: 1439
Epoch: 134, global_step=3064320
SPS: 1442
Epoch: 135, global_step=3087360
SPS: 1445
Epoch: 136, global_step=3110400
SPS: 1449
Epoch: 137, global_step=3133440
SPS: 1452
Epoch: 138, global_step=3156480
SPS: 1455
Epoch: 139, global_step=3179520
SPS: 1458
Epoch: 140, global_step=3202560
SPS: 1461
Epoch: 141, global_step=3225600
SPS: 1463
Epoch: 142, global_step=3248640
SPS: 1466
Epoch: 143, global_step=3271680
SPS: 1469
Epoch: 144, global_step=3294720
SPS: 1472
Epoch: 145, global_step=3317760
SPS: 1475
Epoch: 146, global_step=3340800
SPS: 1478
Epoch: 147, global_step=3363840
SPS: 1480
Epoch: 148, global_step=3386880
SPS: 1483
Epoch: 149, global_step=3409920
SPS: 1486
Epoch: 150, global_step=3432960
SPS: 1488
Epoch: 151, global_step=3456000
Evaluating
Evaluated 17280 steps resulting in 192 episodes
[32mEvaluation Metric: success_once[0m | [36mMean: 0.4167[0m
[32mEvaluation Metric: return[0m | [36mMean: 9.3589[0m
[32mEvaluation Metric: episode_len[0m | [36mMean: 90.0000[0m
[32mEvaluation Metric: reward[0m | [36mMean: 0.1040[0m
[32mEvaluation Metric: success_at_end[0m | [36mMean: 0.0990[0m
model saved to checkpoints/ppo_memtasks/rgb_joints_belief/normalized_dense/InterceptSlow-v0/ppo-cave-interceptslow-99__99__rgb_joints_belief__20260127_125833/20260127_125833/ckpt_6_151.pt
SPS: 1428
Epoch: 152, global_step=3479040
SPS: 1431
Epoch: 153, global_step=3502080
SPS: 1434
Epoch: 154, global_step=3525120
SPS: 1436
Epoch: 155, global_step=3548160
SPS: 1439
Epoch: 156, global_step=3571200
SPS: 1442
Epoch: 157, global_step=3594240
SPS: 1444
Epoch: 158, global_step=3617280
SPS: 1447
Epoch: 159, global_step=3640320
SPS: 1450
Epoch: 160, global_step=3663360
SPS: 1452
Epoch: 161, global_step=3686400
SPS: 1455
Epoch: 162, global_step=3709440
SPS: 1457
Epoch: 163, global_step=3732480
SPS: 1460
Epoch: 164, global_step=3755520
SPS: 1463
Epoch: 165, global_step=3778560
SPS: 1465
Epoch: 166, global_step=3801600
SPS: 1468
Epoch: 167, global_step=3824640
SPS: 1470
Epoch: 168, global_step=3847680
SPS: 1472
Epoch: 169, global_step=3870720
SPS: 1475
Epoch: 170, global_step=3893760
SPS: 1477
Epoch: 171, global_step=3916800
SPS: 1480
Epoch: 172, global_step=3939840
SPS: 1482
Epoch: 173, global_step=3962880
SPS: 1484
Epoch: 174, global_step=3985920
SPS: 1486
Epoch: 175, global_step=4008960
SPS: 1489
Epoch: 176, global_step=4032000
Evaluating
Evaluated 17280 steps resulting in 192 episodes
[32mEvaluation Metric: success_once[0m | [36mMean: 0.4688[0m
[32mEvaluation Metric: return[0m | [36mMean: 9.3599[0m
[32mEvaluation Metric: episode_len[0m | [36mMean: 90.0000[0m
[32mEvaluation Metric: reward[0m | [36mMean: 0.1040[0m
[32mEvaluation Metric: success_at_end[0m | [36mMean: 0.0573[0m
model saved to checkpoints/ppo_memtasks/rgb_joints_belief/normalized_dense/InterceptSlow-v0/ppo-cave-interceptslow-99__99__rgb_joints_belief__20260127_125833/20260127_125833/ckpt_7_176.pt
SPS: 1437
Epoch: 177, global_step=4055040
SPS: 1440
Epoch: 178, global_step=4078080
SPS: 1442
Epoch: 179, global_step=4101120
SPS: 1444
Epoch: 180, global_step=4124160
SPS: 1447
Epoch: 181, global_step=4147200
SPS: 1449
Epoch: 182, global_step=4170240
SPS: 1451
Epoch: 183, global_step=4193280
SPS: 1454
Epoch: 184, global_step=4216320
SPS: 1456
Epoch: 185, global_step=4239360
SPS: 1458
Epoch: 186, global_step=4262400
SPS: 1460
Epoch: 187, global_step=4285440
SPS: 1463
Epoch: 188, global_step=4308480
SPS: 1465
Epoch: 189, global_step=4331520
SPS: 1467
Epoch: 190, global_step=4354560
SPS: 1469
Epoch: 191, global_step=4377600
SPS: 1471
Epoch: 192, global_step=4400640
SPS: 1473
Epoch: 193, global_step=4423680
SPS: 1476
Epoch: 194, global_step=4446720
SPS: 1478
Epoch: 195, global_step=4469760
SPS: 1480
Epoch: 196, global_step=4492800
SPS: 1482
Epoch: 197, global_step=4515840
SPS: 1484
Epoch: 198, global_step=4538880
SPS: 1486
Epoch: 199, global_step=4561920
SPS: 1488
Epoch: 200, global_step=4584960
SPS: 1490
Epoch: 201, global_step=4608000
Evaluating
Evaluated 17280 steps resulting in 192 episodes
[32mEvaluation Metric: success_once[0m | [36mMean: 0.4427[0m
[32mEvaluation Metric: return[0m | [36mMean: 10.2366[0m
[32mEvaluation Metric: episode_len[0m | [36mMean: 90.0000[0m
[32mEvaluation Metric: reward[0m | [36mMean: 0.1137[0m
[32mEvaluation Metric: success_at_end[0m | [36mMean: 0.1042[0m
model saved to checkpoints/ppo_memtasks/rgb_joints_belief/normalized_dense/InterceptSlow-v0/ppo-cave-interceptslow-99__99__rgb_joints_belief__20260127_125833/20260127_125833/ckpt_8_201.pt
SPS: 1446
Epoch: 202, global_step=4631040
SPS: 1448
Epoch: 203, global_step=4654080
SPS: 1450
Epoch: 204, global_step=4677120
SPS: 1452
Epoch: 205, global_step=4700160
SPS: 1454
Epoch: 206, global_step=4723200
SPS: 1456
Epoch: 207, global_step=4746240
SPS: 1458
Epoch: 208, global_step=4769280
SPS: 1460
Epoch: 209, global_step=4792320
SPS: 1462
Epoch: 210, global_step=4815360
SPS: 1464
Epoch: 211, global_step=4838400
SPS: 1466
Epoch: 212, global_step=4861440
SPS: 1468
Epoch: 213, global_step=4884480
SPS: 1470
Epoch: 214, global_step=4907520
SPS: 1472
Epoch: 215, global_step=4930560
SPS: 1474
Epoch: 216, global_step=4953600
SPS: 1476
Epoch: 217, global_step=4976640
SPS: 1478
Epoch: 218, global_step=4999680
SPS: 1480
Epoch: 219, global_step=5022720
SPS: 1482
Epoch: 220, global_step=5045760
SPS: 1484
Epoch: 221, global_step=5068800
SPS: 1486
Epoch: 222, global_step=5091840
SPS: 1487
Epoch: 223, global_step=5114880
SPS: 1489
Epoch: 224, global_step=5137920
SPS: 1491
Epoch: 225, global_step=5160960
SPS: 1493
Epoch: 226, global_step=5184000
Evaluating
Evaluated 17280 steps resulting in 192 episodes
[32mEvaluation Metric: success_once[0m | [36mMean: 0.5104[0m
[32mEvaluation Metric: return[0m | [36mMean: 11.0429[0m
[32mEvaluation Metric: episode_len[0m | [36mMean: 90.0000[0m
[32mEvaluation Metric: reward[0m | [36mMean: 0.1227[0m
[32mEvaluation Metric: success_at_end[0m | [36mMean: 0.0990[0m
model saved to checkpoints/ppo_memtasks/rgb_joints_belief/normalized_dense/InterceptSlow-v0/ppo-cave-interceptslow-99__99__rgb_joints_belief__20260127_125833/20260127_125833/ckpt_9_226.pt
SPS: 1453
Epoch: 227, global_step=5207040
SPS: 1455
Epoch: 228, global_step=5230080
SPS: 1457
Epoch: 229, global_step=5253120
SPS: 1459
Epoch: 230, global_step=5276160
SPS: 1461
Epoch: 231, global_step=5299200
SPS: 1462
Epoch: 232, global_step=5322240
SPS: 1464
Epoch: 233, global_step=5345280
SPS: 1466
Epoch: 234, global_step=5368320
SPS: 1468
Epoch: 235, global_step=5391360
SPS: 1470
Epoch: 236, global_step=5414400
SPS: 1471
Epoch: 237, global_step=5437440
SPS: 1473
Epoch: 238, global_step=5460480
SPS: 1475
Epoch: 239, global_step=5483520
SPS: 1477
Epoch: 240, global_step=5506560
SPS: 1478
Epoch: 241, global_step=5529600
SPS: 1480
Epoch: 242, global_step=5552640
SPS: 1482
Epoch: 243, global_step=5575680
SPS: 1484
Epoch: 244, global_step=5598720
SPS: 1485
Epoch: 245, global_step=5621760
SPS: 1487
Epoch: 246, global_step=5644800
SPS: 1489
Epoch: 247, global_step=5667840
SPS: 1490
Epoch: 248, global_step=5690880
SPS: 1492
Epoch: 249, global_step=5713920
SPS: 1493
Epoch: 250, global_step=5736960
SPS: 1495
Epoch: 251, global_step=5760000
Evaluating
Evaluated 17280 steps resulting in 192 episodes
[32mEvaluation Metric: success_once[0m | [36mMean: 0.6302[0m
[32mEvaluation Metric: return[0m | [36mMean: 11.1099[0m
[32mEvaluation Metric: episode_len[0m | [36mMean: 90.0000[0m
[32mEvaluation Metric: reward[0m | [36mMean: 0.1234[0m
[32mEvaluation Metric: success_at_end[0m | [36mMean: 0.0938[0m
model saved to checkpoints/ppo_memtasks/rgb_joints_belief/normalized_dense/InterceptSlow-v0/ppo-cave-interceptslow-99__99__rgb_joints_belief__20260127_125833/20260127_125833/ckpt_10_251.pt
SPS: 1459
Epoch: 252, global_step=5783040
SPS: 1461
Epoch: 253, global_step=5806080
SPS: 1463
Epoch: 254, global_step=5829120
SPS: 1465
Epoch: 255, global_step=5852160
SPS: 1467
Epoch: 256, global_step=5875200
SPS: 1469
Epoch: 257, global_step=5898240
SPS: 1470
Epoch: 258, global_step=5921280
SPS: 1472
Epoch: 259, global_step=5944320
SPS: 1474
Epoch: 260, global_step=5967360
SPS: 1475
Epoch: 261, global_step=5990400
SPS: 1477
Epoch: 262, global_step=6013440
SPS: 1478
Epoch: 263, global_step=6036480
SPS: 1480
Epoch: 264, global_step=6059520
SPS: 1482
Epoch: 265, global_step=6082560
SPS: 1483
Epoch: 266, global_step=6105600
SPS: 1485
Epoch: 267, global_step=6128640
SPS: 1486
Epoch: 268, global_step=6151680
SPS: 1488
Epoch: 269, global_step=6174720
SPS: 1489
Epoch: 270, global_step=6197760
SPS: 1491
Epoch: 271, global_step=6220800
SPS: 1492
Epoch: 272, global_step=6243840
SPS: 1494
Epoch: 273, global_step=6266880
SPS: 1495
Epoch: 274, global_step=6289920
SPS: 1497
Epoch: 275, global_step=6312960
SPS: 1498
Epoch: 276, global_step=6336000
Evaluating
Evaluated 17280 steps resulting in 192 episodes
[32mEvaluation Metric: success_once[0m | [36mMean: 0.5208[0m
[32mEvaluation Metric: return[0m | [36mMean: 11.8984[0m
[32mEvaluation Metric: episode_len[0m | [36mMean: 90.0000[0m
[32mEvaluation Metric: reward[0m | [36mMean: 0.1322[0m
[32mEvaluation Metric: success_at_end[0m | [36mMean: 0.0990[0m
model saved to checkpoints/ppo_memtasks/rgb_joints_belief/normalized_dense/InterceptSlow-v0/ppo-cave-interceptslow-99__99__rgb_joints_belief__20260127_125833/20260127_125833/ckpt_11_276.pt
SPS: 1465
Epoch: 277, global_step=6359040
SPS: 1466
Epoch: 278, global_step=6382080
SPS: 1468
Epoch: 279, global_step=6405120
SPS: 1469
Epoch: 280, global_step=6428160
SPS: 1471
Epoch: 281, global_step=6451200
SPS: 1472
Epoch: 282, global_step=6474240
SPS: 1474
Epoch: 283, global_step=6497280
SPS: 1475
Epoch: 284, global_step=6520320
SPS: 1477
Epoch: 285, global_step=6543360
SPS: 1478
Epoch: 286, global_step=6566400
SPS: 1480
Epoch: 287, global_step=6589440
SPS: 1481
Epoch: 288, global_step=6612480
SPS: 1483
Epoch: 289, global_step=6635520
SPS: 1484
Epoch: 290, global_step=6658560
SPS: 1485
Epoch: 291, global_step=6681600
SPS: 1487
Epoch: 292, global_step=6704640
SPS: 1488
Epoch: 293, global_step=6727680
SPS: 1489
Epoch: 294, global_step=6750720
SPS: 1491
Epoch: 295, global_step=6773760
SPS: 1492
Epoch: 296, global_step=6796800
SPS: 1493
Epoch: 297, global_step=6819840
SPS: 1495
Epoch: 298, global_step=6842880
SPS: 1496
Epoch: 299, global_step=6865920
SPS: 1497
Epoch: 300, global_step=6888960
SPS: 1499
Epoch: 301, global_step=6912000
Evaluating
Evaluated 17280 steps resulting in 192 episodes
[32mEvaluation Metric: success_once[0m | [36mMean: 0.6042[0m
[32mEvaluation Metric: return[0m | [36mMean: 12.9020[0m
[32mEvaluation Metric: episode_len[0m | [36mMean: 90.0000[0m
[32mEvaluation Metric: reward[0m | [36mMean: 0.1434[0m
[32mEvaluation Metric: success_at_end[0m | [36mMean: 0.1250[0m
model saved to checkpoints/ppo_memtasks/rgb_joints_belief/normalized_dense/InterceptSlow-v0/ppo-cave-interceptslow-99__99__rgb_joints_belief__20260127_125833/20260127_125833/ckpt_12_301.pt
SPS: 1468
Epoch: 302, global_step=6935040
SPS: 1469
Epoch: 303, global_step=6958080
SPS: 1471
Epoch: 304, global_step=6981120
SPS: 1472
Epoch: 305, global_step=7004160
SPS: 1473
Epoch: 306, global_step=7027200
SPS: 1475
Epoch: 307, global_step=7050240
SPS: 1476
Epoch: 308, global_step=7073280
SPS: 1477
Epoch: 309, global_step=7096320
SPS: 1479
Epoch: 310, global_step=7119360
SPS: 1480
Epoch: 311, global_step=7142400
SPS: 1481
Epoch: 312, global_step=7165440
SPS: 1483
Epoch: 313, global_step=7188480
SPS: 1484
Epoch: 314, global_step=7211520
SPS: 1485
Epoch: 315, global_step=7234560
SPS: 1486
Epoch: 316, global_step=7257600
SPS: 1487
Epoch: 317, global_step=7280640
SPS: 1489
Epoch: 318, global_step=7303680
SPS: 1490
Epoch: 319, global_step=7326720
SPS: 1491
Epoch: 320, global_step=7349760
SPS: 1492
Epoch: 321, global_step=7372800
SPS: 1493
Epoch: 322, global_step=7395840
SPS: 1495
Epoch: 323, global_step=7418880
SPS: 1496
Epoch: 324, global_step=7441920
SPS: 1497
Epoch: 325, global_step=7464960
SPS: 1498
Epoch: 326, global_step=7488000
Evaluating
Evaluated 17280 steps resulting in 192 episodes
[32mEvaluation Metric: success_once[0m | [36mMean: 0.5312[0m
[32mEvaluation Metric: return[0m | [36mMean: 11.6643[0m
[32mEvaluation Metric: episode_len[0m | [36mMean: 90.0000[0m
[32mEvaluation Metric: reward[0m | [36mMean: 0.1296[0m
[32mEvaluation Metric: success_at_end[0m | [36mMean: 0.0938[0m
model saved to checkpoints/ppo_memtasks/rgb_joints_belief/normalized_dense/InterceptSlow-v0/ppo-cave-interceptslow-99__99__rgb_joints_belief__20260127_125833/20260127_125833/ckpt_13_326.pt
SPS: 1470
Epoch: 327, global_step=7511040
SPS: 1472
Epoch: 328, global_step=7534080
SPS: 1473
Epoch: 329, global_step=7557120
SPS: 1474
Epoch: 330, global_step=7580160
SPS: 1475
Epoch: 331, global_step=7603200
SPS: 1476
Epoch: 332, global_step=7626240
SPS: 1478
Epoch: 333, global_step=7649280
SPS: 1479
Epoch: 334, global_step=7672320
SPS: 1480
Epoch: 335, global_step=7695360
SPS: 1481
Epoch: 336, global_step=7718400
SPS: 1482
Epoch: 337, global_step=7741440
SPS: 1483
Epoch: 338, global_step=7764480
SPS: 1484
Epoch: 339, global_step=7787520
SPS: 1486
Epoch: 340, global_step=7810560
SPS: 1487
Epoch: 341, global_step=7833600
SPS: 1488
Epoch: 342, global_step=7856640
SPS: 1489
Epoch: 343, global_step=7879680
SPS: 1490
Epoch: 344, global_step=7902720
SPS: 1491
Epoch: 345, global_step=7925760
SPS: 1492
Epoch: 346, global_step=7948800
SPS: 1493
Epoch: 347, global_step=7971840
SPS: 1495
Epoch: 348, global_step=7994880
SPS: 1496
Epoch: 349, global_step=8017920
SPS: 1497
Epoch: 350, global_step=8040960
SPS: 1498
Epoch: 351, global_step=8064000
Evaluating
Evaluated 17280 steps resulting in 192 episodes
[32mEvaluation Metric: success_once[0m | [36mMean: 0.5833[0m
[32mEvaluation Metric: return[0m | [36mMean: 12.6307[0m
[32mEvaluation Metric: episode_len[0m | [36mMean: 90.0000[0m
[32mEvaluation Metric: reward[0m | [36mMean: 0.1403[0m
[32mEvaluation Metric: success_at_end[0m | [36mMean: 0.0781[0m
model saved to checkpoints/ppo_memtasks/rgb_joints_belief/normalized_dense/InterceptSlow-v0/ppo-cave-interceptslow-99__99__rgb_joints_belief__20260127_125833/20260127_125833/ckpt_14_351.pt
SPS: 1470
Epoch: 352, global_step=8087040
SPS: 1471
Epoch: 353, global_step=8110080
SPS: 1472
Epoch: 354, global_step=8133120
SPS: 1473
Epoch: 355, global_step=8156160
SPS: 1474
Epoch: 356, global_step=8179200
SPS: 1475
Epoch: 357, global_step=8202240
SPS: 1477
Epoch: 358, global_step=8225280
SPS: 1478
Epoch: 359, global_step=8248320
SPS: 1479
Epoch: 360, global_step=8271360
SPS: 1480
Epoch: 361, global_step=8294400
SPS: 1481
Epoch: 362, global_step=8317440
SPS: 1482
Epoch: 363, global_step=8340480
SPS: 1483
Epoch: 364, global_step=8363520
SPS: 1484
Epoch: 365, global_step=8386560
SPS: 1485
Epoch: 366, global_step=8409600
SPS: 1486
Epoch: 367, global_step=8432640
SPS: 1487
Epoch: 368, global_step=8455680
SPS: 1488
Epoch: 369, global_step=8478720
SPS: 1490
Epoch: 370, global_step=8501760
SPS: 1491
Epoch: 371, global_step=8524800
SPS: 1492
Epoch: 372, global_step=8547840
SPS: 1493
Epoch: 373, global_step=8570880
SPS: 1494
Epoch: 374, global_step=8593920
SPS: 1495
Epoch: 375, global_step=8616960
SPS: 1496
Epoch: 376, global_step=8640000
Evaluating
Evaluated 17280 steps resulting in 192 episodes
[32mEvaluation Metric: success_once[0m | [36mMean: 0.5781[0m
[32mEvaluation Metric: return[0m | [36mMean: 12.6356[0m
[32mEvaluation Metric: episode_len[0m | [36mMean: 90.0000[0m
[32mEvaluation Metric: reward[0m | [36mMean: 0.1404[0m
[32mEvaluation Metric: success_at_end[0m | [36mMean: 0.0990[0m
model saved to checkpoints/ppo_memtasks/rgb_joints_belief/normalized_dense/InterceptSlow-v0/ppo-cave-interceptslow-99__99__rgb_joints_belief__20260127_125833/20260127_125833/ckpt_15_376.pt
SPS: 1471
Epoch: 377, global_step=8663040
SPS: 1473
Epoch: 378, global_step=8686080
SPS: 1474
Epoch: 379, global_step=8709120
SPS: 1475
Epoch: 380, global_step=8732160
SPS: 1476
Epoch: 381, global_step=8755200
SPS: 1477
Epoch: 382, global_step=8778240
SPS: 1478
Epoch: 383, global_step=8801280
SPS: 1479
Epoch: 384, global_step=8824320
SPS: 1480
Epoch: 385, global_step=8847360
SPS: 1481
Epoch: 386, global_step=8870400
SPS: 1482
Epoch: 387, global_step=8893440
SPS: 1483
Epoch: 388, global_step=8916480
SPS: 1484
Epoch: 389, global_step=8939520
SPS: 1485
Epoch: 390, global_step=8962560
SPS: 1486
Epoch: 391, global_step=8985600
SPS: 1487
Epoch: 392, global_step=9008640
SPS: 1488
Epoch: 393, global_step=9031680
SPS: 1489
Epoch: 394, global_step=9054720
SPS: 1490
Epoch: 395, global_step=9077760
SPS: 1491
Epoch: 396, global_step=9100800
SPS: 1492
Epoch: 397, global_step=9123840
SPS: 1493
Epoch: 398, global_step=9146880
SPS: 1494
Epoch: 399, global_step=9169920
SPS: 1495
Epoch: 400, global_step=9192960
SPS: 1495
Epoch: 401, global_step=9216000
Evaluating
Evaluated 17280 steps resulting in 192 episodes
[32mEvaluation Metric: success_once[0m | [36mMean: 0.5990[0m
[32mEvaluation Metric: return[0m | [36mMean: 13.4460[0m
[32mEvaluation Metric: episode_len[0m | [36mMean: 90.0000[0m
[32mEvaluation Metric: reward[0m | [36mMean: 0.1494[0m
[32mEvaluation Metric: success_at_end[0m | [36mMean: 0.1146[0m
model saved to checkpoints/ppo_memtasks/rgb_joints_belief/normalized_dense/InterceptSlow-v0/ppo-cave-interceptslow-99__99__rgb_joints_belief__20260127_125833/20260127_125833/ckpt_16_401.pt
SPS: 1472
Epoch: 402, global_step=9239040
SPS: 1473
Epoch: 403, global_step=9262080
SPS: 1474
Epoch: 404, global_step=9285120
SPS: 1475
Epoch: 405, global_step=9308160
SPS: 1476
Epoch: 406, global_step=9331200
SPS: 1477
Epoch: 407, global_step=9354240
SPS: 1478
Epoch: 408, global_step=9377280
SPS: 1479
Epoch: 409, global_step=9400320
SPS: 1480
Epoch: 410, global_step=9423360
SPS: 1481
Epoch: 411, global_step=9446400
SPS: 1482
Epoch: 412, global_step=9469440
SPS: 1483
Epoch: 413, global_step=9492480
SPS: 1484
Epoch: 414, global_step=9515520
SPS: 1485
Epoch: 415, global_step=9538560
SPS: 1486
Epoch: 416, global_step=9561600
SPS: 1487
Epoch: 417, global_step=9584640
SPS: 1487
Epoch: 418, global_step=9607680
SPS: 1488
Epoch: 419, global_step=9630720
SPS: 1489
Epoch: 420, global_step=9653760
SPS: 1490
Epoch: 421, global_step=9676800
SPS: 1491
Epoch: 422, global_step=9699840
SPS: 1492
Epoch: 423, global_step=9722880
SPS: 1493
Epoch: 424, global_step=9745920
SPS: 1494
Epoch: 425, global_step=9768960
SPS: 1495
Epoch: 426, global_step=9792000
Evaluating
Evaluated 17280 steps resulting in 192 episodes
[32mEvaluation Metric: success_once[0m | [36mMean: 0.5990[0m
[32mEvaluation Metric: return[0m | [36mMean: 13.4753[0m
[32mEvaluation Metric: episode_len[0m | [36mMean: 90.0000[0m
[32mEvaluation Metric: reward[0m | [36mMean: 0.1497[0m
[32mEvaluation Metric: success_at_end[0m | [36mMean: 0.0573[0m
model saved to checkpoints/ppo_memtasks/rgb_joints_belief/normalized_dense/InterceptSlow-v0/ppo-cave-interceptslow-99__99__rgb_joints_belief__20260127_125833/20260127_125833/ckpt_17_426.pt
SPS: 1473
Epoch: 427, global_step=9815040
SPS: 1474
Epoch: 428, global_step=9838080
SPS: 1475
Epoch: 429, global_step=9861120
SPS: 1475
Epoch: 430, global_step=9884160
SPS: 1476
Epoch: 431, global_step=9907200
SPS: 1477
Epoch: 432, global_step=9930240
SPS: 1478
Epoch: 433, global_step=9953280
SPS: 1479
Epoch: 434, global_step=9976320
SPS: 1480
model saved to checkpoints/ppo_memtasks/rgb_joints_belief/normalized_dense/InterceptSlow-v0/ppo-cave-interceptslow-99__99__rgb_joints_belief__20260127_125833/20260127_125833/final_ckpt.pt
