Enabling podman.socket for user: s4176650
Running Intercept-Medium (BELIEF), seed 33

===========================================================================
║                        Environment Configuration                        ║
===========================================================================
║ Environment ID: InterceptMedium-v0                                      ║
║ Oracle Info:    None                                                    ║
║ Wrappers:                                                               ║
║    ├─ InitialZeroActionWrapper                                         ║
║    │  └─ {'n_initial_steps': 0}                                           ║
║    ├─ RenderStepInfoWrapper                                            ║
║    ├─ RenderRewardInfoWrapper                                          ║
║    ├─ DebugRewardWrapper                                               ║
║-------------------------------------------------------------------------║
║ include_state:       False │ state will not be used                ║
║ include_rgb:         True  │ rgb images will be used               ║
║ include_oracle:      False │ oracle info will not be used          ║
║ include_joints:      True  │ joints will be used                   ║
===========================================================================

MODE='rgb_joints_belief'
prompt_info=None
Saving eval videos to checkpoints/ppo_memtasks/rgb_joints_belief/normalized_dense/InterceptMedium-v0/ppo-cvae-v2-interceptmedium-33__33__rgb_joints_belief__20260126_121441/20260126_121441/videos
======================================================================
Max Episode Steps: 90
======================================================================

Loading belief model from /local/s4176650/sphinx/storage_cvae/InterceptMedium-v0_cvae_mikasa_last5_v6_1/final_vae_model.pt
  phi_dim=16, latent_dim=32
Belief model loaded successfully. Memory size: 768
Running training

####
args.num_iterations=434 args.num_envs=256 args.num_eval_envs=16
args.minibatch_size=720 args.batch_size=23040 args.update_epochs=4
####

sample_obs.keys()=dict_keys(['joints', 'rgb'])
joints: torch.Size([256, 25])
rgb: torch.Size([256, 128, 128, 3])


Epoch: 1, global_step=0
Evaluating
Evaluated 17280 steps resulting in 192 episodes
[32mEvaluation Metric: success_once[0m | [36mMean: 0.0000[0m
[32mEvaluation Metric: return[0m | [36mMean: 1.0475[0m
[32mEvaluation Metric: episode_len[0m | [36mMean: 90.0000[0m
[32mEvaluation Metric: reward[0m | [36mMean: 0.0116[0m
[32mEvaluation Metric: success_at_end[0m | [36mMean: 0.0000[0m
model saved to checkpoints/ppo_memtasks/rgb_joints_belief/normalized_dense/InterceptMedium-v0/ppo-cvae-v2-interceptmedium-33__33__rgb_joints_belief__20260126_121441/20260126_121441/ckpt_0_1.pt
SPS: 228
Epoch: 2, global_step=23040
SPS: 407
Epoch: 3, global_step=46080
SPS: 552
Epoch: 4, global_step=69120
SPS: 672
Epoch: 5, global_step=92160
SPS: 768
Epoch: 6, global_step=115200
SPS: 849
Epoch: 7, global_step=138240
SPS: 917
Epoch: 8, global_step=161280
SPS: 973
Epoch: 9, global_step=184320
SPS: 1025
Epoch: 10, global_step=207360
SPS: 1067
Epoch: 11, global_step=230400
SPS: 1107
Epoch: 12, global_step=253440
SPS: 1143
Epoch: 13, global_step=276480
SPS: 1172
Epoch: 14, global_step=299520
SPS: 1199
Epoch: 15, global_step=322560
SPS: 1225
Epoch: 16, global_step=345600
SPS: 1251
Epoch: 17, global_step=368640
SPS: 1273
Epoch: 18, global_step=391680
SPS: 1293
Epoch: 19, global_step=414720
SPS: 1312
Epoch: 20, global_step=437760
SPS: 1327
Epoch: 21, global_step=460800
SPS: 1343
Epoch: 22, global_step=483840
SPS: 1358
Epoch: 23, global_step=506880
SPS: 1372
Epoch: 24, global_step=529920
SPS: 1386
Epoch: 25, global_step=552960
SPS: 1397
Epoch: 26, global_step=576000
Evaluating
Evaluated 17280 steps resulting in 192 episodes
[32mEvaluation Metric: success_once[0m | [36mMean: 0.3385[0m
[32mEvaluation Metric: return[0m | [36mMean: 9.0739[0m
[32mEvaluation Metric: episode_len[0m | [36mMean: 90.0000[0m
[32mEvaluation Metric: reward[0m | [36mMean: 0.1008[0m
[32mEvaluation Metric: success_at_end[0m | [36mMean: 0.0573[0m
model saved to checkpoints/ppo_memtasks/rgb_joints_belief/normalized_dense/InterceptMedium-v0/ppo-cvae-v2-interceptmedium-33__33__rgb_joints_belief__20260126_121441/20260126_121441/ckpt_1_26.pt
SPS: 1146
Epoch: 27, global_step=599040
SPS: 1161
Epoch: 28, global_step=622080
SPS: 1175
Epoch: 29, global_step=645120
SPS: 1189
Epoch: 30, global_step=668160
SPS: 1201
Epoch: 31, global_step=691200
SPS: 1213
Epoch: 32, global_step=714240
SPS: 1225
Epoch: 33, global_step=737280
SPS: 1237
Epoch: 34, global_step=760320
SPS: 1248
Epoch: 35, global_step=783360
SPS: 1258
Epoch: 36, global_step=806400
SPS: 1267
Epoch: 37, global_step=829440
SPS: 1277
Epoch: 38, global_step=852480
SPS: 1285
Epoch: 39, global_step=875520
SPS: 1294
Epoch: 40, global_step=898560
SPS: 1303
Epoch: 41, global_step=921600
SPS: 1311
Epoch: 42, global_step=944640
SPS: 1319
Epoch: 43, global_step=967680
SPS: 1326
Epoch: 44, global_step=990720
SPS: 1333
Epoch: 45, global_step=1013760
SPS: 1341
Epoch: 46, global_step=1036800
SPS: 1347
Epoch: 47, global_step=1059840
SPS: 1353
Epoch: 48, global_step=1082880
SPS: 1359
Epoch: 49, global_step=1105920
SPS: 1364
Epoch: 50, global_step=1128960
SPS: 1371
Epoch: 51, global_step=1152000
Evaluating
Evaluated 17280 steps resulting in 192 episodes
[32mEvaluation Metric: success_once[0m | [36mMean: 0.3490[0m
[32mEvaluation Metric: return[0m | [36mMean: 8.5633[0m
[32mEvaluation Metric: episode_len[0m | [36mMean: 90.0000[0m
[32mEvaluation Metric: reward[0m | [36mMean: 0.0951[0m
[32mEvaluation Metric: success_at_end[0m | [36mMean: 0.0521[0m
model saved to checkpoints/ppo_memtasks/rgb_joints_belief/normalized_dense/InterceptMedium-v0/ppo-cvae-v2-interceptmedium-33__33__rgb_joints_belief__20260126_121441/20260126_121441/ckpt_2_51.pt
SPS: 1234
Epoch: 52, global_step=1175040
SPS: 1241
Epoch: 53, global_step=1198080
SPS: 1247
Epoch: 54, global_step=1221120
SPS: 1254
Epoch: 55, global_step=1244160
SPS: 1260
Epoch: 56, global_step=1267200
SPS: 1266
Epoch: 57, global_step=1290240
SPS: 1272
Epoch: 58, global_step=1313280
SPS: 1278
Epoch: 59, global_step=1336320
SPS: 1284
Epoch: 60, global_step=1359360
SPS: 1290
Epoch: 61, global_step=1382400
SPS: 1294
Epoch: 62, global_step=1405440
SPS: 1300
Epoch: 63, global_step=1428480
SPS: 1305
Epoch: 64, global_step=1451520
SPS: 1310
Epoch: 65, global_step=1474560
SPS: 1314
Epoch: 66, global_step=1497600
SPS: 1320
Epoch: 67, global_step=1520640
SPS: 1323
Epoch: 68, global_step=1543680
SPS: 1328
Epoch: 69, global_step=1566720
SPS: 1332
Epoch: 70, global_step=1589760
SPS: 1336
Epoch: 71, global_step=1612800
SPS: 1340
Epoch: 72, global_step=1635840
SPS: 1345
Epoch: 73, global_step=1658880
SPS: 1349
Epoch: 74, global_step=1681920
SPS: 1353
Epoch: 75, global_step=1704960
SPS: 1357
Epoch: 76, global_step=1728000
Evaluating
Evaluated 17280 steps resulting in 192 episodes
[32mEvaluation Metric: success_once[0m | [36mMean: 0.5104[0m
[32mEvaluation Metric: return[0m | [36mMean: 11.5152[0m
[32mEvaluation Metric: episode_len[0m | [36mMean: 90.0000[0m
[32mEvaluation Metric: reward[0m | [36mMean: 0.1279[0m
[32mEvaluation Metric: success_at_end[0m | [36mMean: 0.0573[0m
model saved to checkpoints/ppo_memtasks/rgb_joints_belief/normalized_dense/InterceptMedium-v0/ppo-cvae-v2-interceptmedium-33__33__rgb_joints_belief__20260126_121441/20260126_121441/ckpt_3_76.pt
SPS: 1265
Epoch: 77, global_step=1751040
SPS: 1270
Epoch: 78, global_step=1774080
SPS: 1274
Epoch: 79, global_step=1797120
SPS: 1279
Epoch: 80, global_step=1820160
SPS: 1283
Epoch: 81, global_step=1843200
SPS: 1287
Epoch: 82, global_step=1866240
SPS: 1291
Epoch: 83, global_step=1889280
SPS: 1295
Epoch: 84, global_step=1912320
SPS: 1299
Epoch: 85, global_step=1935360
SPS: 1303
Epoch: 86, global_step=1958400
SPS: 1307
Epoch: 87, global_step=1981440
SPS: 1311
Epoch: 88, global_step=2004480
SPS: 1315
Epoch: 89, global_step=2027520
SPS: 1319
Epoch: 90, global_step=2050560
SPS: 1322
Epoch: 91, global_step=2073600
SPS: 1326
Epoch: 92, global_step=2096640
SPS: 1329
Epoch: 93, global_step=2119680
SPS: 1333
Epoch: 94, global_step=2142720
SPS: 1336
Epoch: 95, global_step=2165760
SPS: 1339
Epoch: 96, global_step=2188800
SPS: 1342
Epoch: 97, global_step=2211840
SPS: 1346
Epoch: 98, global_step=2234880
SPS: 1349
Epoch: 99, global_step=2257920
SPS: 1353
Epoch: 100, global_step=2280960
SPS: 1356
Epoch: 101, global_step=2304000
Evaluating
Evaluated 17280 steps resulting in 192 episodes
[32mEvaluation Metric: success_once[0m | [36mMean: 0.5938[0m
[32mEvaluation Metric: return[0m | [36mMean: 12.3354[0m
[32mEvaluation Metric: episode_len[0m | [36mMean: 90.0000[0m
[32mEvaluation Metric: reward[0m | [36mMean: 0.1371[0m
[32mEvaluation Metric: success_at_end[0m | [36mMean: 0.0208[0m
model saved to checkpoints/ppo_memtasks/rgb_joints_belief/normalized_dense/InterceptMedium-v0/ppo-cvae-v2-interceptmedium-33__33__rgb_joints_belief__20260126_121441/20260126_121441/ckpt_4_101.pt
SPS: 1286
Epoch: 102, global_step=2327040
SPS: 1290
Epoch: 103, global_step=2350080
SPS: 1293
Epoch: 104, global_step=2373120
SPS: 1296
Epoch: 105, global_step=2396160
SPS: 1299
Epoch: 106, global_step=2419200
SPS: 1302
Epoch: 107, global_step=2442240
SPS: 1305
Epoch: 108, global_step=2465280
SPS: 1308
Epoch: 109, global_step=2488320
SPS: 1311
Epoch: 110, global_step=2511360
SPS: 1314
Epoch: 111, global_step=2534400
SPS: 1317
Epoch: 112, global_step=2557440
SPS: 1320
Epoch: 113, global_step=2580480
SPS: 1322
Epoch: 114, global_step=2603520
SPS: 1325
Epoch: 115, global_step=2626560
SPS: 1327
Epoch: 116, global_step=2649600
SPS: 1330
Epoch: 117, global_step=2672640
SPS: 1333
Epoch: 118, global_step=2695680
SPS: 1335
Epoch: 119, global_step=2718720
SPS: 1338
Epoch: 120, global_step=2741760
SPS: 1341
Epoch: 121, global_step=2764800
SPS: 1343
Epoch: 122, global_step=2787840
SPS: 1345
Epoch: 123, global_step=2810880
SPS: 1348
Epoch: 124, global_step=2833920
SPS: 1350
Epoch: 125, global_step=2856960
SPS: 1352
Epoch: 126, global_step=2880000
Evaluating
Evaluated 17280 steps resulting in 192 episodes
[32mEvaluation Metric: success_once[0m | [36mMean: 0.6719[0m
[32mEvaluation Metric: return[0m | [36mMean: 13.5030[0m
[32mEvaluation Metric: episode_len[0m | [36mMean: 90.0000[0m
[32mEvaluation Metric: reward[0m | [36mMean: 0.1500[0m
[32mEvaluation Metric: success_at_end[0m | [36mMean: 0.0365[0m
model saved to checkpoints/ppo_memtasks/rgb_joints_belief/normalized_dense/InterceptMedium-v0/ppo-cvae-v2-interceptmedium-33__33__rgb_joints_belief__20260126_121441/20260126_121441/ckpt_5_126.pt
SPS: 1297
Epoch: 127, global_step=2903040
SPS: 1300
Epoch: 128, global_step=2926080
SPS: 1302
Epoch: 129, global_step=2949120
SPS: 1305
Epoch: 130, global_step=2972160
SPS: 1307
Epoch: 131, global_step=2995200
SPS: 1310
Epoch: 132, global_step=3018240
SPS: 1312
Epoch: 133, global_step=3041280
SPS: 1315
Epoch: 134, global_step=3064320
SPS: 1317
Epoch: 135, global_step=3087360
SPS: 1320
Epoch: 136, global_step=3110400
SPS: 1323
Epoch: 137, global_step=3133440
SPS: 1325
Epoch: 138, global_step=3156480
SPS: 1327
Epoch: 139, global_step=3179520
SPS: 1329
Epoch: 140, global_step=3202560
SPS: 1332
Epoch: 141, global_step=3225600
SPS: 1334
Epoch: 142, global_step=3248640
SPS: 1336
Epoch: 143, global_step=3271680
SPS: 1339
Epoch: 144, global_step=3294720
SPS: 1341
Epoch: 145, global_step=3317760
SPS: 1343
Epoch: 146, global_step=3340800
SPS: 1345
Epoch: 147, global_step=3363840
SPS: 1347
Epoch: 148, global_step=3386880
SPS: 1349
Epoch: 149, global_step=3409920
SPS: 1351
Epoch: 150, global_step=3432960
SPS: 1353
Epoch: 151, global_step=3456000
Evaluating
Evaluated 17280 steps resulting in 192 episodes
[32mEvaluation Metric: success_once[0m | [36mMean: 0.7708[0m
[32mEvaluation Metric: return[0m | [36mMean: 13.3631[0m
[32mEvaluation Metric: episode_len[0m | [36mMean: 90.0000[0m
[32mEvaluation Metric: reward[0m | [36mMean: 0.1485[0m
[32mEvaluation Metric: success_at_end[0m | [36mMean: 0.0365[0m
model saved to checkpoints/ppo_memtasks/rgb_joints_belief/normalized_dense/InterceptMedium-v0/ppo-cvae-v2-interceptmedium-33__33__rgb_joints_belief__20260126_121441/20260126_121441/ckpt_6_151.pt
SPS: 1306
Epoch: 152, global_step=3479040
SPS: 1309
Epoch: 153, global_step=3502080
SPS: 1311
Epoch: 154, global_step=3525120
SPS: 1313
Epoch: 155, global_step=3548160
SPS: 1315
Epoch: 156, global_step=3571200
SPS: 1317
Epoch: 157, global_step=3594240
SPS: 1319
Epoch: 158, global_step=3617280
SPS: 1321
Epoch: 159, global_step=3640320
SPS: 1323
Epoch: 160, global_step=3663360
SPS: 1325
Epoch: 161, global_step=3686400
SPS: 1327
Epoch: 162, global_step=3709440
SPS: 1329
Epoch: 163, global_step=3732480
SPS: 1331
Epoch: 164, global_step=3755520
SPS: 1333
Epoch: 165, global_step=3778560
SPS: 1335
Epoch: 166, global_step=3801600
SPS: 1337
Epoch: 167, global_step=3824640
SPS: 1339
Epoch: 168, global_step=3847680
SPS: 1341
Epoch: 169, global_step=3870720
SPS: 1343
Epoch: 170, global_step=3893760
SPS: 1345
Epoch: 171, global_step=3916800
SPS: 1347
Epoch: 172, global_step=3939840
SPS: 1349
Epoch: 173, global_step=3962880
SPS: 1350
Epoch: 174, global_step=3985920
SPS: 1352
Epoch: 175, global_step=4008960
SPS: 1354
Epoch: 176, global_step=4032000
Evaluating
Evaluated 17280 steps resulting in 192 episodes
[32mEvaluation Metric: success_once[0m | [36mMean: 0.7865[0m
[32mEvaluation Metric: return[0m | [36mMean: 14.8592[0m
[32mEvaluation Metric: episode_len[0m | [36mMean: 90.0000[0m
[32mEvaluation Metric: reward[0m | [36mMean: 0.1651[0m
[32mEvaluation Metric: success_at_end[0m | [36mMean: 0.0781[0m
model saved to checkpoints/ppo_memtasks/rgb_joints_belief/normalized_dense/InterceptMedium-v0/ppo-cvae-v2-interceptmedium-33__33__rgb_joints_belief__20260126_121441/20260126_121441/ckpt_7_176.pt
SPS: 1313
Epoch: 177, global_step=4055040
SPS: 1315
Epoch: 178, global_step=4078080
SPS: 1317
Epoch: 179, global_step=4101120
SPS: 1319
Epoch: 180, global_step=4124160
SPS: 1321
Epoch: 181, global_step=4147200
SPS: 1322
Epoch: 182, global_step=4170240
SPS: 1324
Epoch: 183, global_step=4193280
SPS: 1326
Epoch: 184, global_step=4216320
SPS: 1328
Epoch: 185, global_step=4239360
SPS: 1330
Epoch: 186, global_step=4262400
SPS: 1331
Epoch: 187, global_step=4285440
SPS: 1333
Epoch: 188, global_step=4308480
SPS: 1335
Epoch: 189, global_step=4331520
SPS: 1336
Epoch: 190, global_step=4354560
SPS: 1338
Epoch: 191, global_step=4377600
SPS: 1340
Epoch: 192, global_step=4400640
SPS: 1341
Epoch: 193, global_step=4423680
SPS: 1343
Epoch: 194, global_step=4446720
SPS: 1344
Epoch: 195, global_step=4469760
SPS: 1346
Epoch: 196, global_step=4492800
SPS: 1348
Epoch: 197, global_step=4515840
SPS: 1349
Epoch: 198, global_step=4538880
SPS: 1351
Epoch: 199, global_step=4561920
SPS: 1353
Epoch: 200, global_step=4584960
SPS: 1354
Epoch: 201, global_step=4608000
Evaluating
Evaluated 17280 steps resulting in 192 episodes
[32mEvaluation Metric: success_once[0m | [36mMean: 0.8281[0m
[32mEvaluation Metric: return[0m | [36mMean: 12.6460[0m
[32mEvaluation Metric: episode_len[0m | [36mMean: 90.0000[0m
[32mEvaluation Metric: reward[0m | [36mMean: 0.1405[0m
[32mEvaluation Metric: success_at_end[0m | [36mMean: 0.0208[0m
model saved to checkpoints/ppo_memtasks/rgb_joints_belief/normalized_dense/InterceptMedium-v0/ppo-cvae-v2-interceptmedium-33__33__rgb_joints_belief__20260126_121441/20260126_121441/ckpt_8_201.pt
SPS: 1318
Epoch: 202, global_step=4631040
SPS: 1320
Epoch: 203, global_step=4654080
SPS: 1321
Epoch: 204, global_step=4677120
SPS: 1323
Epoch: 205, global_step=4700160
SPS: 1324
Epoch: 206, global_step=4723200
SPS: 1326
Epoch: 207, global_step=4746240
SPS: 1328
Epoch: 208, global_step=4769280
SPS: 1329
Epoch: 209, global_step=4792320
SPS: 1331
Epoch: 210, global_step=4815360
SPS: 1333
Epoch: 211, global_step=4838400
SPS: 1334
Epoch: 212, global_step=4861440
SPS: 1336
Epoch: 213, global_step=4884480
SPS: 1338
Epoch: 214, global_step=4907520
SPS: 1339
Epoch: 215, global_step=4930560
SPS: 1340
Epoch: 216, global_step=4953600
SPS: 1342
Epoch: 217, global_step=4976640
SPS: 1343
Epoch: 218, global_step=4999680
SPS: 1345
Epoch: 219, global_step=5022720
SPS: 1346
Epoch: 220, global_step=5045760
SPS: 1348
Epoch: 221, global_step=5068800
SPS: 1349
Epoch: 222, global_step=5091840
SPS: 1350
Epoch: 223, global_step=5114880
SPS: 1352
Epoch: 224, global_step=5137920
SPS: 1353
Epoch: 225, global_step=5160960
SPS: 1355
Epoch: 226, global_step=5184000
Evaluating
Evaluated 17280 steps resulting in 192 episodes
[32mEvaluation Metric: success_once[0m | [36mMean: 0.8438[0m
[32mEvaluation Metric: return[0m | [36mMean: 13.0360[0m
[32mEvaluation Metric: episode_len[0m | [36mMean: 90.0000[0m
[32mEvaluation Metric: reward[0m | [36mMean: 0.1448[0m
[32mEvaluation Metric: success_at_end[0m | [36mMean: 0.0365[0m
model saved to checkpoints/ppo_memtasks/rgb_joints_belief/normalized_dense/InterceptMedium-v0/ppo-cvae-v2-interceptmedium-33__33__rgb_joints_belief__20260126_121441/20260126_121441/ckpt_9_226.pt
SPS: 1322
Epoch: 227, global_step=5207040
SPS: 1324
Epoch: 228, global_step=5230080
SPS: 1326
Epoch: 229, global_step=5253120
SPS: 1327
Epoch: 230, global_step=5276160
SPS: 1328
Epoch: 231, global_step=5299200
SPS: 1330
Epoch: 232, global_step=5322240
SPS: 1331
Epoch: 233, global_step=5345280
SPS: 1333
Epoch: 234, global_step=5368320
SPS: 1334
Epoch: 235, global_step=5391360
SPS: 1335
Epoch: 236, global_step=5414400
SPS: 1337
Epoch: 237, global_step=5437440
SPS: 1338
Epoch: 238, global_step=5460480
SPS: 1340
Epoch: 239, global_step=5483520
SPS: 1341
Epoch: 240, global_step=5506560
SPS: 1343
Epoch: 241, global_step=5529600
SPS: 1344
Epoch: 242, global_step=5552640
SPS: 1345
Epoch: 243, global_step=5575680
SPS: 1347
Epoch: 244, global_step=5598720
SPS: 1348
Epoch: 245, global_step=5621760
SPS: 1349
Epoch: 246, global_step=5644800
SPS: 1350
Epoch: 247, global_step=5667840
SPS: 1352
Epoch: 248, global_step=5690880
SPS: 1353
Epoch: 249, global_step=5713920
SPS: 1354
Epoch: 250, global_step=5736960
SPS: 1356
Epoch: 251, global_step=5760000
Evaluating
Evaluated 17280 steps resulting in 192 episodes
[32mEvaluation Metric: success_once[0m | [36mMean: 0.8698[0m
[32mEvaluation Metric: return[0m | [36mMean: 13.5454[0m
[32mEvaluation Metric: episode_len[0m | [36mMean: 90.0000[0m
[32mEvaluation Metric: reward[0m | [36mMean: 0.1505[0m
[32mEvaluation Metric: success_at_end[0m | [36mMean: 0.0260[0m
model saved to checkpoints/ppo_memtasks/rgb_joints_belief/normalized_dense/InterceptMedium-v0/ppo-cvae-v2-interceptmedium-33__33__rgb_joints_belief__20260126_121441/20260126_121441/ckpt_10_251.pt
SPS: 1326
Epoch: 252, global_step=5783040
SPS: 1327
Epoch: 253, global_step=5806080
SPS: 1328
Epoch: 254, global_step=5829120
SPS: 1329
Epoch: 255, global_step=5852160
SPS: 1331
Epoch: 256, global_step=5875200
SPS: 1332
Epoch: 257, global_step=5898240
SPS: 1333
Epoch: 258, global_step=5921280
SPS: 1334
Epoch: 259, global_step=5944320
SPS: 1336
Epoch: 260, global_step=5967360
SPS: 1337
Epoch: 261, global_step=5990400
SPS: 1338
Epoch: 262, global_step=6013440
SPS: 1339
Epoch: 263, global_step=6036480
SPS: 1341
Epoch: 264, global_step=6059520
SPS: 1342
Epoch: 265, global_step=6082560
SPS: 1343
Epoch: 266, global_step=6105600
SPS: 1344
Epoch: 267, global_step=6128640
SPS: 1346
Epoch: 268, global_step=6151680
SPS: 1347
Epoch: 269, global_step=6174720
SPS: 1348
Epoch: 270, global_step=6197760
SPS: 1349
Epoch: 271, global_step=6220800
SPS: 1351
Epoch: 272, global_step=6243840
SPS: 1352
Epoch: 273, global_step=6266880
SPS: 1353
Epoch: 274, global_step=6289920
SPS: 1354
Epoch: 275, global_step=6312960
SPS: 1355
Epoch: 276, global_step=6336000
Evaluating
Evaluated 17280 steps resulting in 192 episodes
[32mEvaluation Metric: success_once[0m | [36mMean: 0.8385[0m
[32mEvaluation Metric: return[0m | [36mMean: 14.3625[0m
[32mEvaluation Metric: episode_len[0m | [36mMean: 90.0000[0m
[32mEvaluation Metric: reward[0m | [36mMean: 0.1596[0m
[32mEvaluation Metric: success_at_end[0m | [36mMean: 0.0260[0m
model saved to checkpoints/ppo_memtasks/rgb_joints_belief/normalized_dense/InterceptMedium-v0/ppo-cvae-v2-interceptmedium-33__33__rgb_joints_belief__20260126_121441/20260126_121441/ckpt_11_276.pt
SPS: 1328
Epoch: 277, global_step=6359040
SPS: 1330
Epoch: 278, global_step=6382080
SPS: 1331
Epoch: 279, global_step=6405120
SPS: 1332
Epoch: 280, global_step=6428160
SPS: 1333
Epoch: 281, global_step=6451200
SPS: 1334
Epoch: 282, global_step=6474240
SPS: 1336
Epoch: 283, global_step=6497280
SPS: 1337
Epoch: 284, global_step=6520320
SPS: 1338
Epoch: 285, global_step=6543360
SPS: 1339
Epoch: 286, global_step=6566400
SPS: 1340
Epoch: 287, global_step=6589440
SPS: 1341
Epoch: 288, global_step=6612480
SPS: 1342
Epoch: 289, global_step=6635520
SPS: 1343
Epoch: 290, global_step=6658560
SPS: 1344
Epoch: 291, global_step=6681600
SPS: 1345
Epoch: 292, global_step=6704640
SPS: 1347
Epoch: 293, global_step=6727680
SPS: 1348
Epoch: 294, global_step=6750720
SPS: 1349
Epoch: 295, global_step=6773760
SPS: 1350
Epoch: 296, global_step=6796800
SPS: 1351
Epoch: 297, global_step=6819840
SPS: 1352
Epoch: 298, global_step=6842880
SPS: 1353
Epoch: 299, global_step=6865920
SPS: 1354
Epoch: 300, global_step=6888960
SPS: 1355
Epoch: 301, global_step=6912000
Evaluating
Evaluated 17280 steps resulting in 192 episodes
[32mEvaluation Metric: success_once[0m | [36mMean: 0.9167[0m
[32mEvaluation Metric: return[0m | [36mMean: 14.8429[0m
[32mEvaluation Metric: episode_len[0m | [36mMean: 90.0000[0m
[32mEvaluation Metric: reward[0m | [36mMean: 0.1649[0m
[32mEvaluation Metric: success_at_end[0m | [36mMean: 0.0156[0m
model saved to checkpoints/ppo_memtasks/rgb_joints_belief/normalized_dense/InterceptMedium-v0/ppo-cvae-v2-interceptmedium-33__33__rgb_joints_belief__20260126_121441/20260126_121441/ckpt_12_301.pt
SPS: 1330
Epoch: 302, global_step=6935040
SPS: 1332
Epoch: 303, global_step=6958080
SPS: 1333
Epoch: 304, global_step=6981120
SPS: 1335
Epoch: 305, global_step=7004160
SPS: 1336
Epoch: 306, global_step=7027200
SPS: 1337
Epoch: 307, global_step=7050240
SPS: 1339
Epoch: 308, global_step=7073280
SPS: 1340
Epoch: 309, global_step=7096320
SPS: 1341
Epoch: 310, global_step=7119360
SPS: 1342
Epoch: 311, global_step=7142400
SPS: 1343
Epoch: 312, global_step=7165440
SPS: 1344
Epoch: 313, global_step=7188480
SPS: 1345
Epoch: 314, global_step=7211520
SPS: 1346
Epoch: 315, global_step=7234560
SPS: 1347
Epoch: 316, global_step=7257600
SPS: 1348
Epoch: 317, global_step=7280640
SPS: 1349
Epoch: 318, global_step=7303680
SPS: 1350
Epoch: 319, global_step=7326720
SPS: 1351
Epoch: 320, global_step=7349760
SPS: 1352
Epoch: 321, global_step=7372800
SPS: 1353
Epoch: 322, global_step=7395840
SPS: 1354
Epoch: 323, global_step=7418880
SPS: 1355
Epoch: 324, global_step=7441920
SPS: 1356
Epoch: 325, global_step=7464960
SPS: 1357
Epoch: 326, global_step=7488000
Evaluating
Evaluated 17280 steps resulting in 192 episodes
[32mEvaluation Metric: success_once[0m | [36mMean: 0.9479[0m
[32mEvaluation Metric: return[0m | [36mMean: 14.3434[0m
[32mEvaluation Metric: episode_len[0m | [36mMean: 90.0000[0m
[32mEvaluation Metric: reward[0m | [36mMean: 0.1594[0m
[32mEvaluation Metric: success_at_end[0m | [36mMean: 0.0000[0m
model saved to checkpoints/ppo_memtasks/rgb_joints_belief/normalized_dense/InterceptMedium-v0/ppo-cvae-v2-interceptmedium-33__33__rgb_joints_belief__20260126_121441/20260126_121441/ckpt_13_326.pt
SPS: 1334
Epoch: 327, global_step=7511040
SPS: 1335
Epoch: 328, global_step=7534080
SPS: 1336
Epoch: 329, global_step=7557120
SPS: 1337
Epoch: 330, global_step=7580160
SPS: 1338
Epoch: 331, global_step=7603200
SPS: 1339
Epoch: 332, global_step=7626240
SPS: 1340
Epoch: 333, global_step=7649280
SPS: 1341
Epoch: 334, global_step=7672320
SPS: 1342
Epoch: 335, global_step=7695360
SPS: 1343
Epoch: 336, global_step=7718400
SPS: 1344
Epoch: 337, global_step=7741440
SPS: 1345
Epoch: 338, global_step=7764480
SPS: 1346
Epoch: 339, global_step=7787520
SPS: 1346
Epoch: 340, global_step=7810560
SPS: 1347
Epoch: 341, global_step=7833600
SPS: 1348
Epoch: 342, global_step=7856640
SPS: 1349
Epoch: 343, global_step=7879680
SPS: 1350
Epoch: 344, global_step=7902720
SPS: 1351
Epoch: 345, global_step=7925760
SPS: 1352
Epoch: 346, global_step=7948800
SPS: 1353
Epoch: 347, global_step=7971840
SPS: 1354
Epoch: 348, global_step=7994880
SPS: 1355
Epoch: 349, global_step=8017920
SPS: 1356
Epoch: 350, global_step=8040960
SPS: 1357
Epoch: 351, global_step=8064000
Evaluating
Evaluated 17280 steps resulting in 192 episodes
[32mEvaluation Metric: success_once[0m | [36mMean: 0.9062[0m
[32mEvaluation Metric: return[0m | [36mMean: 14.7303[0m
[32mEvaluation Metric: episode_len[0m | [36mMean: 90.0000[0m
[32mEvaluation Metric: reward[0m | [36mMean: 0.1637[0m
[32mEvaluation Metric: success_at_end[0m | [36mMean: 0.0104[0m
model saved to checkpoints/ppo_memtasks/rgb_joints_belief/normalized_dense/InterceptMedium-v0/ppo-cvae-v2-interceptmedium-33__33__rgb_joints_belief__20260126_121441/20260126_121441/ckpt_14_351.pt
SPS: 1334
Epoch: 352, global_step=8087040
SPS: 1335
Epoch: 353, global_step=8110080
SPS: 1336
Epoch: 354, global_step=8133120
SPS: 1337
Epoch: 355, global_step=8156160
SPS: 1338
Epoch: 356, global_step=8179200
SPS: 1339
Epoch: 357, global_step=8202240
SPS: 1339
Epoch: 358, global_step=8225280
SPS: 1340
Epoch: 359, global_step=8248320
SPS: 1341
Epoch: 360, global_step=8271360
SPS: 1342
Epoch: 361, global_step=8294400
SPS: 1343
Epoch: 362, global_step=8317440
SPS: 1344
Epoch: 363, global_step=8340480
SPS: 1344
Epoch: 364, global_step=8363520
SPS: 1345
Epoch: 365, global_step=8386560
SPS: 1346
Epoch: 366, global_step=8409600
SPS: 1347
Epoch: 367, global_step=8432640
SPS: 1348
Epoch: 368, global_step=8455680
SPS: 1349
Epoch: 369, global_step=8478720
SPS: 1350
Epoch: 370, global_step=8501760
SPS: 1350
Epoch: 371, global_step=8524800
SPS: 1351
Epoch: 372, global_step=8547840
SPS: 1352
Epoch: 373, global_step=8570880
SPS: 1353
Epoch: 374, global_step=8593920
SPS: 1354
Epoch: 375, global_step=8616960
SPS: 1355
Epoch: 376, global_step=8640000
Evaluating
Evaluated 17280 steps resulting in 192 episodes
[32mEvaluation Metric: success_once[0m | [36mMean: 0.8958[0m
[32mEvaluation Metric: return[0m | [36mMean: 15.4710[0m
[32mEvaluation Metric: episode_len[0m | [36mMean: 90.0000[0m
[32mEvaluation Metric: reward[0m | [36mMean: 0.1719[0m
[32mEvaluation Metric: success_at_end[0m | [36mMean: 0.0208[0m
model saved to checkpoints/ppo_memtasks/rgb_joints_belief/normalized_dense/InterceptMedium-v0/ppo-cvae-v2-interceptmedium-33__33__rgb_joints_belief__20260126_121441/20260126_121441/ckpt_15_376.pt
SPS: 1335
Epoch: 377, global_step=8663040
SPS: 1336
Epoch: 378, global_step=8686080
SPS: 1337
Epoch: 379, global_step=8709120
SPS: 1338
Epoch: 380, global_step=8732160
SPS: 1339
Epoch: 381, global_step=8755200
SPS: 1340
Epoch: 382, global_step=8778240
SPS: 1340
Epoch: 383, global_step=8801280
SPS: 1341
Epoch: 384, global_step=8824320
SPS: 1343
Epoch: 385, global_step=8847360
SPS: 1344
Epoch: 386, global_step=8870400
SPS: 1345
Epoch: 387, global_step=8893440
SPS: 1346
Epoch: 388, global_step=8916480
SPS: 1347
Epoch: 389, global_step=8939520
SPS: 1348
Epoch: 390, global_step=8962560
SPS: 1349
Epoch: 391, global_step=8985600
SPS: 1350
Epoch: 392, global_step=9008640
SPS: 1350
Epoch: 393, global_step=9031680
SPS: 1351
Epoch: 394, global_step=9054720
SPS: 1352
Epoch: 395, global_step=9077760
SPS: 1353
Epoch: 396, global_step=9100800
SPS: 1354
Epoch: 397, global_step=9123840
SPS: 1355
Epoch: 398, global_step=9146880
SPS: 1356
Epoch: 399, global_step=9169920
SPS: 1356
Epoch: 400, global_step=9192960
SPS: 1357
Epoch: 401, global_step=9216000
Evaluating
Evaluated 17280 steps resulting in 192 episodes
[32mEvaluation Metric: success_once[0m | [36mMean: 0.8958[0m
[32mEvaluation Metric: return[0m | [36mMean: 14.1339[0m
[32mEvaluation Metric: episode_len[0m | [36mMean: 90.0000[0m
[32mEvaluation Metric: reward[0m | [36mMean: 0.1570[0m
[32mEvaluation Metric: success_at_end[0m | [36mMean: 0.0052[0m
model saved to checkpoints/ppo_memtasks/rgb_joints_belief/normalized_dense/InterceptMedium-v0/ppo-cvae-v2-interceptmedium-33__33__rgb_joints_belief__20260126_121441/20260126_121441/ckpt_16_401.pt
SPS: 1339
Epoch: 402, global_step=9239040
SPS: 1340
Epoch: 403, global_step=9262080
SPS: 1341
Epoch: 404, global_step=9285120
SPS: 1341
Epoch: 405, global_step=9308160
SPS: 1342
Epoch: 406, global_step=9331200
SPS: 1343
Epoch: 407, global_step=9354240
SPS: 1344
Epoch: 408, global_step=9377280
SPS: 1345
Epoch: 409, global_step=9400320
SPS: 1346
Epoch: 410, global_step=9423360
SPS: 1347
Epoch: 411, global_step=9446400
SPS: 1348
Epoch: 412, global_step=9469440
SPS: 1349
Epoch: 413, global_step=9492480
SPS: 1350
Epoch: 414, global_step=9515520
SPS: 1351
Epoch: 415, global_step=9538560
SPS: 1351
Epoch: 416, global_step=9561600
SPS: 1352
Epoch: 417, global_step=9584640
SPS: 1353
Epoch: 418, global_step=9607680
SPS: 1354
Epoch: 419, global_step=9630720
SPS: 1355
Epoch: 420, global_step=9653760
SPS: 1355
Epoch: 421, global_step=9676800
SPS: 1357
Epoch: 422, global_step=9699840
SPS: 1358
Epoch: 423, global_step=9722880
SPS: 1359
Epoch: 424, global_step=9745920
SPS: 1359
Epoch: 425, global_step=9768960
SPS: 1360
Epoch: 426, global_step=9792000
Evaluating
Evaluated 17280 steps resulting in 192 episodes
[32mEvaluation Metric: success_once[0m | [36mMean: 0.8906[0m
[32mEvaluation Metric: return[0m | [36mMean: 14.7162[0m
[32mEvaluation Metric: episode_len[0m | [36mMean: 90.0000[0m
[32mEvaluation Metric: reward[0m | [36mMean: 0.1635[0m
[32mEvaluation Metric: success_at_end[0m | [36mMean: 0.0052[0m
model saved to checkpoints/ppo_memtasks/rgb_joints_belief/normalized_dense/InterceptMedium-v0/ppo-cvae-v2-interceptmedium-33__33__rgb_joints_belief__20260126_121441/20260126_121441/ckpt_17_426.pt
SPS: 1343
Epoch: 427, global_step=9815040
SPS: 1343
Epoch: 428, global_step=9838080
SPS: 1344
Epoch: 429, global_step=9861120
SPS: 1345
Epoch: 430, global_step=9884160
SPS: 1346
Epoch: 431, global_step=9907200
SPS: 1347
Epoch: 432, global_step=9930240
SPS: 1347
Epoch: 433, global_step=9953280
SPS: 1348
Epoch: 434, global_step=9976320
SPS: 1348
model saved to checkpoints/ppo_memtasks/rgb_joints_belief/normalized_dense/InterceptMedium-v0/ppo-cvae-v2-interceptmedium-33__33__rgb_joints_belief__20260126_121441/20260126_121441/final_ckpt.pt
Running Intercept-Medium (BELIEF), seed 42

===========================================================================
║                        Environment Configuration                        ║
===========================================================================
║ Environment ID: InterceptMedium-v0                                      ║
║ Oracle Info:    None                                                    ║
║ Wrappers:                                                               ║
║    ├─ InitialZeroActionWrapper                                         ║
║    │  └─ {'n_initial_steps': 0}                                           ║
║    ├─ RenderStepInfoWrapper                                            ║
║    ├─ RenderRewardInfoWrapper                                          ║
║    ├─ DebugRewardWrapper                                               ║
║-------------------------------------------------------------------------║
║ include_state:       False │ state will not be used                ║
║ include_rgb:         True  │ rgb images will be used               ║
║ include_oracle:      False │ oracle info will not be used          ║
║ include_joints:      True  │ joints will be used                   ║
===========================================================================

MODE='rgb_joints_belief'
prompt_info=None
Saving eval videos to checkpoints/ppo_memtasks/rgb_joints_belief/normalized_dense/InterceptMedium-v0/ppo-cvae-v2-interceptmedium-42__42__rgb_joints_belief__20260126_141826/20260126_141826/videos
======================================================================
Max Episode Steps: 90
======================================================================

Loading belief model from /local/s4176650/sphinx/storage_cvae/InterceptMedium-v0_cvae_mikasa_last5_v6_1/final_vae_model.pt
  phi_dim=16, latent_dim=32
Belief model loaded successfully. Memory size: 768
Running training

####
args.num_iterations=434 args.num_envs=256 args.num_eval_envs=16
args.minibatch_size=720 args.batch_size=23040 args.update_epochs=4
####

sample_obs.keys()=dict_keys(['joints', 'rgb'])
joints: torch.Size([256, 25])
rgb: torch.Size([256, 128, 128, 3])


Epoch: 1, global_step=0
Evaluating
Evaluated 17280 steps resulting in 192 episodes
[32mEvaluation Metric: success_once[0m | [36mMean: 0.0000[0m
[32mEvaluation Metric: return[0m | [36mMean: 1.0427[0m
[32mEvaluation Metric: episode_len[0m | [36mMean: 90.0000[0m
[32mEvaluation Metric: reward[0m | [36mMean: 0.0116[0m
[32mEvaluation Metric: success_at_end[0m | [36mMean: 0.0000[0m
model saved to checkpoints/ppo_memtasks/rgb_joints_belief/normalized_dense/InterceptMedium-v0/ppo-cvae-v2-interceptmedium-42__42__rgb_joints_belief__20260126_141826/20260126_141826/ckpt_0_1.pt
SPS: 231
Epoch: 2, global_step=23040
SPS: 414
Epoch: 3, global_step=46080
SPS: 559
Epoch: 4, global_step=69120
SPS: 675
Epoch: 5, global_step=92160
SPS: 770
Epoch: 6, global_step=115200
SPS: 850
Epoch: 7, global_step=138240
SPS: 917
Epoch: 8, global_step=161280
SPS: 975
Epoch: 9, global_step=184320
SPS: 1023
Epoch: 10, global_step=207360
SPS: 1064
Epoch: 11, global_step=230400
SPS: 1102
Epoch: 12, global_step=253440
SPS: 1136
Epoch: 13, global_step=276480
SPS: 1168
Epoch: 14, global_step=299520
SPS: 1194
Epoch: 15, global_step=322560
SPS: 1219
Epoch: 16, global_step=345600
SPS: 1242
Epoch: 17, global_step=368640
SPS: 1262
Epoch: 18, global_step=391680
SPS: 1283
Epoch: 19, global_step=414720
SPS: 1302
Epoch: 20, global_step=437760
SPS: 1318
Epoch: 21, global_step=460800
SPS: 1333
Epoch: 22, global_step=483840
SPS: 1346
Epoch: 23, global_step=506880
SPS: 1361
Epoch: 24, global_step=529920
SPS: 1373
Epoch: 25, global_step=552960
SPS: 1385
Epoch: 26, global_step=576000
Evaluating
Evaluated 17280 steps resulting in 192 episodes
[32mEvaluation Metric: success_once[0m | [36mMean: 0.1771[0m
[32mEvaluation Metric: return[0m | [36mMean: 7.0629[0m
[32mEvaluation Metric: episode_len[0m | [36mMean: 90.0000[0m
[32mEvaluation Metric: reward[0m | [36mMean: 0.0785[0m
[32mEvaluation Metric: success_at_end[0m | [36mMean: 0.0312[0m
model saved to checkpoints/ppo_memtasks/rgb_joints_belief/normalized_dense/InterceptMedium-v0/ppo-cvae-v2-interceptmedium-42__42__rgb_joints_belief__20260126_141826/20260126_141826/ckpt_1_26.pt
SPS: 1132
Epoch: 27, global_step=599040
SPS: 1147
Epoch: 28, global_step=622080
SPS: 1160
Epoch: 29, global_step=645120
SPS: 1173
Epoch: 30, global_step=668160
SPS: 1186
Epoch: 31, global_step=691200
SPS: 1200
Epoch: 32, global_step=714240
SPS: 1211
Epoch: 33, global_step=737280
SPS: 1223
Epoch: 34, global_step=760320
SPS: 1233
Epoch: 35, global_step=783360
SPS: 1243
Epoch: 36, global_step=806400
SPS: 1254
Epoch: 37, global_step=829440
SPS: 1265
Epoch: 38, global_step=852480
SPS: 1273
Epoch: 39, global_step=875520
SPS: 1282
Epoch: 40, global_step=898560
SPS: 1290
Epoch: 41, global_step=921600
SPS: 1299
Epoch: 42, global_step=944640
SPS: 1308
Epoch: 43, global_step=967680
SPS: 1316
Epoch: 44, global_step=990720
SPS: 1324
Epoch: 45, global_step=1013760
SPS: 1331
Epoch: 46, global_step=1036800
SPS: 1339
Epoch: 47, global_step=1059840
SPS: 1345
Epoch: 48, global_step=1082880
SPS: 1350
Epoch: 49, global_step=1105920
SPS: 1357
Epoch: 50, global_step=1128960
SPS: 1363
Epoch: 51, global_step=1152000
Evaluating
Evaluated 17280 steps resulting in 192 episodes
[32mEvaluation Metric: success_once[0m | [36mMean: 0.4844[0m
[32mEvaluation Metric: return[0m | [36mMean: 15.5080[0m
[32mEvaluation Metric: episode_len[0m | [36mMean: 90.0000[0m
[32mEvaluation Metric: reward[0m | [36mMean: 0.1723[0m
[32mEvaluation Metric: success_at_end[0m | [36mMean: 0.0990[0m
model saved to checkpoints/ppo_memtasks/rgb_joints_belief/normalized_dense/InterceptMedium-v0/ppo-cvae-v2-interceptmedium-42__42__rgb_joints_belief__20260126_141826/20260126_141826/ckpt_2_51.pt
SPS: 1229
Epoch: 52, global_step=1175040
SPS: 1237
Epoch: 53, global_step=1198080
SPS: 1243
Epoch: 54, global_step=1221120
SPS: 1251
Epoch: 55, global_step=1244160
SPS: 1257
Epoch: 56, global_step=1267200
SPS: 1263
Epoch: 57, global_step=1290240
SPS: 1269
Epoch: 58, global_step=1313280
SPS: 1274
Epoch: 59, global_step=1336320
SPS: 1280
Epoch: 60, global_step=1359360
SPS: 1287
Epoch: 61, global_step=1382400
SPS: 1293
Epoch: 62, global_step=1405440
SPS: 1298
Epoch: 63, global_step=1428480
SPS: 1304
Epoch: 64, global_step=1451520
SPS: 1309
Epoch: 65, global_step=1474560
SPS: 1314
Epoch: 66, global_step=1497600
SPS: 1318
Epoch: 67, global_step=1520640
SPS: 1323
Epoch: 68, global_step=1543680
SPS: 1329
Epoch: 69, global_step=1566720
SPS: 1333
Epoch: 70, global_step=1589760
SPS: 1338
Epoch: 71, global_step=1612800
SPS: 1342
Epoch: 72, global_step=1635840
SPS: 1346
Epoch: 73, global_step=1658880
SPS: 1351
Epoch: 74, global_step=1681920
SPS: 1356
Epoch: 75, global_step=1704960
SPS: 1360
Epoch: 76, global_step=1728000
Evaluating
Evaluated 17280 steps resulting in 192 episodes
[32mEvaluation Metric: success_once[0m | [36mMean: 0.4740[0m
[32mEvaluation Metric: return[0m | [36mMean: 15.1574[0m
[32mEvaluation Metric: episode_len[0m | [36mMean: 90.0000[0m
[32mEvaluation Metric: reward[0m | [36mMean: 0.1684[0m
[32mEvaluation Metric: success_at_end[0m | [36mMean: 0.1042[0m
model saved to checkpoints/ppo_memtasks/rgb_joints_belief/normalized_dense/InterceptMedium-v0/ppo-cvae-v2-interceptmedium-42__42__rgb_joints_belief__20260126_141826/20260126_141826/ckpt_3_76.pt
SPS: 1267
Epoch: 77, global_step=1751040
SPS: 1271
Epoch: 78, global_step=1774080
SPS: 1275
Epoch: 79, global_step=1797120
SPS: 1279
Epoch: 80, global_step=1820160
SPS: 1284
Epoch: 81, global_step=1843200
SPS: 1288
Epoch: 82, global_step=1866240
SPS: 1292
Epoch: 83, global_step=1889280
SPS: 1296
Epoch: 84, global_step=1912320
SPS: 1300
Epoch: 85, global_step=1935360
SPS: 1304
Epoch: 86, global_step=1958400
SPS: 1308
Epoch: 87, global_step=1981440
SPS: 1311
Epoch: 88, global_step=2004480
SPS: 1315
Epoch: 89, global_step=2027520
SPS: 1319
Epoch: 90, global_step=2050560
SPS: 1322
Epoch: 91, global_step=2073600
SPS: 1326
Epoch: 92, global_step=2096640
SPS: 1329
Epoch: 93, global_step=2119680
SPS: 1333
Epoch: 94, global_step=2142720
SPS: 1336
Epoch: 95, global_step=2165760
SPS: 1339
Epoch: 96, global_step=2188800
SPS: 1342
Epoch: 97, global_step=2211840
SPS: 1346
Epoch: 98, global_step=2234880
SPS: 1349
Epoch: 99, global_step=2257920
SPS: 1352
Epoch: 100, global_step=2280960
SPS: 1354
Epoch: 101, global_step=2304000
Evaluating
Evaluated 17280 steps resulting in 192 episodes
[32mEvaluation Metric: success_once[0m | [36mMean: 0.7240[0m
[32mEvaluation Metric: return[0m | [36mMean: 16.1661[0m
[32mEvaluation Metric: episode_len[0m | [36mMean: 90.0000[0m
[32mEvaluation Metric: reward[0m | [36mMean: 0.1796[0m
[32mEvaluation Metric: success_at_end[0m | [36mMean: 0.0469[0m
model saved to checkpoints/ppo_memtasks/rgb_joints_belief/normalized_dense/InterceptMedium-v0/ppo-cvae-v2-interceptmedium-42__42__rgb_joints_belief__20260126_141826/20260126_141826/ckpt_4_101.pt
SPS: 1285
Epoch: 102, global_step=2327040
SPS: 1288
Epoch: 103, global_step=2350080
SPS: 1291
Epoch: 104, global_step=2373120
SPS: 1295
Epoch: 105, global_step=2396160
SPS: 1298
Epoch: 106, global_step=2419200
SPS: 1301
Epoch: 107, global_step=2442240
SPS: 1304
Epoch: 108, global_step=2465280
SPS: 1307
Epoch: 109, global_step=2488320
SPS: 1310
Epoch: 110, global_step=2511360
SPS: 1312
Epoch: 111, global_step=2534400
SPS: 1315
Epoch: 112, global_step=2557440
SPS: 1318
Epoch: 113, global_step=2580480
SPS: 1321
Epoch: 114, global_step=2603520
SPS: 1324
Epoch: 115, global_step=2626560
SPS: 1327
Epoch: 116, global_step=2649600
SPS: 1329
Epoch: 117, global_step=2672640
SPS: 1332
Epoch: 118, global_step=2695680
SPS: 1334
Epoch: 119, global_step=2718720
SPS: 1337
Epoch: 120, global_step=2741760
SPS: 1340
Epoch: 121, global_step=2764800
SPS: 1342
Epoch: 122, global_step=2787840
SPS: 1345
Epoch: 123, global_step=2810880
SPS: 1347
Epoch: 124, global_step=2833920
SPS: 1349
Epoch: 125, global_step=2856960
SPS: 1352
Epoch: 126, global_step=2880000
Evaluating
Evaluated 17280 steps resulting in 192 episodes
[32mEvaluation Metric: success_once[0m | [36mMean: 0.8177[0m
[32mEvaluation Metric: return[0m | [36mMean: 16.1654[0m
[32mEvaluation Metric: episode_len[0m | [36mMean: 90.0000[0m
[32mEvaluation Metric: reward[0m | [36mMean: 0.1796[0m
[32mEvaluation Metric: success_at_end[0m | [36mMean: 0.0417[0m
model saved to checkpoints/ppo_memtasks/rgb_joints_belief/normalized_dense/InterceptMedium-v0/ppo-cvae-v2-interceptmedium-42__42__rgb_joints_belief__20260126_141826/20260126_141826/ckpt_5_126.pt
SPS: 1294
Epoch: 127, global_step=2903040
SPS: 1297
Epoch: 128, global_step=2926080
SPS: 1300
Epoch: 129, global_step=2949120
SPS: 1302
Epoch: 130, global_step=2972160
SPS: 1305
Epoch: 131, global_step=2995200
SPS: 1307
Epoch: 132, global_step=3018240
SPS: 1310
Epoch: 133, global_step=3041280
SPS: 1312
Epoch: 134, global_step=3064320
SPS: 1314
Epoch: 135, global_step=3087360
SPS: 1317
Epoch: 136, global_step=3110400
SPS: 1320
Epoch: 137, global_step=3133440
SPS: 1322
Epoch: 138, global_step=3156480
SPS: 1324
Epoch: 139, global_step=3179520
SPS: 1326
Epoch: 140, global_step=3202560
SPS: 1329
Epoch: 141, global_step=3225600
SPS: 1332
Epoch: 142, global_step=3248640
SPS: 1334
Epoch: 143, global_step=3271680
SPS: 1336
Epoch: 144, global_step=3294720
SPS: 1339
Epoch: 145, global_step=3317760
SPS: 1341
Epoch: 146, global_step=3340800
SPS: 1343
Epoch: 147, global_step=3363840
SPS: 1345
Epoch: 148, global_step=3386880
SPS: 1348
Epoch: 149, global_step=3409920
SPS: 1350
Epoch: 150, global_step=3432960
SPS: 1352
Epoch: 151, global_step=3456000
Evaluating
Evaluated 17280 steps resulting in 192 episodes
[32mEvaluation Metric: success_once[0m | [36mMean: 0.7917[0m
[32mEvaluation Metric: return[0m | [36mMean: 14.5447[0m
[32mEvaluation Metric: episode_len[0m | [36mMean: 90.0000[0m
[32mEvaluation Metric: reward[0m | [36mMean: 0.1616[0m
[32mEvaluation Metric: success_at_end[0m | [36mMean: 0.0260[0m
model saved to checkpoints/ppo_memtasks/rgb_joints_belief/normalized_dense/InterceptMedium-v0/ppo-cvae-v2-interceptmedium-42__42__rgb_joints_belief__20260126_141826/20260126_141826/ckpt_6_151.pt
SPS: 1303
Epoch: 152, global_step=3479040
SPS: 1306
Epoch: 153, global_step=3502080
SPS: 1308
Epoch: 154, global_step=3525120
SPS: 1310
Epoch: 155, global_step=3548160
SPS: 1312
Epoch: 156, global_step=3571200
SPS: 1314
Epoch: 157, global_step=3594240
SPS: 1316
Epoch: 158, global_step=3617280
SPS: 1318
Epoch: 159, global_step=3640320
SPS: 1321
Epoch: 160, global_step=3663360
SPS: 1323
Epoch: 161, global_step=3686400
SPS: 1325
Epoch: 162, global_step=3709440
SPS: 1327
Epoch: 163, global_step=3732480
SPS: 1329
Epoch: 164, global_step=3755520
SPS: 1331
Epoch: 165, global_step=3778560
SPS: 1333
Epoch: 166, global_step=3801600
SPS: 1335
Epoch: 167, global_step=3824640
SPS: 1337
Epoch: 168, global_step=3847680
SPS: 1339
Epoch: 169, global_step=3870720
SPS: 1341
Epoch: 170, global_step=3893760
SPS: 1343
Epoch: 171, global_step=3916800
SPS: 1344
Epoch: 172, global_step=3939840
SPS: 1346
Epoch: 173, global_step=3962880
SPS: 1348
Epoch: 174, global_step=3985920
SPS: 1350
Epoch: 175, global_step=4008960
SPS: 1352
Epoch: 176, global_step=4032000
Evaluating
Evaluated 17280 steps resulting in 192 episodes
[32mEvaluation Metric: success_once[0m | [36mMean: 0.8542[0m
[32mEvaluation Metric: return[0m | [36mMean: 16.4371[0m
[32mEvaluation Metric: episode_len[0m | [36mMean: 90.0000[0m
[32mEvaluation Metric: reward[0m | [36mMean: 0.1826[0m
[32mEvaluation Metric: success_at_end[0m | [36mMean: 0.0260[0m
model saved to checkpoints/ppo_memtasks/rgb_joints_belief/normalized_dense/InterceptMedium-v0/ppo-cvae-v2-interceptmedium-42__42__rgb_joints_belief__20260126_141826/20260126_141826/ckpt_7_176.pt
SPS: 1310
Epoch: 177, global_step=4055040
SPS: 1312
Epoch: 178, global_step=4078080
SPS: 1314
Epoch: 179, global_step=4101120
SPS: 1316
Epoch: 180, global_step=4124160
SPS: 1318
Epoch: 181, global_step=4147200
SPS: 1319
Epoch: 182, global_step=4170240
SPS: 1321
Epoch: 183, global_step=4193280
SPS: 1323
Epoch: 184, global_step=4216320
SPS: 1325
Epoch: 185, global_step=4239360
SPS: 1326
Epoch: 186, global_step=4262400
SPS: 1328
Epoch: 187, global_step=4285440
SPS: 1330
Epoch: 188, global_step=4308480
SPS: 1332
Epoch: 189, global_step=4331520
SPS: 1333
Epoch: 190, global_step=4354560
SPS: 1335
Epoch: 191, global_step=4377600
SPS: 1337
Epoch: 192, global_step=4400640
SPS: 1338
Epoch: 193, global_step=4423680
SPS: 1340
Epoch: 194, global_step=4446720
SPS: 1342
Epoch: 195, global_step=4469760
SPS: 1343
Epoch: 196, global_step=4492800
SPS: 1345
Epoch: 197, global_step=4515840
SPS: 1346
Epoch: 198, global_step=4538880
SPS: 1348
Epoch: 199, global_step=4561920
SPS: 1349
Epoch: 200, global_step=4584960
SPS: 1351
Epoch: 201, global_step=4608000
Evaluating
Evaluated 17280 steps resulting in 192 episodes
[32mEvaluation Metric: success_once[0m | [36mMean: 0.8438[0m
[32mEvaluation Metric: return[0m | [36mMean: 16.7775[0m
[32mEvaluation Metric: episode_len[0m | [36mMean: 90.0000[0m
[32mEvaluation Metric: reward[0m | [36mMean: 0.1864[0m
[32mEvaluation Metric: success_at_end[0m | [36mMean: 0.0208[0m
model saved to checkpoints/ppo_memtasks/rgb_joints_belief/normalized_dense/InterceptMedium-v0/ppo-cvae-v2-interceptmedium-42__42__rgb_joints_belief__20260126_141826/20260126_141826/ckpt_8_201.pt
SPS: 1314
Epoch: 202, global_step=4631040
SPS: 1316
Epoch: 203, global_step=4654080
SPS: 1317
Epoch: 204, global_step=4677120
SPS: 1319
Epoch: 205, global_step=4700160
SPS: 1321
Epoch: 206, global_step=4723200
SPS: 1322
Epoch: 207, global_step=4746240
SPS: 1324
Epoch: 208, global_step=4769280
SPS: 1325
Epoch: 209, global_step=4792320
SPS: 1326
Epoch: 210, global_step=4815360
SPS: 1328
Epoch: 211, global_step=4838400
SPS: 1329
Epoch: 212, global_step=4861440
SPS: 1331
Epoch: 213, global_step=4884480
SPS: 1332
Epoch: 214, global_step=4907520
SPS: 1334
Epoch: 215, global_step=4930560
SPS: 1335
Epoch: 216, global_step=4953600
SPS: 1337
Epoch: 217, global_step=4976640
SPS: 1338
Epoch: 218, global_step=4999680
SPS: 1339
Epoch: 219, global_step=5022720
SPS: 1341
Epoch: 220, global_step=5045760
SPS: 1342
Epoch: 221, global_step=5068800
SPS: 1344
Epoch: 222, global_step=5091840
SPS: 1345
Epoch: 223, global_step=5114880
SPS: 1346
Epoch: 224, global_step=5137920
SPS: 1348
Epoch: 225, global_step=5160960
SPS: 1349
Epoch: 226, global_step=5184000
Evaluating
Evaluated 17280 steps resulting in 192 episodes
[32mEvaluation Metric: success_once[0m | [36mMean: 0.7917[0m
[32mEvaluation Metric: return[0m | [36mMean: 14.7449[0m
[32mEvaluation Metric: episode_len[0m | [36mMean: 90.0000[0m
[32mEvaluation Metric: reward[0m | [36mMean: 0.1638[0m
[32mEvaluation Metric: success_at_end[0m | [36mMean: 0.0260[0m
model saved to checkpoints/ppo_memtasks/rgb_joints_belief/normalized_dense/InterceptMedium-v0/ppo-cvae-v2-interceptmedium-42__42__rgb_joints_belief__20260126_141826/20260126_141826/ckpt_9_226.pt
SPS: 1316
Epoch: 227, global_step=5207040
SPS: 1318
Epoch: 228, global_step=5230080
SPS: 1319
Epoch: 229, global_step=5253120
SPS: 1320
Epoch: 230, global_step=5276160
SPS: 1322
Epoch: 231, global_step=5299200
SPS: 1323
Epoch: 232, global_step=5322240
SPS: 1325
Epoch: 233, global_step=5345280
SPS: 1326
Epoch: 234, global_step=5368320
SPS: 1327
Epoch: 235, global_step=5391360
SPS: 1328
Epoch: 236, global_step=5414400
SPS: 1330
Epoch: 237, global_step=5437440
SPS: 1331
Epoch: 238, global_step=5460480
SPS: 1332
Epoch: 239, global_step=5483520
SPS: 1333
Epoch: 240, global_step=5506560
SPS: 1335
Epoch: 241, global_step=5529600
SPS: 1336
Epoch: 242, global_step=5552640
SPS: 1337
Epoch: 243, global_step=5575680
SPS: 1338
Epoch: 244, global_step=5598720
SPS: 1340
Epoch: 245, global_step=5621760
SPS: 1341
Epoch: 246, global_step=5644800
SPS: 1342
Epoch: 247, global_step=5667840
SPS: 1343
Epoch: 248, global_step=5690880
SPS: 1345
Epoch: 249, global_step=5713920
SPS: 1346
Epoch: 250, global_step=5736960
SPS: 1347
Epoch: 251, global_step=5760000
Evaluating
Evaluated 17280 steps resulting in 192 episodes
[32mEvaluation Metric: success_once[0m | [36mMean: 0.8802[0m
[32mEvaluation Metric: return[0m | [36mMean: 15.2587[0m
[32mEvaluation Metric: episode_len[0m | [36mMean: 90.0000[0m
[32mEvaluation Metric: reward[0m | [36mMean: 0.1695[0m
[32mEvaluation Metric: success_at_end[0m | [36mMean: 0.0156[0m
model saved to checkpoints/ppo_memtasks/rgb_joints_belief/normalized_dense/InterceptMedium-v0/ppo-cvae-v2-interceptmedium-42__42__rgb_joints_belief__20260126_141826/20260126_141826/ckpt_10_251.pt
SPS: 1318
Epoch: 252, global_step=5783040
SPS: 1319
Epoch: 253, global_step=5806080
SPS: 1321
Epoch: 254, global_step=5829120
SPS: 1322
Epoch: 255, global_step=5852160
SPS: 1323
Epoch: 256, global_step=5875200
SPS: 1324
Epoch: 257, global_step=5898240
SPS: 1325
Epoch: 258, global_step=5921280
SPS: 1327
Epoch: 259, global_step=5944320
SPS: 1328
Epoch: 260, global_step=5967360
SPS: 1329
Epoch: 261, global_step=5990400
SPS: 1330
Epoch: 262, global_step=6013440
SPS: 1332
Epoch: 263, global_step=6036480
SPS: 1333
Epoch: 264, global_step=6059520
SPS: 1334
Epoch: 265, global_step=6082560
SPS: 1335
Epoch: 266, global_step=6105600
SPS: 1336
Epoch: 267, global_step=6128640
SPS: 1337
Epoch: 268, global_step=6151680
SPS: 1338
Epoch: 269, global_step=6174720
SPS: 1340
Epoch: 270, global_step=6197760
SPS: 1341
Epoch: 271, global_step=6220800
SPS: 1342
Epoch: 272, global_step=6243840
SPS: 1343
Epoch: 273, global_step=6266880
SPS: 1344
Epoch: 274, global_step=6289920
SPS: 1345
Epoch: 275, global_step=6312960
SPS: 1346
Epoch: 276, global_step=6336000
Evaluating
Evaluated 17280 steps resulting in 192 episodes
[32mEvaluation Metric: success_once[0m | [36mMean: 0.9635[0m
[32mEvaluation Metric: return[0m | [36mMean: 17.3747[0m
[32mEvaluation Metric: episode_len[0m | [36mMean: 90.0000[0m
[32mEvaluation Metric: reward[0m | [36mMean: 0.1931[0m
[32mEvaluation Metric: success_at_end[0m | [36mMean: 0.0208[0m
model saved to checkpoints/ppo_memtasks/rgb_joints_belief/normalized_dense/InterceptMedium-v0/ppo-cvae-v2-interceptmedium-42__42__rgb_joints_belief__20260126_141826/20260126_141826/ckpt_11_276.pt
SPS: 1319
Epoch: 277, global_step=6359040
SPS: 1321
Epoch: 278, global_step=6382080
SPS: 1322
Epoch: 279, global_step=6405120
SPS: 1323
Epoch: 280, global_step=6428160
SPS: 1324
Epoch: 281, global_step=6451200
SPS: 1325
Epoch: 282, global_step=6474240
SPS: 1327
Epoch: 283, global_step=6497280
SPS: 1328
Epoch: 284, global_step=6520320
SPS: 1329
Epoch: 285, global_step=6543360
SPS: 1330
Epoch: 286, global_step=6566400
SPS: 1331
Epoch: 287, global_step=6589440
SPS: 1332
Epoch: 288, global_step=6612480
SPS: 1333
Epoch: 289, global_step=6635520
SPS: 1335
Epoch: 290, global_step=6658560
SPS: 1336
Epoch: 291, global_step=6681600
SPS: 1337
Epoch: 292, global_step=6704640
SPS: 1338
Epoch: 293, global_step=6727680
SPS: 1339
Epoch: 294, global_step=6750720
SPS: 1340
Epoch: 295, global_step=6773760
SPS: 1341
Epoch: 296, global_step=6796800
SPS: 1342
Epoch: 297, global_step=6819840
SPS: 1343
Epoch: 298, global_step=6842880
SPS: 1344
Epoch: 299, global_step=6865920
SPS: 1345
Epoch: 300, global_step=6888960
SPS: 1346
Epoch: 301, global_step=6912000
Evaluating
Evaluated 17280 steps resulting in 192 episodes
[32mEvaluation Metric: success_once[0m | [36mMean: 0.9010[0m
[32mEvaluation Metric: return[0m | [36mMean: 17.1556[0m
[32mEvaluation Metric: episode_len[0m | [36mMean: 90.0000[0m
[32mEvaluation Metric: reward[0m | [36mMean: 0.1906[0m
[32mEvaluation Metric: success_at_end[0m | [36mMean: 0.0521[0m
model saved to checkpoints/ppo_memtasks/rgb_joints_belief/normalized_dense/InterceptMedium-v0/ppo-cvae-v2-interceptmedium-42__42__rgb_joints_belief__20260126_141826/20260126_141826/ckpt_12_301.pt
SPS: 1321
Epoch: 302, global_step=6935040
SPS: 1322
Epoch: 303, global_step=6958080
SPS: 1324
Epoch: 304, global_step=6981120
SPS: 1325
Epoch: 305, global_step=7004160
SPS: 1326
Epoch: 306, global_step=7027200
SPS: 1327
Epoch: 307, global_step=7050240
SPS: 1328
Epoch: 308, global_step=7073280
SPS: 1329
Epoch: 309, global_step=7096320
SPS: 1330
Epoch: 310, global_step=7119360
SPS: 1331
Epoch: 311, global_step=7142400
SPS: 1332
Epoch: 312, global_step=7165440
SPS: 1333
Epoch: 313, global_step=7188480
SPS: 1334
Epoch: 314, global_step=7211520
SPS: 1335
Epoch: 315, global_step=7234560
SPS: 1336
Epoch: 316, global_step=7257600
SPS: 1337
Epoch: 317, global_step=7280640
SPS: 1338
Epoch: 318, global_step=7303680
SPS: 1339
Epoch: 319, global_step=7326720
SPS: 1340
Epoch: 320, global_step=7349760
SPS: 1341
Epoch: 321, global_step=7372800
SPS: 1342
Epoch: 322, global_step=7395840
SPS: 1343
Epoch: 323, global_step=7418880
SPS: 1344
Epoch: 324, global_step=7441920
SPS: 1345
Epoch: 325, global_step=7464960
SPS: 1346
Epoch: 326, global_step=7488000
Evaluating
Evaluated 17280 steps resulting in 192 episodes
[32mEvaluation Metric: success_once[0m | [36mMean: 0.9167[0m
[32mEvaluation Metric: return[0m | [36mMean: 16.0163[0m
[32mEvaluation Metric: episode_len[0m | [36mMean: 90.0000[0m
[32mEvaluation Metric: reward[0m | [36mMean: 0.1780[0m
[32mEvaluation Metric: success_at_end[0m | [36mMean: 0.0208[0m
model saved to checkpoints/ppo_memtasks/rgb_joints_belief/normalized_dense/InterceptMedium-v0/ppo-cvae-v2-interceptmedium-42__42__rgb_joints_belief__20260126_141826/20260126_141826/ckpt_13_326.pt
SPS: 1324
Epoch: 327, global_step=7511040
SPS: 1325
Epoch: 328, global_step=7534080
SPS: 1326
Epoch: 329, global_step=7557120
SPS: 1327
Epoch: 330, global_step=7580160
SPS: 1328
Epoch: 331, global_step=7603200
SPS: 1329
Epoch: 332, global_step=7626240
SPS: 1330
Epoch: 333, global_step=7649280
SPS: 1331
Epoch: 334, global_step=7672320
SPS: 1332
Epoch: 335, global_step=7695360
SPS: 1333
Epoch: 336, global_step=7718400
SPS: 1334
Epoch: 337, global_step=7741440
SPS: 1335
Epoch: 338, global_step=7764480
SPS: 1336
Epoch: 339, global_step=7787520
SPS: 1337
Epoch: 340, global_step=7810560
SPS: 1338
Epoch: 341, global_step=7833600
SPS: 1339
Epoch: 342, global_step=7856640
SPS: 1340
Epoch: 343, global_step=7879680
SPS: 1341
Epoch: 344, global_step=7902720
SPS: 1342
Epoch: 345, global_step=7925760
SPS: 1343
Epoch: 346, global_step=7948800
SPS: 1344
Epoch: 347, global_step=7971840
SPS: 1345
Epoch: 348, global_step=7994880
SPS: 1345
Epoch: 349, global_step=8017920
SPS: 1346
Epoch: 350, global_step=8040960
SPS: 1347
Epoch: 351, global_step=8064000
Evaluating
Evaluated 17280 steps resulting in 192 episodes
[32mEvaluation Metric: success_once[0m | [36mMean: 0.8646[0m
[32mEvaluation Metric: return[0m | [36mMean: 13.7366[0m
[32mEvaluation Metric: episode_len[0m | [36mMean: 90.0000[0m
[32mEvaluation Metric: reward[0m | [36mMean: 0.1526[0m
[32mEvaluation Metric: success_at_end[0m | [36mMean: 0.0104[0m
model saved to checkpoints/ppo_memtasks/rgb_joints_belief/normalized_dense/InterceptMedium-v0/ppo-cvae-v2-interceptmedium-42__42__rgb_joints_belief__20260126_141826/20260126_141826/ckpt_14_351.pt
SPS: 1327
Epoch: 352, global_step=8087040
SPS: 1328
Epoch: 353, global_step=8110080
SPS: 1329
Epoch: 354, global_step=8133120
SPS: 1330
Epoch: 355, global_step=8156160
SPS: 1331
Epoch: 356, global_step=8179200
SPS: 1332
Epoch: 357, global_step=8202240
SPS: 1333
Epoch: 358, global_step=8225280
SPS: 1334
Epoch: 359, global_step=8248320
SPS: 1335
Epoch: 360, global_step=8271360
SPS: 1337
Epoch: 361, global_step=8294400
SPS: 1338
Epoch: 362, global_step=8317440
SPS: 1339
Epoch: 363, global_step=8340480
SPS: 1340
Epoch: 364, global_step=8363520
SPS: 1341
Epoch: 365, global_step=8386560
SPS: 1342
Epoch: 366, global_step=8409600
SPS: 1343
Epoch: 367, global_step=8432640
SPS: 1344
Epoch: 368, global_step=8455680
SPS: 1345
Epoch: 369, global_step=8478720
SPS: 1346
Epoch: 370, global_step=8501760
SPS: 1347
Epoch: 371, global_step=8524800
SPS: 1348
Epoch: 372, global_step=8547840
SPS: 1348
Epoch: 373, global_step=8570880
SPS: 1350
Epoch: 374, global_step=8593920
SPS: 1351
Epoch: 375, global_step=8616960
SPS: 1352
Epoch: 376, global_step=8640000
Evaluating
Evaluated 17280 steps resulting in 192 episodes
[32mEvaluation Metric: success_once[0m | [36mMean: 0.9115[0m
[32mEvaluation Metric: return[0m | [36mMean: 14.4494[0m
[32mEvaluation Metric: episode_len[0m | [36mMean: 90.0000[0m
[32mEvaluation Metric: reward[0m | [36mMean: 0.1605[0m
[32mEvaluation Metric: success_at_end[0m | [36mMean: 0.0104[0m
model saved to checkpoints/ppo_memtasks/rgb_joints_belief/normalized_dense/InterceptMedium-v0/ppo-cvae-v2-interceptmedium-42__42__rgb_joints_belief__20260126_141826/20260126_141826/ckpt_15_376.pt
SPS: 1332
Epoch: 377, global_step=8663040
SPS: 1333
Epoch: 378, global_step=8686080
SPS: 1334
Epoch: 379, global_step=8709120
SPS: 1335
Epoch: 380, global_step=8732160
SPS: 1336
Epoch: 381, global_step=8755200
SPS: 1337
Epoch: 382, global_step=8778240
SPS: 1337
Epoch: 383, global_step=8801280
SPS: 1338
Epoch: 384, global_step=8824320
SPS: 1339
Epoch: 385, global_step=8847360
SPS: 1340
Epoch: 386, global_step=8870400
SPS: 1341
Epoch: 387, global_step=8893440
SPS: 1342
Epoch: 388, global_step=8916480
SPS: 1343
Epoch: 389, global_step=8939520
SPS: 1344
Epoch: 390, global_step=8962560
SPS: 1345
Epoch: 391, global_step=8985600
SPS: 1347
Epoch: 392, global_step=9008640
SPS: 1347
Epoch: 393, global_step=9031680
SPS: 1348
Epoch: 394, global_step=9054720
SPS: 1349
Epoch: 395, global_step=9077760
SPS: 1350
Epoch: 396, global_step=9100800
SPS: 1351
Epoch: 397, global_step=9123840
SPS: 1351
Epoch: 398, global_step=9146880
SPS: 1352
Epoch: 399, global_step=9169920
SPS: 1353
Epoch: 400, global_step=9192960
SPS: 1354
Epoch: 401, global_step=9216000
Evaluating
Evaluated 17280 steps resulting in 192 episodes
[32mEvaluation Metric: success_once[0m | [36mMean: 0.9219[0m
[32mEvaluation Metric: return[0m | [36mMean: 16.1379[0m
[32mEvaluation Metric: episode_len[0m | [36mMean: 90.0000[0m
[32mEvaluation Metric: reward[0m | [36mMean: 0.1793[0m
[32mEvaluation Metric: success_at_end[0m | [36mMean: 0.0156[0m
model saved to checkpoints/ppo_memtasks/rgb_joints_belief/normalized_dense/InterceptMedium-v0/ppo-cvae-v2-interceptmedium-42__42__rgb_joints_belief__20260126_141826/20260126_141826/ckpt_16_401.pt
SPS: 1336
Epoch: 402, global_step=9239040
SPS: 1337
Epoch: 403, global_step=9262080
SPS: 1337
Epoch: 404, global_step=9285120
SPS: 1338
Epoch: 405, global_step=9308160
SPS: 1339
Epoch: 406, global_step=9331200
SPS: 1340
Epoch: 407, global_step=9354240
SPS: 1341
Epoch: 408, global_step=9377280
SPS: 1341
Epoch: 409, global_step=9400320
SPS: 1342
Epoch: 410, global_step=9423360
SPS: 1343
Epoch: 411, global_step=9446400
SPS: 1344
Epoch: 412, global_step=9469440
SPS: 1344
Epoch: 413, global_step=9492480
SPS: 1345
Epoch: 414, global_step=9515520
SPS: 1346
Epoch: 415, global_step=9538560
SPS: 1347
Epoch: 416, global_step=9561600
SPS: 1348
Epoch: 417, global_step=9584640
SPS: 1349
Epoch: 418, global_step=9607680
SPS: 1350
Epoch: 419, global_step=9630720
SPS: 1351
Epoch: 420, global_step=9653760
SPS: 1351
Epoch: 421, global_step=9676800
SPS: 1352
Epoch: 422, global_step=9699840
SPS: 1353
Epoch: 423, global_step=9722880
SPS: 1354
Epoch: 424, global_step=9745920
SPS: 1355
Epoch: 425, global_step=9768960
SPS: 1356
Epoch: 426, global_step=9792000
Evaluating
Evaluated 17280 steps resulting in 192 episodes
[32mEvaluation Metric: success_once[0m | [36mMean: 0.9323[0m
[32mEvaluation Metric: return[0m | [36mMean: 16.1411[0m
[32mEvaluation Metric: episode_len[0m | [36mMean: 90.0000[0m
[32mEvaluation Metric: reward[0m | [36mMean: 0.1793[0m
[32mEvaluation Metric: success_at_end[0m | [36mMean: 0.0104[0m
model saved to checkpoints/ppo_memtasks/rgb_joints_belief/normalized_dense/InterceptMedium-v0/ppo-cvae-v2-interceptmedium-42__42__rgb_joints_belief__20260126_141826/20260126_141826/ckpt_17_426.pt
SPS: 1338
Epoch: 427, global_step=9815040
SPS: 1339
Epoch: 428, global_step=9838080
SPS: 1340
Epoch: 429, global_step=9861120
SPS: 1341
Epoch: 430, global_step=9884160
SPS: 1342
Epoch: 431, global_step=9907200
SPS: 1343
Epoch: 432, global_step=9930240
SPS: 1343
Epoch: 433, global_step=9953280
SPS: 1344
Epoch: 434, global_step=9976320
SPS: 1345
model saved to checkpoints/ppo_memtasks/rgb_joints_belief/normalized_dense/InterceptMedium-v0/ppo-cvae-v2-interceptmedium-42__42__rgb_joints_belief__20260126_141826/20260126_141826/final_ckpt.pt
Running Intercept-Medium (BELIEF), seed 99

===========================================================================
║                        Environment Configuration                        ║
===========================================================================
║ Environment ID: InterceptMedium-v0                                      ║
║ Oracle Info:    None                                                    ║
║ Wrappers:                                                               ║
║    ├─ InitialZeroActionWrapper                                         ║
║    │  └─ {'n_initial_steps': 0}                                           ║
║    ├─ RenderStepInfoWrapper                                            ║
║    ├─ RenderRewardInfoWrapper                                          ║
║    ├─ DebugRewardWrapper                                               ║
║-------------------------------------------------------------------------║
║ include_state:       False │ state will not be used                ║
║ include_rgb:         True  │ rgb images will be used               ║
║ include_oracle:      False │ oracle info will not be used          ║
║ include_joints:      True  │ joints will be used                   ║
===========================================================================

MODE='rgb_joints_belief'
prompt_info=None
Saving eval videos to checkpoints/ppo_memtasks/rgb_joints_belief/normalized_dense/InterceptMedium-v0/ppo-cvae-v2-interceptmedium-99__99__rgb_joints_belief__20260126_162231/20260126_162231/videos
======================================================================
Max Episode Steps: 90
======================================================================

Loading belief model from /local/s4176650/sphinx/storage_cvae/InterceptMedium-v0_cvae_mikasa_last5_v6_1/final_vae_model.pt
  phi_dim=16, latent_dim=32
Belief model loaded successfully. Memory size: 768
Running training

####
args.num_iterations=434 args.num_envs=256 args.num_eval_envs=16
args.minibatch_size=720 args.batch_size=23040 args.update_epochs=4
####

sample_obs.keys()=dict_keys(['joints', 'rgb'])
joints: torch.Size([256, 25])
rgb: torch.Size([256, 128, 128, 3])


Epoch: 1, global_step=0
Evaluating
Evaluated 17280 steps resulting in 192 episodes
[32mEvaluation Metric: success_once[0m | [36mMean: 0.0000[0m
[32mEvaluation Metric: return[0m | [36mMean: 1.0555[0m
[32mEvaluation Metric: episode_len[0m | [36mMean: 90.0000[0m
[32mEvaluation Metric: reward[0m | [36mMean: 0.0117[0m
[32mEvaluation Metric: success_at_end[0m | [36mMean: 0.0000[0m
model saved to checkpoints/ppo_memtasks/rgb_joints_belief/normalized_dense/InterceptMedium-v0/ppo-cvae-v2-interceptmedium-99__99__rgb_joints_belief__20260126_162231/20260126_162231/ckpt_0_1.pt
SPS: 230
Epoch: 2, global_step=23040
SPS: 410
Epoch: 3, global_step=46080
SPS: 553
Epoch: 4, global_step=69120
SPS: 670
Epoch: 5, global_step=92160
SPS: 766
Epoch: 6, global_step=115200
SPS: 847
Epoch: 7, global_step=138240
SPS: 911
Epoch: 8, global_step=161280
SPS: 970
Epoch: 9, global_step=184320
SPS: 1018
Epoch: 10, global_step=207360
SPS: 1063
Epoch: 11, global_step=230400
SPS: 1101
Epoch: 12, global_step=253440
SPS: 1134
Epoch: 13, global_step=276480
SPS: 1165
Epoch: 14, global_step=299520
SPS: 1191
Epoch: 15, global_step=322560
SPS: 1218
Epoch: 16, global_step=345600
SPS: 1239
Epoch: 17, global_step=368640
SPS: 1259
Epoch: 18, global_step=391680
SPS: 1276
Epoch: 19, global_step=414720
SPS: 1294
Epoch: 20, global_step=437760
SPS: 1309
Epoch: 21, global_step=460800
SPS: 1322
Epoch: 22, global_step=483840
SPS: 1334
Epoch: 23, global_step=506880
SPS: 1349
Epoch: 24, global_step=529920
SPS: 1363
Epoch: 25, global_step=552960
SPS: 1373
Epoch: 26, global_step=576000
Evaluating
Evaluated 17280 steps resulting in 192 episodes
[32mEvaluation Metric: success_once[0m | [36mMean: 0.1615[0m
[32mEvaluation Metric: return[0m | [36mMean: 5.4029[0m
[32mEvaluation Metric: episode_len[0m | [36mMean: 90.0000[0m
[32mEvaluation Metric: reward[0m | [36mMean: 0.0600[0m
[32mEvaluation Metric: success_at_end[0m | [36mMean: 0.0104[0m
model saved to checkpoints/ppo_memtasks/rgb_joints_belief/normalized_dense/InterceptMedium-v0/ppo-cvae-v2-interceptmedium-99__99__rgb_joints_belief__20260126_162231/20260126_162231/ckpt_1_26.pt
SPS: 1126
Epoch: 27, global_step=599040
SPS: 1141
Epoch: 28, global_step=622080
SPS: 1155
Epoch: 29, global_step=645120
SPS: 1167
Epoch: 30, global_step=668160
SPS: 1179
Epoch: 31, global_step=691200
SPS: 1191
Epoch: 32, global_step=714240
SPS: 1202
Epoch: 33, global_step=737280
SPS: 1213
Epoch: 34, global_step=760320
SPS: 1223
Epoch: 35, global_step=783360
SPS: 1233
Epoch: 36, global_step=806400
SPS: 1243
Epoch: 37, global_step=829440
SPS: 1251
Epoch: 38, global_step=852480
SPS: 1260
Epoch: 39, global_step=875520
SPS: 1268
Epoch: 40, global_step=898560
SPS: 1275
Epoch: 41, global_step=921600
SPS: 1284
Epoch: 42, global_step=944640
SPS: 1291
Epoch: 43, global_step=967680
SPS: 1298
Epoch: 44, global_step=990720
SPS: 1305
Epoch: 45, global_step=1013760
SPS: 1311
Epoch: 46, global_step=1036800
SPS: 1318
Epoch: 47, global_step=1059840
SPS: 1324
Epoch: 48, global_step=1082880
SPS: 1331
Epoch: 49, global_step=1105920
SPS: 1337
Epoch: 50, global_step=1128960
SPS: 1342
Epoch: 51, global_step=1152000
Evaluating
Evaluated 17280 steps resulting in 192 episodes
[32mEvaluation Metric: success_once[0m | [36mMean: 0.5417[0m
[32mEvaluation Metric: return[0m | [36mMean: 13.8625[0m
[32mEvaluation Metric: episode_len[0m | [36mMean: 90.0000[0m
[32mEvaluation Metric: reward[0m | [36mMean: 0.1540[0m
[32mEvaluation Metric: success_at_end[0m | [36mMean: 0.1354[0m
model saved to checkpoints/ppo_memtasks/rgb_joints_belief/normalized_dense/InterceptMedium-v0/ppo-cvae-v2-interceptmedium-99__99__rgb_joints_belief__20260126_162231/20260126_162231/ckpt_2_51.pt
SPS: 1209
Epoch: 52, global_step=1175040
SPS: 1216
Epoch: 53, global_step=1198080
SPS: 1223
Epoch: 54, global_step=1221120
SPS: 1229
Epoch: 55, global_step=1244160
SPS: 1235
Epoch: 56, global_step=1267200
SPS: 1242
Epoch: 57, global_step=1290240
SPS: 1247
Epoch: 58, global_step=1313280
SPS: 1253
Epoch: 59, global_step=1336320
SPS: 1259
Epoch: 60, global_step=1359360
SPS: 1264
Epoch: 61, global_step=1382400
SPS: 1270
Epoch: 62, global_step=1405440
SPS: 1275
Epoch: 63, global_step=1428480
SPS: 1280
Epoch: 64, global_step=1451520
SPS: 1285
Epoch: 65, global_step=1474560
SPS: 1291
Epoch: 66, global_step=1497600
SPS: 1295
Epoch: 67, global_step=1520640
SPS: 1300
Epoch: 68, global_step=1543680
SPS: 1305
Epoch: 69, global_step=1566720
SPS: 1310
Epoch: 70, global_step=1589760
SPS: 1314
Epoch: 71, global_step=1612800
SPS: 1319
Epoch: 72, global_step=1635840
SPS: 1323
Epoch: 73, global_step=1658880
SPS: 1327
Epoch: 74, global_step=1681920
SPS: 1332
Epoch: 75, global_step=1704960
SPS: 1336
Epoch: 76, global_step=1728000
Evaluating
Evaluated 17280 steps resulting in 192 episodes
[32mEvaluation Metric: success_once[0m | [36mMean: 0.5781[0m
[32mEvaluation Metric: return[0m | [36mMean: 16.1727[0m
[32mEvaluation Metric: episode_len[0m | [36mMean: 90.0000[0m
[32mEvaluation Metric: reward[0m | [36mMean: 0.1797[0m
[32mEvaluation Metric: success_at_end[0m | [36mMean: 0.1615[0m
model saved to checkpoints/ppo_memtasks/rgb_joints_belief/normalized_dense/InterceptMedium-v0/ppo-cvae-v2-interceptmedium-99__99__rgb_joints_belief__20260126_162231/20260126_162231/ckpt_3_76.pt
SPS: 1244
Epoch: 77, global_step=1751040
SPS: 1249
Epoch: 78, global_step=1774080
SPS: 1253
Epoch: 79, global_step=1797120
SPS: 1257
Epoch: 80, global_step=1820160
SPS: 1262
Epoch: 81, global_step=1843200
SPS: 1266
Epoch: 82, global_step=1866240
SPS: 1270
Epoch: 83, global_step=1889280
SPS: 1274
Epoch: 84, global_step=1912320
SPS: 1279
Epoch: 85, global_step=1935360
SPS: 1282
Epoch: 86, global_step=1958400
SPS: 1286
Epoch: 87, global_step=1981440
SPS: 1290
Epoch: 88, global_step=2004480
SPS: 1294
Epoch: 89, global_step=2027520
SPS: 1298
Epoch: 90, global_step=2050560
SPS: 1301
Epoch: 91, global_step=2073600
SPS: 1305
Epoch: 92, global_step=2096640
SPS: 1308
Epoch: 93, global_step=2119680
SPS: 1311
Epoch: 94, global_step=2142720
SPS: 1315
Epoch: 95, global_step=2165760
SPS: 1318
Epoch: 96, global_step=2188800
SPS: 1321
Epoch: 97, global_step=2211840
SPS: 1324
Epoch: 98, global_step=2234880
SPS: 1328
Epoch: 99, global_step=2257920
SPS: 1330
Epoch: 100, global_step=2280960
SPS: 1333
Epoch: 101, global_step=2304000
Evaluating
Evaluated 17280 steps resulting in 192 episodes
[32mEvaluation Metric: success_once[0m | [36mMean: 0.5260[0m
[32mEvaluation Metric: return[0m | [36mMean: 12.7201[0m
[32mEvaluation Metric: episode_len[0m | [36mMean: 90.0000[0m
[32mEvaluation Metric: reward[0m | [36mMean: 0.1413[0m
[32mEvaluation Metric: success_at_end[0m | [36mMean: 0.0729[0m
model saved to checkpoints/ppo_memtasks/rgb_joints_belief/normalized_dense/InterceptMedium-v0/ppo-cvae-v2-interceptmedium-99__99__rgb_joints_belief__20260126_162231/20260126_162231/ckpt_4_101.pt
SPS: 1265
Epoch: 102, global_step=2327040
SPS: 1269
Epoch: 103, global_step=2350080
SPS: 1272
Epoch: 104, global_step=2373120
SPS: 1275
Epoch: 105, global_step=2396160
SPS: 1278
Epoch: 106, global_step=2419200
SPS: 1280
Epoch: 107, global_step=2442240
SPS: 1283
Epoch: 108, global_step=2465280
SPS: 1286
Epoch: 109, global_step=2488320
SPS: 1289
Epoch: 110, global_step=2511360
SPS: 1292
Epoch: 111, global_step=2534400
SPS: 1295
Epoch: 112, global_step=2557440
SPS: 1297
Epoch: 113, global_step=2580480
SPS: 1300
Epoch: 114, global_step=2603520
SPS: 1303
Epoch: 115, global_step=2626560
SPS: 1306
Epoch: 116, global_step=2649600
SPS: 1309
Epoch: 117, global_step=2672640
SPS: 1311
Epoch: 118, global_step=2695680
SPS: 1314
Epoch: 119, global_step=2718720
SPS: 1316
Epoch: 120, global_step=2741760
SPS: 1319
Epoch: 121, global_step=2764800
SPS: 1321
Epoch: 122, global_step=2787840
SPS: 1324
Epoch: 123, global_step=2810880
SPS: 1326
Epoch: 124, global_step=2833920
SPS: 1329
Epoch: 125, global_step=2856960
SPS: 1331
Epoch: 126, global_step=2880000
Evaluating
Evaluated 17280 steps resulting in 192 episodes
[32mEvaluation Metric: success_once[0m | [36mMean: 0.7604[0m
[32mEvaluation Metric: return[0m | [36mMean: 17.7998[0m
[32mEvaluation Metric: episode_len[0m | [36mMean: 90.0000[0m
[32mEvaluation Metric: reward[0m | [36mMean: 0.1978[0m
[32mEvaluation Metric: success_at_end[0m | [36mMean: 0.0938[0m
model saved to checkpoints/ppo_memtasks/rgb_joints_belief/normalized_dense/InterceptMedium-v0/ppo-cvae-v2-interceptmedium-99__99__rgb_joints_belief__20260126_162231/20260126_162231/ckpt_5_126.pt
SPS: 1270
Epoch: 127, global_step=2903040
SPS: 1273
Epoch: 128, global_step=2926080
SPS: 1275
Epoch: 129, global_step=2949120
SPS: 1278
Epoch: 130, global_step=2972160
SPS: 1281
Epoch: 131, global_step=2995200
SPS: 1283
Epoch: 132, global_step=3018240
SPS: 1286
Epoch: 133, global_step=3041280
SPS: 1288
Epoch: 134, global_step=3064320
SPS: 1290
Epoch: 135, global_step=3087360
SPS: 1292
Epoch: 136, global_step=3110400
SPS: 1295
Epoch: 137, global_step=3133440
SPS: 1297
Epoch: 138, global_step=3156480
SPS: 1299
Epoch: 139, global_step=3179520
SPS: 1302
Epoch: 140, global_step=3202560
SPS: 1304
Epoch: 141, global_step=3225600
SPS: 1306
Epoch: 142, global_step=3248640
SPS: 1308
Epoch: 143, global_step=3271680
SPS: 1310
Epoch: 144, global_step=3294720
SPS: 1312
Epoch: 145, global_step=3317760
SPS: 1315
Epoch: 146, global_step=3340800
SPS: 1316
Epoch: 147, global_step=3363840
SPS: 1318
Epoch: 148, global_step=3386880
SPS: 1320
Epoch: 149, global_step=3409920
SPS: 1323
Epoch: 150, global_step=3432960
SPS: 1324
Epoch: 151, global_step=3456000
Evaluating
Evaluated 17280 steps resulting in 192 episodes
[32mEvaluation Metric: success_once[0m | [36mMean: 0.7083[0m
[32mEvaluation Metric: return[0m | [36mMean: 15.3280[0m
[32mEvaluation Metric: episode_len[0m | [36mMean: 90.0000[0m
[32mEvaluation Metric: reward[0m | [36mMean: 0.1703[0m
[32mEvaluation Metric: success_at_end[0m | [36mMean: 0.0260[0m
model saved to checkpoints/ppo_memtasks/rgb_joints_belief/normalized_dense/InterceptMedium-v0/ppo-cvae-v2-interceptmedium-99__99__rgb_joints_belief__20260126_162231/20260126_162231/ckpt_6_151.pt
SPS: 1278
Epoch: 152, global_step=3479040
SPS: 1280
Epoch: 153, global_step=3502080
SPS: 1282
Epoch: 154, global_step=3525120
SPS: 1284
Epoch: 155, global_step=3548160
SPS: 1286
Epoch: 156, global_step=3571200
SPS: 1288
Epoch: 157, global_step=3594240
SPS: 1290
Epoch: 158, global_step=3617280
SPS: 1292
Epoch: 159, global_step=3640320
SPS: 1294
Epoch: 160, global_step=3663360
SPS: 1296
Epoch: 161, global_step=3686400
SPS: 1298
Epoch: 162, global_step=3709440
SPS: 1300
Epoch: 163, global_step=3732480
SPS: 1302
Epoch: 164, global_step=3755520
SPS: 1304
Epoch: 165, global_step=3778560
SPS: 1306
Epoch: 166, global_step=3801600
SPS: 1308
Epoch: 167, global_step=3824640
SPS: 1310
Epoch: 168, global_step=3847680
SPS: 1312
Epoch: 169, global_step=3870720
SPS: 1314
Epoch: 170, global_step=3893760
SPS: 1316
Epoch: 171, global_step=3916800
SPS: 1318
Epoch: 172, global_step=3939840
SPS: 1320
Epoch: 173, global_step=3962880
SPS: 1322
Epoch: 174, global_step=3985920
SPS: 1323
Epoch: 175, global_step=4008960
SPS: 1325
Epoch: 176, global_step=4032000
Evaluating
Evaluated 17280 steps resulting in 192 episodes
[32mEvaluation Metric: success_once[0m | [36mMean: 0.8542[0m
[32mEvaluation Metric: return[0m | [36mMean: 15.1205[0m
[32mEvaluation Metric: episode_len[0m | [36mMean: 90.0000[0m
[32mEvaluation Metric: reward[0m | [36mMean: 0.1680[0m
[32mEvaluation Metric: success_at_end[0m | [36mMean: 0.0156[0m
model saved to checkpoints/ppo_memtasks/rgb_joints_belief/normalized_dense/InterceptMedium-v0/ppo-cvae-v2-interceptmedium-99__99__rgb_joints_belief__20260126_162231/20260126_162231/ckpt_7_176.pt
SPS: 1286
Epoch: 177, global_step=4055040
SPS: 1288
Epoch: 178, global_step=4078080
SPS: 1290
Epoch: 179, global_step=4101120
SPS: 1292
Epoch: 180, global_step=4124160
SPS: 1294
Epoch: 181, global_step=4147200
SPS: 1296
Epoch: 182, global_step=4170240
SPS: 1297
Epoch: 183, global_step=4193280
SPS: 1299
Epoch: 184, global_step=4216320
SPS: 1301
Epoch: 185, global_step=4239360
SPS: 1303
Epoch: 186, global_step=4262400
SPS: 1304
Epoch: 187, global_step=4285440
SPS: 1306
Epoch: 188, global_step=4308480
SPS: 1308
Epoch: 189, global_step=4331520
SPS: 1310
Epoch: 190, global_step=4354560
SPS: 1311
Epoch: 191, global_step=4377600
SPS: 1313
Epoch: 192, global_step=4400640
SPS: 1315
Epoch: 193, global_step=4423680
SPS: 1316
Epoch: 194, global_step=4446720
SPS: 1318
Epoch: 195, global_step=4469760
SPS: 1320
Epoch: 196, global_step=4492800
SPS: 1321
Epoch: 197, global_step=4515840
SPS: 1323
Epoch: 198, global_step=4538880
SPS: 1325
Epoch: 199, global_step=4561920
SPS: 1326
Epoch: 200, global_step=4584960
SPS: 1328
Epoch: 201, global_step=4608000
Evaluating
Evaluated 17280 steps resulting in 192 episodes
[32mEvaluation Metric: success_once[0m | [36mMean: 0.8125[0m
[32mEvaluation Metric: return[0m | [36mMean: 16.1466[0m
[32mEvaluation Metric: episode_len[0m | [36mMean: 90.0000[0m
[32mEvaluation Metric: reward[0m | [36mMean: 0.1794[0m
[32mEvaluation Metric: success_at_end[0m | [36mMean: 0.0208[0m
model saved to checkpoints/ppo_memtasks/rgb_joints_belief/normalized_dense/InterceptMedium-v0/ppo-cvae-v2-interceptmedium-99__99__rgb_joints_belief__20260126_162231/20260126_162231/ckpt_8_201.pt
SPS: 1294
Epoch: 202, global_step=4631040
SPS: 1295
Epoch: 203, global_step=4654080
SPS: 1297
Epoch: 204, global_step=4677120
SPS: 1298
Epoch: 205, global_step=4700160
SPS: 1300
Epoch: 206, global_step=4723200
SPS: 1302
Epoch: 207, global_step=4746240
SPS: 1303
Epoch: 208, global_step=4769280
SPS: 1305
Epoch: 209, global_step=4792320
SPS: 1306
Epoch: 210, global_step=4815360
SPS: 1308
Epoch: 211, global_step=4838400
SPS: 1309
Epoch: 212, global_step=4861440
SPS: 1311
Epoch: 213, global_step=4884480
SPS: 1312
Epoch: 214, global_step=4907520
SPS: 1314
Epoch: 215, global_step=4930560
SPS: 1315
Epoch: 216, global_step=4953600
SPS: 1316
Epoch: 217, global_step=4976640
SPS: 1318
Epoch: 218, global_step=4999680
SPS: 1319
Epoch: 219, global_step=5022720
SPS: 1321
Epoch: 220, global_step=5045760
SPS: 1322
Epoch: 221, global_step=5068800
SPS: 1324
Epoch: 222, global_step=5091840
SPS: 1325
Epoch: 223, global_step=5114880
SPS: 1327
Epoch: 224, global_step=5137920
SPS: 1328
Epoch: 225, global_step=5160960
SPS: 1329
Epoch: 226, global_step=5184000
Evaluating
Evaluated 17280 steps resulting in 192 episodes
[32mEvaluation Metric: success_once[0m | [36mMean: 0.8958[0m
[32mEvaluation Metric: return[0m | [36mMean: 14.4112[0m
[32mEvaluation Metric: episode_len[0m | [36mMean: 90.0000[0m
[32mEvaluation Metric: reward[0m | [36mMean: 0.1601[0m
[32mEvaluation Metric: success_at_end[0m | [36mMean: 0.0312[0m
model saved to checkpoints/ppo_memtasks/rgb_joints_belief/normalized_dense/InterceptMedium-v0/ppo-cvae-v2-interceptmedium-99__99__rgb_joints_belief__20260126_162231/20260126_162231/ckpt_9_226.pt
SPS: 1298
Epoch: 227, global_step=5207040
SPS: 1299
Epoch: 228, global_step=5230080
SPS: 1301
Epoch: 229, global_step=5253120
SPS: 1302
Epoch: 230, global_step=5276160
SPS: 1304
Epoch: 231, global_step=5299200
SPS: 1305
Epoch: 232, global_step=5322240
SPS: 1307
Epoch: 233, global_step=5345280
SPS: 1308
Epoch: 234, global_step=5368320
SPS: 1309
Epoch: 235, global_step=5391360
SPS: 1311
Epoch: 236, global_step=5414400
SPS: 1312
Epoch: 237, global_step=5437440
SPS: 1313
Epoch: 238, global_step=5460480
SPS: 1315
Epoch: 239, global_step=5483520
SPS: 1316
Epoch: 240, global_step=5506560
SPS: 1317
Epoch: 241, global_step=5529600
SPS: 1318
Epoch: 242, global_step=5552640
SPS: 1320
Epoch: 243, global_step=5575680
SPS: 1321
Epoch: 244, global_step=5598720
SPS: 1322
Epoch: 245, global_step=5621760
SPS: 1324
Epoch: 246, global_step=5644800
SPS: 1325
Epoch: 247, global_step=5667840
SPS: 1326
Epoch: 248, global_step=5690880
SPS: 1327
Epoch: 249, global_step=5713920
SPS: 1329
Epoch: 250, global_step=5736960
SPS: 1330
Epoch: 251, global_step=5760000
Evaluating
Evaluated 17280 steps resulting in 192 episodes
[32mEvaluation Metric: success_once[0m | [36mMean: 0.9010[0m
[32mEvaluation Metric: return[0m | [36mMean: 15.9178[0m
[32mEvaluation Metric: episode_len[0m | [36mMean: 90.0000[0m
[32mEvaluation Metric: reward[0m | [36mMean: 0.1769[0m
[32mEvaluation Metric: success_at_end[0m | [36mMean: 0.0365[0m
model saved to checkpoints/ppo_memtasks/rgb_joints_belief/normalized_dense/InterceptMedium-v0/ppo-cvae-v2-interceptmedium-99__99__rgb_joints_belief__20260126_162231/20260126_162231/ckpt_10_251.pt
SPS: 1302
Epoch: 252, global_step=5783040
SPS: 1303
Epoch: 253, global_step=5806080
SPS: 1304
Epoch: 254, global_step=5829120
SPS: 1306
Epoch: 255, global_step=5852160
SPS: 1307
Epoch: 256, global_step=5875200
SPS: 1308
Epoch: 257, global_step=5898240
SPS: 1309
Epoch: 258, global_step=5921280
SPS: 1311
Epoch: 259, global_step=5944320
SPS: 1312
Epoch: 260, global_step=5967360
SPS: 1313
Epoch: 261, global_step=5990400
SPS: 1314
Epoch: 262, global_step=6013440
SPS: 1316
Epoch: 263, global_step=6036480
SPS: 1317
Epoch: 264, global_step=6059520
SPS: 1319
Epoch: 265, global_step=6082560
SPS: 1320
Epoch: 266, global_step=6105600
SPS: 1321
Epoch: 267, global_step=6128640
SPS: 1322
Epoch: 268, global_step=6151680
SPS: 1324
Epoch: 269, global_step=6174720
SPS: 1325
Epoch: 270, global_step=6197760
SPS: 1326
Epoch: 271, global_step=6220800
SPS: 1327
Epoch: 272, global_step=6243840
SPS: 1328
Epoch: 273, global_step=6266880
SPS: 1329
Epoch: 274, global_step=6289920
SPS: 1330
Epoch: 275, global_step=6312960
SPS: 1331
Epoch: 276, global_step=6336000
Evaluating
Evaluated 17280 steps resulting in 192 episodes
[32mEvaluation Metric: success_once[0m | [36mMean: 0.8698[0m
[32mEvaluation Metric: return[0m | [36mMean: 15.7724[0m
[32mEvaluation Metric: episode_len[0m | [36mMean: 90.0000[0m
[32mEvaluation Metric: reward[0m | [36mMean: 0.1752[0m
[32mEvaluation Metric: success_at_end[0m | [36mMean: 0.0260[0m
model saved to checkpoints/ppo_memtasks/rgb_joints_belief/normalized_dense/InterceptMedium-v0/ppo-cvae-v2-interceptmedium-99__99__rgb_joints_belief__20260126_162231/20260126_162231/ckpt_11_276.pt
SPS: 1306
Epoch: 277, global_step=6359040
SPS: 1307
Epoch: 278, global_step=6382080
SPS: 1308
Epoch: 279, global_step=6405120
SPS: 1309
Epoch: 280, global_step=6428160
SPS: 1310
Epoch: 281, global_step=6451200
SPS: 1312
Epoch: 282, global_step=6474240
SPS: 1313
Epoch: 283, global_step=6497280
SPS: 1314
Epoch: 284, global_step=6520320
SPS: 1315
Epoch: 285, global_step=6543360
SPS: 1316
Epoch: 286, global_step=6566400
SPS: 1317
Epoch: 287, global_step=6589440
SPS: 1318
Epoch: 288, global_step=6612480
SPS: 1320
Epoch: 289, global_step=6635520
SPS: 1321
Epoch: 290, global_step=6658560
SPS: 1322
Epoch: 291, global_step=6681600
SPS: 1323
Epoch: 292, global_step=6704640
SPS: 1324
Epoch: 293, global_step=6727680
SPS: 1325
Epoch: 294, global_step=6750720
SPS: 1327
Epoch: 295, global_step=6773760
SPS: 1328
Epoch: 296, global_step=6796800
SPS: 1329
Epoch: 297, global_step=6819840
SPS: 1330
Epoch: 298, global_step=6842880
SPS: 1331
Epoch: 299, global_step=6865920
SPS: 1332
Epoch: 300, global_step=6888960
SPS: 1333
Epoch: 301, global_step=6912000
Evaluating
Evaluated 17280 steps resulting in 192 episodes
[32mEvaluation Metric: success_once[0m | [36mMean: 0.8906[0m
[32mEvaluation Metric: return[0m | [36mMean: 17.1551[0m
[32mEvaluation Metric: episode_len[0m | [36mMean: 90.0000[0m
[32mEvaluation Metric: reward[0m | [36mMean: 0.1906[0m
[32mEvaluation Metric: success_at_end[0m | [36mMean: 0.0365[0m
model saved to checkpoints/ppo_memtasks/rgb_joints_belief/normalized_dense/InterceptMedium-v0/ppo-cvae-v2-interceptmedium-99__99__rgb_joints_belief__20260126_162231/20260126_162231/ckpt_12_301.pt
SPS: 1310
Epoch: 302, global_step=6935040
SPS: 1311
Epoch: 303, global_step=6958080
SPS: 1312
Epoch: 304, global_step=6981120
SPS: 1314
Epoch: 305, global_step=7004160
SPS: 1315
Epoch: 306, global_step=7027200
SPS: 1316
Epoch: 307, global_step=7050240
SPS: 1317
Epoch: 308, global_step=7073280
SPS: 1318
Epoch: 309, global_step=7096320
SPS: 1319
Epoch: 310, global_step=7119360
SPS: 1320
Epoch: 311, global_step=7142400
SPS: 1321
Epoch: 312, global_step=7165440
SPS: 1322
Epoch: 313, global_step=7188480
SPS: 1323
Epoch: 314, global_step=7211520
SPS: 1324
Epoch: 315, global_step=7234560
SPS: 1325
Epoch: 316, global_step=7257600
SPS: 1326
Epoch: 317, global_step=7280640
SPS: 1327
Epoch: 318, global_step=7303680
SPS: 1329
Epoch: 319, global_step=7326720
SPS: 1330
Epoch: 320, global_step=7349760
SPS: 1331
Epoch: 321, global_step=7372800
SPS: 1332
Epoch: 322, global_step=7395840
SPS: 1333
Epoch: 323, global_step=7418880
SPS: 1334
Epoch: 324, global_step=7441920
SPS: 1335
Epoch: 325, global_step=7464960
SPS: 1336
Epoch: 326, global_step=7488000
Evaluating
Evaluated 17280 steps resulting in 192 episodes
[32mEvaluation Metric: success_once[0m | [36mMean: 0.8958[0m
[32mEvaluation Metric: return[0m | [36mMean: 15.5153[0m
[32mEvaluation Metric: episode_len[0m | [36mMean: 90.0000[0m
[32mEvaluation Metric: reward[0m | [36mMean: 0.1724[0m
[32mEvaluation Metric: success_at_end[0m | [36mMean: 0.0052[0m
model saved to checkpoints/ppo_memtasks/rgb_joints_belief/normalized_dense/InterceptMedium-v0/ppo-cvae-v2-interceptmedium-99__99__rgb_joints_belief__20260126_162231/20260126_162231/ckpt_13_326.pt
SPS: 1313
Epoch: 327, global_step=7511040
SPS: 1315
Epoch: 328, global_step=7534080
SPS: 1316
Epoch: 329, global_step=7557120
SPS: 1317
Epoch: 330, global_step=7580160
SPS: 1318
Epoch: 331, global_step=7603200
SPS: 1319
Epoch: 332, global_step=7626240
SPS: 1320
Epoch: 333, global_step=7649280
SPS: 1321
Epoch: 334, global_step=7672320
SPS: 1322
Epoch: 335, global_step=7695360
SPS: 1323
Epoch: 336, global_step=7718400
SPS: 1324
Epoch: 337, global_step=7741440
SPS: 1325
Epoch: 338, global_step=7764480
SPS: 1326
Epoch: 339, global_step=7787520
SPS: 1327
Epoch: 340, global_step=7810560
SPS: 1328
Epoch: 341, global_step=7833600
SPS: 1329
Epoch: 342, global_step=7856640
SPS: 1330
Epoch: 343, global_step=7879680
SPS: 1331
Epoch: 344, global_step=7902720
SPS: 1332
Epoch: 345, global_step=7925760
SPS: 1333
Epoch: 346, global_step=7948800
SPS: 1334
Epoch: 347, global_step=7971840
SPS: 1335
Epoch: 348, global_step=7994880
SPS: 1337
Epoch: 349, global_step=8017920
SPS: 1338
Epoch: 350, global_step=8040960
SPS: 1339
Epoch: 351, global_step=8064000
Evaluating
Evaluated 17280 steps resulting in 192 episodes
[32mEvaluation Metric: success_once[0m | [36mMean: 0.8594[0m
[32mEvaluation Metric: return[0m | [36mMean: 16.1056[0m
[32mEvaluation Metric: episode_len[0m | [36mMean: 90.0000[0m
[32mEvaluation Metric: reward[0m | [36mMean: 0.1790[0m
[32mEvaluation Metric: success_at_end[0m | [36mMean: 0.0208[0m
model saved to checkpoints/ppo_memtasks/rgb_joints_belief/normalized_dense/InterceptMedium-v0/ppo-cvae-v2-interceptmedium-99__99__rgb_joints_belief__20260126_162231/20260126_162231/ckpt_14_351.pt
SPS: 1318
Epoch: 352, global_step=8087040
SPS: 1320
Epoch: 353, global_step=8110080
SPS: 1321
Epoch: 354, global_step=8133120
SPS: 1322
Epoch: 355, global_step=8156160
SPS: 1323
Epoch: 356, global_step=8179200
SPS: 1324
Epoch: 357, global_step=8202240
SPS: 1325
Epoch: 358, global_step=8225280
SPS: 1326
Epoch: 359, global_step=8248320
SPS: 1327
Epoch: 360, global_step=8271360
SPS: 1328
Epoch: 361, global_step=8294400
SPS: 1329
Epoch: 362, global_step=8317440
SPS: 1331
Epoch: 363, global_step=8340480
SPS: 1332
Epoch: 364, global_step=8363520
SPS: 1333
Epoch: 365, global_step=8386560
SPS: 1334
Epoch: 366, global_step=8409600
SPS: 1335
Epoch: 367, global_step=8432640
SPS: 1336
Epoch: 368, global_step=8455680
SPS: 1337
Epoch: 369, global_step=8478720
SPS: 1338
Epoch: 370, global_step=8501760
SPS: 1340
Epoch: 371, global_step=8524800
SPS: 1341
Epoch: 372, global_step=8547840
SPS: 1342
Epoch: 373, global_step=8570880
SPS: 1343
Epoch: 374, global_step=8593920
SPS: 1344
Epoch: 375, global_step=8616960
SPS: 1345
Epoch: 376, global_step=8640000
Evaluating
Evaluated 17280 steps resulting in 192 episodes
[32mEvaluation Metric: success_once[0m | [36mMean: 0.8646[0m
[32mEvaluation Metric: return[0m | [36mMean: 15.4755[0m
[32mEvaluation Metric: episode_len[0m | [36mMean: 90.0000[0m
[32mEvaluation Metric: reward[0m | [36mMean: 0.1720[0m
[32mEvaluation Metric: success_at_end[0m | [36mMean: 0.0208[0m
model saved to checkpoints/ppo_memtasks/rgb_joints_belief/normalized_dense/InterceptMedium-v0/ppo-cvae-v2-interceptmedium-99__99__rgb_joints_belief__20260126_162231/20260126_162231/ckpt_15_376.pt
SPS: 1325
Epoch: 377, global_step=8663040
SPS: 1327
Epoch: 378, global_step=8686080
SPS: 1328
Epoch: 379, global_step=8709120
SPS: 1329
Epoch: 380, global_step=8732160
SPS: 1330
Epoch: 381, global_step=8755200
SPS: 1331
Epoch: 382, global_step=8778240
SPS: 1332
Epoch: 383, global_step=8801280
SPS: 1333
Epoch: 384, global_step=8824320
SPS: 1334
Epoch: 385, global_step=8847360
SPS: 1335
Epoch: 386, global_step=8870400
SPS: 1336
Epoch: 387, global_step=8893440
SPS: 1337
Epoch: 388, global_step=8916480
SPS: 1338
Epoch: 389, global_step=8939520
SPS: 1339
Epoch: 390, global_step=8962560
SPS: 1340
Epoch: 391, global_step=8985600
SPS: 1341
Epoch: 392, global_step=9008640
SPS: 1342
Epoch: 393, global_step=9031680
SPS: 1343
Epoch: 394, global_step=9054720
SPS: 1344
Epoch: 395, global_step=9077760
SPS: 1345
Epoch: 396, global_step=9100800
SPS: 1346
Epoch: 397, global_step=9123840
SPS: 1347
Epoch: 398, global_step=9146880
SPS: 1348
Epoch: 399, global_step=9169920
SPS: 1349
Epoch: 400, global_step=9192960
SPS: 1350
Epoch: 401, global_step=9216000
Evaluating
Evaluated 17280 steps resulting in 192 episodes
[32mEvaluation Metric: success_once[0m | [36mMean: 0.9115[0m
[32mEvaluation Metric: return[0m | [36mMean: 16.0057[0m
[32mEvaluation Metric: episode_len[0m | [36mMean: 90.0000[0m
[32mEvaluation Metric: reward[0m | [36mMean: 0.1778[0m
[32mEvaluation Metric: success_at_end[0m | [36mMean: 0.0104[0m
model saved to checkpoints/ppo_memtasks/rgb_joints_belief/normalized_dense/InterceptMedium-v0/ppo-cvae-v2-interceptmedium-99__99__rgb_joints_belief__20260126_162231/20260126_162231/ckpt_16_401.pt
SPS: 1331
Epoch: 402, global_step=9239040
SPS: 1332
Epoch: 403, global_step=9262080
SPS: 1333
Epoch: 404, global_step=9285120
SPS: 1334
Epoch: 405, global_step=9308160
SPS: 1335
Epoch: 406, global_step=9331200
SPS: 1336
Epoch: 407, global_step=9354240
SPS: 1337
Epoch: 408, global_step=9377280
SPS: 1338
Epoch: 409, global_step=9400320
SPS: 1338
Epoch: 410, global_step=9423360
SPS: 1340
Epoch: 411, global_step=9446400
SPS: 1341
Epoch: 412, global_step=9469440
SPS: 1341
Epoch: 413, global_step=9492480
SPS: 1342
Epoch: 414, global_step=9515520
SPS: 1343
Epoch: 415, global_step=9538560
SPS: 1344
Epoch: 416, global_step=9561600
SPS: 1345
Epoch: 417, global_step=9584640
SPS: 1346
Epoch: 418, global_step=9607680
SPS: 1347
Epoch: 419, global_step=9630720
SPS: 1348
Epoch: 420, global_step=9653760
SPS: 1349
Epoch: 421, global_step=9676800
SPS: 1350
Epoch: 422, global_step=9699840
SPS: 1351
Epoch: 423, global_step=9722880
SPS: 1352
Epoch: 424, global_step=9745920
SPS: 1352
Epoch: 425, global_step=9768960
SPS: 1353
Epoch: 426, global_step=9792000
Evaluating
Evaluated 17280 steps resulting in 192 episodes
[32mEvaluation Metric: success_once[0m | [36mMean: 0.9062[0m
[32mEvaluation Metric: return[0m | [36mMean: 15.5373[0m
[32mEvaluation Metric: episode_len[0m | [36mMean: 90.0000[0m
[32mEvaluation Metric: reward[0m | [36mMean: 0.1726[0m
[32mEvaluation Metric: success_at_end[0m | [36mMean: 0.0156[0m
model saved to checkpoints/ppo_memtasks/rgb_joints_belief/normalized_dense/InterceptMedium-v0/ppo-cvae-v2-interceptmedium-99__99__rgb_joints_belief__20260126_162231/20260126_162231/ckpt_17_426.pt
SPS: 1336
Epoch: 427, global_step=9815040
SPS: 1337
Epoch: 428, global_step=9838080
SPS: 1338
Epoch: 429, global_step=9861120
SPS: 1339
Epoch: 430, global_step=9884160
SPS: 1340
Epoch: 431, global_step=9907200
SPS: 1341
Epoch: 432, global_step=9930240
SPS: 1342
Epoch: 433, global_step=9953280
SPS: 1343
Epoch: 434, global_step=9976320
SPS: 1344
model saved to checkpoints/ppo_memtasks/rgb_joints_belief/normalized_dense/InterceptMedium-v0/ppo-cvae-v2-interceptmedium-99__99__rgb_joints_belief__20260126_162231/20260126_162231/final_ckpt.pt
