Enabling podman.socket for user: s4176650
Running InterceptGrab-Medium, seed 42

===========================================================================
║                        Environment Configuration                        ║
===========================================================================
║ Environment ID: InterceptGrabMedium-v0                                  ║
║ Oracle Info:    None                                                    ║
║ Wrappers:                                                               ║
║    ├─ InitialZeroActionWrapper                                         ║
║    │  └─ {'n_initial_steps': 0}                                           ║
║    ├─ RenderStepInfoWrapper                                            ║
║    ├─ RenderRewardInfoWrapper                                          ║
║    ├─ DebugRewardWrapper                                               ║
║-------------------------------------------------------------------------║
║ include_state:       False │ state will not be used                ║
║ include_rgb:         True  │ rgb images will be used               ║
║ include_oracle:      False │ oracle info will not be used          ║
║ include_joints:      True  │ joints will be used                   ║
===========================================================================

MODE='rgb_joints'
prompt_info=None
Saving eval videos to checkpoints/ppo_memtasks/rgb_joints/normalized_dense/InterceptGrabMedium-v0/ppo-nonbelief-42__42__rgb_joints__20260116_163921/20260116_163921/videos
======================================================================
Max Episode Steps: 90
======================================================================

Running training

####
args.num_iterations=576 args.num_envs=200 args.num_eval_envs=16
args.minibatch_size=562 args.batch_size=18000 args.update_epochs=4
####

sample_obs.keys()=dict_keys(['joints', 'rgb'])
joints: torch.Size([200, 25])
rgb: torch.Size([200, 128, 128, 3])


Epoch: 1, global_step=0
Evaluating
Evaluated 17280 steps resulting in 192 episodes
[32mEvaluation Metric: success_once[0m | [36mMean: 0.0000[0m
[32mEvaluation Metric: return[0m | [36mMean: 0.2691[0m
[32mEvaluation Metric: episode_len[0m | [36mMean: 90.0000[0m
[32mEvaluation Metric: reward[0m | [36mMean: 0.0030[0m
[32mEvaluation Metric: success_at_end[0m | [36mMean: 0.0000[0m
model saved to checkpoints/ppo_memtasks/rgb_joints/normalized_dense/InterceptGrabMedium-v0/ppo-nonbelief-42__42__rgb_joints__20260116_163921/20260116_163921/ckpt_0_1.pt
SPS: 186
Epoch: 2, global_step=18000
SPS: 347
Epoch: 3, global_step=36000
SPS: 484
Epoch: 4, global_step=54000
SPS: 602
Epoch: 5, global_step=72000
SPS: 706
Epoch: 6, global_step=90000
SPS: 796
Epoch: 7, global_step=108000
SPS: 867
Epoch: 8, global_step=126000
SPS: 937
Epoch: 9, global_step=144000
SPS: 1000
Epoch: 10, global_step=162000
SPS: 1056
Epoch: 11, global_step=180000
SPS: 1108
Epoch: 12, global_step=198000
SPS: 1154
Epoch: 13, global_step=216000
SPS: 1197
Epoch: 14, global_step=234000
SPS: 1235
Epoch: 15, global_step=252000
SPS: 1271
Epoch: 16, global_step=270000
SPS: 1301
Epoch: 17, global_step=288000
SPS: 1331
Epoch: 18, global_step=306000
SPS: 1358
Epoch: 19, global_step=324000
SPS: 1383
Epoch: 20, global_step=342000
SPS: 1405
Epoch: 21, global_step=360000
SPS: 1424
Epoch: 22, global_step=378000
SPS: 1442
Epoch: 23, global_step=396000
SPS: 1459
Epoch: 24, global_step=414000
SPS: 1475
Epoch: 25, global_step=432000
SPS: 1490
Epoch: 26, global_step=450000
SPS: 1503
Epoch: 27, global_step=468000
SPS: 1515
Epoch: 28, global_step=486000
SPS: 1527
Epoch: 29, global_step=504000
SPS: 1536
Epoch: 30, global_step=522000
SPS: 1547
Epoch: 31, global_step=540000
SPS: 1556
Epoch: 32, global_step=558000
SPS: 1566
Epoch: 33, global_step=576000
Evaluating
Evaluated 17280 steps resulting in 192 episodes
[32mEvaluation Metric: success_once[0m | [36mMean: 0.0000[0m
[32mEvaluation Metric: return[0m | [36mMean: 1.1539[0m
[32mEvaluation Metric: episode_len[0m | [36mMean: 90.0000[0m
[32mEvaluation Metric: reward[0m | [36mMean: 0.0128[0m
[32mEvaluation Metric: success_at_end[0m | [36mMean: 0.0000[0m
model saved to checkpoints/ppo_memtasks/rgb_joints/normalized_dense/InterceptGrabMedium-v0/ppo-nonbelief-42__42__rgb_joints__20260116_163921/20260116_163921/ckpt_1_33.pt
SPS: 1288
Epoch: 34, global_step=594000
SPS: 1302
Epoch: 35, global_step=612000
SPS: 1314
Epoch: 36, global_step=630000
SPS: 1327
Epoch: 37, global_step=648000
SPS: 1339
Epoch: 38, global_step=666000
SPS: 1351
Epoch: 39, global_step=684000
SPS: 1362
Epoch: 40, global_step=702000
SPS: 1372
Epoch: 41, global_step=720000
SPS: 1384
Epoch: 42, global_step=738000
SPS: 1395
Epoch: 43, global_step=756000
SPS: 1405
Epoch: 44, global_step=774000
SPS: 1415
Epoch: 45, global_step=792000
SPS: 1425
Epoch: 46, global_step=810000
SPS: 1435
Epoch: 47, global_step=828000
SPS: 1445
Epoch: 48, global_step=846000
SPS: 1454
Epoch: 49, global_step=864000
SPS: 1462
Epoch: 50, global_step=882000
SPS: 1470
Epoch: 51, global_step=900000
SPS: 1477
Epoch: 52, global_step=918000
SPS: 1485
Epoch: 53, global_step=936000
SPS: 1492
Epoch: 54, global_step=954000
SPS: 1498
Epoch: 55, global_step=972000
SPS: 1504
Epoch: 56, global_step=990000
SPS: 1511
Epoch: 57, global_step=1008000
SPS: 1517
Epoch: 58, global_step=1026000
SPS: 1523
Epoch: 59, global_step=1044000
SPS: 1530
Epoch: 60, global_step=1062000
SPS: 1536
Epoch: 61, global_step=1080000
SPS: 1543
Epoch: 62, global_step=1098000
SPS: 1549
Epoch: 63, global_step=1116000
SPS: 1555
Epoch: 64, global_step=1134000
SPS: 1560
Epoch: 65, global_step=1152000
Evaluating
Evaluated 17280 steps resulting in 192 episodes
[32mEvaluation Metric: success_once[0m | [36mMean: 0.0000[0m
[32mEvaluation Metric: return[0m | [36mMean: 1.4359[0m
[32mEvaluation Metric: episode_len[0m | [36mMean: 90.0000[0m
[32mEvaluation Metric: reward[0m | [36mMean: 0.0160[0m
[32mEvaluation Metric: success_at_end[0m | [36mMean: 0.0000[0m
model saved to checkpoints/ppo_memtasks/rgb_joints/normalized_dense/InterceptGrabMedium-v0/ppo-nonbelief-42__42__rgb_joints__20260116_163921/20260116_163921/ckpt_2_65.pt
SPS: 1396
Epoch: 66, global_step=1170000
SPS: 1402
Epoch: 67, global_step=1188000
SPS: 1409
Epoch: 68, global_step=1206000
SPS: 1416
Epoch: 69, global_step=1224000
SPS: 1421
Epoch: 70, global_step=1242000
SPS: 1427
Epoch: 71, global_step=1260000
SPS: 1432
Epoch: 72, global_step=1278000
SPS: 1438
Epoch: 73, global_step=1296000
SPS: 1444
Epoch: 74, global_step=1314000
SPS: 1450
Epoch: 75, global_step=1332000
SPS: 1455
Epoch: 76, global_step=1350000
SPS: 1461
Epoch: 77, global_step=1368000
SPS: 1467
Epoch: 78, global_step=1386000
SPS: 1472
Epoch: 79, global_step=1404000
SPS: 1478
Epoch: 80, global_step=1422000
SPS: 1483
Epoch: 81, global_step=1440000
SPS: 1488
Epoch: 82, global_step=1458000
SPS: 1493
Epoch: 83, global_step=1476000
SPS: 1499
Epoch: 84, global_step=1494000
SPS: 1504
Epoch: 85, global_step=1512000
SPS: 1508
Epoch: 86, global_step=1530000
SPS: 1513
Epoch: 87, global_step=1548000
SPS: 1517
Epoch: 88, global_step=1566000
SPS: 1522
Epoch: 89, global_step=1584000
SPS: 1526
Epoch: 90, global_step=1602000
SPS: 1531
Epoch: 91, global_step=1620000
SPS: 1535
Epoch: 92, global_step=1638000
SPS: 1539
Epoch: 93, global_step=1656000
SPS: 1544
Epoch: 94, global_step=1674000
SPS: 1548
Epoch: 95, global_step=1692000
SPS: 1552
Epoch: 96, global_step=1710000
SPS: 1556
Epoch: 97, global_step=1728000
Evaluating
Evaluated 17280 steps resulting in 192 episodes
[32mEvaluation Metric: success_once[0m | [36mMean: 0.0000[0m
[32mEvaluation Metric: return[0m | [36mMean: 1.7779[0m
[32mEvaluation Metric: episode_len[0m | [36mMean: 90.0000[0m
[32mEvaluation Metric: reward[0m | [36mMean: 0.0198[0m
[32mEvaluation Metric: success_at_end[0m | [36mMean: 0.0000[0m
model saved to checkpoints/ppo_memtasks/rgb_joints/normalized_dense/InterceptGrabMedium-v0/ppo-nonbelief-42__42__rgb_joints__20260116_163921/20260116_163921/ckpt_3_97.pt
SPS: 1448
Epoch: 98, global_step=1746000
SPS: 1452
Epoch: 99, global_step=1764000
SPS: 1457
Epoch: 100, global_step=1782000
SPS: 1461
Epoch: 101, global_step=1800000
SPS: 1465
Epoch: 102, global_step=1818000
SPS: 1468
Epoch: 103, global_step=1836000
SPS: 1472
Epoch: 104, global_step=1854000
SPS: 1476
Epoch: 105, global_step=1872000
SPS: 1479
Epoch: 106, global_step=1890000
SPS: 1483
Epoch: 107, global_step=1908000
SPS: 1487
Epoch: 108, global_step=1926000
SPS: 1491
Epoch: 109, global_step=1944000
SPS: 1494
Epoch: 110, global_step=1962000
SPS: 1497
Epoch: 111, global_step=1980000
SPS: 1501
Epoch: 112, global_step=1998000
SPS: 1504
Epoch: 113, global_step=2016000
SPS: 1508
Epoch: 114, global_step=2034000
SPS: 1510
Epoch: 115, global_step=2052000
SPS: 1514
Epoch: 116, global_step=2070000
SPS: 1517
Epoch: 117, global_step=2088000
SPS: 1521
Epoch: 118, global_step=2106000
SPS: 1524
Epoch: 119, global_step=2124000
SPS: 1527
Epoch: 120, global_step=2142000
SPS: 1530
Epoch: 121, global_step=2160000
SPS: 1533
Epoch: 122, global_step=2178000
SPS: 1536
Epoch: 123, global_step=2196000
SPS: 1538
Epoch: 124, global_step=2214000
SPS: 1541
Epoch: 125, global_step=2232000
SPS: 1544
Epoch: 126, global_step=2250000
SPS: 1547
Epoch: 127, global_step=2268000
SPS: 1550
Epoch: 128, global_step=2286000
SPS: 1553
Epoch: 129, global_step=2304000
Evaluating
Evaluated 17280 steps resulting in 192 episodes
[32mEvaluation Metric: success_once[0m | [36mMean: 0.0000[0m
[32mEvaluation Metric: return[0m | [36mMean: 1.5824[0m
[32mEvaluation Metric: episode_len[0m | [36mMean: 90.0000[0m
[32mEvaluation Metric: reward[0m | [36mMean: 0.0176[0m
[32mEvaluation Metric: success_at_end[0m | [36mMean: 0.0000[0m
model saved to checkpoints/ppo_memtasks/rgb_joints/normalized_dense/InterceptGrabMedium-v0/ppo-nonbelief-42__42__rgb_joints__20260116_163921/20260116_163921/ckpt_4_129.pt
SPS: 1473
Epoch: 130, global_step=2322000
SPS: 1476
Epoch: 131, global_step=2340000
SPS: 1479
Epoch: 132, global_step=2358000
SPS: 1483
Epoch: 133, global_step=2376000
SPS: 1486
Epoch: 134, global_step=2394000
SPS: 1489
Epoch: 135, global_step=2412000
SPS: 1491
Epoch: 136, global_step=2430000
SPS: 1495
Epoch: 137, global_step=2448000
SPS: 1498
Epoch: 138, global_step=2466000
SPS: 1501
Epoch: 139, global_step=2484000
SPS: 1503
Epoch: 140, global_step=2502000
SPS: 1506
Epoch: 141, global_step=2520000
SPS: 1508
Epoch: 142, global_step=2538000
SPS: 1511
Epoch: 143, global_step=2556000
SPS: 1513
Epoch: 144, global_step=2574000
SPS: 1515
Epoch: 145, global_step=2592000
SPS: 1518
Epoch: 146, global_step=2610000
SPS: 1520
Epoch: 147, global_step=2628000
SPS: 1522
Epoch: 148, global_step=2646000
SPS: 1525
Epoch: 149, global_step=2664000
SPS: 1527
Epoch: 150, global_step=2682000
SPS: 1529
Epoch: 151, global_step=2700000
SPS: 1531
Epoch: 152, global_step=2718000
SPS: 1533
Epoch: 153, global_step=2736000
SPS: 1535
Epoch: 154, global_step=2754000
SPS: 1538
Epoch: 155, global_step=2772000
SPS: 1540
Epoch: 156, global_step=2790000
SPS: 1542
Epoch: 157, global_step=2808000
SPS: 1543
Epoch: 158, global_step=2826000
SPS: 1545
Epoch: 159, global_step=2844000
SPS: 1548
Epoch: 160, global_step=2862000
SPS: 1550
Epoch: 161, global_step=2880000
Evaluating
Evaluated 17280 steps resulting in 192 episodes
[32mEvaluation Metric: success_once[0m | [36mMean: 0.0000[0m
[32mEvaluation Metric: return[0m | [36mMean: 1.8478[0m
[32mEvaluation Metric: episode_len[0m | [36mMean: 90.0000[0m
[32mEvaluation Metric: reward[0m | [36mMean: 0.0205[0m
[32mEvaluation Metric: success_at_end[0m | [36mMean: 0.0000[0m
model saved to checkpoints/ppo_memtasks/rgb_joints/normalized_dense/InterceptGrabMedium-v0/ppo-nonbelief-42__42__rgb_joints__20260116_163921/20260116_163921/ckpt_5_161.pt
SPS: 1485
Epoch: 162, global_step=2898000
SPS: 1488
Epoch: 163, global_step=2916000
SPS: 1490
Epoch: 164, global_step=2934000
SPS: 1492
Epoch: 165, global_step=2952000
SPS: 1494
Epoch: 166, global_step=2970000
SPS: 1497
Epoch: 167, global_step=2988000
SPS: 1499
Epoch: 168, global_step=3006000
SPS: 1501
Epoch: 169, global_step=3024000
SPS: 1504
Epoch: 170, global_step=3042000
SPS: 1506
Epoch: 171, global_step=3060000
SPS: 1508
Epoch: 172, global_step=3078000
SPS: 1510
Epoch: 173, global_step=3096000
SPS: 1512
Epoch: 174, global_step=3114000
SPS: 1515
Epoch: 175, global_step=3132000
SPS: 1517
Epoch: 176, global_step=3150000
SPS: 1519
Epoch: 177, global_step=3168000
SPS: 1521
Epoch: 178, global_step=3186000
SPS: 1523
Epoch: 179, global_step=3204000
SPS: 1525
Epoch: 180, global_step=3222000
SPS: 1527
Epoch: 181, global_step=3240000
SPS: 1529
Epoch: 182, global_step=3258000
SPS: 1531
Epoch: 183, global_step=3276000
SPS: 1533
Epoch: 184, global_step=3294000
SPS: 1535
Epoch: 185, global_step=3312000
SPS: 1537
Epoch: 186, global_step=3330000
SPS: 1539
Epoch: 187, global_step=3348000
SPS: 1541
Epoch: 188, global_step=3366000
SPS: 1542
Epoch: 189, global_step=3384000
SPS: 1544
Epoch: 190, global_step=3402000
SPS: 1546
Epoch: 191, global_step=3420000
SPS: 1548
Epoch: 192, global_step=3438000
SPS: 1550
Epoch: 193, global_step=3456000
Evaluating
Evaluated 17280 steps resulting in 192 episodes
[32mEvaluation Metric: success_once[0m | [36mMean: 0.0000[0m
[32mEvaluation Metric: return[0m | [36mMean: 1.9022[0m
[32mEvaluation Metric: episode_len[0m | [36mMean: 90.0000[0m
[32mEvaluation Metric: reward[0m | [36mMean: 0.0211[0m
[32mEvaluation Metric: success_at_end[0m | [36mMean: 0.0000[0m
model saved to checkpoints/ppo_memtasks/rgb_joints/normalized_dense/InterceptGrabMedium-v0/ppo-nonbelief-42__42__rgb_joints__20260116_163921/20260116_163921/ckpt_6_193.pt
SPS: 1494
Epoch: 194, global_step=3474000
SPS: 1496
Epoch: 195, global_step=3492000
SPS: 1497
Epoch: 196, global_step=3510000
SPS: 1498
Epoch: 197, global_step=3528000
SPS: 1499
Epoch: 198, global_step=3546000
SPS: 1501
Epoch: 199, global_step=3564000
SPS: 1502
Epoch: 200, global_step=3582000
SPS: 1504
Epoch: 201, global_step=3600000
SPS: 1506
Epoch: 202, global_step=3618000
SPS: 1508
Epoch: 203, global_step=3636000
SPS: 1510
Epoch: 204, global_step=3654000
SPS: 1511
Epoch: 205, global_step=3672000
SPS: 1513
Epoch: 206, global_step=3690000
SPS: 1515
Epoch: 207, global_step=3708000
SPS: 1516
Epoch: 208, global_step=3726000
SPS: 1518
Epoch: 209, global_step=3744000
SPS: 1520
Epoch: 210, global_step=3762000
SPS: 1522
Epoch: 211, global_step=3780000
SPS: 1524
Epoch: 212, global_step=3798000
SPS: 1526
Epoch: 213, global_step=3816000
SPS: 1528
Epoch: 214, global_step=3834000
SPS: 1529
Epoch: 215, global_step=3852000
SPS: 1531
Epoch: 216, global_step=3870000
SPS: 1533
Epoch: 217, global_step=3888000
SPS: 1534
Epoch: 218, global_step=3906000
SPS: 1536
Epoch: 219, global_step=3924000
SPS: 1538
Epoch: 220, global_step=3942000
SPS: 1540
Epoch: 221, global_step=3960000
SPS: 1542
Epoch: 222, global_step=3978000
SPS: 1544
Epoch: 223, global_step=3996000
SPS: 1546
Epoch: 224, global_step=4014000
SPS: 1547
Epoch: 225, global_step=4032000
Evaluating
Evaluated 17280 steps resulting in 192 episodes
[32mEvaluation Metric: success_once[0m | [36mMean: 0.0052[0m
[32mEvaluation Metric: return[0m | [36mMean: 2.1699[0m
[32mEvaluation Metric: episode_len[0m | [36mMean: 90.0000[0m
[32mEvaluation Metric: reward[0m | [36mMean: 0.0241[0m
[32mEvaluation Metric: success_at_end[0m | [36mMean: 0.0052[0m
model saved to checkpoints/ppo_memtasks/rgb_joints/normalized_dense/InterceptGrabMedium-v0/ppo-nonbelief-42__42__rgb_joints__20260116_163921/20260116_163921/ckpt_7_225.pt
SPS: 1499
Epoch: 226, global_step=4050000
SPS: 1501
Epoch: 227, global_step=4068000
SPS: 1503
Epoch: 228, global_step=4086000
SPS: 1504
Epoch: 229, global_step=4104000
SPS: 1506
Epoch: 230, global_step=4122000
SPS: 1508
Epoch: 231, global_step=4140000
SPS: 1509
Epoch: 232, global_step=4158000
SPS: 1511
Epoch: 233, global_step=4176000
SPS: 1512
Epoch: 234, global_step=4194000
SPS: 1514
Epoch: 235, global_step=4212000
SPS: 1516
Epoch: 236, global_step=4230000
SPS: 1517
Epoch: 237, global_step=4248000
SPS: 1518
Epoch: 238, global_step=4266000
SPS: 1520
Epoch: 239, global_step=4284000
SPS: 1521
Epoch: 240, global_step=4302000
SPS: 1523
Epoch: 241, global_step=4320000
SPS: 1524
Epoch: 242, global_step=4338000
SPS: 1526
Epoch: 243, global_step=4356000
SPS: 1527
Epoch: 244, global_step=4374000
SPS: 1528
Epoch: 245, global_step=4392000
SPS: 1530
Epoch: 246, global_step=4410000
SPS: 1531
Epoch: 247, global_step=4428000
SPS: 1533
Epoch: 248, global_step=4446000
SPS: 1534
Epoch: 249, global_step=4464000
SPS: 1536
Epoch: 250, global_step=4482000
SPS: 1537
Epoch: 251, global_step=4500000
SPS: 1538
Epoch: 252, global_step=4518000
SPS: 1539
Epoch: 253, global_step=4536000
SPS: 1541
Epoch: 254, global_step=4554000
SPS: 1542
Epoch: 255, global_step=4572000
SPS: 1544
Epoch: 256, global_step=4590000
SPS: 1545
Epoch: 257, global_step=4608000
Evaluating
Evaluated 17280 steps resulting in 192 episodes
[32mEvaluation Metric: success_once[0m | [36mMean: 0.0104[0m
[32mEvaluation Metric: return[0m | [36mMean: 2.3002[0m
[32mEvaluation Metric: episode_len[0m | [36mMean: 90.0000[0m
[32mEvaluation Metric: reward[0m | [36mMean: 0.0256[0m
[32mEvaluation Metric: success_at_end[0m | [36mMean: 0.0000[0m
model saved to checkpoints/ppo_memtasks/rgb_joints/normalized_dense/InterceptGrabMedium-v0/ppo-nonbelief-42__42__rgb_joints__20260116_163921/20260116_163921/ckpt_8_257.pt
SPS: 1502
Epoch: 258, global_step=4626000
SPS: 1504
Epoch: 259, global_step=4644000
SPS: 1506
Epoch: 260, global_step=4662000
SPS: 1507
Epoch: 261, global_step=4680000
SPS: 1508
Epoch: 262, global_step=4698000
SPS: 1509
Epoch: 263, global_step=4716000
SPS: 1510
Epoch: 264, global_step=4734000
SPS: 1512
Epoch: 265, global_step=4752000
SPS: 1513
Epoch: 266, global_step=4770000
SPS: 1514
Epoch: 267, global_step=4788000
SPS: 1516
Epoch: 268, global_step=4806000
SPS: 1517
Epoch: 269, global_step=4824000
SPS: 1518
Epoch: 270, global_step=4842000
SPS: 1519
Epoch: 271, global_step=4860000
SPS: 1520
Epoch: 272, global_step=4878000
SPS: 1521
Epoch: 273, global_step=4896000
SPS: 1523
Epoch: 274, global_step=4914000
SPS: 1524
Epoch: 275, global_step=4932000
SPS: 1525
Epoch: 276, global_step=4950000
SPS: 1526
Epoch: 277, global_step=4968000
SPS: 1527
Epoch: 278, global_step=4986000
SPS: 1528
Epoch: 279, global_step=5004000
SPS: 1530
Epoch: 280, global_step=5022000
SPS: 1531
Epoch: 281, global_step=5040000
SPS: 1532
Epoch: 282, global_step=5058000
SPS: 1533
Epoch: 283, global_step=5076000
SPS: 1534
Epoch: 284, global_step=5094000
SPS: 1535
Epoch: 285, global_step=5112000
SPS: 1536
Epoch: 286, global_step=5130000
SPS: 1537
Epoch: 287, global_step=5148000
SPS: 1539
Epoch: 288, global_step=5166000
SPS: 1539
Epoch: 289, global_step=5184000
Evaluating
Evaluated 17280 steps resulting in 192 episodes
[32mEvaluation Metric: success_once[0m | [36mMean: 0.0208[0m
[32mEvaluation Metric: return[0m | [36mMean: 2.2007[0m
[32mEvaluation Metric: episode_len[0m | [36mMean: 90.0000[0m
[32mEvaluation Metric: reward[0m | [36mMean: 0.0245[0m
[32mEvaluation Metric: success_at_end[0m | [36mMean: 0.0000[0m
model saved to checkpoints/ppo_memtasks/rgb_joints/normalized_dense/InterceptGrabMedium-v0/ppo-nonbelief-42__42__rgb_joints__20260116_163921/20260116_163921/ckpt_9_289.pt
SPS: 1501
Epoch: 290, global_step=5202000
SPS: 1502
Epoch: 291, global_step=5220000
SPS: 1504
Epoch: 292, global_step=5238000
SPS: 1505
Epoch: 293, global_step=5256000
SPS: 1506
Epoch: 294, global_step=5274000
SPS: 1508
Epoch: 295, global_step=5292000
SPS: 1509
Epoch: 296, global_step=5310000
SPS: 1511
Epoch: 297, global_step=5328000
SPS: 1512
Epoch: 298, global_step=5346000
SPS: 1513
Epoch: 299, global_step=5364000
SPS: 1515
Epoch: 300, global_step=5382000
SPS: 1516
Epoch: 301, global_step=5400000
SPS: 1517
Epoch: 302, global_step=5418000
SPS: 1519
Epoch: 303, global_step=5436000
SPS: 1520
Epoch: 304, global_step=5454000
SPS: 1521
Epoch: 305, global_step=5472000
SPS: 1523
Epoch: 306, global_step=5490000
SPS: 1524
Epoch: 307, global_step=5508000
SPS: 1525
Epoch: 308, global_step=5526000
SPS: 1526
Epoch: 309, global_step=5544000
SPS: 1528
Epoch: 310, global_step=5562000
SPS: 1529
Epoch: 311, global_step=5580000
SPS: 1530
Epoch: 312, global_step=5598000
SPS: 1531
Epoch: 313, global_step=5616000
SPS: 1533
Epoch: 314, global_step=5634000
SPS: 1534
Epoch: 315, global_step=5652000
SPS: 1535
Epoch: 316, global_step=5670000
SPS: 1536
Epoch: 317, global_step=5688000
SPS: 1536
Epoch: 318, global_step=5706000
SPS: 1538
Epoch: 319, global_step=5724000
SPS: 1539
Epoch: 320, global_step=5742000
SPS: 1540
Epoch: 321, global_step=5760000
Evaluating
Evaluated 17280 steps resulting in 192 episodes
[32mEvaluation Metric: success_once[0m | [36mMean: 0.0000[0m
[32mEvaluation Metric: return[0m | [36mMean: 2.5253[0m
[32mEvaluation Metric: episode_len[0m | [36mMean: 90.0000[0m
[32mEvaluation Metric: reward[0m | [36mMean: 0.0281[0m
[32mEvaluation Metric: success_at_end[0m | [36mMean: 0.0000[0m
model saved to checkpoints/ppo_memtasks/rgb_joints/normalized_dense/InterceptGrabMedium-v0/ppo-nonbelief-42__42__rgb_joints__20260116_163921/20260116_163921/ckpt_10_321.pt
SPS: 1505
Epoch: 322, global_step=5778000
SPS: 1506
Epoch: 323, global_step=5796000
SPS: 1507
Epoch: 324, global_step=5814000
SPS: 1508
Epoch: 325, global_step=5832000
SPS: 1509
Epoch: 326, global_step=5850000
SPS: 1510
Epoch: 327, global_step=5868000
SPS: 1511
Epoch: 328, global_step=5886000
SPS: 1512
Epoch: 329, global_step=5904000
SPS: 1513
Epoch: 330, global_step=5922000
SPS: 1515
Epoch: 331, global_step=5940000
SPS: 1515
Epoch: 332, global_step=5958000
SPS: 1517
Epoch: 333, global_step=5976000
SPS: 1518
Epoch: 334, global_step=5994000
SPS: 1519
Epoch: 335, global_step=6012000
SPS: 1520
Epoch: 336, global_step=6030000
SPS: 1521
Epoch: 337, global_step=6048000
SPS: 1522
Epoch: 338, global_step=6066000
SPS: 1523
Epoch: 339, global_step=6084000
SPS: 1524
Epoch: 340, global_step=6102000
SPS: 1525
Epoch: 341, global_step=6120000
SPS: 1526
Epoch: 342, global_step=6138000
SPS: 1527
Epoch: 343, global_step=6156000
SPS: 1528
Epoch: 344, global_step=6174000
SPS: 1529
Epoch: 345, global_step=6192000
SPS: 1530
Epoch: 346, global_step=6210000
SPS: 1531
Epoch: 347, global_step=6228000
SPS: 1532
Epoch: 348, global_step=6246000
SPS: 1533
Epoch: 349, global_step=6264000
SPS: 1533
Epoch: 350, global_step=6282000
SPS: 1534
Epoch: 351, global_step=6300000
SPS: 1535
Epoch: 352, global_step=6318000
SPS: 1536
Epoch: 353, global_step=6336000
Evaluating
Evaluated 17280 steps resulting in 192 episodes
[32mEvaluation Metric: success_once[0m | [36mMean: 0.0000[0m
[32mEvaluation Metric: return[0m | [36mMean: 2.1399[0m
[32mEvaluation Metric: episode_len[0m | [36mMean: 90.0000[0m
[32mEvaluation Metric: reward[0m | [36mMean: 0.0238[0m
[32mEvaluation Metric: success_at_end[0m | [36mMean: 0.0000[0m
model saved to checkpoints/ppo_memtasks/rgb_joints/normalized_dense/InterceptGrabMedium-v0/ppo-nonbelief-42__42__rgb_joints__20260116_163921/20260116_163921/ckpt_11_353.pt
SPS: 1505
Epoch: 354, global_step=6354000
SPS: 1506
Epoch: 355, global_step=6372000
SPS: 1507
Epoch: 356, global_step=6390000
SPS: 1508
Epoch: 357, global_step=6408000
SPS: 1509
Epoch: 358, global_step=6426000
SPS: 1510
Epoch: 359, global_step=6444000
SPS: 1511
Epoch: 360, global_step=6462000
SPS: 1512
Epoch: 361, global_step=6480000
SPS: 1513
Epoch: 362, global_step=6498000
SPS: 1514
Epoch: 363, global_step=6516000
SPS: 1515
Epoch: 364, global_step=6534000
SPS: 1516
Epoch: 365, global_step=6552000
SPS: 1517
Epoch: 366, global_step=6570000
SPS: 1518
Epoch: 367, global_step=6588000
SPS: 1519
Epoch: 368, global_step=6606000
SPS: 1520
Epoch: 369, global_step=6624000
SPS: 1521
Epoch: 370, global_step=6642000
SPS: 1522
Epoch: 371, global_step=6660000
SPS: 1523
Epoch: 372, global_step=6678000
SPS: 1523
Epoch: 373, global_step=6696000
SPS: 1524
Epoch: 374, global_step=6714000
SPS: 1525
Epoch: 375, global_step=6732000
SPS: 1526
Epoch: 376, global_step=6750000
SPS: 1527
Epoch: 377, global_step=6768000
SPS: 1528
Epoch: 378, global_step=6786000
SPS: 1529
Epoch: 379, global_step=6804000
SPS: 1530
Epoch: 380, global_step=6822000
SPS: 1531
Epoch: 381, global_step=6840000
SPS: 1532
Epoch: 382, global_step=6858000
SPS: 1533
Epoch: 383, global_step=6876000
SPS: 1534
Epoch: 384, global_step=6894000
SPS: 1534
Epoch: 385, global_step=6912000
Evaluating
Evaluated 17280 steps resulting in 192 episodes
[32mEvaluation Metric: success_once[0m | [36mMean: 0.0000[0m
[32mEvaluation Metric: return[0m | [36mMean: 2.0069[0m
[32mEvaluation Metric: episode_len[0m | [36mMean: 90.0000[0m
[32mEvaluation Metric: reward[0m | [36mMean: 0.0223[0m
[32mEvaluation Metric: success_at_end[0m | [36mMean: 0.0000[0m
model saved to checkpoints/ppo_memtasks/rgb_joints/normalized_dense/InterceptGrabMedium-v0/ppo-nonbelief-42__42__rgb_joints__20260116_163921/20260116_163921/ckpt_12_385.pt
SPS: 1507
Epoch: 386, global_step=6930000
SPS: 1508
Epoch: 387, global_step=6948000
SPS: 1509
Epoch: 388, global_step=6966000
SPS: 1510
Epoch: 389, global_step=6984000
SPS: 1511
Epoch: 390, global_step=7002000
SPS: 1513
Epoch: 391, global_step=7020000
SPS: 1514
Epoch: 392, global_step=7038000
SPS: 1515
Epoch: 393, global_step=7056000
SPS: 1516
Epoch: 394, global_step=7074000
SPS: 1517
Epoch: 395, global_step=7092000
SPS: 1518
Epoch: 396, global_step=7110000
SPS: 1519
Epoch: 397, global_step=7128000
SPS: 1521
Epoch: 398, global_step=7146000
SPS: 1522
Epoch: 399, global_step=7164000
SPS: 1523
Epoch: 400, global_step=7182000
SPS: 1524
Epoch: 401, global_step=7200000
SPS: 1525
Epoch: 402, global_step=7218000
SPS: 1526
Epoch: 403, global_step=7236000
SPS: 1527
Epoch: 404, global_step=7254000
SPS: 1529
Epoch: 405, global_step=7272000
SPS: 1530
Epoch: 406, global_step=7290000
SPS: 1531
Epoch: 407, global_step=7308000
SPS: 1532
Epoch: 408, global_step=7326000
SPS: 1533
Epoch: 409, global_step=7344000
SPS: 1534
Epoch: 410, global_step=7362000
SPS: 1535
Epoch: 411, global_step=7380000
SPS: 1536
Epoch: 412, global_step=7398000
SPS: 1537
Epoch: 413, global_step=7416000
SPS: 1538
Epoch: 414, global_step=7434000
SPS: 1538
Epoch: 415, global_step=7452000
SPS: 1539
Epoch: 416, global_step=7470000
SPS: 1540
Epoch: 417, global_step=7488000
Evaluating
Evaluated 17280 steps resulting in 192 episodes
[32mEvaluation Metric: success_once[0m | [36mMean: 0.0000[0m
[32mEvaluation Metric: return[0m | [36mMean: 2.3355[0m
[32mEvaluation Metric: episode_len[0m | [36mMean: 90.0000[0m
[32mEvaluation Metric: reward[0m | [36mMean: 0.0259[0m
[32mEvaluation Metric: success_at_end[0m | [36mMean: 0.0000[0m
model saved to checkpoints/ppo_memtasks/rgb_joints/normalized_dense/InterceptGrabMedium-v0/ppo-nonbelief-42__42__rgb_joints__20260116_163921/20260116_163921/ckpt_13_417.pt
SPS: 1513
Epoch: 418, global_step=7506000
SPS: 1514
Epoch: 419, global_step=7524000
SPS: 1515
Epoch: 420, global_step=7542000
SPS: 1516
Epoch: 421, global_step=7560000
SPS: 1517
Epoch: 422, global_step=7578000
SPS: 1517
Epoch: 423, global_step=7596000
SPS: 1518
Epoch: 424, global_step=7614000
SPS: 1519
Epoch: 425, global_step=7632000
SPS: 1520
Epoch: 426, global_step=7650000
SPS: 1521
Epoch: 427, global_step=7668000
SPS: 1522
Epoch: 428, global_step=7686000
SPS: 1522
Epoch: 429, global_step=7704000
SPS: 1523
Epoch: 430, global_step=7722000
SPS: 1524
Epoch: 431, global_step=7740000
SPS: 1525
Epoch: 432, global_step=7758000
SPS: 1526
Epoch: 433, global_step=7776000
SPS: 1526
Epoch: 434, global_step=7794000
SPS: 1527
Epoch: 435, global_step=7812000
SPS: 1528
Epoch: 436, global_step=7830000
SPS: 1529
Epoch: 437, global_step=7848000
SPS: 1529
Epoch: 438, global_step=7866000
SPS: 1530
Epoch: 439, global_step=7884000
SPS: 1531
Epoch: 440, global_step=7902000
SPS: 1532
Epoch: 441, global_step=7920000
SPS: 1533
Epoch: 442, global_step=7938000
SPS: 1534
Epoch: 443, global_step=7956000
SPS: 1534
Epoch: 444, global_step=7974000
SPS: 1535
Epoch: 445, global_step=7992000
SPS: 1536
Epoch: 446, global_step=8010000
SPS: 1536
Epoch: 447, global_step=8028000
SPS: 1537
Epoch: 448, global_step=8046000
SPS: 1538
Epoch: 449, global_step=8064000
Evaluating
Evaluated 17280 steps resulting in 192 episodes
[32mEvaluation Metric: success_once[0m | [36mMean: 0.0000[0m
[32mEvaluation Metric: return[0m | [36mMean: 2.1781[0m
[32mEvaluation Metric: episode_len[0m | [36mMean: 90.0000[0m
[32mEvaluation Metric: reward[0m | [36mMean: 0.0242[0m
[32mEvaluation Metric: success_at_end[0m | [36mMean: 0.0000[0m
model saved to checkpoints/ppo_memtasks/rgb_joints/normalized_dense/InterceptGrabMedium-v0/ppo-nonbelief-42__42__rgb_joints__20260116_163921/20260116_163921/ckpt_14_449.pt
SPS: 1513
Epoch: 450, global_step=8082000
SPS: 1514
Epoch: 451, global_step=8100000
SPS: 1515
Epoch: 452, global_step=8118000
SPS: 1516
Epoch: 453, global_step=8136000
SPS: 1516
Epoch: 454, global_step=8154000
SPS: 1517
Epoch: 455, global_step=8172000
SPS: 1518
Epoch: 456, global_step=8190000
SPS: 1519
Epoch: 457, global_step=8208000
SPS: 1520
Epoch: 458, global_step=8226000
SPS: 1520
Epoch: 459, global_step=8244000
SPS: 1521
Epoch: 460, global_step=8262000
SPS: 1522
Epoch: 461, global_step=8280000
SPS: 1522
Epoch: 462, global_step=8298000
SPS: 1523
Epoch: 463, global_step=8316000
SPS: 1524
Epoch: 464, global_step=8334000
SPS: 1525
Epoch: 465, global_step=8352000
SPS: 1525
Epoch: 466, global_step=8370000
SPS: 1526
Epoch: 467, global_step=8388000
SPS: 1527
Epoch: 468, global_step=8406000
SPS: 1528
Epoch: 469, global_step=8424000
SPS: 1528
Epoch: 470, global_step=8442000
SPS: 1529
Epoch: 471, global_step=8460000
SPS: 1530
Epoch: 472, global_step=8478000
SPS: 1531
Epoch: 473, global_step=8496000
SPS: 1531
Epoch: 474, global_step=8514000
SPS: 1532
Epoch: 475, global_step=8532000
SPS: 1533
Epoch: 476, global_step=8550000
SPS: 1533
Epoch: 477, global_step=8568000
SPS: 1534
Epoch: 478, global_step=8586000
SPS: 1535
Epoch: 479, global_step=8604000
SPS: 1536
Epoch: 480, global_step=8622000
SPS: 1536
Epoch: 481, global_step=8640000
Evaluating
Evaluated 17280 steps resulting in 192 episodes
[32mEvaluation Metric: success_once[0m | [36mMean: 0.0052[0m
[32mEvaluation Metric: return[0m | [36mMean: 2.3472[0m
[32mEvaluation Metric: episode_len[0m | [36mMean: 90.0000[0m
[32mEvaluation Metric: reward[0m | [36mMean: 0.0261[0m
[32mEvaluation Metric: success_at_end[0m | [36mMean: 0.0000[0m
model saved to checkpoints/ppo_memtasks/rgb_joints/normalized_dense/InterceptGrabMedium-v0/ppo-nonbelief-42__42__rgb_joints__20260116_163921/20260116_163921/ckpt_15_481.pt
SPS: 1514
Epoch: 482, global_step=8658000
SPS: 1515
Epoch: 483, global_step=8676000
SPS: 1516
Epoch: 484, global_step=8694000
SPS: 1517
Epoch: 485, global_step=8712000
SPS: 1517
Epoch: 486, global_step=8730000
SPS: 1518
Epoch: 487, global_step=8748000
SPS: 1519
Epoch: 488, global_step=8766000
SPS: 1520
Epoch: 489, global_step=8784000
SPS: 1520
Epoch: 490, global_step=8802000
SPS: 1521
Epoch: 491, global_step=8820000
SPS: 1522
Epoch: 492, global_step=8838000
SPS: 1523
Epoch: 493, global_step=8856000
SPS: 1523
Epoch: 494, global_step=8874000
SPS: 1524
Epoch: 495, global_step=8892000
SPS: 1525
Epoch: 496, global_step=8910000
SPS: 1526
Epoch: 497, global_step=8928000
SPS: 1526
Epoch: 498, global_step=8946000
SPS: 1527
Epoch: 499, global_step=8964000
SPS: 1528
Epoch: 500, global_step=8982000
SPS: 1528
Epoch: 501, global_step=9000000
SPS: 1529
Epoch: 502, global_step=9018000
SPS: 1530
Epoch: 503, global_step=9036000
SPS: 1530
Epoch: 504, global_step=9054000
SPS: 1531
Epoch: 505, global_step=9072000
SPS: 1532
Epoch: 506, global_step=9090000
SPS: 1532
Epoch: 507, global_step=9108000
SPS: 1533
Epoch: 508, global_step=9126000
SPS: 1534
Epoch: 509, global_step=9144000
SPS: 1534
Epoch: 510, global_step=9162000
SPS: 1535
Epoch: 511, global_step=9180000
SPS: 1536
Epoch: 512, global_step=9198000
SPS: 1536
Epoch: 513, global_step=9216000
Evaluating
Evaluated 17280 steps resulting in 192 episodes
[32mEvaluation Metric: success_once[0m | [36mMean: 0.0052[0m
[32mEvaluation Metric: return[0m | [36mMean: 2.1911[0m
[32mEvaluation Metric: episode_len[0m | [36mMean: 90.0000[0m
[32mEvaluation Metric: reward[0m | [36mMean: 0.0243[0m
[32mEvaluation Metric: success_at_end[0m | [36mMean: 0.0000[0m
model saved to checkpoints/ppo_memtasks/rgb_joints/normalized_dense/InterceptGrabMedium-v0/ppo-nonbelief-42__42__rgb_joints__20260116_163921/20260116_163921/ckpt_16_513.pt
SPS: 1516
Epoch: 514, global_step=9234000
SPS: 1517
Epoch: 515, global_step=9252000
SPS: 1518
Epoch: 516, global_step=9270000
SPS: 1518
Epoch: 517, global_step=9288000
SPS: 1519
Epoch: 518, global_step=9306000
SPS: 1520
Epoch: 519, global_step=9324000
SPS: 1521
Epoch: 520, global_step=9342000
SPS: 1521
Epoch: 521, global_step=9360000
SPS: 1522
Epoch: 522, global_step=9378000
SPS: 1523
Epoch: 523, global_step=9396000
SPS: 1523
Epoch: 524, global_step=9414000
SPS: 1524
Epoch: 525, global_step=9432000
SPS: 1525
Epoch: 526, global_step=9450000
SPS: 1525
Epoch: 527, global_step=9468000
SPS: 1526
Epoch: 528, global_step=9486000
SPS: 1526
Epoch: 529, global_step=9504000
SPS: 1527
Epoch: 530, global_step=9522000
SPS: 1528
Epoch: 531, global_step=9540000
SPS: 1528
Epoch: 532, global_step=9558000
SPS: 1529
Epoch: 533, global_step=9576000
SPS: 1530
Epoch: 534, global_step=9594000
SPS: 1530
Epoch: 535, global_step=9612000
SPS: 1531
Epoch: 536, global_step=9630000
SPS: 1532
Epoch: 537, global_step=9648000
SPS: 1532
Epoch: 538, global_step=9666000
SPS: 1533
Epoch: 539, global_step=9684000
SPS: 1533
Epoch: 540, global_step=9702000
SPS: 1534
Epoch: 541, global_step=9720000
SPS: 1535
Epoch: 542, global_step=9738000
SPS: 1535
Epoch: 543, global_step=9756000
SPS: 1536
Epoch: 544, global_step=9774000
SPS: 1537
Epoch: 545, global_step=9792000
Evaluating
Evaluated 17280 steps resulting in 192 episodes
[32mEvaluation Metric: success_once[0m | [36mMean: 0.0000[0m
[32mEvaluation Metric: return[0m | [36mMean: 2.8010[0m
[32mEvaluation Metric: episode_len[0m | [36mMean: 90.0000[0m
[32mEvaluation Metric: reward[0m | [36mMean: 0.0311[0m
[32mEvaluation Metric: success_at_end[0m | [36mMean: 0.0000[0m
model saved to checkpoints/ppo_memtasks/rgb_joints/normalized_dense/InterceptGrabMedium-v0/ppo-nonbelief-42__42__rgb_joints__20260116_163921/20260116_163921/ckpt_17_545.pt
SPS: 1517
Epoch: 546, global_step=9810000
SPS: 1518
Epoch: 547, global_step=9828000
SPS: 1518
Epoch: 548, global_step=9846000
SPS: 1519
Epoch: 549, global_step=9864000
SPS: 1520
Epoch: 550, global_step=9882000
SPS: 1520
Epoch: 551, global_step=9900000
SPS: 1521
Epoch: 552, global_step=9918000
SPS: 1522
Epoch: 553, global_step=9936000
SPS: 1522
Epoch: 554, global_step=9954000
SPS: 1523
Epoch: 555, global_step=9972000
SPS: 1524
Epoch: 556, global_step=9990000
SPS: 1524
Epoch: 557, global_step=10008000
SPS: 1525
Epoch: 558, global_step=10026000
SPS: 1526
Epoch: 559, global_step=10044000
SPS: 1526
Epoch: 560, global_step=10062000
SPS: 1527
Epoch: 561, global_step=10080000
SPS: 1528
Epoch: 562, global_step=10098000
SPS: 1528
Epoch: 563, global_step=10116000
SPS: 1529
Epoch: 564, global_step=10134000
SPS: 1530
Epoch: 565, global_step=10152000
SPS: 1530
Epoch: 566, global_step=10170000
SPS: 1531
Epoch: 567, global_step=10188000
SPS: 1532
Epoch: 568, global_step=10206000
SPS: 1532
Epoch: 569, global_step=10224000
SPS: 1533
Epoch: 570, global_step=10242000
SPS: 1533
Epoch: 571, global_step=10260000
SPS: 1534
Epoch: 572, global_step=10278000
SPS: 1535
Epoch: 573, global_step=10296000
SPS: 1535
Epoch: 574, global_step=10314000
SPS: 1536
Epoch: 575, global_step=10332000
SPS: 1536
Epoch: 576, global_step=10350000
SPS: 1537
model saved to checkpoints/ppo_memtasks/rgb_joints/normalized_dense/InterceptGrabMedium-v0/ppo-nonbelief-42__42__rgb_joints__20260116_163921/20260116_163921/final_ckpt.pt
Running InterceptGrab-Medium, seed 33

===========================================================================
║                        Environment Configuration                        ║
===========================================================================
║ Environment ID: InterceptGrabMedium-v0                                  ║
║ Oracle Info:    None                                                    ║
║ Wrappers:                                                               ║
║    ├─ InitialZeroActionWrapper                                         ║
║    │  └─ {'n_initial_steps': 0}                                           ║
║    ├─ RenderStepInfoWrapper                                            ║
║    ├─ RenderRewardInfoWrapper                                          ║
║    ├─ DebugRewardWrapper                                               ║
║-------------------------------------------------------------------------║
║ include_state:       False │ state will not be used                ║
║ include_rgb:         True  │ rgb images will be used               ║
║ include_oracle:      False │ oracle info will not be used          ║
║ include_joints:      True  │ joints will be used                   ║
===========================================================================

MODE='rgb_joints'
prompt_info=None
Saving eval videos to checkpoints/ppo_memtasks/rgb_joints/normalized_dense/InterceptGrabMedium-v0/ppo-nonbelief-33__33__rgb_joints__20260116_183155/20260116_183155/videos
======================================================================
Max Episode Steps: 90
======================================================================

Running training

####
args.num_iterations=576 args.num_envs=200 args.num_eval_envs=16
args.minibatch_size=562 args.batch_size=18000 args.update_epochs=4
####

sample_obs.keys()=dict_keys(['joints', 'rgb'])
joints: torch.Size([200, 25])
rgb: torch.Size([200, 128, 128, 3])


Epoch: 1, global_step=0
Evaluating
Evaluated 17280 steps resulting in 192 episodes
[32mEvaluation Metric: success_once[0m | [36mMean: 0.0000[0m
[32mEvaluation Metric: return[0m | [36mMean: 0.2728[0m
[32mEvaluation Metric: episode_len[0m | [36mMean: 90.0000[0m
[32mEvaluation Metric: reward[0m | [36mMean: 0.0030[0m
[32mEvaluation Metric: success_at_end[0m | [36mMean: 0.0000[0m
model saved to checkpoints/ppo_memtasks/rgb_joints/normalized_dense/InterceptGrabMedium-v0/ppo-nonbelief-33__33__rgb_joints__20260116_183155/20260116_183155/ckpt_0_1.pt
SPS: 221
Epoch: 2, global_step=18000
SPS: 405
Epoch: 3, global_step=36000
SPS: 558
Epoch: 4, global_step=54000
SPS: 688
Epoch: 5, global_step=72000
SPS: 798
Epoch: 6, global_step=90000
SPS: 892
Epoch: 7, global_step=108000
SPS: 970
Epoch: 8, global_step=126000
SPS: 1041
Epoch: 9, global_step=144000
SPS: 1104
Epoch: 10, global_step=162000
SPS: 1156
Epoch: 11, global_step=180000
SPS: 1207
Epoch: 12, global_step=198000
SPS: 1253
Epoch: 13, global_step=216000
SPS: 1295
Epoch: 14, global_step=234000
SPS: 1334
Epoch: 15, global_step=252000
SPS: 1369
Epoch: 16, global_step=270000
SPS: 1399
Epoch: 17, global_step=288000
SPS: 1428
Epoch: 18, global_step=306000
SPS: 1455
Epoch: 19, global_step=324000
SPS: 1481
Epoch: 20, global_step=342000
SPS: 1504
Epoch: 21, global_step=360000
SPS: 1525
Epoch: 22, global_step=378000
SPS: 1544
Epoch: 23, global_step=396000
SPS: 1562
Epoch: 24, global_step=414000
SPS: 1578
Epoch: 25, global_step=432000
SPS: 1594
Epoch: 26, global_step=450000
SPS: 1611
Epoch: 27, global_step=468000
SPS: 1624
Epoch: 28, global_step=486000
SPS: 1639
Epoch: 29, global_step=504000
SPS: 1652
Epoch: 30, global_step=522000
SPS: 1663
Epoch: 31, global_step=540000
SPS: 1673
Epoch: 32, global_step=558000
SPS: 1685
Epoch: 33, global_step=576000
Evaluating
Evaluated 17280 steps resulting in 192 episodes
[32mEvaluation Metric: success_once[0m | [36mMean: 0.0000[0m
[32mEvaluation Metric: return[0m | [36mMean: 1.0300[0m
[32mEvaluation Metric: episode_len[0m | [36mMean: 90.0000[0m
[32mEvaluation Metric: reward[0m | [36mMean: 0.0114[0m
[32mEvaluation Metric: success_at_end[0m | [36mMean: 0.0000[0m
model saved to checkpoints/ppo_memtasks/rgb_joints/normalized_dense/InterceptGrabMedium-v0/ppo-nonbelief-33__33__rgb_joints__20260116_183155/20260116_183155/ckpt_1_33.pt
SPS: 1378
Epoch: 34, global_step=594000
SPS: 1392
Epoch: 35, global_step=612000
SPS: 1406
Epoch: 36, global_step=630000
SPS: 1419
Epoch: 37, global_step=648000
SPS: 1430
Epoch: 38, global_step=666000
SPS: 1442
Epoch: 39, global_step=684000
SPS: 1453
Epoch: 40, global_step=702000
SPS: 1464
Epoch: 41, global_step=720000
SPS: 1475
Epoch: 42, global_step=738000
SPS: 1485
Epoch: 43, global_step=756000
SPS: 1495
Epoch: 44, global_step=774000
SPS: 1504
Epoch: 45, global_step=792000
SPS: 1511
Epoch: 46, global_step=810000
SPS: 1518
Epoch: 47, global_step=828000
SPS: 1526
Epoch: 48, global_step=846000
SPS: 1534
Epoch: 49, global_step=864000
SPS: 1542
Epoch: 50, global_step=882000
SPS: 1549
Epoch: 51, global_step=900000
SPS: 1557
Epoch: 52, global_step=918000
SPS: 1564
Epoch: 53, global_step=936000
SPS: 1570
Epoch: 54, global_step=954000
SPS: 1577
Epoch: 55, global_step=972000
SPS: 1583
Epoch: 56, global_step=990000
SPS: 1589
Epoch: 57, global_step=1008000
SPS: 1595
Epoch: 58, global_step=1026000
SPS: 1600
Epoch: 59, global_step=1044000
SPS: 1606
Epoch: 60, global_step=1062000
SPS: 1611
Epoch: 61, global_step=1080000
SPS: 1616
Epoch: 62, global_step=1098000
SPS: 1621
Epoch: 63, global_step=1116000
SPS: 1627
Epoch: 64, global_step=1134000
SPS: 1632
Epoch: 65, global_step=1152000
Evaluating
Evaluated 17280 steps resulting in 192 episodes
[32mEvaluation Metric: success_once[0m | [36mMean: 0.0000[0m
[32mEvaluation Metric: return[0m | [36mMean: 1.9263[0m
[32mEvaluation Metric: episode_len[0m | [36mMean: 90.0000[0m
[32mEvaluation Metric: reward[0m | [36mMean: 0.0214[0m
[32mEvaluation Metric: success_at_end[0m | [36mMean: 0.0000[0m
model saved to checkpoints/ppo_memtasks/rgb_joints/normalized_dense/InterceptGrabMedium-v0/ppo-nonbelief-33__33__rgb_joints__20260116_183155/20260116_183155/ckpt_2_65.pt
SPS: 1466
Epoch: 66, global_step=1170000
SPS: 1473
Epoch: 67, global_step=1188000
SPS: 1479
Epoch: 68, global_step=1206000
SPS: 1484
Epoch: 69, global_step=1224000
SPS: 1489
Epoch: 70, global_step=1242000
SPS: 1494
Epoch: 71, global_step=1260000
SPS: 1499
Epoch: 72, global_step=1278000
SPS: 1504
Epoch: 73, global_step=1296000
SPS: 1508
Epoch: 74, global_step=1314000
SPS: 1512
Epoch: 75, global_step=1332000
SPS: 1517
Epoch: 76, global_step=1350000
SPS: 1521
Epoch: 77, global_step=1368000
SPS: 1525
Epoch: 78, global_step=1386000
SPS: 1529
Epoch: 79, global_step=1404000
SPS: 1533
Epoch: 80, global_step=1422000
SPS: 1537
Epoch: 81, global_step=1440000
SPS: 1541
Epoch: 82, global_step=1458000
SPS: 1545
Epoch: 83, global_step=1476000
SPS: 1548
Epoch: 84, global_step=1494000
SPS: 1552
Epoch: 85, global_step=1512000
SPS: 1557
Epoch: 86, global_step=1530000
SPS: 1560
Epoch: 87, global_step=1548000
SPS: 1564
Epoch: 88, global_step=1566000
SPS: 1567
Epoch: 89, global_step=1584000
SPS: 1570
Epoch: 90, global_step=1602000
SPS: 1574
Epoch: 91, global_step=1620000
SPS: 1578
Epoch: 92, global_step=1638000
SPS: 1581
Epoch: 93, global_step=1656000
SPS: 1584
Epoch: 94, global_step=1674000
SPS: 1587
Epoch: 95, global_step=1692000
SPS: 1590
Epoch: 96, global_step=1710000
SPS: 1593
Epoch: 97, global_step=1728000
Evaluating
Evaluated 17280 steps resulting in 192 episodes
[32mEvaluation Metric: success_once[0m | [36mMean: 0.0000[0m
[32mEvaluation Metric: return[0m | [36mMean: 1.8246[0m
[32mEvaluation Metric: episode_len[0m | [36mMean: 90.0000[0m
[32mEvaluation Metric: reward[0m | [36mMean: 0.0203[0m
[32mEvaluation Metric: success_at_end[0m | [36mMean: 0.0000[0m
model saved to checkpoints/ppo_memtasks/rgb_joints/normalized_dense/InterceptGrabMedium-v0/ppo-nonbelief-33__33__rgb_joints__20260116_183155/20260116_183155/ckpt_3_97.pt
SPS: 1483
Epoch: 98, global_step=1746000
SPS: 1487
Epoch: 99, global_step=1764000
SPS: 1491
Epoch: 100, global_step=1782000
SPS: 1495
Epoch: 101, global_step=1800000
SPS: 1500
Epoch: 102, global_step=1818000
SPS: 1504
Epoch: 103, global_step=1836000
SPS: 1508
Epoch: 104, global_step=1854000
SPS: 1511
Epoch: 105, global_step=1872000
SPS: 1515
Epoch: 106, global_step=1890000
SPS: 1518
Epoch: 107, global_step=1908000
SPS: 1521
Epoch: 108, global_step=1926000
SPS: 1525
Epoch: 109, global_step=1944000
SPS: 1529
Epoch: 110, global_step=1962000
SPS: 1532
Epoch: 111, global_step=1980000
SPS: 1535
Epoch: 112, global_step=1998000
SPS: 1539
Epoch: 113, global_step=2016000
SPS: 1542
Epoch: 114, global_step=2034000
SPS: 1545
Epoch: 115, global_step=2052000
SPS: 1549
Epoch: 116, global_step=2070000
SPS: 1552
Epoch: 117, global_step=2088000
SPS: 1555
Epoch: 118, global_step=2106000
SPS: 1558
Epoch: 119, global_step=2124000
SPS: 1561
Epoch: 120, global_step=2142000
SPS: 1564
Epoch: 121, global_step=2160000
SPS: 1567
Epoch: 122, global_step=2178000
SPS: 1570
Epoch: 123, global_step=2196000
SPS: 1573
Epoch: 124, global_step=2214000
SPS: 1575
Epoch: 125, global_step=2232000
SPS: 1578
Epoch: 126, global_step=2250000
SPS: 1581
Epoch: 127, global_step=2268000
SPS: 1583
Epoch: 128, global_step=2286000
SPS: 1586
Epoch: 129, global_step=2304000
Evaluating
Evaluated 17280 steps resulting in 192 episodes
[32mEvaluation Metric: success_once[0m | [36mMean: 0.0000[0m
[32mEvaluation Metric: return[0m | [36mMean: 1.9221[0m
[32mEvaluation Metric: episode_len[0m | [36mMean: 90.0000[0m
[32mEvaluation Metric: reward[0m | [36mMean: 0.0214[0m
[32mEvaluation Metric: success_at_end[0m | [36mMean: 0.0000[0m
model saved to checkpoints/ppo_memtasks/rgb_joints/normalized_dense/InterceptGrabMedium-v0/ppo-nonbelief-33__33__rgb_joints__20260116_183155/20260116_183155/ckpt_4_129.pt
SPS: 1502
Epoch: 130, global_step=2322000
SPS: 1505
Epoch: 131, global_step=2340000
SPS: 1508
Epoch: 132, global_step=2358000
SPS: 1511
Epoch: 133, global_step=2376000
SPS: 1514
Epoch: 134, global_step=2394000
SPS: 1517
Epoch: 135, global_step=2412000
SPS: 1520
Epoch: 136, global_step=2430000
SPS: 1522
Epoch: 137, global_step=2448000
SPS: 1525
Epoch: 138, global_step=2466000
SPS: 1527
Epoch: 139, global_step=2484000
SPS: 1530
Epoch: 140, global_step=2502000
SPS: 1533
Epoch: 141, global_step=2520000
SPS: 1535
Epoch: 142, global_step=2538000
SPS: 1538
Epoch: 143, global_step=2556000
SPS: 1540
Epoch: 144, global_step=2574000
SPS: 1542
Epoch: 145, global_step=2592000
SPS: 1545
Epoch: 146, global_step=2610000
SPS: 1547
Epoch: 147, global_step=2628000
SPS: 1550
Epoch: 148, global_step=2646000
SPS: 1552
Epoch: 149, global_step=2664000
SPS: 1554
Epoch: 150, global_step=2682000
SPS: 1557
Epoch: 151, global_step=2700000
SPS: 1559
Epoch: 152, global_step=2718000
SPS: 1561
Epoch: 153, global_step=2736000
SPS: 1563
Epoch: 154, global_step=2754000
SPS: 1565
Epoch: 155, global_step=2772000
SPS: 1567
Epoch: 156, global_step=2790000
SPS: 1569
Epoch: 157, global_step=2808000
SPS: 1572
Epoch: 158, global_step=2826000
SPS: 1574
Epoch: 159, global_step=2844000
SPS: 1576
Epoch: 160, global_step=2862000
SPS: 1578
Epoch: 161, global_step=2880000
Evaluating
Evaluated 17280 steps resulting in 192 episodes
[32mEvaluation Metric: success_once[0m | [36mMean: 0.0000[0m
[32mEvaluation Metric: return[0m | [36mMean: 1.5312[0m
[32mEvaluation Metric: episode_len[0m | [36mMean: 90.0000[0m
[32mEvaluation Metric: reward[0m | [36mMean: 0.0170[0m
[32mEvaluation Metric: success_at_end[0m | [36mMean: 0.0000[0m
model saved to checkpoints/ppo_memtasks/rgb_joints/normalized_dense/InterceptGrabMedium-v0/ppo-nonbelief-33__33__rgb_joints__20260116_183155/20260116_183155/ckpt_5_161.pt
SPS: 1513
Epoch: 162, global_step=2898000
SPS: 1515
Epoch: 163, global_step=2916000
SPS: 1517
Epoch: 164, global_step=2934000
SPS: 1519
Epoch: 165, global_step=2952000
SPS: 1521
Epoch: 166, global_step=2970000
SPS: 1523
Epoch: 167, global_step=2988000
SPS: 1525
Epoch: 168, global_step=3006000
SPS: 1527
Epoch: 169, global_step=3024000
SPS: 1530
Epoch: 170, global_step=3042000
SPS: 1532
Epoch: 171, global_step=3060000
SPS: 1534
Epoch: 172, global_step=3078000
SPS: 1536
Epoch: 173, global_step=3096000
SPS: 1538
Epoch: 174, global_step=3114000
SPS: 1540
Epoch: 175, global_step=3132000
SPS: 1542
Epoch: 176, global_step=3150000
SPS: 1545
Epoch: 177, global_step=3168000
SPS: 1547
Epoch: 178, global_step=3186000
SPS: 1549
Epoch: 179, global_step=3204000
SPS: 1551
Epoch: 180, global_step=3222000
SPS: 1553
Epoch: 181, global_step=3240000
SPS: 1555
Epoch: 182, global_step=3258000
SPS: 1557
Epoch: 183, global_step=3276000
SPS: 1558
Epoch: 184, global_step=3294000
SPS: 1561
Epoch: 185, global_step=3312000
SPS: 1563
Epoch: 186, global_step=3330000
SPS: 1564
Epoch: 187, global_step=3348000
SPS: 1566
Epoch: 188, global_step=3366000
SPS: 1568
Epoch: 189, global_step=3384000
SPS: 1569
Epoch: 190, global_step=3402000
SPS: 1571
Epoch: 191, global_step=3420000
SPS: 1573
Epoch: 192, global_step=3438000
SPS: 1575
Epoch: 193, global_step=3456000
Evaluating
Evaluated 17280 steps resulting in 192 episodes
[32mEvaluation Metric: success_once[0m | [36mMean: 0.0000[0m
[32mEvaluation Metric: return[0m | [36mMean: 1.4860[0m
[32mEvaluation Metric: episode_len[0m | [36mMean: 90.0000[0m
[32mEvaluation Metric: reward[0m | [36mMean: 0.0165[0m
[32mEvaluation Metric: success_at_end[0m | [36mMean: 0.0000[0m
model saved to checkpoints/ppo_memtasks/rgb_joints/normalized_dense/InterceptGrabMedium-v0/ppo-nonbelief-33__33__rgb_joints__20260116_183155/20260116_183155/ckpt_6_193.pt
SPS: 1518
Epoch: 194, global_step=3474000
SPS: 1520
Epoch: 195, global_step=3492000
SPS: 1522
Epoch: 196, global_step=3510000
SPS: 1524
Epoch: 197, global_step=3528000
SPS: 1526
Epoch: 198, global_step=3546000
SPS: 1528
Epoch: 199, global_step=3564000
SPS: 1529
Epoch: 200, global_step=3582000
SPS: 1531
Epoch: 201, global_step=3600000
SPS: 1533
Epoch: 202, global_step=3618000
SPS: 1534
Epoch: 203, global_step=3636000
SPS: 1536
Epoch: 204, global_step=3654000
SPS: 1538
Epoch: 205, global_step=3672000
SPS: 1539
Epoch: 206, global_step=3690000
SPS: 1541
Epoch: 207, global_step=3708000
SPS: 1543
Epoch: 208, global_step=3726000
SPS: 1545
Epoch: 209, global_step=3744000
SPS: 1546
Epoch: 210, global_step=3762000
SPS: 1548
Epoch: 211, global_step=3780000
SPS: 1549
Epoch: 212, global_step=3798000
SPS: 1551
Epoch: 213, global_step=3816000
SPS: 1552
Epoch: 214, global_step=3834000
SPS: 1554
Epoch: 215, global_step=3852000
SPS: 1556
Epoch: 216, global_step=3870000
SPS: 1557
Epoch: 217, global_step=3888000
SPS: 1559
Epoch: 218, global_step=3906000
SPS: 1561
Epoch: 219, global_step=3924000
SPS: 1562
Epoch: 220, global_step=3942000
SPS: 1564
Epoch: 221, global_step=3960000
SPS: 1565
Epoch: 222, global_step=3978000
SPS: 1567
Epoch: 223, global_step=3996000
SPS: 1569
Epoch: 224, global_step=4014000
SPS: 1570
Epoch: 225, global_step=4032000
Evaluating
Evaluated 17280 steps resulting in 192 episodes
[32mEvaluation Metric: success_once[0m | [36mMean: 0.0000[0m
[32mEvaluation Metric: return[0m | [36mMean: 1.6370[0m
[32mEvaluation Metric: episode_len[0m | [36mMean: 90.0000[0m
[32mEvaluation Metric: reward[0m | [36mMean: 0.0182[0m
[32mEvaluation Metric: success_at_end[0m | [36mMean: 0.0000[0m
model saved to checkpoints/ppo_memtasks/rgb_joints/normalized_dense/InterceptGrabMedium-v0/ppo-nonbelief-33__33__rgb_joints__20260116_183155/20260116_183155/ckpt_7_225.pt
SPS: 1524
Epoch: 226, global_step=4050000
SPS: 1526
Epoch: 227, global_step=4068000
SPS: 1527
Epoch: 228, global_step=4086000
SPS: 1528
Epoch: 229, global_step=4104000
SPS: 1530
Epoch: 230, global_step=4122000
SPS: 1531
Epoch: 231, global_step=4140000
SPS: 1533
Epoch: 232, global_step=4158000
SPS: 1534
Epoch: 233, global_step=4176000
SPS: 1536
Epoch: 234, global_step=4194000
SPS: 1538
Epoch: 235, global_step=4212000
SPS: 1539
Epoch: 236, global_step=4230000
SPS: 1541
Epoch: 237, global_step=4248000
SPS: 1542
Epoch: 238, global_step=4266000
SPS: 1543
Epoch: 239, global_step=4284000
SPS: 1545
Epoch: 240, global_step=4302000
SPS: 1546
Epoch: 241, global_step=4320000
SPS: 1548
Epoch: 242, global_step=4338000
SPS: 1549
Epoch: 243, global_step=4356000
SPS: 1551
Epoch: 244, global_step=4374000
SPS: 1552
Epoch: 245, global_step=4392000
SPS: 1554
Epoch: 246, global_step=4410000
SPS: 1555
Epoch: 247, global_step=4428000
SPS: 1556
Epoch: 248, global_step=4446000
SPS: 1558
Epoch: 249, global_step=4464000
SPS: 1559
Epoch: 250, global_step=4482000
SPS: 1560
Epoch: 251, global_step=4500000
SPS: 1561
Epoch: 252, global_step=4518000
SPS: 1563
Epoch: 253, global_step=4536000
SPS: 1564
Epoch: 254, global_step=4554000
SPS: 1566
Epoch: 255, global_step=4572000
SPS: 1567
Epoch: 256, global_step=4590000
SPS: 1568
Epoch: 257, global_step=4608000
Evaluating
Evaluated 17280 steps resulting in 192 episodes
[32mEvaluation Metric: success_once[0m | [36mMean: 0.0000[0m
[32mEvaluation Metric: return[0m | [36mMean: 1.8222[0m
[32mEvaluation Metric: episode_len[0m | [36mMean: 90.0000[0m
[32mEvaluation Metric: reward[0m | [36mMean: 0.0202[0m
[32mEvaluation Metric: success_at_end[0m | [36mMean: 0.0000[0m
model saved to checkpoints/ppo_memtasks/rgb_joints/normalized_dense/InterceptGrabMedium-v0/ppo-nonbelief-33__33__rgb_joints__20260116_183155/20260116_183155/ckpt_8_257.pt
SPS: 1522
Epoch: 258, global_step=4626000
SPS: 1524
Epoch: 259, global_step=4644000
SPS: 1525
Epoch: 260, global_step=4662000
SPS: 1527
Epoch: 261, global_step=4680000
SPS: 1528
Epoch: 262, global_step=4698000
SPS: 1530
Epoch: 263, global_step=4716000
SPS: 1531
Epoch: 264, global_step=4734000
SPS: 1532
Epoch: 265, global_step=4752000
SPS: 1534
Epoch: 266, global_step=4770000
SPS: 1535
Epoch: 267, global_step=4788000
SPS: 1536
Epoch: 268, global_step=4806000
SPS: 1538
Epoch: 269, global_step=4824000
SPS: 1539
Epoch: 270, global_step=4842000
SPS: 1540
Epoch: 271, global_step=4860000
SPS: 1542
Epoch: 272, global_step=4878000
SPS: 1543
Epoch: 273, global_step=4896000
SPS: 1544
Epoch: 274, global_step=4914000
SPS: 1545
Epoch: 275, global_step=4932000
SPS: 1546
Epoch: 276, global_step=4950000
SPS: 1547
Epoch: 277, global_step=4968000
SPS: 1548
Epoch: 278, global_step=4986000
SPS: 1550
Epoch: 279, global_step=5004000
SPS: 1551
Epoch: 280, global_step=5022000
SPS: 1552
Epoch: 281, global_step=5040000
SPS: 1553
Epoch: 282, global_step=5058000
SPS: 1554
Epoch: 283, global_step=5076000
SPS: 1555
Epoch: 284, global_step=5094000
SPS: 1556
Epoch: 285, global_step=5112000
SPS: 1557
Epoch: 286, global_step=5130000
SPS: 1559
Epoch: 287, global_step=5148000
SPS: 1560
Epoch: 288, global_step=5166000
SPS: 1561
Epoch: 289, global_step=5184000
Evaluating
Evaluated 17280 steps resulting in 192 episodes
[32mEvaluation Metric: success_once[0m | [36mMean: 0.0000[0m
[32mEvaluation Metric: return[0m | [36mMean: 1.6225[0m
[32mEvaluation Metric: episode_len[0m | [36mMean: 90.0000[0m
[32mEvaluation Metric: reward[0m | [36mMean: 0.0180[0m
[32mEvaluation Metric: success_at_end[0m | [36mMean: 0.0000[0m
model saved to checkpoints/ppo_memtasks/rgb_joints/normalized_dense/InterceptGrabMedium-v0/ppo-nonbelief-33__33__rgb_joints__20260116_183155/20260116_183155/ckpt_9_289.pt
SPS: 1520
Epoch: 290, global_step=5202000
SPS: 1522
Epoch: 291, global_step=5220000
SPS: 1523
Epoch: 292, global_step=5238000
SPS: 1525
Epoch: 293, global_step=5256000
SPS: 1526
Epoch: 294, global_step=5274000
SPS: 1527
Epoch: 295, global_step=5292000
SPS: 1529
Epoch: 296, global_step=5310000
SPS: 1530
Epoch: 297, global_step=5328000
SPS: 1531
Epoch: 298, global_step=5346000
SPS: 1532
Epoch: 299, global_step=5364000
SPS: 1534
Epoch: 300, global_step=5382000
SPS: 1535
Epoch: 301, global_step=5400000
SPS: 1536
Epoch: 302, global_step=5418000
SPS: 1537
Epoch: 303, global_step=5436000
SPS: 1538
Epoch: 304, global_step=5454000
SPS: 1539
Epoch: 305, global_step=5472000
SPS: 1540
Epoch: 306, global_step=5490000
SPS: 1541
Epoch: 307, global_step=5508000
SPS: 1542
Epoch: 308, global_step=5526000
SPS: 1543
Epoch: 309, global_step=5544000
SPS: 1544
Epoch: 310, global_step=5562000
SPS: 1545
Epoch: 311, global_step=5580000
SPS: 1546
Epoch: 312, global_step=5598000
SPS: 1547
Epoch: 313, global_step=5616000
SPS: 1548
Epoch: 314, global_step=5634000
SPS: 1549
Epoch: 315, global_step=5652000
SPS: 1550
Epoch: 316, global_step=5670000
SPS: 1551
Epoch: 317, global_step=5688000
SPS: 1552
Epoch: 318, global_step=5706000
SPS: 1553
Epoch: 319, global_step=5724000
SPS: 1554
Epoch: 320, global_step=5742000
SPS: 1555
Epoch: 321, global_step=5760000
Evaluating
Evaluated 17280 steps resulting in 192 episodes
[32mEvaluation Metric: success_once[0m | [36mMean: 0.0000[0m
[32mEvaluation Metric: return[0m | [36mMean: 2.1041[0m
[32mEvaluation Metric: episode_len[0m | [36mMean: 90.0000[0m
[32mEvaluation Metric: reward[0m | [36mMean: 0.0234[0m
[32mEvaluation Metric: success_at_end[0m | [36mMean: 0.0000[0m
model saved to checkpoints/ppo_memtasks/rgb_joints/normalized_dense/InterceptGrabMedium-v0/ppo-nonbelief-33__33__rgb_joints__20260116_183155/20260116_183155/ckpt_10_321.pt
SPS: 1523
Epoch: 322, global_step=5778000
SPS: 1524
Epoch: 323, global_step=5796000
SPS: 1525
Epoch: 324, global_step=5814000
SPS: 1527
Epoch: 325, global_step=5832000
SPS: 1528
Epoch: 326, global_step=5850000
SPS: 1529
Epoch: 327, global_step=5868000
SPS: 1530
Epoch: 328, global_step=5886000
SPS: 1531
Epoch: 329, global_step=5904000
SPS: 1532
Epoch: 330, global_step=5922000
SPS: 1533
Epoch: 331, global_step=5940000
SPS: 1534
Epoch: 332, global_step=5958000
SPS: 1535
Epoch: 333, global_step=5976000
SPS: 1536
Epoch: 334, global_step=5994000
SPS: 1538
Epoch: 335, global_step=6012000
SPS: 1539
Epoch: 336, global_step=6030000
SPS: 1539
Epoch: 337, global_step=6048000
SPS: 1541
Epoch: 338, global_step=6066000
SPS: 1542
Epoch: 339, global_step=6084000
SPS: 1543
Epoch: 340, global_step=6102000
SPS: 1544
Epoch: 341, global_step=6120000
SPS: 1545
Epoch: 342, global_step=6138000
SPS: 1545
Epoch: 343, global_step=6156000
SPS: 1546
Epoch: 344, global_step=6174000
SPS: 1547
Epoch: 345, global_step=6192000
SPS: 1548
Epoch: 346, global_step=6210000
SPS: 1549
Epoch: 347, global_step=6228000
SPS: 1550
Epoch: 348, global_step=6246000
SPS: 1551
Epoch: 349, global_step=6264000
SPS: 1552
Epoch: 350, global_step=6282000
SPS: 1553
Epoch: 351, global_step=6300000
SPS: 1554
Epoch: 352, global_step=6318000
SPS: 1555
Epoch: 353, global_step=6336000
Evaluating
Evaluated 17280 steps resulting in 192 episodes
[32mEvaluation Metric: success_once[0m | [36mMean: 0.0000[0m
[32mEvaluation Metric: return[0m | [36mMean: 3.4523[0m
[32mEvaluation Metric: episode_len[0m | [36mMean: 90.0000[0m
[32mEvaluation Metric: reward[0m | [36mMean: 0.0384[0m
[32mEvaluation Metric: success_at_end[0m | [36mMean: 0.0000[0m
model saved to checkpoints/ppo_memtasks/rgb_joints/normalized_dense/InterceptGrabMedium-v0/ppo-nonbelief-33__33__rgb_joints__20260116_183155/20260116_183155/ckpt_11_353.pt
SPS: 1515
Epoch: 354, global_step=6354000
SPS: 1516
Epoch: 355, global_step=6372000
SPS: 1517
Epoch: 356, global_step=6390000
SPS: 1518
Epoch: 357, global_step=6408000
SPS: 1519
Epoch: 358, global_step=6426000
SPS: 1520
Epoch: 359, global_step=6444000
SPS: 1521
Epoch: 360, global_step=6462000
SPS: 1522
Epoch: 361, global_step=6480000
SPS: 1523
Epoch: 362, global_step=6498000
SPS: 1524
Epoch: 363, global_step=6516000
SPS: 1524
Epoch: 364, global_step=6534000
SPS: 1525
Epoch: 365, global_step=6552000
SPS: 1526
Epoch: 366, global_step=6570000
SPS: 1526
Epoch: 367, global_step=6588000
SPS: 1528
Epoch: 368, global_step=6606000
SPS: 1529
Epoch: 369, global_step=6624000
SPS: 1530
Epoch: 370, global_step=6642000
SPS: 1531
Epoch: 371, global_step=6660000
SPS: 1532
Epoch: 372, global_step=6678000
SPS: 1533
Epoch: 373, global_step=6696000
SPS: 1534
Epoch: 374, global_step=6714000
SPS: 1535
Epoch: 375, global_step=6732000
SPS: 1536
Epoch: 376, global_step=6750000
SPS: 1537
Epoch: 377, global_step=6768000
SPS: 1538
Epoch: 378, global_step=6786000
SPS: 1539
Epoch: 379, global_step=6804000
SPS: 1540
Epoch: 380, global_step=6822000
SPS: 1541
Epoch: 381, global_step=6840000
SPS: 1542
Epoch: 382, global_step=6858000
SPS: 1543
Epoch: 383, global_step=6876000
SPS: 1544
Epoch: 384, global_step=6894000
SPS: 1545
Epoch: 385, global_step=6912000
Evaluating
Evaluated 17280 steps resulting in 192 episodes
[32mEvaluation Metric: success_once[0m | [36mMean: 0.0000[0m
[32mEvaluation Metric: return[0m | [36mMean: 2.5288[0m
[32mEvaluation Metric: episode_len[0m | [36mMean: 90.0000[0m
[32mEvaluation Metric: reward[0m | [36mMean: 0.0281[0m
[32mEvaluation Metric: success_at_end[0m | [36mMean: 0.0000[0m
model saved to checkpoints/ppo_memtasks/rgb_joints/normalized_dense/InterceptGrabMedium-v0/ppo-nonbelief-33__33__rgb_joints__20260116_183155/20260116_183155/ckpt_12_385.pt
SPS: 1514
Epoch: 386, global_step=6930000
SPS: 1515
Epoch: 387, global_step=6948000
SPS: 1516
Epoch: 388, global_step=6966000
SPS: 1516
Epoch: 389, global_step=6984000
SPS: 1517
Epoch: 390, global_step=7002000
SPS: 1518
Epoch: 391, global_step=7020000
SPS: 1519
Epoch: 392, global_step=7038000
SPS: 1520
Epoch: 393, global_step=7056000
SPS: 1521
Epoch: 394, global_step=7074000
SPS: 1521
Epoch: 395, global_step=7092000
SPS: 1522
Epoch: 396, global_step=7110000
SPS: 1523
Epoch: 397, global_step=7128000
SPS: 1523
Epoch: 398, global_step=7146000
SPS: 1524
Epoch: 399, global_step=7164000
SPS: 1525
Epoch: 400, global_step=7182000
SPS: 1526
Epoch: 401, global_step=7200000
SPS: 1527
Epoch: 402, global_step=7218000
SPS: 1527
Epoch: 403, global_step=7236000
SPS: 1528
Epoch: 404, global_step=7254000
SPS: 1529
Epoch: 405, global_step=7272000
SPS: 1530
Epoch: 406, global_step=7290000
SPS: 1531
Epoch: 407, global_step=7308000
SPS: 1532
Epoch: 408, global_step=7326000
SPS: 1533
Epoch: 409, global_step=7344000
SPS: 1534
Epoch: 410, global_step=7362000
SPS: 1535
Epoch: 411, global_step=7380000
SPS: 1535
Epoch: 412, global_step=7398000
SPS: 1536
Epoch: 413, global_step=7416000
SPS: 1537
Epoch: 414, global_step=7434000
SPS: 1537
Epoch: 415, global_step=7452000
SPS: 1538
Epoch: 416, global_step=7470000
SPS: 1539
Epoch: 417, global_step=7488000
Evaluating
Evaluated 17280 steps resulting in 192 episodes
[32mEvaluation Metric: success_once[0m | [36mMean: 0.0000[0m
[32mEvaluation Metric: return[0m | [36mMean: 3.0518[0m
[32mEvaluation Metric: episode_len[0m | [36mMean: 90.0000[0m
[32mEvaluation Metric: reward[0m | [36mMean: 0.0339[0m
[32mEvaluation Metric: success_at_end[0m | [36mMean: 0.0000[0m
model saved to checkpoints/ppo_memtasks/rgb_joints/normalized_dense/InterceptGrabMedium-v0/ppo-nonbelief-33__33__rgb_joints__20260116_183155/20260116_183155/ckpt_13_417.pt
SPS: 1509
Epoch: 418, global_step=7506000
SPS: 1510
Epoch: 419, global_step=7524000
SPS: 1511
Epoch: 420, global_step=7542000
SPS: 1512
Epoch: 421, global_step=7560000
SPS: 1512
Epoch: 422, global_step=7578000
SPS: 1513
Epoch: 423, global_step=7596000
SPS: 1514
Epoch: 424, global_step=7614000
SPS: 1514
Epoch: 425, global_step=7632000
SPS: 1515
Epoch: 426, global_step=7650000
SPS: 1516
Epoch: 427, global_step=7668000
SPS: 1516
Epoch: 428, global_step=7686000
SPS: 1517
Epoch: 429, global_step=7704000
SPS: 1518
Epoch: 430, global_step=7722000
SPS: 1519
Epoch: 431, global_step=7740000
SPS: 1520
Epoch: 432, global_step=7758000
SPS: 1520
Epoch: 433, global_step=7776000
SPS: 1521
Epoch: 434, global_step=7794000
SPS: 1522
Epoch: 435, global_step=7812000
SPS: 1523
Epoch: 436, global_step=7830000
SPS: 1523
Epoch: 437, global_step=7848000
SPS: 1524
Epoch: 438, global_step=7866000
SPS: 1525
Epoch: 439, global_step=7884000
SPS: 1526
Epoch: 440, global_step=7902000
SPS: 1526
Epoch: 441, global_step=7920000
SPS: 1527
Epoch: 442, global_step=7938000
SPS: 1528
Epoch: 443, global_step=7956000
SPS: 1528
Epoch: 444, global_step=7974000
SPS: 1529
Epoch: 445, global_step=7992000
SPS: 1530
Epoch: 446, global_step=8010000
SPS: 1530
Epoch: 447, global_step=8028000
SPS: 1531
Epoch: 448, global_step=8046000
SPS: 1532
Epoch: 449, global_step=8064000
Evaluating
Evaluated 17280 steps resulting in 192 episodes
[32mEvaluation Metric: success_once[0m | [36mMean: 0.0000[0m
[32mEvaluation Metric: return[0m | [36mMean: 2.8444[0m
[32mEvaluation Metric: episode_len[0m | [36mMean: 90.0000[0m
[32mEvaluation Metric: reward[0m | [36mMean: 0.0316[0m
[32mEvaluation Metric: success_at_end[0m | [36mMean: 0.0000[0m
model saved to checkpoints/ppo_memtasks/rgb_joints/normalized_dense/InterceptGrabMedium-v0/ppo-nonbelief-33__33__rgb_joints__20260116_183155/20260116_183155/ckpt_14_449.pt
SPS: 1502
Epoch: 450, global_step=8082000
SPS: 1502
Epoch: 451, global_step=8100000
SPS: 1503
Epoch: 452, global_step=8118000
SPS: 1504
Epoch: 453, global_step=8136000
SPS: 1505
Epoch: 454, global_step=8154000
SPS: 1505
Epoch: 455, global_step=8172000
SPS: 1506
Epoch: 456, global_step=8190000
SPS: 1507
Epoch: 457, global_step=8208000
SPS: 1508
Epoch: 458, global_step=8226000
SPS: 1508
Epoch: 459, global_step=8244000
SPS: 1509
Epoch: 460, global_step=8262000
SPS: 1510
Epoch: 461, global_step=8280000
SPS: 1511
Epoch: 462, global_step=8298000
SPS: 1512
Epoch: 463, global_step=8316000
SPS: 1512
Epoch: 464, global_step=8334000
SPS: 1513
Epoch: 465, global_step=8352000
SPS: 1514
Epoch: 466, global_step=8370000
SPS: 1515
Epoch: 467, global_step=8388000
SPS: 1516
Epoch: 468, global_step=8406000
SPS: 1516
Epoch: 469, global_step=8424000
SPS: 1517
Epoch: 470, global_step=8442000
SPS: 1518
Epoch: 471, global_step=8460000
SPS: 1518
Epoch: 472, global_step=8478000
SPS: 1519
Epoch: 473, global_step=8496000
SPS: 1520
Epoch: 474, global_step=8514000
SPS: 1521
Epoch: 475, global_step=8532000
SPS: 1521
Epoch: 476, global_step=8550000
SPS: 1522
Epoch: 477, global_step=8568000
SPS: 1523
Epoch: 478, global_step=8586000
SPS: 1523
Epoch: 479, global_step=8604000
SPS: 1524
Epoch: 480, global_step=8622000
SPS: 1525
Epoch: 481, global_step=8640000
Evaluating
Evaluated 17280 steps resulting in 192 episodes
[32mEvaluation Metric: success_once[0m | [36mMean: 0.0208[0m
[32mEvaluation Metric: return[0m | [36mMean: 2.9307[0m
[32mEvaluation Metric: episode_len[0m | [36mMean: 90.0000[0m
[32mEvaluation Metric: reward[0m | [36mMean: 0.0326[0m
[32mEvaluation Metric: success_at_end[0m | [36mMean: 0.0000[0m
model saved to checkpoints/ppo_memtasks/rgb_joints/normalized_dense/InterceptGrabMedium-v0/ppo-nonbelief-33__33__rgb_joints__20260116_183155/20260116_183155/ckpt_15_481.pt
SPS: 1498
Epoch: 482, global_step=8658000
SPS: 1499
Epoch: 483, global_step=8676000
SPS: 1500
Epoch: 484, global_step=8694000
SPS: 1500
Epoch: 485, global_step=8712000
SPS: 1501
Epoch: 486, global_step=8730000
SPS: 1502
Epoch: 487, global_step=8748000
SPS: 1503
Epoch: 488, global_step=8766000
SPS: 1503
Epoch: 489, global_step=8784000
SPS: 1504
Epoch: 490, global_step=8802000
SPS: 1505
Epoch: 491, global_step=8820000
SPS: 1505
Epoch: 492, global_step=8838000
SPS: 1506
Epoch: 493, global_step=8856000
SPS: 1506
Epoch: 494, global_step=8874000
SPS: 1507
Epoch: 495, global_step=8892000
SPS: 1508
Epoch: 496, global_step=8910000
SPS: 1508
Epoch: 497, global_step=8928000
SPS: 1509
Epoch: 498, global_step=8946000
SPS: 1510
Epoch: 499, global_step=8964000
SPS: 1510
Epoch: 500, global_step=8982000
SPS: 1511
Epoch: 501, global_step=9000000
SPS: 1512
Epoch: 502, global_step=9018000
SPS: 1512
Epoch: 503, global_step=9036000
SPS: 1513
Epoch: 504, global_step=9054000
SPS: 1514
Epoch: 505, global_step=9072000
SPS: 1515
Epoch: 506, global_step=9090000
SPS: 1515
Epoch: 507, global_step=9108000
SPS: 1516
Epoch: 508, global_step=9126000
SPS: 1517
Epoch: 509, global_step=9144000
SPS: 1518
Epoch: 510, global_step=9162000
SPS: 1518
Epoch: 511, global_step=9180000
SPS: 1519
Epoch: 512, global_step=9198000
SPS: 1519
Epoch: 513, global_step=9216000
Evaluating
Evaluated 17280 steps resulting in 192 episodes
[32mEvaluation Metric: success_once[0m | [36mMean: 0.0417[0m
[32mEvaluation Metric: return[0m | [36mMean: 3.1347[0m
[32mEvaluation Metric: episode_len[0m | [36mMean: 90.0000[0m
[32mEvaluation Metric: reward[0m | [36mMean: 0.0348[0m
[32mEvaluation Metric: success_at_end[0m | [36mMean: 0.0000[0m
model saved to checkpoints/ppo_memtasks/rgb_joints/normalized_dense/InterceptGrabMedium-v0/ppo-nonbelief-33__33__rgb_joints__20260116_183155/20260116_183155/ckpt_16_513.pt
SPS: 1495
Epoch: 514, global_step=9234000
SPS: 1495
Epoch: 515, global_step=9252000
SPS: 1496
Epoch: 516, global_step=9270000
SPS: 1497
Epoch: 517, global_step=9288000
SPS: 1498
Epoch: 518, global_step=9306000
SPS: 1498
Epoch: 519, global_step=9324000
SPS: 1499
Epoch: 520, global_step=9342000
SPS: 1500
Epoch: 521, global_step=9360000
SPS: 1500
Epoch: 522, global_step=9378000
SPS: 1501
Epoch: 523, global_step=9396000
SPS: 1501
Epoch: 524, global_step=9414000
SPS: 1502
Epoch: 525, global_step=9432000
SPS: 1502
Epoch: 526, global_step=9450000
SPS: 1503
Epoch: 527, global_step=9468000
SPS: 1503
Epoch: 528, global_step=9486000
SPS: 1504
Epoch: 529, global_step=9504000
SPS: 1505
Epoch: 530, global_step=9522000
SPS: 1505
Epoch: 531, global_step=9540000
SPS: 1506
Epoch: 532, global_step=9558000
SPS: 1507
Epoch: 533, global_step=9576000
SPS: 1507
Epoch: 534, global_step=9594000
SPS: 1508
Epoch: 535, global_step=9612000
SPS: 1508
Epoch: 536, global_step=9630000
SPS: 1509
Epoch: 537, global_step=9648000
SPS: 1509
Epoch: 538, global_step=9666000
SPS: 1510
Epoch: 539, global_step=9684000
SPS: 1511
Epoch: 540, global_step=9702000
SPS: 1511
Epoch: 541, global_step=9720000
SPS: 1512
Epoch: 542, global_step=9738000
SPS: 1512
Epoch: 543, global_step=9756000
SPS: 1513
Epoch: 544, global_step=9774000
SPS: 1513
Epoch: 545, global_step=9792000
Evaluating
Evaluated 17280 steps resulting in 192 episodes
[32mEvaluation Metric: success_once[0m | [36mMean: 0.0156[0m
[32mEvaluation Metric: return[0m | [36mMean: 2.4685[0m
[32mEvaluation Metric: episode_len[0m | [36mMean: 90.0000[0m
[32mEvaluation Metric: reward[0m | [36mMean: 0.0274[0m
[32mEvaluation Metric: success_at_end[0m | [36mMean: 0.0000[0m
model saved to checkpoints/ppo_memtasks/rgb_joints/normalized_dense/InterceptGrabMedium-v0/ppo-nonbelief-33__33__rgb_joints__20260116_183155/20260116_183155/ckpt_17_545.pt
SPS: 1490
Epoch: 546, global_step=9810000
SPS: 1491
Epoch: 547, global_step=9828000
SPS: 1491
Epoch: 548, global_step=9846000
SPS: 1492
Epoch: 549, global_step=9864000
SPS: 1493
Epoch: 550, global_step=9882000
SPS: 1493
Epoch: 551, global_step=9900000
SPS: 1494
Epoch: 552, global_step=9918000
SPS: 1494
Epoch: 553, global_step=9936000
SPS: 1495
Epoch: 554, global_step=9954000
SPS: 1496
Epoch: 555, global_step=9972000
SPS: 1496
Epoch: 556, global_step=9990000
SPS: 1497
Epoch: 557, global_step=10008000
SPS: 1497
Epoch: 558, global_step=10026000
SPS: 1498
Epoch: 559, global_step=10044000
SPS: 1498
Epoch: 560, global_step=10062000
SPS: 1499
Epoch: 561, global_step=10080000
SPS: 1499
Epoch: 562, global_step=10098000
SPS: 1500
Epoch: 563, global_step=10116000
SPS: 1501
Epoch: 564, global_step=10134000
SPS: 1501
Epoch: 565, global_step=10152000
SPS: 1502
Epoch: 566, global_step=10170000
SPS: 1502
Epoch: 567, global_step=10188000
SPS: 1503
Epoch: 568, global_step=10206000
SPS: 1503
Epoch: 569, global_step=10224000
SPS: 1504
Epoch: 570, global_step=10242000
SPS: 1505
Epoch: 571, global_step=10260000
SPS: 1506
Epoch: 572, global_step=10278000
SPS: 1506
Epoch: 573, global_step=10296000
SPS: 1507
Epoch: 574, global_step=10314000
SPS: 1508
Epoch: 575, global_step=10332000
SPS: 1508
Epoch: 576, global_step=10350000
SPS: 1509
model saved to checkpoints/ppo_memtasks/rgb_joints/normalized_dense/InterceptGrabMedium-v0/ppo-nonbelief-33__33__rgb_joints__20260116_183155/20260116_183155/final_ckpt.pt
