Enabling podman.socket for user: s4176650
Running RememberShapeAndColor3x2-v0 with belief, seed 33

===========================================================================
║                        Environment Configuration                        ║
===========================================================================
║ Environment ID: ShellGamePush-v0                                        ║
║ Oracle Info:    cup_with_ball_number                                    ║
║ Wrappers:                                                               ║
║    ├─ InitialZeroActionWrapper                                         ║
║    │  └─ {'n_initial_steps': 0}                                           ║
║    ├─ RenderStepInfoWrapper                                            ║
║    ├─ ShellGameRenderCupInfoWrapper                                    ║
║    ├─ RenderRewardInfoWrapper                                          ║
║    ├─ DebugRewardWrapper                                               ║
║-------------------------------------------------------------------------║
║ include_state:       False │ state will not be used                ║
║ include_rgb:         True  │ rgb images will be used               ║
║ include_oracle:      False │ oracle info will not be used          ║
║ include_joints:      True  │ joints will be used                   ║
===========================================================================

MODE='rgb_joints_belief'
prompt_info=None
Saving eval videos to checkpoints/ppo_memtasks/rgb_joints_belief/normalized_dense/ShellGamePush-v0/ppo-last5-baseline-newhyper-33__33__rgb_joints_belief__20260126_014837/20260126_014837/videos
======================================================================
Max Episode Steps: 90
======================================================================

Loading belief model from /local/s4176650/sphinx/storage/ShellGamePush-v0_vae_mikasa_last5/final_vae_model.pt
  phi_dim=16, latent_dim=32
Belief model loaded successfully. Memory size: 768
Running training

####
args.num_iterations=450 args.num_envs=256 args.num_eval_envs=16
args.minibatch_size=720 args.batch_size=23040 args.update_epochs=4
####

sample_obs.keys()=dict_keys(['joints', 'rgb'])
joints: torch.Size([256, 25])
rgb: torch.Size([256, 128, 128, 3])


Epoch: 1, global_step=0
Evaluating
Evaluated 17280 steps resulting in 192 episodes
[32mEvaluation Metric: success_once[0m | [36mMean: 0.0000[0m
[32mEvaluation Metric: return[0m | [36mMean: 0.0597[0m
[32mEvaluation Metric: episode_len[0m | [36mMean: 90.0000[0m
[32mEvaluation Metric: reward[0m | [36mMean: 0.0007[0m
[32mEvaluation Metric: success_at_end[0m | [36mMean: 0.0000[0m
model saved to checkpoints/ppo_memtasks/rgb_joints_belief/normalized_dense/ShellGamePush-v0/ppo-last5-baseline-newhyper-33__33__rgb_joints_belief__20260126_014837/20260126_014837/ckpt_0_1.pt
SPS: 171
Epoch: 2, global_step=23040
SPS: 311
Epoch: 3, global_step=46080
SPS: 425
Epoch: 4, global_step=69120
SPS: 521
Epoch: 5, global_step=92160
SPS: 602
Epoch: 6, global_step=115200
SPS: 672
Epoch: 7, global_step=138240
SPS: 731
Epoch: 8, global_step=161280
SPS: 781
Epoch: 9, global_step=184320
SPS: 827
Epoch: 10, global_step=207360
SPS: 867
Epoch: 11, global_step=230400
SPS: 903
Epoch: 12, global_step=253440
SPS: 935
Epoch: 13, global_step=276480
SPS: 964
Epoch: 14, global_step=299520
SPS: 990
Epoch: 15, global_step=322560
SPS: 1013
Epoch: 16, global_step=345600
SPS: 1036
Epoch: 17, global_step=368640
SPS: 1056
Epoch: 18, global_step=391680
SPS: 1076
Epoch: 19, global_step=414720
SPS: 1092
Epoch: 20, global_step=437760
SPS: 1108
Epoch: 21, global_step=460800
SPS: 1122
Epoch: 22, global_step=483840
SPS: 1136
Epoch: 23, global_step=506880
SPS: 1149
Epoch: 24, global_step=529920
SPS: 1160
Epoch: 25, global_step=552960
SPS: 1172
Epoch: 26, global_step=576000
Evaluating
Evaluated 17280 steps resulting in 192 episodes
[32mEvaluation Metric: success_once[0m | [36mMean: 0.8281[0m
[32mEvaluation Metric: return[0m | [36mMean: 45.1365[0m
[32mEvaluation Metric: episode_len[0m | [36mMean: 90.0000[0m
[32mEvaluation Metric: reward[0m | [36mMean: 0.5015[0m
[32mEvaluation Metric: success_at_end[0m | [36mMean: 0.2135[0m
model saved to checkpoints/ppo_memtasks/rgb_joints_belief/normalized_dense/ShellGamePush-v0/ppo-last5-baseline-newhyper-33__33__rgb_joints_belief__20260126_014837/20260126_014837/ckpt_1_26.pt
SPS: 959
Epoch: 27, global_step=599040
SPS: 972
Epoch: 28, global_step=622080
SPS: 985
Epoch: 29, global_step=645120
SPS: 996
Epoch: 30, global_step=668160
SPS: 1007
Epoch: 31, global_step=691200
SPS: 1018
Epoch: 32, global_step=714240
SPS: 1028
Epoch: 33, global_step=737280
SPS: 1037
Epoch: 34, global_step=760320
SPS: 1047
Epoch: 35, global_step=783360
SPS: 1057
Epoch: 36, global_step=806400
SPS: 1065
Epoch: 37, global_step=829440
SPS: 1074
Epoch: 38, global_step=852480
SPS: 1082
Epoch: 39, global_step=875520
SPS: 1090
Epoch: 40, global_step=898560
SPS: 1098
Epoch: 41, global_step=921600
SPS: 1105
Epoch: 42, global_step=944640
SPS: 1112
Epoch: 43, global_step=967680
SPS: 1119
Epoch: 44, global_step=990720
SPS: 1126
Epoch: 45, global_step=1013760
SPS: 1132
Epoch: 46, global_step=1036800
SPS: 1138
Epoch: 47, global_step=1059840
SPS: 1144
Epoch: 48, global_step=1082880
SPS: 1151
Epoch: 49, global_step=1105920
SPS: 1156
Epoch: 50, global_step=1128960
SPS: 1161
Epoch: 51, global_step=1152000
Evaluating
Evaluated 17280 steps resulting in 192 episodes
[32mEvaluation Metric: success_once[0m | [36mMean: 0.8698[0m
[32mEvaluation Metric: return[0m | [36mMean: 60.0637[0m
[32mEvaluation Metric: episode_len[0m | [36mMean: 90.0000[0m
[32mEvaluation Metric: reward[0m | [36mMean: 0.6674[0m
[32mEvaluation Metric: success_at_end[0m | [36mMean: 0.6198[0m
model saved to checkpoints/ppo_memtasks/rgb_joints_belief/normalized_dense/ShellGamePush-v0/ppo-last5-baseline-newhyper-33__33__rgb_joints_belief__20260126_014837/20260126_014837/ckpt_2_51.pt
SPS: 1043
Epoch: 52, global_step=1175040
SPS: 1050
Epoch: 53, global_step=1198080
SPS: 1055
Epoch: 54, global_step=1221120
SPS: 1061
Epoch: 55, global_step=1244160
SPS: 1066
Epoch: 56, global_step=1267200
SPS: 1072
Epoch: 57, global_step=1290240
SPS: 1076
Epoch: 58, global_step=1313280
SPS: 1082
Epoch: 59, global_step=1336320
SPS: 1087
Epoch: 60, global_step=1359360
SPS: 1092
Epoch: 61, global_step=1382400
SPS: 1097
Epoch: 62, global_step=1405440
SPS: 1102
Epoch: 63, global_step=1428480
SPS: 1107
Epoch: 64, global_step=1451520
SPS: 1112
Epoch: 65, global_step=1474560
SPS: 1117
Epoch: 66, global_step=1497600
SPS: 1121
Epoch: 67, global_step=1520640
SPS: 1126
Epoch: 68, global_step=1543680
SPS: 1130
Epoch: 69, global_step=1566720
SPS: 1134
Epoch: 70, global_step=1589760
SPS: 1138
Epoch: 71, global_step=1612800
SPS: 1142
Epoch: 72, global_step=1635840
SPS: 1145
Epoch: 73, global_step=1658880
SPS: 1149
Epoch: 74, global_step=1681920
SPS: 1153
Epoch: 75, global_step=1704960
SPS: 1157
Epoch: 76, global_step=1728000
Evaluating
Evaluated 17280 steps resulting in 192 episodes
[32mEvaluation Metric: success_once[0m | [36mMean: 0.9740[0m
[32mEvaluation Metric: return[0m | [36mMean: 68.4586[0m
[32mEvaluation Metric: episode_len[0m | [36mMean: 90.0000[0m
[32mEvaluation Metric: reward[0m | [36mMean: 0.7607[0m
[32mEvaluation Metric: success_at_end[0m | [36mMean: 0.8802[0m
model saved to checkpoints/ppo_memtasks/rgb_joints_belief/normalized_dense/ShellGamePush-v0/ppo-last5-baseline-newhyper-33__33__rgb_joints_belief__20260126_014837/20260126_014837/ckpt_3_76.pt
SPS: 1080
Epoch: 77, global_step=1751040
SPS: 1084
Epoch: 78, global_step=1774080
SPS: 1088
Epoch: 79, global_step=1797120
SPS: 1092
Epoch: 80, global_step=1820160
SPS: 1096
Epoch: 81, global_step=1843200
SPS: 1100
Epoch: 82, global_step=1866240
SPS: 1103
Epoch: 83, global_step=1889280
SPS: 1107
Epoch: 84, global_step=1912320
SPS: 1111
Epoch: 85, global_step=1935360
SPS: 1114
Epoch: 86, global_step=1958400
SPS: 1118
Epoch: 87, global_step=1981440
SPS: 1121
Epoch: 88, global_step=2004480
SPS: 1125
Epoch: 89, global_step=2027520
SPS: 1128
Epoch: 90, global_step=2050560
SPS: 1132
Epoch: 91, global_step=2073600
SPS: 1135
Epoch: 92, global_step=2096640
SPS: 1139
Epoch: 93, global_step=2119680
SPS: 1142
Epoch: 94, global_step=2142720
SPS: 1145
Epoch: 95, global_step=2165760
SPS: 1148
Epoch: 96, global_step=2188800
SPS: 1151
Epoch: 97, global_step=2211840
SPS: 1154
Epoch: 98, global_step=2234880
SPS: 1157
Epoch: 99, global_step=2257920
SPS: 1160
Epoch: 100, global_step=2280960
SPS: 1163
Epoch: 101, global_step=2304000
Evaluating
Evaluated 17280 steps resulting in 192 episodes
[32mEvaluation Metric: success_once[0m | [36mMean: 0.9740[0m
[32mEvaluation Metric: return[0m | [36mMean: 69.3245[0m
[32mEvaluation Metric: episode_len[0m | [36mMean: 90.0000[0m
[32mEvaluation Metric: reward[0m | [36mMean: 0.7703[0m
[32mEvaluation Metric: success_at_end[0m | [36mMean: 0.9323[0m
model saved to checkpoints/ppo_memtasks/rgb_joints_belief/normalized_dense/ShellGamePush-v0/ppo-last5-baseline-newhyper-33__33__rgb_joints_belief__20260126_014837/20260126_014837/ckpt_4_101.pt
SPS: 1103
Epoch: 102, global_step=2327040
SPS: 1106
Epoch: 103, global_step=2350080
SPS: 1109
Epoch: 104, global_step=2373120
SPS: 1112
Epoch: 105, global_step=2396160
SPS: 1115
Epoch: 106, global_step=2419200
SPS: 1117
Epoch: 107, global_step=2442240
SPS: 1120
Epoch: 108, global_step=2465280
SPS: 1123
Epoch: 109, global_step=2488320
SPS: 1126
Epoch: 110, global_step=2511360
SPS: 1129
Epoch: 111, global_step=2534400
SPS: 1131
Epoch: 112, global_step=2557440
SPS: 1134
Epoch: 113, global_step=2580480
SPS: 1137
Epoch: 114, global_step=2603520
SPS: 1139
Epoch: 115, global_step=2626560
SPS: 1141
Epoch: 116, global_step=2649600
SPS: 1144
Epoch: 117, global_step=2672640
SPS: 1147
Epoch: 118, global_step=2695680
SPS: 1149
Epoch: 119, global_step=2718720
SPS: 1153
Epoch: 120, global_step=2741760
SPS: 1155
Epoch: 121, global_step=2764800
SPS: 1158
Epoch: 122, global_step=2787840
SPS: 1160
Epoch: 123, global_step=2810880
SPS: 1162
Epoch: 124, global_step=2833920
SPS: 1165
Epoch: 125, global_step=2856960
SPS: 1167
Epoch: 126, global_step=2880000
Evaluating
Evaluated 17280 steps resulting in 192 episodes
[32mEvaluation Metric: success_once[0m | [36mMean: 0.9688[0m
[32mEvaluation Metric: return[0m | [36mMean: 70.3605[0m
[32mEvaluation Metric: episode_len[0m | [36mMean: 90.0000[0m
[32mEvaluation Metric: reward[0m | [36mMean: 0.7818[0m
[32mEvaluation Metric: success_at_end[0m | [36mMean: 0.9427[0m
model saved to checkpoints/ppo_memtasks/rgb_joints_belief/normalized_dense/ShellGamePush-v0/ppo-last5-baseline-newhyper-33__33__rgb_joints_belief__20260126_014837/20260126_014837/ckpt_5_126.pt
SPS: 1117
Epoch: 127, global_step=2903040
SPS: 1120
Epoch: 128, global_step=2926080
SPS: 1122
Epoch: 129, global_step=2949120
SPS: 1124
Epoch: 130, global_step=2972160
SPS: 1127
Epoch: 131, global_step=2995200
SPS: 1131
Epoch: 132, global_step=3018240
SPS: 1134
Epoch: 133, global_step=3041280
SPS: 1136
Epoch: 134, global_step=3064320
SPS: 1139
Epoch: 135, global_step=3087360
SPS: 1141
Epoch: 136, global_step=3110400
SPS: 1143
Epoch: 137, global_step=3133440
SPS: 1146
Epoch: 138, global_step=3156480
SPS: 1148
Epoch: 139, global_step=3179520
SPS: 1150
Epoch: 140, global_step=3202560
SPS: 1152
Epoch: 141, global_step=3225600
SPS: 1154
Epoch: 142, global_step=3248640
SPS: 1156
Epoch: 143, global_step=3271680
SPS: 1158
Epoch: 144, global_step=3294720
SPS: 1160
Epoch: 145, global_step=3317760
SPS: 1162
Epoch: 146, global_step=3340800
SPS: 1164
Epoch: 147, global_step=3363840
SPS: 1166
Epoch: 148, global_step=3386880
SPS: 1168
Epoch: 149, global_step=3409920
SPS: 1170
Epoch: 150, global_step=3432960
SPS: 1172
Epoch: 151, global_step=3456000
Evaluating
Evaluated 17280 steps resulting in 192 episodes
[32mEvaluation Metric: success_once[0m | [36mMean: 0.9844[0m
[32mEvaluation Metric: return[0m | [36mMean: 71.4305[0m
[32mEvaluation Metric: episode_len[0m | [36mMean: 90.0000[0m
[32mEvaluation Metric: reward[0m | [36mMean: 0.7937[0m
[32mEvaluation Metric: success_at_end[0m | [36mMean: 0.9844[0m
model saved to checkpoints/ppo_memtasks/rgb_joints_belief/normalized_dense/ShellGamePush-v0/ppo-last5-baseline-newhyper-33__33__rgb_joints_belief__20260126_014837/20260126_014837/ckpt_6_151.pt
SPS: 1129
Epoch: 152, global_step=3479040
SPS: 1131
Epoch: 153, global_step=3502080
SPS: 1133
Epoch: 154, global_step=3525120
SPS: 1136
Epoch: 155, global_step=3548160
SPS: 1138
Epoch: 156, global_step=3571200
SPS: 1140
Epoch: 157, global_step=3594240
SPS: 1142
Epoch: 158, global_step=3617280
SPS: 1144
Epoch: 159, global_step=3640320
SPS: 1147
Epoch: 160, global_step=3663360
SPS: 1149
Epoch: 161, global_step=3686400
SPS: 1151
Epoch: 162, global_step=3709440
SPS: 1152
Epoch: 163, global_step=3732480
SPS: 1154
Epoch: 164, global_step=3755520
SPS: 1156
Epoch: 165, global_step=3778560
SPS: 1158
Epoch: 166, global_step=3801600
SPS: 1160
Epoch: 167, global_step=3824640
SPS: 1162
Epoch: 168, global_step=3847680
SPS: 1164
Epoch: 169, global_step=3870720
SPS: 1166
Epoch: 170, global_step=3893760
SPS: 1168
Epoch: 171, global_step=3916800
SPS: 1170
Epoch: 172, global_step=3939840
SPS: 1173
Epoch: 173, global_step=3962880
SPS: 1174
Epoch: 174, global_step=3985920
SPS: 1177
Epoch: 175, global_step=4008960
SPS: 1178
Epoch: 176, global_step=4032000
Evaluating
Evaluated 17280 steps resulting in 192 episodes
[32mEvaluation Metric: success_once[0m | [36mMean: 0.9635[0m
[32mEvaluation Metric: return[0m | [36mMean: 70.8824[0m
[32mEvaluation Metric: episode_len[0m | [36mMean: 90.0000[0m
[32mEvaluation Metric: reward[0m | [36mMean: 0.7876[0m
[32mEvaluation Metric: success_at_end[0m | [36mMean: 0.9635[0m
model saved to checkpoints/ppo_memtasks/rgb_joints_belief/normalized_dense/ShellGamePush-v0/ppo-last5-baseline-newhyper-33__33__rgb_joints_belief__20260126_014837/20260126_014837/ckpt_7_176.pt
SPS: 1142
Epoch: 177, global_step=4055040
SPS: 1143
Epoch: 178, global_step=4078080
SPS: 1145
Epoch: 179, global_step=4101120
SPS: 1147
Epoch: 180, global_step=4124160
SPS: 1149
Epoch: 181, global_step=4147200
SPS: 1151
Epoch: 182, global_step=4170240
SPS: 1153
Epoch: 183, global_step=4193280
SPS: 1154
Epoch: 184, global_step=4216320
SPS: 1156
Epoch: 185, global_step=4239360
SPS: 1158
Epoch: 186, global_step=4262400
SPS: 1160
Epoch: 187, global_step=4285440
SPS: 1161
Epoch: 188, global_step=4308480
SPS: 1163
Epoch: 189, global_step=4331520
SPS: 1165
Epoch: 190, global_step=4354560
SPS: 1167
Epoch: 191, global_step=4377600
SPS: 1168
Epoch: 192, global_step=4400640
SPS: 1170
Epoch: 193, global_step=4423680
SPS: 1171
Epoch: 194, global_step=4446720
SPS: 1173
Epoch: 195, global_step=4469760
SPS: 1174
Epoch: 196, global_step=4492800
SPS: 1176
Epoch: 197, global_step=4515840
SPS: 1177
Epoch: 198, global_step=4538880
SPS: 1179
Epoch: 199, global_step=4561920
SPS: 1181
Epoch: 200, global_step=4584960
SPS: 1182
Epoch: 201, global_step=4608000
Evaluating
Evaluated 17280 steps resulting in 192 episodes
[32mEvaluation Metric: success_once[0m | [36mMean: 0.9635[0m
[32mEvaluation Metric: return[0m | [36mMean: 71.4504[0m
[32mEvaluation Metric: episode_len[0m | [36mMean: 90.0000[0m
[32mEvaluation Metric: reward[0m | [36mMean: 0.7939[0m
[32mEvaluation Metric: success_at_end[0m | [36mMean: 0.9583[0m
model saved to checkpoints/ppo_memtasks/rgb_joints_belief/normalized_dense/ShellGamePush-v0/ppo-last5-baseline-newhyper-33__33__rgb_joints_belief__20260126_014837/20260126_014837/ckpt_8_201.pt
SPS: 1151
Epoch: 202, global_step=4631040
SPS: 1152
Epoch: 203, global_step=4654080
SPS: 1154
Epoch: 204, global_step=4677120
SPS: 1155
Epoch: 205, global_step=4700160
SPS: 1156
Epoch: 206, global_step=4723200
SPS: 1158
Epoch: 207, global_step=4746240
SPS: 1159
Epoch: 208, global_step=4769280
SPS: 1161
Epoch: 209, global_step=4792320
SPS: 1162
Epoch: 210, global_step=4815360
SPS: 1163
Epoch: 211, global_step=4838400
SPS: 1165
Epoch: 212, global_step=4861440
SPS: 1167
Epoch: 213, global_step=4884480
SPS: 1168
Epoch: 214, global_step=4907520
SPS: 1169
Epoch: 215, global_step=4930560
SPS: 1171
Epoch: 216, global_step=4953600
SPS: 1172
Epoch: 217, global_step=4976640
SPS: 1174
Epoch: 218, global_step=4999680
SPS: 1175
Epoch: 219, global_step=5022720
SPS: 1176
Epoch: 220, global_step=5045760
SPS: 1178
Epoch: 221, global_step=5068800
SPS: 1179
Epoch: 222, global_step=5091840
SPS: 1180
Epoch: 223, global_step=5114880
SPS: 1182
Epoch: 224, global_step=5137920
SPS: 1184
Epoch: 225, global_step=5160960
SPS: 1185
Epoch: 226, global_step=5184000
Evaluating
Evaluated 17280 steps resulting in 192 episodes
[32mEvaluation Metric: success_once[0m | [36mMean: 0.9740[0m
[32mEvaluation Metric: return[0m | [36mMean: 72.5158[0m
[32mEvaluation Metric: episode_len[0m | [36mMean: 90.0000[0m
[32mEvaluation Metric: reward[0m | [36mMean: 0.8057[0m
[32mEvaluation Metric: success_at_end[0m | [36mMean: 0.9740[0m
model saved to checkpoints/ppo_memtasks/rgb_joints_belief/normalized_dense/ShellGamePush-v0/ppo-last5-baseline-newhyper-33__33__rgb_joints_belief__20260126_014837/20260126_014837/ckpt_9_226.pt
SPS: 1156
Epoch: 227, global_step=5207040
SPS: 1158
Epoch: 228, global_step=5230080
SPS: 1159
Epoch: 229, global_step=5253120
SPS: 1161
Epoch: 230, global_step=5276160
SPS: 1163
Epoch: 231, global_step=5299200
SPS: 1164
Epoch: 232, global_step=5322240
SPS: 1165
Epoch: 233, global_step=5345280
SPS: 1167
Epoch: 234, global_step=5368320
SPS: 1169
Epoch: 235, global_step=5391360
SPS: 1171
Epoch: 236, global_step=5414400
SPS: 1173
Epoch: 237, global_step=5437440
SPS: 1174
Epoch: 238, global_step=5460480
SPS: 1175
Epoch: 239, global_step=5483520
SPS: 1177
Epoch: 240, global_step=5506560
SPS: 1178
Epoch: 241, global_step=5529600
SPS: 1179
Epoch: 242, global_step=5552640
SPS: 1180
Epoch: 243, global_step=5575680
SPS: 1182
Epoch: 244, global_step=5598720
SPS: 1183
Epoch: 245, global_step=5621760
SPS: 1184
Epoch: 246, global_step=5644800
SPS: 1185
Epoch: 247, global_step=5667840
SPS: 1186
Epoch: 248, global_step=5690880
SPS: 1187
Epoch: 249, global_step=5713920
SPS: 1188
Epoch: 250, global_step=5736960
SPS: 1190
Epoch: 251, global_step=5760000
Evaluating
Evaluated 17280 steps resulting in 192 episodes
[32mEvaluation Metric: success_once[0m | [36mMean: 0.9531[0m
[32mEvaluation Metric: return[0m | [36mMean: 71.1426[0m
[32mEvaluation Metric: episode_len[0m | [36mMean: 90.0000[0m
[32mEvaluation Metric: reward[0m | [36mMean: 0.7905[0m
[32mEvaluation Metric: success_at_end[0m | [36mMean: 0.9375[0m
model saved to checkpoints/ppo_memtasks/rgb_joints_belief/normalized_dense/ShellGamePush-v0/ppo-last5-baseline-newhyper-33__33__rgb_joints_belief__20260126_014837/20260126_014837/ckpt_10_251.pt
SPS: 1163
Epoch: 252, global_step=5783040
SPS: 1164
Epoch: 253, global_step=5806080
SPS: 1165
Epoch: 254, global_step=5829120
SPS: 1166
Epoch: 255, global_step=5852160
SPS: 1168
Epoch: 256, global_step=5875200
SPS: 1169
Epoch: 257, global_step=5898240
SPS: 1171
Epoch: 258, global_step=5921280
SPS: 1172
Epoch: 259, global_step=5944320
SPS: 1174
Epoch: 260, global_step=5967360
SPS: 1175
Epoch: 261, global_step=5990400
SPS: 1177
Epoch: 262, global_step=6013440
SPS: 1178
Epoch: 263, global_step=6036480
