Enabling podman.socket for user: s4176650
Running RememberShapeAndColor3x2-v0 with belief, seed 33

===========================================================================
║                        Environment Configuration                        ║
===========================================================================
║ Environment ID: ShellGamePick-v0                                        ║
║ Oracle Info:    cup_with_ball_number                                    ║
║ Wrappers:                                                               ║
║    ├─ InitialZeroActionWrapper                                         ║
║    │  └─ {'n_initial_steps': 0}                                           ║
║    ├─ RenderStepInfoWrapper                                            ║
║    ├─ ShellGameRenderCupInfoWrapper                                    ║
║    ├─ RenderRewardInfoWrapper                                          ║
║    ├─ DebugRewardWrapper                                               ║
║-------------------------------------------------------------------------║
║ include_state:       False │ state will not be used                ║
║ include_rgb:         True  │ rgb images will be used               ║
║ include_oracle:      False │ oracle info will not be used          ║
║ include_joints:      True  │ joints will be used                   ║
===========================================================================

MODE='rgb_joints_belief'
prompt_info=None
Saving eval videos to checkpoints/ppo_memtasks/rgb_joints_belief/normalized_dense/ShellGamePick-v0/ppo-last5-cvae-v6-ent0001-kl005-gamma095-lr1e4-33__33__rgb_joints_belief__20260125_183648/20260125_183648/videos
======================================================================
Max Episode Steps: 90
======================================================================

Loading belief model from /local/s4176650/sphinx/storage_cvae/ShellGamePick-v0_cvae_mikasa_last5_v6_1/final_vae_model.pt
  phi_dim=16, latent_dim=32
Belief model loaded successfully. Memory size: 768
Running training

####
args.num_iterations=450 args.num_envs=256 args.num_eval_envs=16
args.minibatch_size=720 args.batch_size=23040 args.update_epochs=4
####

sample_obs.keys()=dict_keys(['joints', 'rgb'])
joints: torch.Size([256, 25])
rgb: torch.Size([256, 128, 128, 3])


Epoch: 1, global_step=0
Evaluating
Evaluated 17280 steps resulting in 192 episodes
[32mEvaluation Metric: success_once[0m | [36mMean: 0.0000[0m
[32mEvaluation Metric: return[0m | [36mMean: 0.0097[0m
[32mEvaluation Metric: episode_len[0m | [36mMean: 90.0000[0m
[32mEvaluation Metric: reward[0m | [36mMean: 0.0001[0m
[32mEvaluation Metric: success_at_end[0m | [36mMean: 0.0000[0m
model saved to checkpoints/ppo_memtasks/rgb_joints_belief/normalized_dense/ShellGamePick-v0/ppo-last5-cvae-v6-ent0001-kl005-gamma095-lr1e4-33__33__rgb_joints_belief__20260125_183648/20260125_183648/ckpt_0_1.pt
SPS: 159
Epoch: 2, global_step=23040
SPS: 289
Epoch: 3, global_step=46080
SPS: 395
Epoch: 4, global_step=69120
SPS: 485
Epoch: 5, global_step=92160
SPS: 561
Epoch: 6, global_step=115200
SPS: 626
Epoch: 7, global_step=138240
SPS: 683
Epoch: 8, global_step=161280
SPS: 732
Epoch: 9, global_step=184320
SPS: 776
Epoch: 10, global_step=207360
SPS: 815
Epoch: 11, global_step=230400
SPS: 849
Epoch: 12, global_step=253440
SPS: 879
Epoch: 13, global_step=276480
SPS: 907
Epoch: 14, global_step=299520
SPS: 931
Epoch: 15, global_step=322560
SPS: 955
Epoch: 16, global_step=345600
SPS: 976
Epoch: 17, global_step=368640
SPS: 995
Epoch: 18, global_step=391680
SPS: 1013
Epoch: 19, global_step=414720
SPS: 1030
Epoch: 20, global_step=437760
SPS: 1044
Epoch: 21, global_step=460800
SPS: 1058
Epoch: 22, global_step=483840
SPS: 1070
Epoch: 23, global_step=506880
SPS: 1083
Epoch: 24, global_step=529920
SPS: 1093
Epoch: 25, global_step=552960
SPS: 1103
Epoch: 26, global_step=576000
Evaluating
Evaluated 17280 steps resulting in 192 episodes
[32mEvaluation Metric: success_once[0m | [36mMean: 0.0000[0m
[32mEvaluation Metric: return[0m | [36mMean: 1.4200[0m
[32mEvaluation Metric: episode_len[0m | [36mMean: 90.0000[0m
[32mEvaluation Metric: reward[0m | [36mMean: 0.0158[0m
[32mEvaluation Metric: success_at_end[0m | [36mMean: 0.0000[0m
model saved to checkpoints/ppo_memtasks/rgb_joints_belief/normalized_dense/ShellGamePick-v0/ppo-last5-cvae-v6-ent0001-kl005-gamma095-lr1e4-33__33__rgb_joints_belief__20260125_183648/20260125_183648/ckpt_1_26.pt
SPS: 896
Epoch: 27, global_step=599040
SPS: 909
Epoch: 28, global_step=622080
SPS: 920
Epoch: 29, global_step=645120
SPS: 931
Epoch: 30, global_step=668160
SPS: 942
Epoch: 31, global_step=691200
SPS: 952
Epoch: 32, global_step=714240
SPS: 962
Epoch: 33, global_step=737280
SPS: 971
Epoch: 34, global_step=760320
SPS: 980
Epoch: 35, global_step=783360
SPS: 988
Epoch: 36, global_step=806400
SPS: 997
Epoch: 37, global_step=829440
SPS: 1005
Epoch: 38, global_step=852480
SPS: 1013
Epoch: 39, global_step=875520
SPS: 1021
Epoch: 40, global_step=898560
SPS: 1028
Epoch: 41, global_step=921600
SPS: 1035
Epoch: 42, global_step=944640
SPS: 1042
Epoch: 43, global_step=967680
SPS: 1048
Epoch: 44, global_step=990720
SPS: 1054
Epoch: 45, global_step=1013760
SPS: 1060
Epoch: 46, global_step=1036800
SPS: 1066
Epoch: 47, global_step=1059840
SPS: 1072
Epoch: 48, global_step=1082880
SPS: 1079
Epoch: 49, global_step=1105920
SPS: 1086
Epoch: 50, global_step=1128960
SPS: 1092
Epoch: 51, global_step=1152000
Evaluating
Evaluated 17280 steps resulting in 192 episodes
[32mEvaluation Metric: success_once[0m | [36mMean: 0.0000[0m
[32mEvaluation Metric: return[0m | [36mMean: 1.3626[0m
[32mEvaluation Metric: episode_len[0m | [36mMean: 90.0000[0m
[32mEvaluation Metric: reward[0m | [36mMean: 0.0151[0m
[32mEvaluation Metric: success_at_end[0m | [36mMean: 0.0000[0m
model saved to checkpoints/ppo_memtasks/rgb_joints_belief/normalized_dense/ShellGamePick-v0/ppo-last5-cvae-v6-ent0001-kl005-gamma095-lr1e4-33__33__rgb_joints_belief__20260125_183648/20260125_183648/ckpt_2_51.pt
SPS: 977
Epoch: 52, global_step=1175040
SPS: 983
Epoch: 53, global_step=1198080
SPS: 989
Epoch: 54, global_step=1221120
SPS: 994
Epoch: 55, global_step=1244160
SPS: 1000
Epoch: 56, global_step=1267200
SPS: 1005
Epoch: 57, global_step=1290240
SPS: 1010
Epoch: 58, global_step=1313280
SPS: 1015
Epoch: 59, global_step=1336320
SPS: 1020
Epoch: 60, global_step=1359360
SPS: 1025
Epoch: 61, global_step=1382400
SPS: 1029
Epoch: 62, global_step=1405440
SPS: 1034
Epoch: 63, global_step=1428480
SPS: 1038
Epoch: 64, global_step=1451520
SPS: 1043
Epoch: 65, global_step=1474560
SPS: 1047
Epoch: 66, global_step=1497600
SPS: 1051
Epoch: 67, global_step=1520640
SPS: 1055
Epoch: 68, global_step=1543680
SPS: 1059
Epoch: 69, global_step=1566720
SPS: 1063
Epoch: 70, global_step=1589760
SPS: 1067
Epoch: 71, global_step=1612800
SPS: 1070
Epoch: 72, global_step=1635840
SPS: 1074
Epoch: 73, global_step=1658880
SPS: 1077
Epoch: 74, global_step=1681920
SPS: 1080
Epoch: 75, global_step=1704960
SPS: 1083
Epoch: 76, global_step=1728000
Evaluating
Evaluated 17280 steps resulting in 192 episodes
[32mEvaluation Metric: success_once[0m | [36mMean: 0.0000[0m
[32mEvaluation Metric: return[0m | [36mMean: 1.6247[0m
[32mEvaluation Metric: episode_len[0m | [36mMean: 90.0000[0m
[32mEvaluation Metric: reward[0m | [36mMean: 0.0181[0m
[32mEvaluation Metric: success_at_end[0m | [36mMean: 0.0000[0m
model saved to checkpoints/ppo_memtasks/rgb_joints_belief/normalized_dense/ShellGamePick-v0/ppo-last5-cvae-v6-ent0001-kl005-gamma095-lr1e4-33__33__rgb_joints_belief__20260125_183648/20260125_183648/ckpt_3_76.pt
SPS: 1006
Epoch: 77, global_step=1751040
SPS: 1010
Epoch: 78, global_step=1774080
SPS: 1013
Epoch: 79, global_step=1797120
SPS: 1017
Epoch: 80, global_step=1820160
SPS: 1021
Epoch: 81, global_step=1843200
SPS: 1024
Epoch: 82, global_step=1866240
SPS: 1027
Epoch: 83, global_step=1889280
SPS: 1031
Epoch: 84, global_step=1912320
SPS: 1034
Epoch: 85, global_step=1935360
SPS: 1037
Epoch: 86, global_step=1958400
SPS: 1040
Epoch: 87, global_step=1981440
SPS: 1044
Epoch: 88, global_step=2004480
SPS: 1047
Epoch: 89, global_step=2027520
SPS: 1050
Epoch: 90, global_step=2050560
SPS: 1053
Epoch: 91, global_step=2073600
SPS: 1056
Epoch: 92, global_step=2096640
SPS: 1059
Epoch: 93, global_step=2119680
SPS: 1062
Epoch: 94, global_step=2142720
SPS: 1065
Epoch: 95, global_step=2165760
SPS: 1067
Epoch: 96, global_step=2188800
SPS: 1070
Epoch: 97, global_step=2211840
SPS: 1072
Epoch: 98, global_step=2234880
SPS: 1075
Epoch: 99, global_step=2257920
SPS: 1077
Epoch: 100, global_step=2280960
SPS: 1080
Epoch: 101, global_step=2304000
Evaluating
Evaluated 17280 steps resulting in 192 episodes
[32mEvaluation Metric: success_once[0m | [36mMean: 0.0000[0m
[32mEvaluation Metric: return[0m | [36mMean: 3.9434[0m
[32mEvaluation Metric: episode_len[0m | [36mMean: 90.0000[0m
[32mEvaluation Metric: reward[0m | [36mMean: 0.0438[0m
[32mEvaluation Metric: success_at_end[0m | [36mMean: 0.0000[0m
model saved to checkpoints/ppo_memtasks/rgb_joints_belief/normalized_dense/ShellGamePick-v0/ppo-last5-cvae-v6-ent0001-kl005-gamma095-lr1e4-33__33__rgb_joints_belief__20260125_183648/20260125_183648/ckpt_4_101.pt
SPS: 1021
Epoch: 102, global_step=2327040
SPS: 1024
Epoch: 103, global_step=2350080
SPS: 1026
Epoch: 104, global_step=2373120
SPS: 1029
Epoch: 105, global_step=2396160
SPS: 1031
Epoch: 106, global_step=2419200
SPS: 1034
Epoch: 107, global_step=2442240
SPS: 1037
Epoch: 108, global_step=2465280
SPS: 1039
Epoch: 109, global_step=2488320
SPS: 1042
Epoch: 110, global_step=2511360
SPS: 1044
Epoch: 111, global_step=2534400
SPS: 1047
Epoch: 112, global_step=2557440
SPS: 1049
Epoch: 113, global_step=2580480
SPS: 1051
Epoch: 114, global_step=2603520
SPS: 1054
Epoch: 115, global_step=2626560
SPS: 1056
Epoch: 116, global_step=2649600
SPS: 1058
Epoch: 117, global_step=2672640
SPS: 1060
Epoch: 118, global_step=2695680
SPS: 1062
Epoch: 119, global_step=2718720
SPS: 1065
Epoch: 120, global_step=2741760
SPS: 1067
Epoch: 121, global_step=2764800
SPS: 1069
Epoch: 122, global_step=2787840
SPS: 1071
Epoch: 123, global_step=2810880
SPS: 1073
Epoch: 124, global_step=2833920
SPS: 1075
Epoch: 125, global_step=2856960
SPS: 1077
Epoch: 126, global_step=2880000
Evaluating
Evaluated 17280 steps resulting in 192 episodes
[32mEvaluation Metric: success_once[0m | [36mMean: 0.0000[0m
[32mEvaluation Metric: return[0m | [36mMean: 5.8155[0m
[32mEvaluation Metric: episode_len[0m | [36mMean: 90.0000[0m
[32mEvaluation Metric: reward[0m | [36mMean: 0.0646[0m
[32mEvaluation Metric: success_at_end[0m | [36mMean: 0.0000[0m
model saved to checkpoints/ppo_memtasks/rgb_joints_belief/normalized_dense/ShellGamePick-v0/ppo-last5-cvae-v6-ent0001-kl005-gamma095-lr1e4-33__33__rgb_joints_belief__20260125_183648/20260125_183648/ckpt_5_126.pt
SPS: 1029
Epoch: 127, global_step=2903040
SPS: 1031
Epoch: 128, global_step=2926080
SPS: 1033
Epoch: 129, global_step=2949120
SPS: 1035
Epoch: 130, global_step=2972160
SPS: 1038
Epoch: 131, global_step=2995200
SPS: 1040
Epoch: 132, global_step=3018240
SPS: 1042
Epoch: 133, global_step=3041280
SPS: 1044
Epoch: 134, global_step=3064320
SPS: 1046
Epoch: 135, global_step=3087360
SPS: 1048
Epoch: 136, global_step=3110400
SPS: 1050
Epoch: 137, global_step=3133440
SPS: 1052
Epoch: 138, global_step=3156480
SPS: 1054
Epoch: 139, global_step=3179520
SPS: 1056
Epoch: 140, global_step=3202560
SPS: 1058
Epoch: 141, global_step=3225600
SPS: 1059
Epoch: 142, global_step=3248640
SPS: 1061
Epoch: 143, global_step=3271680
SPS: 1063
Epoch: 144, global_step=3294720
SPS: 1065
Epoch: 145, global_step=3317760
SPS: 1066
Epoch: 146, global_step=3340800
SPS: 1068
Epoch: 147, global_step=3363840
SPS: 1070
Epoch: 148, global_step=3386880
SPS: 1071
Epoch: 149, global_step=3409920
SPS: 1073
Epoch: 150, global_step=3432960
SPS: 1075
Epoch: 151, global_step=3456000
Evaluating
Evaluated 17280 steps resulting in 192 episodes
[32mEvaluation Metric: success_once[0m | [36mMean: 0.0156[0m
[32mEvaluation Metric: return[0m | [36mMean: 8.8738[0m
[32mEvaluation Metric: episode_len[0m | [36mMean: 90.0000[0m
[32mEvaluation Metric: reward[0m | [36mMean: 0.0986[0m
[32mEvaluation Metric: success_at_end[0m | [36mMean: 0.0052[0m
model saved to checkpoints/ppo_memtasks/rgb_joints_belief/normalized_dense/ShellGamePick-v0/ppo-last5-cvae-v6-ent0001-kl005-gamma095-lr1e4-33__33__rgb_joints_belief__20260125_183648/20260125_183648/ckpt_6_151.pt
SPS: 1035
Epoch: 152, global_step=3479040
SPS: 1037
Epoch: 153, global_step=3502080
SPS: 1039
Epoch: 154, global_step=3525120
SPS: 1041
Epoch: 155, global_step=3548160
SPS: 1042
Epoch: 156, global_step=3571200
SPS: 1044
Epoch: 157, global_step=3594240
SPS: 1046
Epoch: 158, global_step=3617280
SPS: 1047
Epoch: 159, global_step=3640320
SPS: 1049
Epoch: 160, global_step=3663360
SPS: 1051
Epoch: 161, global_step=3686400
SPS: 1052
Epoch: 162, global_step=3709440
SPS: 1054
Epoch: 163, global_step=3732480
SPS: 1055
Epoch: 164, global_step=3755520
SPS: 1057
Epoch: 165, global_step=3778560
SPS: 1058
Epoch: 166, global_step=3801600
SPS: 1060
Epoch: 167, global_step=3824640
SPS: 1061
Epoch: 168, global_step=3847680
SPS: 1063
Epoch: 169, global_step=3870720
SPS: 1064
Epoch: 170, global_step=3893760
SPS: 1066
Epoch: 171, global_step=3916800
SPS: 1067
Epoch: 172, global_step=3939840
SPS: 1069
Epoch: 173, global_step=3962880
SPS: 1070
Epoch: 174, global_step=3985920
SPS: 1072
Epoch: 175, global_step=4008960
SPS: 1073
Epoch: 176, global_step=4032000
Evaluating
Evaluated 17280 steps resulting in 192 episodes
[32mEvaluation Metric: success_once[0m | [36mMean: 0.0312[0m
[32mEvaluation Metric: return[0m | [36mMean: 11.3020[0m
[32mEvaluation Metric: episode_len[0m | [36mMean: 90.0000[0m
[32mEvaluation Metric: reward[0m | [36mMean: 0.1256[0m
[32mEvaluation Metric: success_at_end[0m | [36mMean: 0.0208[0m
model saved to checkpoints/ppo_memtasks/rgb_joints_belief/normalized_dense/ShellGamePick-v0/ppo-last5-cvae-v6-ent0001-kl005-gamma095-lr1e4-33__33__rgb_joints_belief__20260125_183648/20260125_183648/ckpt_7_176.pt
SPS: 1040
Epoch: 177, global_step=4055040
SPS: 1042
Epoch: 178, global_step=4078080
SPS: 1043
Epoch: 179, global_step=4101120
SPS: 1045
Epoch: 180, global_step=4124160
SPS: 1046
Epoch: 181, global_step=4147200
SPS: 1048
Epoch: 182, global_step=4170240
SPS: 1049
Epoch: 183, global_step=4193280
SPS: 1051
Epoch: 184, global_step=4216320
SPS: 1052
Epoch: 185, global_step=4239360
SPS: 1054
Epoch: 186, global_step=4262400
SPS: 1055
Epoch: 187, global_step=4285440
SPS: 1056
Epoch: 188, global_step=4308480
SPS: 1058
Epoch: 189, global_step=4331520
SPS: 1059
Epoch: 190, global_step=4354560
SPS: 1060
Epoch: 191, global_step=4377600
SPS: 1062
Epoch: 192, global_step=4400640
SPS: 1064
Epoch: 193, global_step=4423680
SPS: 1065
Epoch: 194, global_step=4446720
SPS: 1066
Epoch: 195, global_step=4469760
SPS: 1068
Epoch: 196, global_step=4492800
SPS: 1069
Epoch: 197, global_step=4515840
SPS: 1071
Epoch: 198, global_step=4538880
SPS: 1072
Epoch: 199, global_step=4561920
SPS: 1074
Epoch: 200, global_step=4584960
SPS: 1075
Epoch: 201, global_step=4608000
Evaluating
Evaluated 17280 steps resulting in 192 episodes
[32mEvaluation Metric: success_once[0m | [36mMean: 0.1042[0m
[32mEvaluation Metric: return[0m | [36mMean: 14.7873[0m
[32mEvaluation Metric: episode_len[0m | [36mMean: 90.0000[0m
[32mEvaluation Metric: reward[0m | [36mMean: 0.1643[0m
[32mEvaluation Metric: success_at_end[0m | [36mMean: 0.0573[0m
model saved to checkpoints/ppo_memtasks/rgb_joints_belief/normalized_dense/ShellGamePick-v0/ppo-last5-cvae-v6-ent0001-kl005-gamma095-lr1e4-33__33__rgb_joints_belief__20260125_183648/20260125_183648/ckpt_8_201.pt
SPS: 1046
Epoch: 202, global_step=4631040
SPS: 1047
Epoch: 203, global_step=4654080
SPS: 1048
Epoch: 204, global_step=4677120
SPS: 1050
Epoch: 205, global_step=4700160
SPS: 1051
Epoch: 206, global_step=4723200
SPS: 1052
Epoch: 207, global_step=4746240
SPS: 1053
Epoch: 208, global_step=4769280
SPS: 1055
Epoch: 209, global_step=4792320
SPS: 1056
Epoch: 210, global_step=4815360
SPS: 1057
Epoch: 211, global_step=4838400
SPS: 1058
Epoch: 212, global_step=4861440
SPS: 1059
Epoch: 213, global_step=4884480
SPS: 1061
Epoch: 214, global_step=4907520
SPS: 1062
Epoch: 215, global_step=4930560
SPS: 1063
Epoch: 216, global_step=4953600
SPS: 1064
Epoch: 217, global_step=4976640
SPS: 1066
Epoch: 218, global_step=4999680
SPS: 1067
Epoch: 219, global_step=5022720
SPS: 1068
Epoch: 220, global_step=5045760
SPS: 1069
Epoch: 221, global_step=5068800
SPS: 1071
Epoch: 222, global_step=5091840
SPS: 1072
Epoch: 223, global_step=5114880
SPS: 1073
Epoch: 224, global_step=5137920
SPS: 1074
Epoch: 225, global_step=5160960
SPS: 1076
Epoch: 226, global_step=5184000
Evaluating
Evaluated 17280 steps resulting in 192 episodes
[32mEvaluation Metric: success_once[0m | [36mMean: 0.2500[0m
[32mEvaluation Metric: return[0m | [36mMean: 18.4619[0m
[32mEvaluation Metric: episode_len[0m | [36mMean: 90.0000[0m
[32mEvaluation Metric: reward[0m | [36mMean: 0.2051[0m
[32mEvaluation Metric: success_at_end[0m | [36mMean: 0.0885[0m
model saved to checkpoints/ppo_memtasks/rgb_joints_belief/normalized_dense/ShellGamePick-v0/ppo-last5-cvae-v6-ent0001-kl005-gamma095-lr1e4-33__33__rgb_joints_belief__20260125_183648/20260125_183648/ckpt_9_226.pt
SPS: 1049
Epoch: 227, global_step=5207040
SPS: 1050
Epoch: 228, global_step=5230080
SPS: 1051
Epoch: 229, global_step=5253120
SPS: 1053
Epoch: 230, global_step=5276160
SPS: 1054
Epoch: 231, global_step=5299200
SPS: 1055
Epoch: 232, global_step=5322240
SPS: 1057
Epoch: 233, global_step=5345280
SPS: 1058
Epoch: 234, global_step=5368320
SPS: 1059
Epoch: 235, global_step=5391360
SPS: 1061
Epoch: 236, global_step=5414400
SPS: 1062
Epoch: 237, global_step=5437440
SPS: 1063
Epoch: 238, global_step=5460480
SPS: 1064
Epoch: 239, global_step=5483520
SPS: 1065
Epoch: 240, global_step=5506560
SPS: 1066
Epoch: 241, global_step=5529600
SPS: 1068
Epoch: 242, global_step=5552640
SPS: 1069
Epoch: 243, global_step=5575680
SPS: 1070
Epoch: 244, global_step=5598720
SPS: 1071
Epoch: 245, global_step=5621760
SPS: 1072
Epoch: 246, global_step=5644800
SPS: 1074
Epoch: 247, global_step=5667840
SPS: 1075
Epoch: 248, global_step=5690880
SPS: 1076
Epoch: 249, global_step=5713920
SPS: 1078
Epoch: 250, global_step=5736960
SPS: 1079
Epoch: 251, global_step=5760000
Evaluating
Evaluated 17280 steps resulting in 192 episodes
[32mEvaluation Metric: success_once[0m | [36mMean: 0.2760[0m
[32mEvaluation Metric: return[0m | [36mMean: 20.0810[0m
[32mEvaluation Metric: episode_len[0m | [36mMean: 90.0000[0m
[32mEvaluation Metric: reward[0m | [36mMean: 0.2231[0m
[32mEvaluation Metric: success_at_end[0m | [36mMean: 0.1562[0m
model saved to checkpoints/ppo_memtasks/rgb_joints_belief/normalized_dense/ShellGamePick-v0/ppo-last5-cvae-v6-ent0001-kl005-gamma095-lr1e4-33__33__rgb_joints_belief__20260125_183648/20260125_183648/ckpt_10_251.pt
SPS: 1055
Epoch: 252, global_step=5783040
SPS: 1056
Epoch: 253, global_step=5806080
SPS: 1057
Epoch: 254, global_step=5829120
SPS: 1059
Epoch: 255, global_step=5852160
SPS: 1060
Epoch: 256, global_step=5875200
SPS: 1061
Epoch: 257, global_step=5898240
SPS: 1063
Epoch: 258, global_step=5921280
SPS: 1064
Epoch: 259, global_step=5944320
SPS: 1065
Epoch: 260, global_step=5967360
SPS: 1067
Epoch: 261, global_step=5990400
SPS: 1068
Epoch: 262, global_step=6013440
SPS: 1069
Epoch: 263, global_step=6036480
SPS: 1070
Epoch: 264, global_step=6059520
SPS: 1071
Epoch: 265, global_step=6082560
SPS: 1073
Epoch: 266, global_step=6105600
SPS: 1074
Epoch: 267, global_step=6128640
SPS: 1075
Epoch: 268, global_step=6151680
SPS: 1077
Epoch: 269, global_step=6174720
SPS: 1078
Epoch: 270, global_step=6197760
SPS: 1079
Epoch: 271, global_step=6220800
SPS: 1080
Epoch: 272, global_step=6243840
SPS: 1082
Epoch: 273, global_step=6266880
SPS: 1083
Epoch: 274, global_step=6289920
SPS: 1084
Epoch: 275, global_step=6312960
SPS: 1085
Epoch: 276, global_step=6336000
Evaluating
Evaluated 17280 steps resulting in 192 episodes
[32mEvaluation Metric: success_once[0m | [36mMean: 0.4271[0m
[32mEvaluation Metric: return[0m | [36mMean: 24.2299[0m
[32mEvaluation Metric: episode_len[0m | [36mMean: 90.0000[0m
[32mEvaluation Metric: reward[0m | [36mMean: 0.2692[0m
[32mEvaluation Metric: success_at_end[0m | [36mMean: 0.2500[0m
model saved to checkpoints/ppo_memtasks/rgb_joints_belief/normalized_dense/ShellGamePick-v0/ppo-last5-cvae-v6-ent0001-kl005-gamma095-lr1e4-33__33__rgb_joints_belief__20260125_183648/20260125_183648/ckpt_11_276.pt
SPS: 1063
Epoch: 277, global_step=6359040
SPS: 1065
Epoch: 278, global_step=6382080
SPS: 1066
Epoch: 279, global_step=6405120
SPS: 1067
Epoch: 280, global_step=6428160
SPS: 1068
Epoch: 281, global_step=6451200
SPS: 1070
Epoch: 282, global_step=6474240
SPS: 1071
Epoch: 283, global_step=6497280
SPS: 1072
Epoch: 284, global_step=6520320
SPS: 1073
Epoch: 285, global_step=6543360
SPS: 1074
Epoch: 286, global_step=6566400
SPS: 1075
Epoch: 287, global_step=6589440
SPS: 1077
Epoch: 288, global_step=6612480
SPS: 1078
Epoch: 289, global_step=6635520
SPS: 1079
Epoch: 290, global_step=6658560
SPS: 1080
Epoch: 291, global_step=6681600
SPS: 1081
Epoch: 292, global_step=6704640
SPS: 1082
Epoch: 293, global_step=6727680
SPS: 1084
Epoch: 294, global_step=6750720
SPS: 1085
Epoch: 295, global_step=6773760
SPS: 1086
Epoch: 296, global_step=6796800
SPS: 1087
Epoch: 297, global_step=6819840
SPS: 1088
Epoch: 298, global_step=6842880
SPS: 1090
Epoch: 299, global_step=6865920
SPS: 1091
Epoch: 300, global_step=6888960
SPS: 1092
Epoch: 301, global_step=6912000
Evaluating
Evaluated 17280 steps resulting in 192 episodes
[32mEvaluation Metric: success_once[0m | [36mMean: 0.5260[0m
[32mEvaluation Metric: return[0m | [36mMean: 27.0866[0m
[32mEvaluation Metric: episode_len[0m | [36mMean: 90.0000[0m
[32mEvaluation Metric: reward[0m | [36mMean: 0.3010[0m
[32mEvaluation Metric: success_at_end[0m | [36mMean: 0.3646[0m
model saved to checkpoints/ppo_memtasks/rgb_joints_belief/normalized_dense/ShellGamePick-v0/ppo-last5-cvae-v6-ent0001-kl005-gamma095-lr1e4-33__33__rgb_joints_belief__20260125_183648/20260125_183648/ckpt_12_301.pt
SPS: 1071
Epoch: 302, global_step=6935040
SPS: 1072
Epoch: 303, global_step=6958080
SPS: 1073
Epoch: 304, global_step=6981120
SPS: 1074
Epoch: 305, global_step=7004160
SPS: 1076
Epoch: 306, global_step=7027200
SPS: 1077
Epoch: 307, global_step=7050240
SPS: 1078
Epoch: 308, global_step=7073280
SPS: 1079
Epoch: 309, global_step=7096320
SPS: 1080
Epoch: 310, global_step=7119360
SPS: 1081
Epoch: 311, global_step=7142400
SPS: 1082
Epoch: 312, global_step=7165440
SPS: 1083
Epoch: 313, global_step=7188480
SPS: 1084
Epoch: 314, global_step=7211520
SPS: 1085
Epoch: 315, global_step=7234560
SPS: 1086
Epoch: 316, global_step=7257600
SPS: 1087
Epoch: 317, global_step=7280640
SPS: 1088
Epoch: 318, global_step=7303680
SPS: 1089
Epoch: 319, global_step=7326720
SPS: 1090
Epoch: 320, global_step=7349760
SPS: 1091
Epoch: 321, global_step=7372800
SPS: 1092
Epoch: 322, global_step=7395840
SPS: 1093
Epoch: 323, global_step=7418880
SPS: 1094
Epoch: 324, global_step=7441920
SPS: 1095
Epoch: 325, global_step=7464960
SPS: 1096
Epoch: 326, global_step=7488000
Evaluating
Evaluated 17280 steps resulting in 192 episodes
[32mEvaluation Metric: success_once[0m | [36mMean: 0.3698[0m
[32mEvaluation Metric: return[0m | [36mMean: 21.6213[0m
[32mEvaluation Metric: episode_len[0m | [36mMean: 90.0000[0m
[32mEvaluation Metric: reward[0m | [36mMean: 0.2402[0m
[32mEvaluation Metric: success_at_end[0m | [36mMean: 0.2604[0m
model saved to checkpoints/ppo_memtasks/rgb_joints_belief/normalized_dense/ShellGamePick-v0/ppo-last5-cvae-v6-ent0001-kl005-gamma095-lr1e4-33__33__rgb_joints_belief__20260125_183648/20260125_183648/ckpt_13_326.pt
SPS: 1077
Epoch: 327, global_step=7511040
SPS: 1078
Epoch: 328, global_step=7534080
SPS: 1079
Epoch: 329, global_step=7557120
SPS: 1080
Epoch: 330, global_step=7580160
SPS: 1081
Epoch: 331, global_step=7603200
SPS: 1082
Epoch: 332, global_step=7626240
SPS: 1083
Epoch: 333, global_step=7649280
SPS: 1084
Epoch: 334, global_step=7672320
SPS: 1085
Epoch: 335, global_step=7695360
SPS: 1086
Epoch: 336, global_step=7718400
SPS: 1087
Epoch: 337, global_step=7741440
SPS: 1088
Epoch: 338, global_step=7764480
SPS: 1089
Epoch: 339, global_step=7787520
SPS: 1089
Epoch: 340, global_step=7810560
SPS: 1090
Epoch: 341, global_step=7833600
SPS: 1091
Epoch: 342, global_step=7856640
SPS: 1092
Epoch: 343, global_step=7879680
SPS: 1093
Epoch: 344, global_step=7902720
SPS: 1094
Epoch: 345, global_step=7925760
SPS: 1095
Epoch: 346, global_step=7948800
SPS: 1096
Epoch: 347, global_step=7971840
SPS: 1097
Epoch: 348, global_step=7994880
SPS: 1098
Epoch: 349, global_step=8017920
SPS: 1099
Epoch: 350, global_step=8040960
SPS: 1100
Epoch: 351, global_step=8064000
Evaluating
Evaluated 17280 steps resulting in 192 episodes
[32mEvaluation Metric: success_once[0m | [36mMean: 0.5938[0m
[32mEvaluation Metric: return[0m | [36mMean: 31.9561[0m
[32mEvaluation Metric: episode_len[0m | [36mMean: 90.0000[0m
[32mEvaluation Metric: reward[0m | [36mMean: 0.3551[0m
[32mEvaluation Metric: success_at_end[0m | [36mMean: 0.3750[0m
model saved to checkpoints/ppo_memtasks/rgb_joints_belief/normalized_dense/ShellGamePick-v0/ppo-last5-cvae-v6-ent0001-kl005-gamma095-lr1e4-33__33__rgb_joints_belief__20260125_183648/20260125_183648/ckpt_14_351.pt
SPS: 1082
Epoch: 352, global_step=8087040
SPS: 1083
Epoch: 353, global_step=8110080
SPS: 1084
Epoch: 354, global_step=8133120
SPS: 1085
Epoch: 355, global_step=8156160
SPS: 1086
Epoch: 356, global_step=8179200
SPS: 1087
Epoch: 357, global_step=8202240
SPS: 1088
Epoch: 358, global_step=8225280
SPS: 1089
Epoch: 359, global_step=8248320
SPS: 1090
Epoch: 360, global_step=8271360
SPS: 1090
Epoch: 361, global_step=8294400
SPS: 1091
Epoch: 362, global_step=8317440
SPS: 1092
Epoch: 363, global_step=8340480
SPS: 1093
Epoch: 364, global_step=8363520
SPS: 1094
Epoch: 365, global_step=8386560
SPS: 1095
Epoch: 366, global_step=8409600
SPS: 1096
Epoch: 367, global_step=8432640
SPS: 1097
Epoch: 368, global_step=8455680
SPS: 1098
Epoch: 369, global_step=8478720
SPS: 1099
Epoch: 370, global_step=8501760
SPS: 1100
Epoch: 371, global_step=8524800
SPS: 1100
Epoch: 372, global_step=8547840
SPS: 1101
Epoch: 373, global_step=8570880
SPS: 1102
Epoch: 374, global_step=8593920
SPS: 1103
Epoch: 375, global_step=8616960
SPS: 1104
Epoch: 376, global_step=8640000
Evaluating
Evaluated 17280 steps resulting in 192 episodes
[32mEvaluation Metric: success_once[0m | [36mMean: 0.6198[0m
[32mEvaluation Metric: return[0m | [36mMean: 33.7978[0m
[32mEvaluation Metric: episode_len[0m | [36mMean: 90.0000[0m
[32mEvaluation Metric: reward[0m | [36mMean: 0.3755[0m
[32mEvaluation Metric: success_at_end[0m | [36mMean: 0.5052[0m
model saved to checkpoints/ppo_memtasks/rgb_joints_belief/normalized_dense/ShellGamePick-v0/ppo-last5-cvae-v6-ent0001-kl005-gamma095-lr1e4-33__33__rgb_joints_belief__20260125_183648/20260125_183648/ckpt_15_376.pt
SPS: 1087
Epoch: 377, global_step=8663040
SPS: 1088
Epoch: 378, global_step=8686080
SPS: 1089
Epoch: 379, global_step=8709120
SPS: 1090
Epoch: 380, global_step=8732160
SPS: 1090
Epoch: 381, global_step=8755200
SPS: 1091
Epoch: 382, global_step=8778240
SPS: 1092
Epoch: 383, global_step=8801280
SPS: 1093
Epoch: 384, global_step=8824320
SPS: 1094
Epoch: 385, global_step=8847360
SPS: 1095
Epoch: 386, global_step=8870400
SPS: 1095
Epoch: 387, global_step=8893440
SPS: 1096
Epoch: 388, global_step=8916480
SPS: 1097
Epoch: 389, global_step=8939520
SPS: 1098
Epoch: 390, global_step=8962560
SPS: 1099
Epoch: 391, global_step=8985600
SPS: 1100
Epoch: 392, global_step=9008640
SPS: 1100
Epoch: 393, global_step=9031680
SPS: 1101
Epoch: 394, global_step=9054720
SPS: 1102
Epoch: 395, global_step=9077760
SPS: 1103
Epoch: 396, global_step=9100800
SPS: 1104
Epoch: 397, global_step=9123840
SPS: 1105
Epoch: 398, global_step=9146880
SPS: 1106
Epoch: 399, global_step=9169920
SPS: 1107
Epoch: 400, global_step=9192960
SPS: 1107
Epoch: 401, global_step=9216000
Evaluating
Evaluated 17280 steps resulting in 192 episodes
[32mEvaluation Metric: success_once[0m | [36mMean: 0.7500[0m
[32mEvaluation Metric: return[0m | [36mMean: 39.0725[0m
[32mEvaluation Metric: episode_len[0m | [36mMean: 90.0000[0m
[32mEvaluation Metric: reward[0m | [36mMean: 0.4341[0m
[32mEvaluation Metric: success_at_end[0m | [36mMean: 0.6458[0m
model saved to checkpoints/ppo_memtasks/rgb_joints_belief/normalized_dense/ShellGamePick-v0/ppo-last5-cvae-v6-ent0001-kl005-gamma095-lr1e4-33__33__rgb_joints_belief__20260125_183648/20260125_183648/ckpt_16_401.pt
SPS: 1092
Epoch: 402, global_step=9239040
SPS: 1093
Epoch: 403, global_step=9262080
SPS: 1093
Epoch: 404, global_step=9285120
SPS: 1094
Epoch: 405, global_step=9308160
SPS: 1095
Epoch: 406, global_step=9331200
SPS: 1096
Epoch: 407, global_step=9354240
SPS: 1097
Epoch: 408, global_step=9377280
SPS: 1098
Epoch: 409, global_step=9400320
SPS: 1099
Epoch: 410, global_step=9423360
SPS: 1099
Epoch: 411, global_step=9446400
SPS: 1100
Epoch: 412, global_step=9469440
SPS: 1101
Epoch: 413, global_step=9492480
SPS: 1102
Epoch: 414, global_step=9515520
SPS: 1103
Epoch: 415, global_step=9538560
SPS: 1104
Epoch: 416, global_step=9561600
SPS: 1105
Epoch: 417, global_step=9584640
SPS: 1106
Epoch: 418, global_step=9607680
SPS: 1106
Epoch: 419, global_step=9630720
SPS: 1107
Epoch: 420, global_step=9653760
SPS: 1108
Epoch: 421, global_step=9676800
SPS: 1109
Epoch: 422, global_step=9699840
SPS: 1110
Epoch: 423, global_step=9722880
SPS: 1111
Epoch: 424, global_step=9745920
SPS: 1111
Epoch: 425, global_step=9768960
SPS: 1112
Epoch: 426, global_step=9792000
Evaluating
Evaluated 17280 steps resulting in 192 episodes
[32mEvaluation Metric: success_once[0m | [36mMean: 0.8073[0m
[32mEvaluation Metric: return[0m | [36mMean: 42.6651[0m
[32mEvaluation Metric: episode_len[0m | [36mMean: 90.0000[0m
[32mEvaluation Metric: reward[0m | [36mMean: 0.4741[0m
[32mEvaluation Metric: success_at_end[0m | [36mMean: 0.7188[0m
model saved to checkpoints/ppo_memtasks/rgb_joints_belief/normalized_dense/ShellGamePick-v0/ppo-last5-cvae-v6-ent0001-kl005-gamma095-lr1e4-33__33__rgb_joints_belief__20260125_183648/20260125_183648/ckpt_17_426.pt
SPS: 1097
Epoch: 427, global_step=9815040
SPS: 1098
Epoch: 428, global_step=9838080
SPS: 1099
Epoch: 429, global_step=9861120
SPS: 1100
Epoch: 430, global_step=9884160
SPS: 1100
Epoch: 431, global_step=9907200
SPS: 1101
Epoch: 432, global_step=9930240
SPS: 1102
Epoch: 433, global_step=9953280
SPS: 1103
Epoch: 434, global_step=9976320
SPS: 1104
Epoch: 435, global_step=9999360
SPS: 1104
Epoch: 436, global_step=10022400
SPS: 1105
Epoch: 437, global_step=10045440
SPS: 1106
Epoch: 438, global_step=10068480
SPS: 1107
Epoch: 439, global_step=10091520
SPS: 1107
Epoch: 440, global_step=10114560
SPS: 1108
Epoch: 441, global_step=10137600
SPS: 1109
Epoch: 442, global_step=10160640
SPS: 1110
Epoch: 443, global_step=10183680
SPS: 1111
Epoch: 444, global_step=10206720
SPS: 1111
Epoch: 445, global_step=10229760
SPS: 1112
Epoch: 446, global_step=10252800
SPS: 1113
Epoch: 447, global_step=10275840
SPS: 1114
Epoch: 448, global_step=10298880
SPS: 1114
Epoch: 449, global_step=10321920
SPS: 1115
Epoch: 450, global_step=10344960
SPS: 1116
model saved to checkpoints/ppo_memtasks/rgb_joints_belief/normalized_dense/ShellGamePick-v0/ppo-last5-cvae-v6-ent0001-kl005-gamma095-lr1e4-33__33__rgb_joints_belief__20260125_183648/20260125_183648/final_ckpt.pt
Running RememberShapeAndColor3x2-v0 with belief, seed 42

===========================================================================
║                        Environment Configuration                        ║
===========================================================================
║ Environment ID: ShellGamePick-v0                                        ║
║ Oracle Info:    cup_with_ball_number                                    ║
║ Wrappers:                                                               ║
║    ├─ InitialZeroActionWrapper                                         ║
║    │  └─ {'n_initial_steps': 0}                                           ║
║    ├─ RenderStepInfoWrapper                                            ║
║    ├─ ShellGameRenderCupInfoWrapper                                    ║
║    ├─ RenderRewardInfoWrapper                                          ║
║    ├─ DebugRewardWrapper                                               ║
║-------------------------------------------------------------------------║
║ include_state:       False │ state will not be used                ║
║ include_rgb:         True  │ rgb images will be used               ║
║ include_oracle:      False │ oracle info will not be used          ║
║ include_joints:      True  │ joints will be used                   ║
===========================================================================

MODE='rgb_joints_belief'
prompt_info=None
Saving eval videos to checkpoints/ppo_memtasks/rgb_joints_belief/normalized_dense/ShellGamePick-v0/ppo-last5-cvae-v6-ent0001-kl005-gamma095-lr1e4-42__42__rgb_joints_belief__20260125_211154/20260125_211154/videos
======================================================================
Max Episode Steps: 90
======================================================================

Loading belief model from /local/s4176650/sphinx/storage_cvae/ShellGamePick-v0_cvae_mikasa_last5_v6_1/final_vae_model.pt
  phi_dim=16, latent_dim=32
Belief model loaded successfully. Memory size: 768
Running training

####
args.num_iterations=450 args.num_envs=256 args.num_eval_envs=16
args.minibatch_size=720 args.batch_size=23040 args.update_epochs=4
####

sample_obs.keys()=dict_keys(['joints', 'rgb'])
joints: torch.Size([256, 25])
rgb: torch.Size([256, 128, 128, 3])


Epoch: 1, global_step=0
Evaluating
Evaluated 17280 steps resulting in 192 episodes
[32mEvaluation Metric: success_once[0m | [36mMean: 0.0000[0m
[32mEvaluation Metric: return[0m | [36mMean: 0.0109[0m
[32mEvaluation Metric: episode_len[0m | [36mMean: 90.0000[0m
[32mEvaluation Metric: reward[0m | [36mMean: 0.0001[0m
[32mEvaluation Metric: success_at_end[0m | [36mMean: 0.0000[0m
model saved to checkpoints/ppo_memtasks/rgb_joints_belief/normalized_dense/ShellGamePick-v0/ppo-last5-cvae-v6-ent0001-kl005-gamma095-lr1e4-42__42__rgb_joints_belief__20260125_211154/20260125_211154/ckpt_0_1.pt
SPS: 182
Epoch: 2, global_step=23040
SPS: 325
Epoch: 3, global_step=46080
SPS: 442
Epoch: 4, global_step=69120
SPS: 537
Epoch: 5, global_step=92160
SPS: 617
Epoch: 6, global_step=115200
SPS: 684
Epoch: 7, global_step=138240
SPS: 741
Epoch: 8, global_step=161280
SPS: 791
Epoch: 9, global_step=184320
SPS: 833
Epoch: 10, global_step=207360
SPS: 871
Epoch: 11, global_step=230400
SPS: 904
Epoch: 12, global_step=253440
SPS: 933
Epoch: 13, global_step=276480
SPS: 959
Epoch: 14, global_step=299520
SPS: 982
Epoch: 15, global_step=322560
SPS: 1003
Epoch: 16, global_step=345600
SPS: 1022
Epoch: 17, global_step=368640
SPS: 1040
Epoch: 18, global_step=391680
SPS: 1056
Epoch: 19, global_step=414720
SPS: 1070
Epoch: 20, global_step=437760
SPS: 1084
Epoch: 21, global_step=460800
SPS: 1096
Epoch: 22, global_step=483840
SPS: 1109
Epoch: 23, global_step=506880
SPS: 1120
Epoch: 24, global_step=529920
SPS: 1131
Epoch: 25, global_step=552960
SPS: 1141
Epoch: 26, global_step=576000
Evaluating
Evaluated 17280 steps resulting in 192 episodes
[32mEvaluation Metric: success_once[0m | [36mMean: 0.0000[0m
[32mEvaluation Metric: return[0m | [36mMean: 1.3054[0m
[32mEvaluation Metric: episode_len[0m | [36mMean: 90.0000[0m
[32mEvaluation Metric: reward[0m | [36mMean: 0.0145[0m
[32mEvaluation Metric: success_at_end[0m | [36mMean: 0.0000[0m
model saved to checkpoints/ppo_memtasks/rgb_joints_belief/normalized_dense/ShellGamePick-v0/ppo-last5-cvae-v6-ent0001-kl005-gamma095-lr1e4-42__42__rgb_joints_belief__20260125_211154/20260125_211154/ckpt_1_26.pt
SPS: 923
Epoch: 27, global_step=599040
SPS: 936
Epoch: 28, global_step=622080
SPS: 949
Epoch: 29, global_step=645120
SPS: 960
Epoch: 30, global_step=668160
SPS: 971
Epoch: 31, global_step=691200
SPS: 981
Epoch: 32, global_step=714240
SPS: 992
Epoch: 33, global_step=737280
SPS: 1001
Epoch: 34, global_step=760320
SPS: 1010
Epoch: 35, global_step=783360
SPS: 1019
Epoch: 36, global_step=806400
SPS: 1027
Epoch: 37, global_step=829440
SPS: 1035
Epoch: 38, global_step=852480
SPS: 1042
Epoch: 39, global_step=875520
SPS: 1049
Epoch: 40, global_step=898560
SPS: 1056
Epoch: 41, global_step=921600
SPS: 1062
Epoch: 42, global_step=944640
SPS: 1068
Epoch: 43, global_step=967680
SPS: 1074
Epoch: 44, global_step=990720
SPS: 1080
Epoch: 45, global_step=1013760
SPS: 1085
Epoch: 46, global_step=1036800
SPS: 1091
Epoch: 47, global_step=1059840
SPS: 1096
Epoch: 48, global_step=1082880
SPS: 1101
Epoch: 49, global_step=1105920
SPS: 1106
Epoch: 50, global_step=1128960
SPS: 1111
Epoch: 51, global_step=1152000
Evaluating
Evaluated 17280 steps resulting in 192 episodes
[32mEvaluation Metric: success_once[0m | [36mMean: 0.0000[0m
[32mEvaluation Metric: return[0m | [36mMean: 1.3963[0m
[32mEvaluation Metric: episode_len[0m | [36mMean: 90.0000[0m
[32mEvaluation Metric: reward[0m | [36mMean: 0.0155[0m
[32mEvaluation Metric: success_at_end[0m | [36mMean: 0.0000[0m
model saved to checkpoints/ppo_memtasks/rgb_joints_belief/normalized_dense/ShellGamePick-v0/ppo-last5-cvae-v6-ent0001-kl005-gamma095-lr1e4-42__42__rgb_joints_belief__20260125_211154/20260125_211154/ckpt_2_51.pt
SPS: 995
Epoch: 52, global_step=1175040
SPS: 1001
Epoch: 53, global_step=1198080
SPS: 1007
Epoch: 54, global_step=1221120
SPS: 1012
Epoch: 55, global_step=1244160
SPS: 1018
Epoch: 56, global_step=1267200
SPS: 1023
Epoch: 57, global_step=1290240
SPS: 1028
Epoch: 58, global_step=1313280
SPS: 1033
Epoch: 59, global_step=1336320
SPS: 1038
Epoch: 60, global_step=1359360
SPS: 1043
Epoch: 61, global_step=1382400
SPS: 1047
Epoch: 62, global_step=1405440
SPS: 1052
Epoch: 63, global_step=1428480
SPS: 1056
Epoch: 64, global_step=1451520
SPS: 1060
Epoch: 65, global_step=1474560
SPS: 1066
Epoch: 66, global_step=1497600
SPS: 1070
Epoch: 67, global_step=1520640
SPS: 1074
Epoch: 68, global_step=1543680
SPS: 1078
Epoch: 69, global_step=1566720
SPS: 1082
Epoch: 70, global_step=1589760
SPS: 1086
Epoch: 71, global_step=1612800
SPS: 1089
Epoch: 72, global_step=1635840
SPS: 1093
Epoch: 73, global_step=1658880
SPS: 1097
Epoch: 74, global_step=1681920
SPS: 1100
Epoch: 75, global_step=1704960
SPS: 1104
Epoch: 76, global_step=1728000
Evaluating
Evaluated 17280 steps resulting in 192 episodes
[32mEvaluation Metric: success_once[0m | [36mMean: 0.0000[0m
[32mEvaluation Metric: return[0m | [36mMean: 1.4498[0m
[32mEvaluation Metric: episode_len[0m | [36mMean: 90.0000[0m
[32mEvaluation Metric: reward[0m | [36mMean: 0.0161[0m
[32mEvaluation Metric: success_at_end[0m | [36mMean: 0.0000[0m
model saved to checkpoints/ppo_memtasks/rgb_joints_belief/normalized_dense/ShellGamePick-v0/ppo-last5-cvae-v6-ent0001-kl005-gamma095-lr1e4-42__42__rgb_joints_belief__20260125_211154/20260125_211154/ckpt_3_76.pt
SPS: 1025
Epoch: 77, global_step=1751040
SPS: 1029
Epoch: 78, global_step=1774080
SPS: 1032
Epoch: 79, global_step=1797120
SPS: 1035
Epoch: 80, global_step=1820160
SPS: 1039
Epoch: 81, global_step=1843200
SPS: 1042
Epoch: 82, global_step=1866240
SPS: 1045
Epoch: 83, global_step=1889280
SPS: 1049
Epoch: 84, global_step=1912320
SPS: 1052
Epoch: 85, global_step=1935360
SPS: 1055
Epoch: 86, global_step=1958400
SPS: 1058
Epoch: 87, global_step=1981440
SPS: 1061
Epoch: 88, global_step=2004480
SPS: 1064
Epoch: 89, global_step=2027520
SPS: 1067
Epoch: 90, global_step=2050560
SPS: 1070
Epoch: 91, global_step=2073600
SPS: 1073
Epoch: 92, global_step=2096640
SPS: 1076
Epoch: 93, global_step=2119680
SPS: 1079
Epoch: 94, global_step=2142720
SPS: 1082
Epoch: 95, global_step=2165760
SPS: 1085
Epoch: 96, global_step=2188800
SPS: 1087
Epoch: 97, global_step=2211840
SPS: 1090
Epoch: 98, global_step=2234880
SPS: 1092
Epoch: 99, global_step=2257920
SPS: 1095
Epoch: 100, global_step=2280960
SPS: 1097
Epoch: 101, global_step=2304000
Evaluating
Evaluated 17280 steps resulting in 192 episodes
[32mEvaluation Metric: success_once[0m | [36mMean: 0.0000[0m
[32mEvaluation Metric: return[0m | [36mMean: 1.6748[0m
[32mEvaluation Metric: episode_len[0m | [36mMean: 90.0000[0m
[32mEvaluation Metric: reward[0m | [36mMean: 0.0186[0m
[32mEvaluation Metric: success_at_end[0m | [36mMean: 0.0000[0m
model saved to checkpoints/ppo_memtasks/rgb_joints_belief/normalized_dense/ShellGamePick-v0/ppo-last5-cvae-v6-ent0001-kl005-gamma095-lr1e4-42__42__rgb_joints_belief__20260125_211154/20260125_211154/ckpt_4_101.pt
SPS: 1038
Epoch: 102, global_step=2327040
SPS: 1041
Epoch: 103, global_step=2350080
SPS: 1043
Epoch: 104, global_step=2373120
SPS: 1046
Epoch: 105, global_step=2396160
SPS: 1049
Epoch: 106, global_step=2419200
SPS: 1052
Epoch: 107, global_step=2442240
SPS: 1054
Epoch: 108, global_step=2465280
SPS: 1057
Epoch: 109, global_step=2488320
SPS: 1059
Epoch: 110, global_step=2511360
SPS: 1062
Epoch: 111, global_step=2534400
SPS: 1064
Epoch: 112, global_step=2557440
SPS: 1066
Epoch: 113, global_step=2580480
SPS: 1069
Epoch: 114, global_step=2603520
SPS: 1071
Epoch: 115, global_step=2626560
SPS: 1073
Epoch: 116, global_step=2649600
SPS: 1076
Epoch: 117, global_step=2672640
SPS: 1078
Epoch: 118, global_step=2695680
SPS: 1080
Epoch: 119, global_step=2718720
SPS: 1083
Epoch: 120, global_step=2741760
SPS: 1085
Epoch: 121, global_step=2764800
SPS: 1087
Epoch: 122, global_step=2787840
SPS: 1089
Epoch: 123, global_step=2810880
SPS: 1091
Epoch: 124, global_step=2833920
SPS: 1093
Epoch: 125, global_step=2856960
SPS: 1095
Epoch: 126, global_step=2880000
Evaluating
Evaluated 17280 steps resulting in 192 episodes
[32mEvaluation Metric: success_once[0m | [36mMean: 0.0000[0m
[32mEvaluation Metric: return[0m | [36mMean: 2.3856[0m
[32mEvaluation Metric: episode_len[0m | [36mMean: 90.0000[0m
[32mEvaluation Metric: reward[0m | [36mMean: 0.0265[0m
[32mEvaluation Metric: success_at_end[0m | [36mMean: 0.0000[0m
model saved to checkpoints/ppo_memtasks/rgb_joints_belief/normalized_dense/ShellGamePick-v0/ppo-last5-cvae-v6-ent0001-kl005-gamma095-lr1e4-42__42__rgb_joints_belief__20260125_211154/20260125_211154/ckpt_5_126.pt
SPS: 1047
Epoch: 127, global_step=2903040
SPS: 1049
Epoch: 128, global_step=2926080
SPS: 1051
Epoch: 129, global_step=2949120
SPS: 1054
Epoch: 130, global_step=2972160
SPS: 1056
Epoch: 131, global_step=2995200
SPS: 1057
Epoch: 132, global_step=3018240
SPS: 1059
Epoch: 133, global_step=3041280
SPS: 1062
Epoch: 134, global_step=3064320
SPS: 1064
Epoch: 135, global_step=3087360
SPS: 1066
Epoch: 136, global_step=3110400
SPS: 1068
Epoch: 137, global_step=3133440
SPS: 1071
Epoch: 138, global_step=3156480
SPS: 1073
Epoch: 139, global_step=3179520
SPS: 1075
Epoch: 140, global_step=3202560
SPS: 1077
Epoch: 141, global_step=3225600
SPS: 1078
Epoch: 142, global_step=3248640
SPS: 1080
Epoch: 143, global_step=3271680
SPS: 1082
Epoch: 144, global_step=3294720
SPS: 1084
Epoch: 145, global_step=3317760
SPS: 1086
Epoch: 146, global_step=3340800
SPS: 1088
Epoch: 147, global_step=3363840
SPS: 1090
Epoch: 148, global_step=3386880
SPS: 1092
Epoch: 149, global_step=3409920
SPS: 1094
Epoch: 150, global_step=3432960
SPS: 1097
Epoch: 151, global_step=3456000
Evaluating
Evaluated 17280 steps resulting in 192 episodes
[32mEvaluation Metric: success_once[0m | [36mMean: 0.0052[0m
[32mEvaluation Metric: return[0m | [36mMean: 4.4191[0m
[32mEvaluation Metric: episode_len[0m | [36mMean: 90.0000[0m
[32mEvaluation Metric: reward[0m | [36mMean: 0.0491[0m
[32mEvaluation Metric: success_at_end[0m | [36mMean: 0.0000[0m
model saved to checkpoints/ppo_memtasks/rgb_joints_belief/normalized_dense/ShellGamePick-v0/ppo-last5-cvae-v6-ent0001-kl005-gamma095-lr1e4-42__42__rgb_joints_belief__20260125_211154/20260125_211154/ckpt_6_151.pt
SPS: 1057
Epoch: 152, global_step=3479040
SPS: 1059
Epoch: 153, global_step=3502080
SPS: 1061
Epoch: 154, global_step=3525120
SPS: 1063
Epoch: 155, global_step=3548160
SPS: 1064
Epoch: 156, global_step=3571200
SPS: 1066
Epoch: 157, global_step=3594240
SPS: 1069
Epoch: 158, global_step=3617280
SPS: 1071
Epoch: 159, global_step=3640320
SPS: 1073
Epoch: 160, global_step=3663360
SPS: 1075
Epoch: 161, global_step=3686400
SPS: 1077
Epoch: 162, global_step=3709440
SPS: 1079
Epoch: 163, global_step=3732480
SPS: 1080
Epoch: 164, global_step=3755520
SPS: 1082
Epoch: 165, global_step=3778560
SPS: 1084
Epoch: 166, global_step=3801600
SPS: 1086
Epoch: 167, global_step=3824640
SPS: 1088
Epoch: 168, global_step=3847680
SPS: 1090
Epoch: 169, global_step=3870720
SPS: 1091
Epoch: 170, global_step=3893760
SPS: 1093
Epoch: 171, global_step=3916800
SPS: 1095
Epoch: 172, global_step=3939840
SPS: 1097
Epoch: 173, global_step=3962880
SPS: 1099
Epoch: 174, global_step=3985920
SPS: 1101
Epoch: 175, global_step=4008960
SPS: 1103
Epoch: 176, global_step=4032000
Evaluating
Evaluated 17280 steps resulting in 192 episodes
[32mEvaluation Metric: success_once[0m | [36mMean: 0.0000[0m
[32mEvaluation Metric: return[0m | [36mMean: 3.6412[0m
[32mEvaluation Metric: episode_len[0m | [36mMean: 90.0000[0m
[32mEvaluation Metric: reward[0m | [36mMean: 0.0405[0m
[32mEvaluation Metric: success_at_end[0m | [36mMean: 0.0000[0m
model saved to checkpoints/ppo_memtasks/rgb_joints_belief/normalized_dense/ShellGamePick-v0/ppo-last5-cvae-v6-ent0001-kl005-gamma095-lr1e4-42__42__rgb_joints_belief__20260125_211154/20260125_211154/ckpt_7_176.pt
SPS: 1067
Epoch: 177, global_step=4055040
SPS: 1068
Epoch: 178, global_step=4078080
SPS: 1070
Epoch: 179, global_step=4101120
SPS: 1072
Epoch: 180, global_step=4124160
SPS: 1074
Epoch: 181, global_step=4147200
SPS: 1076
Epoch: 182, global_step=4170240
SPS: 1077
Epoch: 183, global_step=4193280
SPS: 1079
Epoch: 184, global_step=4216320
SPS: 1081
Epoch: 185, global_step=4239360
SPS: 1082
Epoch: 186, global_step=4262400
SPS: 1084
Epoch: 187, global_step=4285440
SPS: 1086
Epoch: 188, global_step=4308480
SPS: 1088
Epoch: 189, global_step=4331520
SPS: 1089
Epoch: 190, global_step=4354560
SPS: 1091
Epoch: 191, global_step=4377600
SPS: 1092
Epoch: 192, global_step=4400640
SPS: 1094
Epoch: 193, global_step=4423680
SPS: 1096
Epoch: 194, global_step=4446720
SPS: 1097
Epoch: 195, global_step=4469760
SPS: 1099
Epoch: 196, global_step=4492800
SPS: 1101
Epoch: 197, global_step=4515840
SPS: 1103
Epoch: 198, global_step=4538880
SPS: 1104
Epoch: 199, global_step=4561920
SPS: 1106
Epoch: 200, global_step=4584960
SPS: 1107
Epoch: 201, global_step=4608000
Evaluating
Evaluated 17280 steps resulting in 192 episodes
[32mEvaluation Metric: success_once[0m | [36mMean: 0.0000[0m
[32mEvaluation Metric: return[0m | [36mMean: 5.2661[0m
[32mEvaluation Metric: episode_len[0m | [36mMean: 90.0000[0m
[32mEvaluation Metric: reward[0m | [36mMean: 0.0585[0m
[32mEvaluation Metric: success_at_end[0m | [36mMean: 0.0000[0m
model saved to checkpoints/ppo_memtasks/rgb_joints_belief/normalized_dense/ShellGamePick-v0/ppo-last5-cvae-v6-ent0001-kl005-gamma095-lr1e4-42__42__rgb_joints_belief__20260125_211154/20260125_211154/ckpt_8_201.pt
SPS: 1075
Epoch: 202, global_step=4631040
SPS: 1077
Epoch: 203, global_step=4654080
SPS: 1079
Epoch: 204, global_step=4677120
SPS: 1081
Epoch: 205, global_step=4700160
SPS: 1082
Epoch: 206, global_step=4723200
SPS: 1084
Epoch: 207, global_step=4746240
SPS: 1085
Epoch: 208, global_step=4769280
SPS: 1087
Epoch: 209, global_step=4792320
SPS: 1089
Epoch: 210, global_step=4815360
SPS: 1090
Epoch: 211, global_step=4838400
SPS: 1092
Epoch: 212, global_step=4861440
SPS: 1093
Epoch: 213, global_step=4884480
SPS: 1095
Epoch: 214, global_step=4907520
SPS: 1096
Epoch: 215, global_step=4930560
SPS: 1097
Epoch: 216, global_step=4953600
SPS: 1099
Epoch: 217, global_step=4976640
SPS: 1101
Epoch: 218, global_step=4999680
SPS: 1102
Epoch: 219, global_step=5022720
SPS: 1104
Epoch: 220, global_step=5045760
SPS: 1105
Epoch: 221, global_step=5068800
SPS: 1107
Epoch: 222, global_step=5091840
SPS: 1108
Epoch: 223, global_step=5114880
SPS: 1110
Epoch: 224, global_step=5137920
SPS: 1111
Epoch: 225, global_step=5160960
SPS: 1112
Epoch: 226, global_step=5184000
Evaluating
Evaluated 17280 steps resulting in 192 episodes
[32mEvaluation Metric: success_once[0m | [36mMean: 0.0000[0m
[32mEvaluation Metric: return[0m | [36mMean: 5.3693[0m
[32mEvaluation Metric: episode_len[0m | [36mMean: 90.0000[0m
[32mEvaluation Metric: reward[0m | [36mMean: 0.0597[0m
[32mEvaluation Metric: success_at_end[0m | [36mMean: 0.0000[0m
model saved to checkpoints/ppo_memtasks/rgb_joints_belief/normalized_dense/ShellGamePick-v0/ppo-last5-cvae-v6-ent0001-kl005-gamma095-lr1e4-42__42__rgb_joints_belief__20260125_211154/20260125_211154/ckpt_9_226.pt
SPS: 1084
Epoch: 227, global_step=5207040
SPS: 1086
Epoch: 228, global_step=5230080
SPS: 1087
Epoch: 229, global_step=5253120
SPS: 1089
Epoch: 230, global_step=5276160
SPS: 1090
Epoch: 231, global_step=5299200
SPS: 1092
Epoch: 232, global_step=5322240
SPS: 1093
Epoch: 233, global_step=5345280
SPS: 1095
Epoch: 234, global_step=5368320
SPS: 1096
Epoch: 235, global_step=5391360
SPS: 1098
Epoch: 236, global_step=5414400
SPS: 1099
Epoch: 237, global_step=5437440
SPS: 1100
Epoch: 238, global_step=5460480
SPS: 1102
Epoch: 239, global_step=5483520
SPS: 1104
Epoch: 240, global_step=5506560
SPS: 1105
Epoch: 241, global_step=5529600
SPS: 1106
Epoch: 242, global_step=5552640
SPS: 1108
Epoch: 243, global_step=5575680
SPS: 1109
Epoch: 244, global_step=5598720
SPS: 1110
Epoch: 245, global_step=5621760
SPS: 1112
Epoch: 246, global_step=5644800
SPS: 1113
Epoch: 247, global_step=5667840
SPS: 1114
Epoch: 248, global_step=5690880
SPS: 1116
Epoch: 249, global_step=5713920
SPS: 1117
Epoch: 250, global_step=5736960
SPS: 1119
Epoch: 251, global_step=5760000
Evaluating
Evaluated 17280 steps resulting in 192 episodes
[32mEvaluation Metric: success_once[0m | [36mMean: 0.0104[0m
[32mEvaluation Metric: return[0m | [36mMean: 8.4720[0m
[32mEvaluation Metric: episode_len[0m | [36mMean: 90.0000[0m
[32mEvaluation Metric: reward[0m | [36mMean: 0.0941[0m
[32mEvaluation Metric: success_at_end[0m | [36mMean: 0.0052[0m
model saved to checkpoints/ppo_memtasks/rgb_joints_belief/normalized_dense/ShellGamePick-v0/ppo-last5-cvae-v6-ent0001-kl005-gamma095-lr1e4-42__42__rgb_joints_belief__20260125_211154/20260125_211154/ckpt_10_251.pt
SPS: 1093
Epoch: 252, global_step=5783040
SPS: 1094
Epoch: 253, global_step=5806080
SPS: 1095
Epoch: 254, global_step=5829120
SPS: 1097
Epoch: 255, global_step=5852160
SPS: 1098
Epoch: 256, global_step=5875200
SPS: 1099
Epoch: 257, global_step=5898240
SPS: 1101
Epoch: 258, global_step=5921280
SPS: 1102
Epoch: 259, global_step=5944320
SPS: 1103
Epoch: 260, global_step=5967360
SPS: 1105
Epoch: 261, global_step=5990400
SPS: 1106
Epoch: 262, global_step=6013440
SPS: 1107
Epoch: 263, global_step=6036480
SPS: 1109
Epoch: 264, global_step=6059520
SPS: 1110
Epoch: 265, global_step=6082560
SPS: 1111
Epoch: 266, global_step=6105600
SPS: 1113
Epoch: 267, global_step=6128640
SPS: 1114
Epoch: 268, global_step=6151680
SPS: 1115
Epoch: 269, global_step=6174720
SPS: 1116
Epoch: 270, global_step=6197760
SPS: 1118
Epoch: 271, global_step=6220800
SPS: 1119
Epoch: 272, global_step=6243840
SPS: 1120
Epoch: 273, global_step=6266880
SPS: 1122
Epoch: 274, global_step=6289920
SPS: 1123
Epoch: 275, global_step=6312960
SPS: 1124
Epoch: 276, global_step=6336000
Evaluating
Evaluated 17280 steps resulting in 192 episodes
[32mEvaluation Metric: success_once[0m | [36mMean: 0.0052[0m
[32mEvaluation Metric: return[0m | [36mMean: 6.8263[0m
[32mEvaluation Metric: episode_len[0m | [36mMean: 90.0000[0m
[32mEvaluation Metric: reward[0m | [36mMean: 0.0758[0m
[32mEvaluation Metric: success_at_end[0m | [36mMean: 0.0000[0m
model saved to checkpoints/ppo_memtasks/rgb_joints_belief/normalized_dense/ShellGamePick-v0/ppo-last5-cvae-v6-ent0001-kl005-gamma095-lr1e4-42__42__rgb_joints_belief__20260125_211154/20260125_211154/ckpt_11_276.pt
SPS: 1100
Epoch: 277, global_step=6359040
SPS: 1101
Epoch: 278, global_step=6382080
SPS: 1102
Epoch: 279, global_step=6405120
SPS: 1104
Epoch: 280, global_step=6428160
SPS: 1105
Epoch: 281, global_step=6451200
SPS: 1106
Epoch: 282, global_step=6474240
SPS: 1107
Epoch: 283, global_step=6497280
SPS: 1109
Epoch: 284, global_step=6520320
SPS: 1110
Epoch: 285, global_step=6543360
SPS: 1111
Epoch: 286, global_step=6566400
SPS: 1112
Epoch: 287, global_step=6589440
SPS: 1114
Epoch: 288, global_step=6612480
SPS: 1115
Epoch: 289, global_step=6635520
SPS: 1116
Epoch: 290, global_step=6658560
SPS: 1117
Epoch: 291, global_step=6681600
SPS: 1119
Epoch: 292, global_step=6704640
SPS: 1120
Epoch: 293, global_step=6727680
SPS: 1121
Epoch: 294, global_step=6750720
SPS: 1122
Epoch: 295, global_step=6773760
SPS: 1124
Epoch: 296, global_step=6796800
SPS: 1125
Epoch: 297, global_step=6819840
SPS: 1126
Epoch: 298, global_step=6842880
SPS: 1127
Epoch: 299, global_step=6865920
SPS: 1128
Epoch: 300, global_step=6888960
SPS: 1129
Epoch: 301, global_step=6912000
Evaluating
Evaluated 17280 steps resulting in 192 episodes
[32mEvaluation Metric: success_once[0m | [36mMean: 0.0208[0m
[32mEvaluation Metric: return[0m | [36mMean: 10.0453[0m
[32mEvaluation Metric: episode_len[0m | [36mMean: 90.0000[0m
[32mEvaluation Metric: reward[0m | [36mMean: 0.1116[0m
[32mEvaluation Metric: success_at_end[0m | [36mMean: 0.0052[0m
model saved to checkpoints/ppo_memtasks/rgb_joints_belief/normalized_dense/ShellGamePick-v0/ppo-last5-cvae-v6-ent0001-kl005-gamma095-lr1e4-42__42__rgb_joints_belief__20260125_211154/20260125_211154/ckpt_12_301.pt
SPS: 1107
Epoch: 302, global_step=6935040
SPS: 1108
Epoch: 303, global_step=6958080
SPS: 1109
Epoch: 304, global_step=6981120
SPS: 1110
Epoch: 305, global_step=7004160
SPS: 1112
Epoch: 306, global_step=7027200
SPS: 1113
Epoch: 307, global_step=7050240
SPS: 1114
Epoch: 308, global_step=7073280
SPS: 1115
Epoch: 309, global_step=7096320
SPS: 1116
Epoch: 310, global_step=7119360
SPS: 1117
Epoch: 311, global_step=7142400
SPS: 1118
Epoch: 312, global_step=7165440
SPS: 1119
Epoch: 313, global_step=7188480
SPS: 1120
Epoch: 314, global_step=7211520
SPS: 1121
Epoch: 315, global_step=7234560
SPS: 1122
Epoch: 316, global_step=7257600
SPS: 1124
Epoch: 317, global_step=7280640
SPS: 1125
Epoch: 318, global_step=7303680
SPS: 1126
Epoch: 319, global_step=7326720
SPS: 1127
Epoch: 320, global_step=7349760
SPS: 1128
Epoch: 321, global_step=7372800
SPS: 1129
Epoch: 322, global_step=7395840
SPS: 1130
Epoch: 323, global_step=7418880
SPS: 1131
Epoch: 324, global_step=7441920
SPS: 1132
Epoch: 325, global_step=7464960
SPS: 1133
Epoch: 326, global_step=7488000
Evaluating
Evaluated 17280 steps resulting in 192 episodes
[32mEvaluation Metric: success_once[0m | [36mMean: 0.0208[0m
[32mEvaluation Metric: return[0m | [36mMean: 11.0171[0m
[32mEvaluation Metric: episode_len[0m | [36mMean: 90.0000[0m
[32mEvaluation Metric: reward[0m | [36mMean: 0.1224[0m
[32mEvaluation Metric: success_at_end[0m | [36mMean: 0.0000[0m
model saved to checkpoints/ppo_memtasks/rgb_joints_belief/normalized_dense/ShellGamePick-v0/ppo-last5-cvae-v6-ent0001-kl005-gamma095-lr1e4-42__42__rgb_joints_belief__20260125_211154/20260125_211154/ckpt_13_326.pt
SPS: 1112
Epoch: 327, global_step=7511040
SPS: 1113
Epoch: 328, global_step=7534080
SPS: 1115
Epoch: 329, global_step=7557120
SPS: 1116
Epoch: 330, global_step=7580160
SPS: 1117
Epoch: 331, global_step=7603200
SPS: 1118
Epoch: 332, global_step=7626240
SPS: 1119
Epoch: 333, global_step=7649280
SPS: 1120
Epoch: 334, global_step=7672320
SPS: 1121
Epoch: 335, global_step=7695360
SPS: 1122
Epoch: 336, global_step=7718400
SPS: 1123
Epoch: 337, global_step=7741440
SPS: 1124
Epoch: 338, global_step=7764480
SPS: 1125
Epoch: 339, global_step=7787520
SPS: 1126
Epoch: 340, global_step=7810560
SPS: 1127
Epoch: 341, global_step=7833600
SPS: 1128
Epoch: 342, global_step=7856640
SPS: 1129
Epoch: 343, global_step=7879680
SPS: 1130
Epoch: 344, global_step=7902720
SPS: 1131
Epoch: 345, global_step=7925760
SPS: 1132
Epoch: 346, global_step=7948800
SPS: 1133
Epoch: 347, global_step=7971840
SPS: 1134
Epoch: 348, global_step=7994880
SPS: 1135
Epoch: 349, global_step=8017920
SPS: 1136
Epoch: 350, global_step=8040960
SPS: 1137
Epoch: 351, global_step=8064000
Evaluating
Evaluated 17280 steps resulting in 192 episodes
[32mEvaluation Metric: success_once[0m | [36mMean: 0.0625[0m
[32mEvaluation Metric: return[0m | [36mMean: 14.5665[0m
[32mEvaluation Metric: episode_len[0m | [36mMean: 90.0000[0m
[32mEvaluation Metric: reward[0m | [36mMean: 0.1618[0m
[32mEvaluation Metric: success_at_end[0m | [36mMean: 0.0417[0m
model saved to checkpoints/ppo_memtasks/rgb_joints_belief/normalized_dense/ShellGamePick-v0/ppo-last5-cvae-v6-ent0001-kl005-gamma095-lr1e4-42__42__rgb_joints_belief__20260125_211154/20260125_211154/ckpt_14_351.pt
SPS: 1117
Epoch: 352, global_step=8087040
SPS: 1118
Epoch: 353, global_step=8110080
SPS: 1119
Epoch: 354, global_step=8133120
SPS: 1120
Epoch: 355, global_step=8156160
SPS: 1121
Epoch: 356, global_step=8179200
SPS: 1122
Epoch: 357, global_step=8202240
SPS: 1123
Epoch: 358, global_step=8225280
SPS: 1124
Epoch: 359, global_step=8248320
SPS: 1125
Epoch: 360, global_step=8271360
SPS: 1126
Epoch: 361, global_step=8294400
SPS: 1127
Epoch: 362, global_step=8317440
SPS: 1128
Epoch: 363, global_step=8340480
SPS: 1128
Epoch: 364, global_step=8363520
SPS: 1129
Epoch: 365, global_step=8386560
SPS: 1130
Epoch: 366, global_step=8409600
SPS: 1131
Epoch: 367, global_step=8432640
SPS: 1132
Epoch: 368, global_step=8455680
SPS: 1133
Epoch: 369, global_step=8478720
SPS: 1134
Epoch: 370, global_step=8501760
SPS: 1135
Epoch: 371, global_step=8524800
SPS: 1135
Epoch: 372, global_step=8547840
SPS: 1136
Epoch: 373, global_step=8570880
SPS: 1137
Epoch: 374, global_step=8593920
SPS: 1138
Epoch: 375, global_step=8616960
SPS: 1139
Epoch: 376, global_step=8640000
Evaluating
Evaluated 17280 steps resulting in 192 episodes
[32mEvaluation Metric: success_once[0m | [36mMean: 0.1562[0m
[32mEvaluation Metric: return[0m | [36mMean: 16.7838[0m
[32mEvaluation Metric: episode_len[0m | [36mMean: 90.0000[0m
[32mEvaluation Metric: reward[0m | [36mMean: 0.1865[0m
[32mEvaluation Metric: success_at_end[0m | [36mMean: 0.0781[0m
model saved to checkpoints/ppo_memtasks/rgb_joints_belief/normalized_dense/ShellGamePick-v0/ppo-last5-cvae-v6-ent0001-kl005-gamma095-lr1e4-42__42__rgb_joints_belief__20260125_211154/20260125_211154/ckpt_15_376.pt
SPS: 1121
Epoch: 377, global_step=8663040
SPS: 1122
Epoch: 378, global_step=8686080
SPS: 1123
Epoch: 379, global_step=8709120
SPS: 1124
Epoch: 380, global_step=8732160
SPS: 1125
Epoch: 381, global_step=8755200
SPS: 1126
Epoch: 382, global_step=8778240
SPS: 1127
Epoch: 383, global_step=8801280
SPS: 1128
Epoch: 384, global_step=8824320
SPS: 1129
Epoch: 385, global_step=8847360
SPS: 1130
Epoch: 386, global_step=8870400
SPS: 1131
Epoch: 387, global_step=8893440
SPS: 1131
Epoch: 388, global_step=8916480
SPS: 1132
Epoch: 389, global_step=8939520
SPS: 1133
Epoch: 390, global_step=8962560
SPS: 1134
Epoch: 391, global_step=8985600
SPS: 1135
Epoch: 392, global_step=9008640
SPS: 1136
Epoch: 393, global_step=9031680
SPS: 1136
Epoch: 394, global_step=9054720
SPS: 1137
Epoch: 395, global_step=9077760
SPS: 1138
Epoch: 396, global_step=9100800
SPS: 1139
Epoch: 397, global_step=9123840
SPS: 1140
Epoch: 398, global_step=9146880
SPS: 1141
Epoch: 399, global_step=9169920
SPS: 1142
Epoch: 400, global_step=9192960
SPS: 1143
Epoch: 401, global_step=9216000
Evaluating
Evaluated 17280 steps resulting in 192 episodes
[32mEvaluation Metric: success_once[0m | [36mMean: 0.2031[0m
[32mEvaluation Metric: return[0m | [36mMean: 16.6608[0m
[32mEvaluation Metric: episode_len[0m | [36mMean: 90.0000[0m
[32mEvaluation Metric: reward[0m | [36mMean: 0.1851[0m
[32mEvaluation Metric: success_at_end[0m | [36mMean: 0.0990[0m
model saved to checkpoints/ppo_memtasks/rgb_joints_belief/normalized_dense/ShellGamePick-v0/ppo-last5-cvae-v6-ent0001-kl005-gamma095-lr1e4-42__42__rgb_joints_belief__20260125_211154/20260125_211154/ckpt_16_401.pt
SPS: 1126
Epoch: 402, global_step=9239040
SPS: 1127
Epoch: 403, global_step=9262080
SPS: 1127
Epoch: 404, global_step=9285120
SPS: 1128
Epoch: 405, global_step=9308160
SPS: 1129
Epoch: 406, global_step=9331200
SPS: 1130
Epoch: 407, global_step=9354240
SPS: 1131
Epoch: 408, global_step=9377280
SPS: 1132
Epoch: 409, global_step=9400320
SPS: 1132
Epoch: 410, global_step=9423360
SPS: 1133
Epoch: 411, global_step=9446400
SPS: 1134
Epoch: 412, global_step=9469440
SPS: 1135
Epoch: 413, global_step=9492480
SPS: 1136
Epoch: 414, global_step=9515520
SPS: 1136
Epoch: 415, global_step=9538560
SPS: 1137
Epoch: 416, global_step=9561600
SPS: 1138
Epoch: 417, global_step=9584640
SPS: 1139
Epoch: 418, global_step=9607680
SPS: 1140
Epoch: 419, global_step=9630720
SPS: 1140
Epoch: 420, global_step=9653760
SPS: 1141
Epoch: 421, global_step=9676800
SPS: 1142
Epoch: 422, global_step=9699840
SPS: 1143
Epoch: 423, global_step=9722880
SPS: 1144
Epoch: 424, global_step=9745920
SPS: 1144
Epoch: 425, global_step=9768960
SPS: 1145
Epoch: 426, global_step=9792000
Evaluating
Evaluated 17280 steps resulting in 192 episodes
[32mEvaluation Metric: success_once[0m | [36mMean: 0.2396[0m
[32mEvaluation Metric: return[0m | [36mMean: 20.9911[0m
[32mEvaluation Metric: episode_len[0m | [36mMean: 90.0000[0m
[32mEvaluation Metric: reward[0m | [36mMean: 0.2332[0m
[32mEvaluation Metric: success_at_end[0m | [36mMean: 0.1458[0m
model saved to checkpoints/ppo_memtasks/rgb_joints_belief/normalized_dense/ShellGamePick-v0/ppo-last5-cvae-v6-ent0001-kl005-gamma095-lr1e4-42__42__rgb_joints_belief__20260125_211154/20260125_211154/ckpt_17_426.pt
SPS: 1129
Epoch: 427, global_step=9815040
SPS: 1130
Epoch: 428, global_step=9838080
SPS: 1131
Epoch: 429, global_step=9861120
SPS: 1131
Epoch: 430, global_step=9884160
SPS: 1132
Epoch: 431, global_step=9907200
SPS: 1133
Epoch: 432, global_step=9930240
SPS: 1134
Epoch: 433, global_step=9953280
SPS: 1135
Epoch: 434, global_step=9976320
SPS: 1136
Epoch: 435, global_step=9999360
SPS: 1137
Epoch: 436, global_step=10022400
SPS: 1137
Epoch: 437, global_step=10045440
SPS: 1138
Epoch: 438, global_step=10068480
SPS: 1139
Epoch: 439, global_step=10091520
SPS: 1140
Epoch: 440, global_step=10114560
SPS: 1141
Epoch: 441, global_step=10137600
SPS: 1142
Epoch: 442, global_step=10160640
SPS: 1142
Epoch: 443, global_step=10183680
SPS: 1143
Epoch: 444, global_step=10206720
SPS: 1144
Epoch: 445, global_step=10229760
SPS: 1145
Epoch: 446, global_step=10252800
SPS: 1145
Epoch: 447, global_step=10275840
SPS: 1146
Epoch: 448, global_step=10298880
SPS: 1147
Epoch: 449, global_step=10321920
SPS: 1147
Epoch: 450, global_step=10344960
SPS: 1148
model saved to checkpoints/ppo_memtasks/rgb_joints_belief/normalized_dense/ShellGamePick-v0/ppo-last5-cvae-v6-ent0001-kl005-gamma095-lr1e4-42__42__rgb_joints_belief__20260125_211154/20260125_211154/final_ckpt.pt
Running RememberShapeAndColor3x2-v0 with belief, seed 99

===========================================================================
║                        Environment Configuration                        ║
===========================================================================
║ Environment ID: ShellGamePick-v0                                        ║
║ Oracle Info:    cup_with_ball_number                                    ║
║ Wrappers:                                                               ║
║    ├─ InitialZeroActionWrapper                                         ║
║    │  └─ {'n_initial_steps': 0}                                           ║
║    ├─ RenderStepInfoWrapper                                            ║
║    ├─ ShellGameRenderCupInfoWrapper                                    ║
║    ├─ RenderRewardInfoWrapper                                          ║
║    ├─ DebugRewardWrapper                                               ║
║-------------------------------------------------------------------------║
║ include_state:       False │ state will not be used                ║
║ include_rgb:         True  │ rgb images will be used               ║
║ include_oracle:      False │ oracle info will not be used          ║
║ include_joints:      True  │ joints will be used                   ║
===========================================================================

MODE='rgb_joints_belief'
prompt_info=None
Saving eval videos to checkpoints/ppo_memtasks/rgb_joints_belief/normalized_dense/ShellGamePick-v0/ppo-last5-cvae-v6-ent0001-kl005-gamma095-lr1e4-99__99__rgb_joints_belief__20260125_234235/20260125_234235/videos
======================================================================
Max Episode Steps: 90
======================================================================

Loading belief model from /local/s4176650/sphinx/storage_cvae/ShellGamePick-v0_cvae_mikasa_last5_v6_1/final_vae_model.pt
  phi_dim=16, latent_dim=32
Belief model loaded successfully. Memory size: 768
Running training

####
args.num_iterations=450 args.num_envs=256 args.num_eval_envs=16
args.minibatch_size=720 args.batch_size=23040 args.update_epochs=4
####

sample_obs.keys()=dict_keys(['joints', 'rgb'])
joints: torch.Size([256, 25])
rgb: torch.Size([256, 128, 128, 3])


Epoch: 1, global_step=0
Evaluating
Evaluated 17280 steps resulting in 192 episodes
[32mEvaluation Metric: success_once[0m | [36mMean: 0.0000[0m
[32mEvaluation Metric: return[0m | [36mMean: 0.0094[0m
[32mEvaluation Metric: episode_len[0m | [36mMean: 90.0000[0m
[32mEvaluation Metric: reward[0m | [36mMean: 0.0001[0m
[32mEvaluation Metric: success_at_end[0m | [36mMean: 0.0000[0m
model saved to checkpoints/ppo_memtasks/rgb_joints_belief/normalized_dense/ShellGamePick-v0/ppo-last5-cvae-v6-ent0001-kl005-gamma095-lr1e4-99__99__rgb_joints_belief__20260125_234235/20260125_234235/ckpt_0_1.pt
SPS: 183
Epoch: 2, global_step=23040
SPS: 329
Epoch: 3, global_step=46080
SPS: 446
Epoch: 4, global_step=69120
SPS: 543
Epoch: 5, global_step=92160
SPS: 626
Epoch: 6, global_step=115200
SPS: 696
Epoch: 7, global_step=138240
SPS: 755
Epoch: 8, global_step=161280
SPS: 808
Epoch: 9, global_step=184320
SPS: 853
Epoch: 10, global_step=207360
SPS: 894
Epoch: 11, global_step=230400
SPS: 930
Epoch: 12, global_step=253440
SPS: 965
Epoch: 13, global_step=276480
SPS: 996
Epoch: 14, global_step=299520
SPS: 1022
Epoch: 15, global_step=322560
SPS: 1046
Epoch: 16, global_step=345600
SPS: 1069
Epoch: 17, global_step=368640
SPS: 1089
Epoch: 18, global_step=391680
SPS: 1106
Epoch: 19, global_step=414720
SPS: 1122
Epoch: 20, global_step=437760
SPS: 1135
Epoch: 21, global_step=460800
SPS: 1148
Epoch: 22, global_step=483840
SPS: 1159
Epoch: 23, global_step=506880
SPS: 1170
Epoch: 24, global_step=529920
SPS: 1178
Epoch: 25, global_step=552960
SPS: 1186
Epoch: 26, global_step=576000
Evaluating
Evaluated 17280 steps resulting in 192 episodes
[32mEvaluation Metric: success_once[0m | [36mMean: 0.0000[0m
[32mEvaluation Metric: return[0m | [36mMean: 0.3670[0m
[32mEvaluation Metric: episode_len[0m | [36mMean: 90.0000[0m
[32mEvaluation Metric: reward[0m | [36mMean: 0.0041[0m
[32mEvaluation Metric: success_at_end[0m | [36mMean: 0.0000[0m
model saved to checkpoints/ppo_memtasks/rgb_joints_belief/normalized_dense/ShellGamePick-v0/ppo-last5-cvae-v6-ent0001-kl005-gamma095-lr1e4-99__99__rgb_joints_belief__20260125_234235/20260125_234235/ckpt_1_26.pt
SPS: 955
Epoch: 27, global_step=599040
SPS: 968
Epoch: 28, global_step=622080
SPS: 979
Epoch: 29, global_step=645120
SPS: 990
Epoch: 30, global_step=668160
SPS: 1000
Epoch: 31, global_step=691200
SPS: 1010
Epoch: 32, global_step=714240
SPS: 1020
Epoch: 33, global_step=737280
SPS: 1029
Epoch: 34, global_step=760320
SPS: 1038
Epoch: 35, global_step=783360
SPS: 1046
Epoch: 36, global_step=806400
SPS: 1054
Epoch: 37, global_step=829440
SPS: 1062
Epoch: 38, global_step=852480
SPS: 1069
Epoch: 39, global_step=875520
SPS: 1076
Epoch: 40, global_step=898560
SPS: 1083
Epoch: 41, global_step=921600
SPS: 1089
Epoch: 42, global_step=944640
SPS: 1095
Epoch: 43, global_step=967680
SPS: 1101
Epoch: 44, global_step=990720
SPS: 1106
Epoch: 45, global_step=1013760
SPS: 1112
Epoch: 46, global_step=1036800
SPS: 1117
Epoch: 47, global_step=1059840
SPS: 1122
Epoch: 48, global_step=1082880
SPS: 1126
Epoch: 49, global_step=1105920
SPS: 1131
Epoch: 50, global_step=1128960
SPS: 1135
Epoch: 51, global_step=1152000
Evaluating
Evaluated 17280 steps resulting in 192 episodes
[32mEvaluation Metric: success_once[0m | [36mMean: 0.0000[0m
[32mEvaluation Metric: return[0m | [36mMean: 1.4032[0m
[32mEvaluation Metric: episode_len[0m | [36mMean: 90.0000[0m
[32mEvaluation Metric: reward[0m | [36mMean: 0.0156[0m
[32mEvaluation Metric: success_at_end[0m | [36mMean: 0.0000[0m
model saved to checkpoints/ppo_memtasks/rgb_joints_belief/normalized_dense/ShellGamePick-v0/ppo-last5-cvae-v6-ent0001-kl005-gamma095-lr1e4-99__99__rgb_joints_belief__20260125_234235/20260125_234235/ckpt_2_51.pt
SPS: 1015
Epoch: 52, global_step=1175040
SPS: 1021
Epoch: 53, global_step=1198080
SPS: 1027
Epoch: 54, global_step=1221120
SPS: 1032
Epoch: 55, global_step=1244160
SPS: 1037
Epoch: 56, global_step=1267200
SPS: 1042
Epoch: 57, global_step=1290240
SPS: 1047
Epoch: 58, global_step=1313280
SPS: 1052
Epoch: 59, global_step=1336320
SPS: 1056
Epoch: 60, global_step=1359360
SPS: 1061
Epoch: 61, global_step=1382400
SPS: 1065
Epoch: 62, global_step=1405440
SPS: 1069
Epoch: 63, global_step=1428480
SPS: 1074
Epoch: 64, global_step=1451520
SPS: 1078
Epoch: 65, global_step=1474560
SPS: 1082
Epoch: 66, global_step=1497600
SPS: 1086
Epoch: 67, global_step=1520640
SPS: 1089
Epoch: 68, global_step=1543680
SPS: 1093
Epoch: 69, global_step=1566720
SPS: 1096
Epoch: 70, global_step=1589760
SPS: 1100
Epoch: 71, global_step=1612800
SPS: 1103
Epoch: 72, global_step=1635840
SPS: 1106
Epoch: 73, global_step=1658880
SPS: 1109
Epoch: 74, global_step=1681920
SPS: 1113
Epoch: 75, global_step=1704960
SPS: 1116
Epoch: 76, global_step=1728000
Evaluating
Evaluated 17280 steps resulting in 192 episodes
[32mEvaluation Metric: success_once[0m | [36mMean: 0.0000[0m
[32mEvaluation Metric: return[0m | [36mMean: 1.4065[0m
[32mEvaluation Metric: episode_len[0m | [36mMean: 90.0000[0m
[32mEvaluation Metric: reward[0m | [36mMean: 0.0156[0m
[32mEvaluation Metric: success_at_end[0m | [36mMean: 0.0000[0m
model saved to checkpoints/ppo_memtasks/rgb_joints_belief/normalized_dense/ShellGamePick-v0/ppo-last5-cvae-v6-ent0001-kl005-gamma095-lr1e4-99__99__rgb_joints_belief__20260125_234235/20260125_234235/ckpt_3_76.pt
SPS: 1036
Epoch: 77, global_step=1751040
SPS: 1041
Epoch: 78, global_step=1774080
SPS: 1045
Epoch: 79, global_step=1797120
SPS: 1048
Epoch: 80, global_step=1820160
SPS: 1052
Epoch: 81, global_step=1843200
SPS: 1055
Epoch: 82, global_step=1866240
SPS: 1058
Epoch: 83, global_step=1889280
SPS: 1061
Epoch: 84, global_step=1912320
SPS: 1064
Epoch: 85, global_step=1935360
SPS: 1067
Epoch: 86, global_step=1958400
SPS: 1070
Epoch: 87, global_step=1981440
SPS: 1073
Epoch: 88, global_step=2004480
SPS: 1076
Epoch: 89, global_step=2027520
SPS: 1079
Epoch: 90, global_step=2050560
SPS: 1081
Epoch: 91, global_step=2073600
SPS: 1084
Epoch: 92, global_step=2096640
SPS: 1086
Epoch: 93, global_step=2119680
SPS: 1089
Epoch: 94, global_step=2142720
SPS: 1092
Epoch: 95, global_step=2165760
SPS: 1094
Epoch: 96, global_step=2188800
SPS: 1097
Epoch: 97, global_step=2211840
SPS: 1099
Epoch: 98, global_step=2234880
SPS: 1103
Epoch: 99, global_step=2257920
SPS: 1105
Epoch: 100, global_step=2280960
SPS: 1108
Epoch: 101, global_step=2304000
Evaluating
Evaluated 17280 steps resulting in 192 episodes
[32mEvaluation Metric: success_once[0m | [36mMean: 0.0000[0m
[32mEvaluation Metric: return[0m | [36mMean: 2.5113[0m
[32mEvaluation Metric: episode_len[0m | [36mMean: 90.0000[0m
[32mEvaluation Metric: reward[0m | [36mMean: 0.0279[0m
[32mEvaluation Metric: success_at_end[0m | [36mMean: 0.0000[0m
model saved to checkpoints/ppo_memtasks/rgb_joints_belief/normalized_dense/ShellGamePick-v0/ppo-last5-cvae-v6-ent0001-kl005-gamma095-lr1e4-99__99__rgb_joints_belief__20260125_234235/20260125_234235/ckpt_4_101.pt
SPS: 1046
Epoch: 102, global_step=2327040
SPS: 1049
Epoch: 103, global_step=2350080
SPS: 1051
Epoch: 104, global_step=2373120
SPS: 1054
Epoch: 105, global_step=2396160
SPS: 1056
Epoch: 106, global_step=2419200
SPS: 1059
Epoch: 107, global_step=2442240
SPS: 1061
Epoch: 108, global_step=2465280
SPS: 1063
Epoch: 109, global_step=2488320
SPS: 1066
Epoch: 110, global_step=2511360
SPS: 1068
Epoch: 111, global_step=2534400
SPS: 1070
Epoch: 112, global_step=2557440
SPS: 1073
Epoch: 113, global_step=2580480
SPS: 1075
Epoch: 114, global_step=2603520
SPS: 1077
Epoch: 115, global_step=2626560
SPS: 1080
Epoch: 116, global_step=2649600
SPS: 1082
Epoch: 117, global_step=2672640
SPS: 1084
Epoch: 118, global_step=2695680
SPS: 1086
Epoch: 119, global_step=2718720
SPS: 1088
Epoch: 120, global_step=2741760
SPS: 1091
Epoch: 121, global_step=2764800
SPS: 1094
Epoch: 122, global_step=2787840
SPS: 1095
Epoch: 123, global_step=2810880
SPS: 1098
Epoch: 124, global_step=2833920
SPS: 1100
Epoch: 125, global_step=2856960
SPS: 1102
Epoch: 126, global_step=2880000
Evaluating
Evaluated 17280 steps resulting in 192 episodes
[32mEvaluation Metric: success_once[0m | [36mMean: 0.0156[0m
[32mEvaluation Metric: return[0m | [36mMean: 5.0769[0m
[32mEvaluation Metric: episode_len[0m | [36mMean: 90.0000[0m
[32mEvaluation Metric: reward[0m | [36mMean: 0.0564[0m
[32mEvaluation Metric: success_at_end[0m | [36mMean: 0.0104[0m
model saved to checkpoints/ppo_memtasks/rgb_joints_belief/normalized_dense/ShellGamePick-v0/ppo-last5-cvae-v6-ent0001-kl005-gamma095-lr1e4-99__99__rgb_joints_belief__20260125_234235/20260125_234235/ckpt_5_126.pt
SPS: 1052
Epoch: 127, global_step=2903040
SPS: 1054
Epoch: 128, global_step=2926080
SPS: 1056
Epoch: 129, global_step=2949120
SPS: 1058
Epoch: 130, global_step=2972160
SPS: 1060
Epoch: 131, global_step=2995200
SPS: 1062
Epoch: 132, global_step=3018240
SPS: 1064
Epoch: 133, global_step=3041280
SPS: 1066
Epoch: 134, global_step=3064320
SPS: 1068
Epoch: 135, global_step=3087360
SPS: 1070
Epoch: 136, global_step=3110400
SPS: 1071
Epoch: 137, global_step=3133440
SPS: 1073
Epoch: 138, global_step=3156480
SPS: 1075
Epoch: 139, global_step=3179520
SPS: 1077
Epoch: 140, global_step=3202560
SPS: 1080
Epoch: 141, global_step=3225600
SPS: 1082
Epoch: 142, global_step=3248640
SPS: 1083
Epoch: 143, global_step=3271680
SPS: 1085
Epoch: 144, global_step=3294720
SPS: 1087
Epoch: 145, global_step=3317760
SPS: 1089
Epoch: 146, global_step=3340800
SPS: 1091
Epoch: 147, global_step=3363840
SPS: 1093
Epoch: 148, global_step=3386880
SPS: 1095
Epoch: 149, global_step=3409920
SPS: 1097
Epoch: 150, global_step=3432960
SPS: 1099
Epoch: 151, global_step=3456000
Evaluating
Evaluated 17280 steps resulting in 192 episodes
[32mEvaluation Metric: success_once[0m | [36mMean: 0.0052[0m
[32mEvaluation Metric: return[0m | [36mMean: 6.7059[0m
[32mEvaluation Metric: episode_len[0m | [36mMean: 90.0000[0m
[32mEvaluation Metric: reward[0m | [36mMean: 0.0745[0m
[32mEvaluation Metric: success_at_end[0m | [36mMean: 0.0052[0m
model saved to checkpoints/ppo_memtasks/rgb_joints_belief/normalized_dense/ShellGamePick-v0/ppo-last5-cvae-v6-ent0001-kl005-gamma095-lr1e4-99__99__rgb_joints_belief__20260125_234235/20260125_234235/ckpt_6_151.pt
SPS: 1058
Epoch: 152, global_step=3479040
SPS: 1060
Epoch: 153, global_step=3502080
SPS: 1062
Epoch: 154, global_step=3525120
SPS: 1064
Epoch: 155, global_step=3548160
SPS: 1065
Epoch: 156, global_step=3571200
SPS: 1067
Epoch: 157, global_step=3594240
SPS: 1068
Epoch: 158, global_step=3617280
SPS: 1070
Epoch: 159, global_step=3640320
SPS: 1071
Epoch: 160, global_step=3663360
SPS: 1073
Epoch: 161, global_step=3686400
SPS: 1075
Epoch: 162, global_step=3709440
SPS: 1078
Epoch: 163, global_step=3732480
SPS: 1079
Epoch: 164, global_step=3755520
SPS: 1081
Epoch: 165, global_step=3778560
SPS: 1083
Epoch: 166, global_step=3801600
SPS: 1085
Epoch: 167, global_step=3824640
SPS: 1086
Epoch: 168, global_step=3847680
SPS: 1088
Epoch: 169, global_step=3870720
SPS: 1090
Epoch: 170, global_step=3893760
SPS: 1091
Epoch: 171, global_step=3916800
SPS: 1093
Epoch: 172, global_step=3939840
SPS: 1094
Epoch: 173, global_step=3962880
SPS: 1096
Epoch: 174, global_step=3985920
SPS: 1098
Epoch: 175, global_step=4008960
SPS: 1100
Epoch: 176, global_step=4032000
Evaluating
Evaluated 17280 steps resulting in 192 episodes
[32mEvaluation Metric: success_once[0m | [36mMean: 0.0312[0m
[32mEvaluation Metric: return[0m | [36mMean: 8.1772[0m
[32mEvaluation Metric: episode_len[0m | [36mMean: 90.0000[0m
[32mEvaluation Metric: reward[0m | [36mMean: 0.0909[0m
[32mEvaluation Metric: success_at_end[0m | [36mMean: 0.0208[0m
model saved to checkpoints/ppo_memtasks/rgb_joints_belief/normalized_dense/ShellGamePick-v0/ppo-last5-cvae-v6-ent0001-kl005-gamma095-lr1e4-99__99__rgb_joints_belief__20260125_234235/20260125_234235/ckpt_7_176.pt
SPS: 1064
Epoch: 177, global_step=4055040
SPS: 1066
Epoch: 178, global_step=4078080
SPS: 1068
Epoch: 179, global_step=4101120
SPS: 1069
Epoch: 180, global_step=4124160
SPS: 1071
Epoch: 181, global_step=4147200
SPS: 1072
Epoch: 182, global_step=4170240
SPS: 1073
Epoch: 183, global_step=4193280
SPS: 1075
Epoch: 184, global_step=4216320
SPS: 1077
Epoch: 185, global_step=4239360
SPS: 1079
Epoch: 186, global_step=4262400
SPS: 1080
Epoch: 187, global_step=4285440
SPS: 1082
Epoch: 188, global_step=4308480
SPS: 1083
Epoch: 189, global_step=4331520
SPS: 1085
Epoch: 190, global_step=4354560
SPS: 1087
Epoch: 191, global_step=4377600
SPS: 1088
Epoch: 192, global_step=4400640
SPS: 1090
Epoch: 193, global_step=4423680
SPS: 1091
Epoch: 194, global_step=4446720
SPS: 1093
Epoch: 195, global_step=4469760
SPS: 1094
Epoch: 196, global_step=4492800
SPS: 1095
Epoch: 197, global_step=4515840
SPS: 1097
Epoch: 198, global_step=4538880
SPS: 1099
Epoch: 199, global_step=4561920
SPS: 1100
Epoch: 200, global_step=4584960
SPS: 1102
Epoch: 201, global_step=4608000
Evaluating
Evaluated 17280 steps resulting in 192 episodes
[32mEvaluation Metric: success_once[0m | [36mMean: 0.0833[0m
[32mEvaluation Metric: return[0m | [36mMean: 10.9476[0m
[32mEvaluation Metric: episode_len[0m | [36mMean: 90.0000[0m
[32mEvaluation Metric: reward[0m | [36mMean: 0.1216[0m
[32mEvaluation Metric: success_at_end[0m | [36mMean: 0.0312[0m
model saved to checkpoints/ppo_memtasks/rgb_joints_belief/normalized_dense/ShellGamePick-v0/ppo-last5-cvae-v6-ent0001-kl005-gamma095-lr1e4-99__99__rgb_joints_belief__20260125_234235/20260125_234235/ckpt_8_201.pt
SPS: 1070
Epoch: 202, global_step=4631040
SPS: 1071
Epoch: 203, global_step=4654080
SPS: 1073
Epoch: 204, global_step=4677120
SPS: 1074
Epoch: 205, global_step=4700160
SPS: 1076
Epoch: 206, global_step=4723200
SPS: 1077
Epoch: 207, global_step=4746240
SPS: 1079
Epoch: 208, global_step=4769280
SPS: 1080
Epoch: 209, global_step=4792320
SPS: 1082
Epoch: 210, global_step=4815360
SPS: 1083
Epoch: 211, global_step=4838400
SPS: 1085
Epoch: 212, global_step=4861440
SPS: 1087
Epoch: 213, global_step=4884480
SPS: 1088
Epoch: 214, global_step=4907520
SPS: 1090
Epoch: 215, global_step=4930560
SPS: 1092
Epoch: 216, global_step=4953600
SPS: 1093
Epoch: 217, global_step=4976640
SPS: 1094
Epoch: 218, global_step=4999680
SPS: 1096
Epoch: 219, global_step=5022720
SPS: 1097
Epoch: 220, global_step=5045760
SPS: 1099
Epoch: 221, global_step=5068800
SPS: 1100
Epoch: 222, global_step=5091840
SPS: 1101
Epoch: 223, global_step=5114880
SPS: 1102
Epoch: 224, global_step=5137920
SPS: 1104
Epoch: 225, global_step=5160960
SPS: 1105
Epoch: 226, global_step=5184000
Evaluating
Evaluated 17280 steps resulting in 192 episodes
[32mEvaluation Metric: success_once[0m | [36mMean: 0.2396[0m
[32mEvaluation Metric: return[0m | [36mMean: 15.1676[0m
[32mEvaluation Metric: episode_len[0m | [36mMean: 90.0000[0m
[32mEvaluation Metric: reward[0m | [36mMean: 0.1685[0m
[32mEvaluation Metric: success_at_end[0m | [36mMean: 0.1198[0m
model saved to checkpoints/ppo_memtasks/rgb_joints_belief/normalized_dense/ShellGamePick-v0/ppo-last5-cvae-v6-ent0001-kl005-gamma095-lr1e4-99__99__rgb_joints_belief__20260125_234235/20260125_234235/ckpt_9_226.pt
SPS: 1076
Epoch: 227, global_step=5207040
SPS: 1078
Epoch: 228, global_step=5230080
SPS: 1079
Epoch: 229, global_step=5253120
SPS: 1080
Epoch: 230, global_step=5276160
SPS: 1081
Epoch: 231, global_step=5299200
SPS: 1083
Epoch: 232, global_step=5322240
SPS: 1084
Epoch: 233, global_step=5345280
SPS: 1086
Epoch: 234, global_step=5368320
SPS: 1087
Epoch: 235, global_step=5391360
SPS: 1088
Epoch: 236, global_step=5414400
SPS: 1089
Epoch: 237, global_step=5437440
SPS: 1091
Epoch: 238, global_step=5460480
SPS: 1092
Epoch: 239, global_step=5483520
SPS: 1094
Epoch: 240, global_step=5506560
SPS: 1095
Epoch: 241, global_step=5529600
SPS: 1096
Epoch: 242, global_step=5552640
SPS: 1098
Epoch: 243, global_step=5575680
SPS: 1099
Epoch: 244, global_step=5598720
SPS: 1100
Epoch: 245, global_step=5621760
SPS: 1101
Epoch: 246, global_step=5644800
SPS: 1103
Epoch: 247, global_step=5667840
SPS: 1104
Epoch: 248, global_step=5690880
SPS: 1106
Epoch: 249, global_step=5713920
SPS: 1107
Epoch: 250, global_step=5736960
SPS: 1108
Epoch: 251, global_step=5760000
Evaluating
Evaluated 17280 steps resulting in 192 episodes
[32mEvaluation Metric: success_once[0m | [36mMean: 0.2760[0m
[32mEvaluation Metric: return[0m | [36mMean: 18.3826[0m
[32mEvaluation Metric: episode_len[0m | [36mMean: 90.0000[0m
[32mEvaluation Metric: reward[0m | [36mMean: 0.2043[0m
[32mEvaluation Metric: success_at_end[0m | [36mMean: 0.1927[0m
model saved to checkpoints/ppo_memtasks/rgb_joints_belief/normalized_dense/ShellGamePick-v0/ppo-last5-cvae-v6-ent0001-kl005-gamma095-lr1e4-99__99__rgb_joints_belief__20260125_234235/20260125_234235/ckpt_10_251.pt
SPS: 1083
Epoch: 252, global_step=5783040
SPS: 1084
Epoch: 253, global_step=5806080
SPS: 1085
Epoch: 254, global_step=5829120
SPS: 1087
Epoch: 255, global_step=5852160
SPS: 1088
Epoch: 256, global_step=5875200
SPS: 1089
Epoch: 257, global_step=5898240
SPS: 1090
Epoch: 258, global_step=5921280
SPS: 1091
Epoch: 259, global_step=5944320
SPS: 1093
Epoch: 260, global_step=5967360
SPS: 1094
Epoch: 261, global_step=5990400
SPS: 1095
Epoch: 262, global_step=6013440
SPS: 1097
Epoch: 263, global_step=6036480
SPS: 1098
Epoch: 264, global_step=6059520
SPS: 1099
Epoch: 265, global_step=6082560
SPS: 1101
Epoch: 266, global_step=6105600
SPS: 1102
Epoch: 267, global_step=6128640
SPS: 1103
Epoch: 268, global_step=6151680
SPS: 1104
Epoch: 269, global_step=6174720
SPS: 1106
Epoch: 270, global_step=6197760
SPS: 1107
Epoch: 271, global_step=6220800
SPS: 1108
Epoch: 272, global_step=6243840
SPS: 1109
Epoch: 273, global_step=6266880
SPS: 1111
Epoch: 274, global_step=6289920
SPS: 1112
Epoch: 275, global_step=6312960
SPS: 1113
Epoch: 276, global_step=6336000
Evaluating
Evaluated 17280 steps resulting in 192 episodes
[32mEvaluation Metric: success_once[0m | [36mMean: 0.3125[0m
[32mEvaluation Metric: return[0m | [36mMean: 18.7596[0m
[32mEvaluation Metric: episode_len[0m | [36mMean: 90.0000[0m
[32mEvaluation Metric: reward[0m | [36mMean: 0.2084[0m
[32mEvaluation Metric: success_at_end[0m | [36mMean: 0.2083[0m
model saved to checkpoints/ppo_memtasks/rgb_joints_belief/normalized_dense/ShellGamePick-v0/ppo-last5-cvae-v6-ent0001-kl005-gamma095-lr1e4-99__99__rgb_joints_belief__20260125_234235/20260125_234235/ckpt_11_276.pt
SPS: 1089
Epoch: 277, global_step=6359040
SPS: 1090
Epoch: 278, global_step=6382080
SPS: 1092
Epoch: 279, global_step=6405120
SPS: 1093
Epoch: 280, global_step=6428160
SPS: 1094
Epoch: 281, global_step=6451200
SPS: 1096
Epoch: 282, global_step=6474240
SPS: 1097
Epoch: 283, global_step=6497280
SPS: 1098
Epoch: 284, global_step=6520320
SPS: 1099
Epoch: 285, global_step=6543360
SPS: 1100
Epoch: 286, global_step=6566400
SPS: 1101
Epoch: 287, global_step=6589440
SPS: 1102
Epoch: 288, global_step=6612480
SPS: 1104
Epoch: 289, global_step=6635520
SPS: 1105
Epoch: 290, global_step=6658560
SPS: 1106
Epoch: 291, global_step=6681600
SPS: 1107
Epoch: 292, global_step=6704640
SPS: 1108
Epoch: 293, global_step=6727680
SPS: 1109
Epoch: 294, global_step=6750720
SPS: 1110
Epoch: 295, global_step=6773760
SPS: 1111
Epoch: 296, global_step=6796800
SPS: 1113
Epoch: 297, global_step=6819840
SPS: 1114
Epoch: 298, global_step=6842880
SPS: 1115
Epoch: 299, global_step=6865920
SPS: 1116
Epoch: 300, global_step=6888960
SPS: 1117
Epoch: 301, global_step=6912000
Evaluating
Evaluated 17280 steps resulting in 192 episodes
[32mEvaluation Metric: success_once[0m | [36mMean: 0.3073[0m
[32mEvaluation Metric: return[0m | [36mMean: 20.1454[0m
[32mEvaluation Metric: episode_len[0m | [36mMean: 90.0000[0m
[32mEvaluation Metric: reward[0m | [36mMean: 0.2238[0m
[32mEvaluation Metric: success_at_end[0m | [36mMean: 0.2396[0m
model saved to checkpoints/ppo_memtasks/rgb_joints_belief/normalized_dense/ShellGamePick-v0/ppo-last5-cvae-v6-ent0001-kl005-gamma095-lr1e4-99__99__rgb_joints_belief__20260125_234235/20260125_234235/ckpt_12_301.pt
SPS: 1095
Epoch: 302, global_step=6935040
SPS: 1096
Epoch: 303, global_step=6958080
SPS: 1097
Epoch: 304, global_step=6981120
SPS: 1098
Epoch: 305, global_step=7004160
SPS: 1099
Epoch: 306, global_step=7027200
SPS: 1100
Epoch: 307, global_step=7050240
SPS: 1101
Epoch: 308, global_step=7073280
SPS: 1103
Epoch: 309, global_step=7096320
SPS: 1104
Epoch: 310, global_step=7119360
SPS: 1105
Epoch: 311, global_step=7142400
SPS: 1106
Epoch: 312, global_step=7165440
SPS: 1107
Epoch: 313, global_step=7188480
SPS: 1108
Epoch: 314, global_step=7211520
SPS: 1109
Epoch: 315, global_step=7234560
SPS: 1110
Epoch: 316, global_step=7257600
SPS: 1112
Epoch: 317, global_step=7280640
SPS: 1113
Epoch: 318, global_step=7303680
SPS: 1114
Epoch: 319, global_step=7326720
SPS: 1115
Epoch: 320, global_step=7349760
SPS: 1116
Epoch: 321, global_step=7372800
SPS: 1117
Epoch: 322, global_step=7395840
SPS: 1118
Epoch: 323, global_step=7418880
SPS: 1119
Epoch: 324, global_step=7441920
SPS: 1120
Epoch: 325, global_step=7464960
SPS: 1121
Epoch: 326, global_step=7488000
Evaluating
Evaluated 17280 steps resulting in 192 episodes
[32mEvaluation Metric: success_once[0m | [36mMean: 0.4219[0m
[32mEvaluation Metric: return[0m | [36mMean: 24.2420[0m
[32mEvaluation Metric: episode_len[0m | [36mMean: 90.0000[0m
[32mEvaluation Metric: reward[0m | [36mMean: 0.2694[0m
[32mEvaluation Metric: success_at_end[0m | [36mMean: 0.2865[0m
model saved to checkpoints/ppo_memtasks/rgb_joints_belief/normalized_dense/ShellGamePick-v0/ppo-last5-cvae-v6-ent0001-kl005-gamma095-lr1e4-99__99__rgb_joints_belief__20260125_234235/20260125_234235/ckpt_13_326.pt
SPS: 1100
Epoch: 327, global_step=7511040
SPS: 1101
Epoch: 328, global_step=7534080
SPS: 1102
Epoch: 329, global_step=7557120
SPS: 1103
Epoch: 330, global_step=7580160
SPS: 1104
Epoch: 331, global_step=7603200
SPS: 1105
Epoch: 332, global_step=7626240
SPS: 1106
Epoch: 333, global_step=7649280
SPS: 1107
Epoch: 334, global_step=7672320
SPS: 1108
Epoch: 335, global_step=7695360
SPS: 1109
Epoch: 336, global_step=7718400
SPS: 1110
Epoch: 337, global_step=7741440
SPS: 1111
Epoch: 338, global_step=7764480
SPS: 1112
Epoch: 339, global_step=7787520
SPS: 1113
Epoch: 340, global_step=7810560
SPS: 1114
Epoch: 341, global_step=7833600
SPS: 1115
Epoch: 342, global_step=7856640
SPS: 1116
Epoch: 343, global_step=7879680
SPS: 1116
Epoch: 344, global_step=7902720
SPS: 1117
Epoch: 345, global_step=7925760
SPS: 1118
Epoch: 346, global_step=7948800
SPS: 1119
Epoch: 347, global_step=7971840
SPS: 1120
Epoch: 348, global_step=7994880
SPS: 1121
Epoch: 349, global_step=8017920
SPS: 1122
Epoch: 350, global_step=8040960
SPS: 1123
Epoch: 351, global_step=8064000
Evaluating
Evaluated 17280 steps resulting in 192 episodes
[32mEvaluation Metric: success_once[0m | [36mMean: 0.5469[0m
[32mEvaluation Metric: return[0m | [36mMean: 26.6380[0m
[32mEvaluation Metric: episode_len[0m | [36mMean: 90.0000[0m
[32mEvaluation Metric: reward[0m | [36mMean: 0.2960[0m
[32mEvaluation Metric: success_at_end[0m | [36mMean: 0.4479[0m
model saved to checkpoints/ppo_memtasks/rgb_joints_belief/normalized_dense/ShellGamePick-v0/ppo-last5-cvae-v6-ent0001-kl005-gamma095-lr1e4-99__99__rgb_joints_belief__20260125_234235/20260125_234235/ckpt_14_351.pt
SPS: 1104
Epoch: 352, global_step=8087040
SPS: 1105
Epoch: 353, global_step=8110080
SPS: 1106
Epoch: 354, global_step=8133120
SPS: 1107
Epoch: 355, global_step=8156160
SPS: 1107
Epoch: 356, global_step=8179200
SPS: 1108
Epoch: 357, global_step=8202240
SPS: 1109
Epoch: 358, global_step=8225280
SPS: 1110
Epoch: 359, global_step=8248320
SPS: 1111
Epoch: 360, global_step=8271360
SPS: 1112
Epoch: 361, global_step=8294400
SPS: 1113
Epoch: 362, global_step=8317440
SPS: 1114
Epoch: 363, global_step=8340480
SPS: 1115
Epoch: 364, global_step=8363520
SPS: 1116
Epoch: 365, global_step=8386560
SPS: 1116
Epoch: 366, global_step=8409600
SPS: 1117
Epoch: 367, global_step=8432640
SPS: 1118
Epoch: 368, global_step=8455680
SPS: 1119
Epoch: 369, global_step=8478720
SPS: 1120
Epoch: 370, global_step=8501760
SPS: 1121
Epoch: 371, global_step=8524800
SPS: 1122
Epoch: 372, global_step=8547840
SPS: 1123
Epoch: 373, global_step=8570880
SPS: 1124
Epoch: 374, global_step=8593920
SPS: 1125
Epoch: 375, global_step=8616960
SPS: 1126
Epoch: 376, global_step=8640000
Evaluating
Evaluated 17280 steps resulting in 192 episodes
[32mEvaluation Metric: success_once[0m | [36mMean: 0.6302[0m
[32mEvaluation Metric: return[0m | [36mMean: 27.7918[0m
[32mEvaluation Metric: episode_len[0m | [36mMean: 90.0000[0m
[32mEvaluation Metric: reward[0m | [36mMean: 0.3088[0m
[32mEvaluation Metric: success_at_end[0m | [36mMean: 0.4844[0m
model saved to checkpoints/ppo_memtasks/rgb_joints_belief/normalized_dense/ShellGamePick-v0/ppo-last5-cvae-v6-ent0001-kl005-gamma095-lr1e4-99__99__rgb_joints_belief__20260125_234235/20260125_234235/ckpt_15_376.pt
SPS: 1107
Epoch: 377, global_step=8663040
SPS: 1108
Epoch: 378, global_step=8686080
SPS: 1109
Epoch: 379, global_step=8709120
SPS: 1110
Epoch: 380, global_step=8732160
SPS: 1111
Epoch: 381, global_step=8755200
SPS: 1112
Epoch: 382, global_step=8778240
SPS: 1113
Epoch: 383, global_step=8801280
SPS: 1114
Epoch: 384, global_step=8824320
SPS: 1114
Epoch: 385, global_step=8847360
SPS: 1115
Epoch: 386, global_step=8870400
SPS: 1116
Epoch: 387, global_step=8893440
SPS: 1117
Epoch: 388, global_step=8916480
SPS: 1118
Epoch: 389, global_step=8939520
SPS: 1119
Epoch: 390, global_step=8962560
SPS: 1120
Epoch: 391, global_step=8985600
SPS: 1121
Epoch: 392, global_step=9008640
SPS: 1121
Epoch: 393, global_step=9031680
SPS: 1122
Epoch: 394, global_step=9054720
SPS: 1123
Epoch: 395, global_step=9077760
SPS: 1124
Epoch: 396, global_step=9100800
SPS: 1125
Epoch: 397, global_step=9123840
SPS: 1125
Epoch: 398, global_step=9146880
SPS: 1126
Epoch: 399, global_step=9169920
SPS: 1127
Epoch: 400, global_step=9192960
SPS: 1128
Epoch: 401, global_step=9216000
Evaluating
Evaluated 17280 steps resulting in 192 episodes
[32mEvaluation Metric: success_once[0m | [36mMean: 0.7083[0m
[32mEvaluation Metric: return[0m | [36mMean: 28.9869[0m
[32mEvaluation Metric: episode_len[0m | [36mMean: 90.0000[0m
[32mEvaluation Metric: reward[0m | [36mMean: 0.3221[0m
[32mEvaluation Metric: success_at_end[0m | [36mMean: 0.5625[0m
model saved to checkpoints/ppo_memtasks/rgb_joints_belief/normalized_dense/ShellGamePick-v0/ppo-last5-cvae-v6-ent0001-kl005-gamma095-lr1e4-99__99__rgb_joints_belief__20260125_234235/20260125_234235/ckpt_16_401.pt
SPS: 1111
Epoch: 402, global_step=9239040
SPS: 1112
Epoch: 403, global_step=9262080
SPS: 1113
Epoch: 404, global_step=9285120
SPS: 1114
Epoch: 405, global_step=9308160
SPS: 1114
Epoch: 406, global_step=9331200
SPS: 1115
Epoch: 407, global_step=9354240
SPS: 1116
Epoch: 408, global_step=9377280
SPS: 1117
Epoch: 409, global_step=9400320
SPS: 1118
Epoch: 410, global_step=9423360
SPS: 1119
Epoch: 411, global_step=9446400
SPS: 1120
Epoch: 412, global_step=9469440
SPS: 1120
Epoch: 413, global_step=9492480
SPS: 1121
Epoch: 414, global_step=9515520
SPS: 1122
Epoch: 415, global_step=9538560
SPS: 1123
Epoch: 416, global_step=9561600
SPS: 1124
Epoch: 417, global_step=9584640
SPS: 1125
Epoch: 418, global_step=9607680
SPS: 1125
Epoch: 419, global_step=9630720
SPS: 1126
Epoch: 420, global_step=9653760
SPS: 1127
Epoch: 421, global_step=9676800
SPS: 1128
Epoch: 422, global_step=9699840
SPS: 1129
Epoch: 423, global_step=9722880
SPS: 1130
Epoch: 424, global_step=9745920
SPS: 1130
Epoch: 425, global_step=9768960
SPS: 1131
Epoch: 426, global_step=9792000
Evaluating
Evaluated 17280 steps resulting in 192 episodes
[32mEvaluation Metric: success_once[0m | [36mMean: 0.7188[0m
[32mEvaluation Metric: return[0m | [36mMean: 30.5302[0m
[32mEvaluation Metric: episode_len[0m | [36mMean: 90.0000[0m
[32mEvaluation Metric: reward[0m | [36mMean: 0.3392[0m
[32mEvaluation Metric: success_at_end[0m | [36mMean: 0.5781[0m
model saved to checkpoints/ppo_memtasks/rgb_joints_belief/normalized_dense/ShellGamePick-v0/ppo-last5-cvae-v6-ent0001-kl005-gamma095-lr1e4-99__99__rgb_joints_belief__20260125_234235/20260125_234235/ckpt_17_426.pt
SPS: 1115
Epoch: 427, global_step=9815040
SPS: 1116
Epoch: 428, global_step=9838080
SPS: 1117
Epoch: 429, global_step=9861120
SPS: 1118
Epoch: 430, global_step=9884160
SPS: 1118
Epoch: 431, global_step=9907200
SPS: 1119
Epoch: 432, global_step=9930240
SPS: 1120
Epoch: 433, global_step=9953280
SPS: 1121
Epoch: 434, global_step=9976320
SPS: 1121
Epoch: 435, global_step=9999360
SPS: 1122
Epoch: 436, global_step=10022400
SPS: 1123
Epoch: 437, global_step=10045440
SPS: 1124
Epoch: 438, global_step=10068480
SPS: 1125
Epoch: 439, global_step=10091520
SPS: 1125
Epoch: 440, global_step=10114560
SPS: 1126
Epoch: 441, global_step=10137600
SPS: 1127
Epoch: 442, global_step=10160640
SPS: 1127
Epoch: 443, global_step=10183680
SPS: 1128
Epoch: 444, global_step=10206720
SPS: 1129
Epoch: 445, global_step=10229760
SPS: 1130
Epoch: 446, global_step=10252800
SPS: 1130
Epoch: 447, global_step=10275840
SPS: 1131
Epoch: 448, global_step=10298880
SPS: 1132
Epoch: 449, global_step=10321920
SPS: 1133
Epoch: 450, global_step=10344960
SPS: 1133
model saved to checkpoints/ppo_memtasks/rgb_joints_belief/normalized_dense/ShellGamePick-v0/ppo-last5-cvae-v6-ent0001-kl005-gamma095-lr1e4-99__99__rgb_joints_belief__20260125_234235/20260125_234235/final_ckpt.pt
