Enabling podman.socket for user: s4176650
Running RememberColor5-v0 with belief, seed 33

===========================================================================
║                        Environment Configuration                        ║
===========================================================================
║ Environment ID: RememberColor5-v0                                       ║
║ Oracle Info:    None                                                    ║
║ Wrappers:                                                               ║
║    ├─ InitialZeroActionWrapper                                         ║
║    │  └─ {'n_initial_steps': 0}                                           ║
║    ├─ RememberColorInfoWrapper                                         ║
║    ├─ RenderStepInfoWrapper                                            ║
║    ├─ RenderRewardInfoWrapper                                          ║
║    ├─ DebugRewardWrapper                                               ║
║-------------------------------------------------------------------------║
║ include_state:       False │ state will not be used                ║
║ include_rgb:         True  │ rgb images will be used               ║
║ include_oracle:      False │ oracle info will not be used          ║
║ include_joints:      True  │ joints will be used                   ║
===========================================================================

MODE='rgb_joints_belief'
prompt_info=None
Saving eval videos to checkpoints/ppo_memtasks/rgb_joints_belief/normalized_dense/RememberColor5-v0/ppo-cvae-final-33__33__rgb_joints_belief__20260111_144820/20260111_144820/videos
======================================================================
Max Episode Steps: 60
======================================================================

Loading belief model from /local/s4176650/sphinx/storage_cvae/RememberColor5-v0_cvae_mikasa_final7/final_vae_model.pt
Running RememberColor5-v0 with belief, seed 42

===========================================================================
║                        Environment Configuration                        ║
===========================================================================
║ Environment ID: RememberColor5-v0                                       ║
║ Oracle Info:    None                                                    ║
║ Wrappers:                                                               ║
║    ├─ InitialZeroActionWrapper                                         ║
║    │  └─ {'n_initial_steps': 0}                                           ║
║    ├─ RememberColorInfoWrapper                                         ║
║    ├─ RenderStepInfoWrapper                                            ║
║    ├─ RenderRewardInfoWrapper                                          ║
║    ├─ DebugRewardWrapper                                               ║
║-------------------------------------------------------------------------║
║ include_state:       False │ state will not be used                ║
║ include_rgb:         True  │ rgb images will be used               ║
║ include_oracle:      False │ oracle info will not be used          ║
║ include_joints:      True  │ joints will be used                   ║
===========================================================================

MODE='rgb_joints_belief'
prompt_info=None
Saving eval videos to checkpoints/ppo_memtasks/rgb_joints_belief/normalized_dense/RememberColor5-v0/ppo-cvae-final-42__42__rgb_joints_belief__20260111_144838/20260111_144838/videos
======================================================================
Max Episode Steps: 60
======================================================================

Loading belief model from /local/s4176650/sphinx/storage_cvae/RememberColor5-v0_cvae_mikasa_final7/final_vae_model.pt
