Enabling podman.socket for user: s4176650
Running RememberShapeAndColor3x2-v0 with belief, seed 33

===========================================================================
║                        Environment Configuration                        ║
===========================================================================
║ Environment ID: InterceptMedium-v0                                      ║
║ Oracle Info:    None                                                    ║
║ Wrappers:                                                               ║
║    ├─ InitialZeroActionWrapper                                         ║
║    │  └─ {'n_initial_steps': 0}                                           ║
║    ├─ RenderStepInfoWrapper                                            ║
║    ├─ RenderRewardInfoWrapper                                          ║
║    ├─ DebugRewardWrapper                                               ║
║-------------------------------------------------------------------------║
║ include_state:       False │ state will not be used                ║
║ include_rgb:         True  │ rgb images will be used               ║
║ include_oracle:      False │ oracle info will not be used          ║
║ include_joints:      True  │ joints will be used                   ║
===========================================================================

MODE='rgb_joints'
prompt_info=None
Saving eval videos to checkpoints/ppo_memtasks/rgb_joints/normalized_dense/InterceptMedium-v0/ppo-nonbelief-newhyper-lr1e-4-33__33__rgb_joints__20260127_005114/20260127_005114/videos
======================================================================
Max Episode Steps: 90
======================================================================

Running training

####
args.num_iterations=434 args.num_envs=256 args.num_eval_envs=16
args.minibatch_size=720 args.batch_size=23040 args.update_epochs=2
####

sample_obs.keys()=dict_keys(['joints', 'rgb'])
joints: torch.Size([256, 25])
rgb: torch.Size([256, 128, 128, 3])


Epoch: 1, global_step=0
Evaluating
Evaluated 17280 steps resulting in 192 episodes
[32mEvaluation Metric: success_once[0m | [36mMean: 0.0000[0m
[32mEvaluation Metric: return[0m | [36mMean: 1.0349[0m
[32mEvaluation Metric: episode_len[0m | [36mMean: 90.0000[0m
[32mEvaluation Metric: reward[0m | [36mMean: 0.0115[0m
[32mEvaluation Metric: success_at_end[0m | [36mMean: 0.0000[0m
model saved to checkpoints/ppo_memtasks/rgb_joints/normalized_dense/InterceptMedium-v0/ppo-nonbelief-newhyper-lr1e-4-33__33__rgb_joints__20260127_005114/20260127_005114/ckpt_0_1.pt
SPS: 282
Epoch: 2, global_step=23040
SPS: 514
Epoch: 3, global_step=46080
SPS: 708
Epoch: 4, global_step=69120
SPS: 873
Epoch: 5, global_step=92160
SPS: 1011
Epoch: 6, global_step=115200
SPS: 1128
Epoch: 7, global_step=138240
SPS: 1229
Epoch: 8, global_step=161280
SPS: 1322
Epoch: 9, global_step=184320
SPS: 1405
Epoch: 10, global_step=207360
SPS: 1478
Epoch: 11, global_step=230400
SPS: 1546
Epoch: 12, global_step=253440
SPS: 1609
Epoch: 13, global_step=276480
SPS: 1667
Epoch: 14, global_step=299520
SPS: 1719
Epoch: 15, global_step=322560
SPS: 1768
Epoch: 16, global_step=345600
SPS: 1811
Epoch: 17, global_step=368640
SPS: 1852
Epoch: 18, global_step=391680
SPS: 1890
Epoch: 19, global_step=414720
SPS: 1926
Epoch: 20, global_step=437760
SPS: 1960
Epoch: 21, global_step=460800
SPS: 1991
Epoch: 22, global_step=483840
SPS: 2020
Epoch: 23, global_step=506880
SPS: 2048
Epoch: 24, global_step=529920
SPS: 2074
Epoch: 25, global_step=552960
SPS: 2099
Epoch: 26, global_step=576000
Evaluating
Evaluated 17280 steps resulting in 192 episodes
[32mEvaluation Metric: success_once[0m | [36mMean: 0.0000[0m
[32mEvaluation Metric: return[0m | [36mMean: 1.4711[0m
[32mEvaluation Metric: episode_len[0m | [36mMean: 90.0000[0m
[32mEvaluation Metric: reward[0m | [36mMean: 0.0163[0m
[32mEvaluation Metric: success_at_end[0m | [36mMean: 0.0000[0m
model saved to checkpoints/ppo_memtasks/rgb_joints/normalized_dense/InterceptMedium-v0/ppo-nonbelief-newhyper-lr1e-4-33__33__rgb_joints__20260127_005114/20260127_005114/ckpt_1_26.pt
SPS: 1695
Epoch: 27, global_step=599040
SPS: 1722
Epoch: 28, global_step=622080
SPS: 1748
Epoch: 29, global_step=645120
SPS: 1773
Epoch: 30, global_step=668160
SPS: 1796
Epoch: 31, global_step=691200
SPS: 1819
Epoch: 32, global_step=714240
SPS: 1841
Epoch: 33, global_step=737280
SPS: 1861
Epoch: 34, global_step=760320
SPS: 1881
Epoch: 35, global_step=783360
SPS: 1901
Epoch: 36, global_step=806400
SPS: 1919
Epoch: 37, global_step=829440
SPS: 1937
Epoch: 38, global_step=852480
SPS: 1953
Epoch: 39, global_step=875520
SPS: 1969
Epoch: 40, global_step=898560
SPS: 1985
Epoch: 41, global_step=921600
SPS: 2001
Epoch: 42, global_step=944640
SPS: 2016
Epoch: 43, global_step=967680
SPS: 2031
Epoch: 44, global_step=990720
SPS: 2045
Epoch: 45, global_step=1013760
SPS: 2059
Epoch: 46, global_step=1036800
SPS: 2073
Epoch: 47, global_step=1059840
SPS: 2086
Epoch: 48, global_step=1082880
SPS: 2099
Epoch: 49, global_step=1105920
SPS: 2111
Epoch: 50, global_step=1128960
SPS: 2123
Epoch: 51, global_step=1152000
Evaluating
Evaluated 17280 steps resulting in 192 episodes
[32mEvaluation Metric: success_once[0m | [36mMean: 0.0000[0m
[32mEvaluation Metric: return[0m | [36mMean: 1.4895[0m
[32mEvaluation Metric: episode_len[0m | [36mMean: 90.0000[0m
[32mEvaluation Metric: reward[0m | [36mMean: 0.0166[0m
[32mEvaluation Metric: success_at_end[0m | [36mMean: 0.0000[0m
model saved to checkpoints/ppo_memtasks/rgb_joints/normalized_dense/InterceptMedium-v0/ppo-nonbelief-newhyper-lr1e-4-33__33__rgb_joints__20260127_005114/20260127_005114/ckpt_2_51.pt
SPS: 1887
Epoch: 52, global_step=1175040
SPS: 1900
Epoch: 53, global_step=1198080
SPS: 1913
Epoch: 54, global_step=1221120
SPS: 1925
Epoch: 55, global_step=1244160
SPS: 1937
Epoch: 56, global_step=1267200
SPS: 1949
Epoch: 57, global_step=1290240
SPS: 1961
Epoch: 58, global_step=1313280
SPS: 1973
Epoch: 59, global_step=1336320
SPS: 1984
Epoch: 60, global_step=1359360
SPS: 1994
Epoch: 61, global_step=1382400
SPS: 2005
Epoch: 62, global_step=1405440
SPS: 2015
Epoch: 63, global_step=1428480
SPS: 2024
Epoch: 64, global_step=1451520
SPS: 2034
Epoch: 65, global_step=1474560
SPS: 2043
Epoch: 66, global_step=1497600
SPS: 2052
Epoch: 67, global_step=1520640
SPS: 2061
Epoch: 68, global_step=1543680
SPS: 2070
Epoch: 69, global_step=1566720
SPS: 2079
Epoch: 70, global_step=1589760
SPS: 2087
Epoch: 71, global_step=1612800
SPS: 2095
Epoch: 72, global_step=1635840
SPS: 2103
Epoch: 73, global_step=1658880
SPS: 2111
Epoch: 74, global_step=1681920
SPS: 2118
Epoch: 75, global_step=1704960
SPS: 2126
Epoch: 76, global_step=1728000
Evaluating
Evaluated 17280 steps resulting in 192 episodes
[32mEvaluation Metric: success_once[0m | [36mMean: 0.0000[0m
[32mEvaluation Metric: return[0m | [36mMean: 1.7084[0m
[32mEvaluation Metric: episode_len[0m | [36mMean: 90.0000[0m
[32mEvaluation Metric: reward[0m | [36mMean: 0.0190[0m
[32mEvaluation Metric: success_at_end[0m | [36mMean: 0.0000[0m
model saved to checkpoints/ppo_memtasks/rgb_joints/normalized_dense/InterceptMedium-v0/ppo-nonbelief-newhyper-lr1e-4-33__33__rgb_joints__20260127_005114/20260127_005114/ckpt_3_76.pt
SPS: 1960
Epoch: 77, global_step=1751040
SPS: 1968
Epoch: 78, global_step=1774080
SPS: 1976
Epoch: 79, global_step=1797120
SPS: 1984
Epoch: 80, global_step=1820160
SPS: 1992
Epoch: 81, global_step=1843200
SPS: 2000
Epoch: 82, global_step=1866240
SPS: 2007
Epoch: 83, global_step=1889280
SPS: 2015
Epoch: 84, global_step=1912320
SPS: 2023
Epoch: 85, global_step=1935360
SPS: 2030
Epoch: 86, global_step=1958400
SPS: 2037
Epoch: 87, global_step=1981440
SPS: 2044
Epoch: 88, global_step=2004480
SPS: 2051
Epoch: 89, global_step=2027520
SPS: 2058
Epoch: 90, global_step=2050560
SPS: 2065
Epoch: 91, global_step=2073600
SPS: 2071
Epoch: 92, global_step=2096640
SPS: 2078
Epoch: 93, global_step=2119680
SPS: 2084
Epoch: 94, global_step=2142720
SPS: 2091
Epoch: 95, global_step=2165760
SPS: 2097
Epoch: 96, global_step=2188800
SPS: 2103
Epoch: 97, global_step=2211840
SPS: 2109
Epoch: 98, global_step=2234880
SPS: 2115
Epoch: 99, global_step=2257920
SPS: 2121
Epoch: 100, global_step=2280960
SPS: 2127
Epoch: 101, global_step=2304000
Evaluating
Evaluated 17280 steps resulting in 192 episodes
[32mEvaluation Metric: success_once[0m | [36mMean: 0.0000[0m
[32mEvaluation Metric: return[0m | [36mMean: 1.9206[0m
[32mEvaluation Metric: episode_len[0m | [36mMean: 90.0000[0m
[32mEvaluation Metric: reward[0m | [36mMean: 0.0213[0m
[32mEvaluation Metric: success_at_end[0m | [36mMean: 0.0000[0m
model saved to checkpoints/ppo_memtasks/rgb_joints/normalized_dense/InterceptMedium-v0/ppo-nonbelief-newhyper-lr1e-4-33__33__rgb_joints__20260127_005114/20260127_005114/ckpt_4_101.pt
SPS: 1995
Epoch: 102, global_step=2327040
SPS: 2001
Epoch: 103, global_step=2350080
SPS: 2007
Epoch: 104, global_step=2373120
SPS: 2012
Epoch: 105, global_step=2396160
SPS: 2018
Epoch: 106, global_step=2419200
SPS: 2024
Epoch: 107, global_step=2442240
SPS: 2030
Epoch: 108, global_step=2465280
SPS: 2035
Epoch: 109, global_step=2488320
SPS: 2041
Epoch: 110, global_step=2511360
SPS: 2047
Epoch: 111, global_step=2534400
SPS: 2052
Epoch: 112, global_step=2557440
SPS: 2058
Epoch: 113, global_step=2580480
SPS: 2063
Epoch: 114, global_step=2603520
SPS: 2068
Epoch: 115, global_step=2626560
SPS: 2074
Epoch: 116, global_step=2649600
SPS: 2079
Epoch: 117, global_step=2672640
SPS: 2084
Epoch: 118, global_step=2695680
SPS: 2089
Epoch: 119, global_step=2718720
SPS: 2094
Epoch: 120, global_step=2741760
SPS: 2099
Epoch: 121, global_step=2764800
SPS: 2104
Epoch: 122, global_step=2787840
SPS: 2109
Epoch: 123, global_step=2810880
SPS: 2113
Epoch: 124, global_step=2833920
SPS: 2118
Epoch: 125, global_step=2856960
SPS: 2122
Epoch: 126, global_step=2880000
Evaluating
Evaluated 17280 steps resulting in 192 episodes
[32mEvaluation Metric: success_once[0m | [36mMean: 0.0000[0m
[32mEvaluation Metric: return[0m | [36mMean: 2.0971[0m
[32mEvaluation Metric: episode_len[0m | [36mMean: 90.0000[0m
[32mEvaluation Metric: reward[0m | [36mMean: 0.0233[0m
[32mEvaluation Metric: success_at_end[0m | [36mMean: 0.0000[0m
model saved to checkpoints/ppo_memtasks/rgb_joints/normalized_dense/InterceptMedium-v0/ppo-nonbelief-newhyper-lr1e-4-33__33__rgb_joints__20260127_005114/20260127_005114/ckpt_5_126.pt
SPS: 2017
Epoch: 127, global_step=2903040
SPS: 2022
Epoch: 128, global_step=2926080
SPS: 2027
Epoch: 129, global_step=2949120
SPS: 2031
Epoch: 130, global_step=2972160
SPS: 2036
Epoch: 131, global_step=2995200
SPS: 2040
Epoch: 132, global_step=3018240
SPS: 2045
Epoch: 133, global_step=3041280
SPS: 2049
Epoch: 134, global_step=3064320
SPS: 2053
Epoch: 135, global_step=3087360
SPS: 2057
Epoch: 136, global_step=3110400
SPS: 2061
Epoch: 137, global_step=3133440
SPS: 2064
Epoch: 138, global_step=3156480
SPS: 2068
Epoch: 139, global_step=3179520
SPS: 2072
Epoch: 140, global_step=3202560
SPS: 2075
Epoch: 141, global_step=3225600
SPS: 2078
Epoch: 142, global_step=3248640
SPS: 2082
Epoch: 143, global_step=3271680
SPS: 2086
Epoch: 144, global_step=3294720
SPS: 2089
Epoch: 145, global_step=3317760
SPS: 2092
Epoch: 146, global_step=3340800
SPS: 2096
Epoch: 147, global_step=3363840
SPS: 2099
Epoch: 148, global_step=3386880
SPS: 2102
Epoch: 149, global_step=3409920
SPS: 2106
Epoch: 150, global_step=3432960
SPS: 2109
Epoch: 151, global_step=3456000
Evaluating
Evaluated 17280 steps resulting in 192 episodes
[32mEvaluation Metric: success_once[0m | [36mMean: 0.0104[0m
[32mEvaluation Metric: return[0m | [36mMean: 4.4705[0m
[32mEvaluation Metric: episode_len[0m | [36mMean: 90.0000[0m
[32mEvaluation Metric: reward[0m | [36mMean: 0.0497[0m
[32mEvaluation Metric: success_at_end[0m | [36mMean: 0.0000[0m
model saved to checkpoints/ppo_memtasks/rgb_joints/normalized_dense/InterceptMedium-v0/ppo-nonbelief-newhyper-lr1e-4-33__33__rgb_joints__20260127_005114/20260127_005114/ckpt_6_151.pt
SPS: 2016
Epoch: 152, global_step=3479040
SPS: 2019
Epoch: 153, global_step=3502080
SPS: 2022
Epoch: 154, global_step=3525120
SPS: 2026
Epoch: 155, global_step=3548160
SPS: 2029
Epoch: 156, global_step=3571200
SPS: 2032
Epoch: 157, global_step=3594240
SPS: 2036
Epoch: 158, global_step=3617280
SPS: 2039
Epoch: 159, global_step=3640320
SPS: 2042
Epoch: 160, global_step=3663360
SPS: 2045
Epoch: 161, global_step=3686400
SPS: 2048
Epoch: 162, global_step=3709440
SPS: 2051
Epoch: 163, global_step=3732480
SPS: 2054
Epoch: 164, global_step=3755520
SPS: 2057
Epoch: 165, global_step=3778560
SPS: 2060
Epoch: 166, global_step=3801600
SPS: 2063
Epoch: 167, global_step=3824640
SPS: 2066
Epoch: 168, global_step=3847680
SPS: 2069
Epoch: 169, global_step=3870720
SPS: 2072
Epoch: 170, global_step=3893760
SPS: 2074
Epoch: 171, global_step=3916800
SPS: 2077
Epoch: 172, global_step=3939840
SPS: 2080
Epoch: 173, global_step=3962880
SPS: 2083
Epoch: 174, global_step=3985920
SPS: 2085
Epoch: 175, global_step=4008960
SPS: 2088
Epoch: 176, global_step=4032000
Evaluating
Evaluated 17280 steps resulting in 192 episodes
[32mEvaluation Metric: success_once[0m | [36mMean: 0.0625[0m
[32mEvaluation Metric: return[0m | [36mMean: 6.0121[0m
[32mEvaluation Metric: episode_len[0m | [36mMean: 90.0000[0m
[32mEvaluation Metric: reward[0m | [36mMean: 0.0668[0m
[32mEvaluation Metric: success_at_end[0m | [36mMean: 0.0260[0m
model saved to checkpoints/ppo_memtasks/rgb_joints/normalized_dense/InterceptMedium-v0/ppo-nonbelief-newhyper-lr1e-4-33__33__rgb_joints__20260127_005114/20260127_005114/ckpt_7_176.pt
SPS: 2008
Epoch: 177, global_step=4055040
SPS: 2011
Epoch: 178, global_step=4078080
SPS: 2014
Epoch: 179, global_step=4101120
SPS: 2017
Epoch: 180, global_step=4124160
SPS: 2020
Epoch: 181, global_step=4147200
SPS: 2023
Epoch: 182, global_step=4170240
SPS: 2026
Epoch: 183, global_step=4193280
SPS: 2028
Epoch: 184, global_step=4216320
SPS: 2031
Epoch: 185, global_step=4239360
SPS: 2034
Epoch: 186, global_step=4262400
SPS: 2037
Epoch: 187, global_step=4285440
SPS: 2040
Epoch: 188, global_step=4308480
SPS: 2043
Epoch: 189, global_step=4331520
SPS: 2045
Epoch: 190, global_step=4354560
SPS: 2048
Epoch: 191, global_step=4377600
SPS: 2050
Epoch: 192, global_step=4400640
SPS: 2053
Epoch: 193, global_step=4423680
SPS: 2056
Epoch: 194, global_step=4446720
SPS: 2058
Epoch: 195, global_step=4469760
SPS: 2061
Epoch: 196, global_step=4492800
SPS: 2063
Epoch: 197, global_step=4515840
SPS: 2066
Epoch: 198, global_step=4538880
SPS: 2068
Epoch: 199, global_step=4561920
SPS: 2070
Epoch: 200, global_step=4584960
SPS: 2073
Epoch: 201, global_step=4608000
Evaluating
Evaluated 17280 steps resulting in 192 episodes
[32mEvaluation Metric: success_once[0m | [36mMean: 0.0417[0m
[32mEvaluation Metric: return[0m | [36mMean: 5.6848[0m
[32mEvaluation Metric: episode_len[0m | [36mMean: 90.0000[0m
[32mEvaluation Metric: reward[0m | [36mMean: 0.0632[0m
[32mEvaluation Metric: success_at_end[0m | [36mMean: 0.0052[0m
model saved to checkpoints/ppo_memtasks/rgb_joints/normalized_dense/InterceptMedium-v0/ppo-nonbelief-newhyper-lr1e-4-33__33__rgb_joints__20260127_005114/20260127_005114/ckpt_8_201.pt
SPS: 1998
Epoch: 202, global_step=4631040
SPS: 2001
Epoch: 203, global_step=4654080
SPS: 2004
Epoch: 204, global_step=4677120
SPS: 2007
Epoch: 205, global_step=4700160
SPS: 2009
Epoch: 206, global_step=4723200
SPS: 2012
Epoch: 207, global_step=4746240
SPS: 2014
Epoch: 208, global_step=4769280
SPS: 2016
Epoch: 209, global_step=4792320
SPS: 2019
Epoch: 210, global_step=4815360
SPS: 2021
Epoch: 211, global_step=4838400
SPS: 2023
Epoch: 212, global_step=4861440
SPS: 2025
Epoch: 213, global_step=4884480
SPS: 2028
Epoch: 214, global_step=4907520
SPS: 2030
Epoch: 215, global_step=4930560
SPS: 2032
Epoch: 216, global_step=4953600
SPS: 2034
Epoch: 217, global_step=4976640
SPS: 2036
Epoch: 218, global_step=4999680
SPS: 2038
Epoch: 219, global_step=5022720
SPS: 2040
Epoch: 220, global_step=5045760
SPS: 2042
Epoch: 221, global_step=5068800
SPS: 2045
Epoch: 222, global_step=5091840
SPS: 2047
Epoch: 223, global_step=5114880
SPS: 2049
Epoch: 224, global_step=5137920
SPS: 2051
Epoch: 225, global_step=5160960
SPS: 2053
Epoch: 226, global_step=5184000
Evaluating
Evaluated 17280 steps resulting in 192 episodes
[32mEvaluation Metric: success_once[0m | [36mMean: 0.1042[0m
[32mEvaluation Metric: return[0m | [36mMean: 6.6609[0m
[32mEvaluation Metric: episode_len[0m | [36mMean: 90.0000[0m
[32mEvaluation Metric: reward[0m | [36mMean: 0.0740[0m
[32mEvaluation Metric: success_at_end[0m | [36mMean: 0.0052[0m
model saved to checkpoints/ppo_memtasks/rgb_joints/normalized_dense/InterceptMedium-v0/ppo-nonbelief-newhyper-lr1e-4-33__33__rgb_joints__20260127_005114/20260127_005114/ckpt_9_226.pt
SPS: 1990
Epoch: 227, global_step=5207040
SPS: 1993
Epoch: 228, global_step=5230080
SPS: 1995
Epoch: 229, global_step=5253120
SPS: 1997
Epoch: 230, global_step=5276160
SPS: 1999
Epoch: 231, global_step=5299200
SPS: 2002
Epoch: 232, global_step=5322240
SPS: 2004
Epoch: 233, global_step=5345280
SPS: 2006
Epoch: 234, global_step=5368320
SPS: 2008
Epoch: 235, global_step=5391360
SPS: 2010
Epoch: 236, global_step=5414400
SPS: 2012
Epoch: 237, global_step=5437440
SPS: 2014
Epoch: 238, global_step=5460480
SPS: 2017
Epoch: 239, global_step=5483520
SPS: 2019
Epoch: 240, global_step=5506560
SPS: 2021
Epoch: 241, global_step=5529600
SPS: 2023
Epoch: 242, global_step=5552640
SPS: 2025
Epoch: 243, global_step=5575680
SPS: 2027
Epoch: 244, global_step=5598720
SPS: 2029
Epoch: 245, global_step=5621760
SPS: 2031
Epoch: 246, global_step=5644800
SPS: 2033
Epoch: 247, global_step=5667840
SPS: 2035
Epoch: 248, global_step=5690880
SPS: 2037
Epoch: 249, global_step=5713920
SPS: 2038
Epoch: 250, global_step=5736960
SPS: 2040
Epoch: 251, global_step=5760000
Evaluating
Evaluated 17280 steps resulting in 192 episodes
[32mEvaluation Metric: success_once[0m | [36mMean: 0.1510[0m
[32mEvaluation Metric: return[0m | [36mMean: 6.5917[0m
[32mEvaluation Metric: episode_len[0m | [36mMean: 90.0000[0m
[32mEvaluation Metric: reward[0m | [36mMean: 0.0732[0m
[32mEvaluation Metric: success_at_end[0m | [36mMean: 0.0052[0m
model saved to checkpoints/ppo_memtasks/rgb_joints/normalized_dense/InterceptMedium-v0/ppo-nonbelief-newhyper-lr1e-4-33__33__rgb_joints__20260127_005114/20260127_005114/ckpt_10_251.pt
SPS: 1986
Epoch: 252, global_step=5783040
SPS: 1988
Epoch: 253, global_step=5806080
SPS: 1990
Epoch: 254, global_step=5829120
SPS: 1992
Epoch: 255, global_step=5852160
SPS: 1994
Epoch: 256, global_step=5875200
SPS: 1995
Epoch: 257, global_step=5898240
SPS: 1997
Epoch: 258, global_step=5921280
SPS: 1999
Epoch: 259, global_step=5944320
SPS: 2001
Epoch: 260, global_step=5967360
SPS: 2003
Epoch: 261, global_step=5990400
SPS: 2005
Epoch: 262, global_step=6013440
SPS: 2006
Epoch: 263, global_step=6036480
SPS: 2008
Epoch: 264, global_step=6059520
SPS: 2010
Epoch: 265, global_step=6082560
SPS: 2012
Epoch: 266, global_step=6105600
SPS: 2014
Epoch: 267, global_step=6128640
SPS: 2015
Epoch: 268, global_step=6151680
SPS: 2017
Epoch: 269, global_step=6174720
SPS: 2019
Epoch: 270, global_step=6197760
SPS: 2020
Epoch: 271, global_step=6220800
SPS: 2022
Epoch: 272, global_step=6243840
SPS: 2024
Epoch: 273, global_step=6266880
SPS: 2026
Epoch: 274, global_step=6289920
SPS: 2027
Epoch: 275, global_step=6312960
SPS: 2029
Epoch: 276, global_step=6336000
Evaluating
Evaluated 17280 steps resulting in 192 episodes
[32mEvaluation Metric: success_once[0m | [36mMean: 0.1562[0m
[32mEvaluation Metric: return[0m | [36mMean: 7.3147[0m
[32mEvaluation Metric: episode_len[0m | [36mMean: 90.0000[0m
[32mEvaluation Metric: reward[0m | [36mMean: 0.0813[0m
[32mEvaluation Metric: success_at_end[0m | [36mMean: 0.0000[0m
model saved to checkpoints/ppo_memtasks/rgb_joints/normalized_dense/InterceptMedium-v0/ppo-nonbelief-newhyper-lr1e-4-33__33__rgb_joints__20260127_005114/20260127_005114/ckpt_11_276.pt
SPS: 1980
Epoch: 277, global_step=6359040
SPS: 1982
Epoch: 278, global_step=6382080
SPS: 1983
Epoch: 279, global_step=6405120
SPS: 1985
Epoch: 280, global_step=6428160
SPS: 1987
Epoch: 281, global_step=6451200
SPS: 1989
Epoch: 282, global_step=6474240
SPS: 1990
Epoch: 283, global_step=6497280
SPS: 1992
Epoch: 284, global_step=6520320
SPS: 1994
Epoch: 285, global_step=6543360
SPS: 1995
Epoch: 286, global_step=6566400
SPS: 1997
Epoch: 287, global_step=6589440
SPS: 1999
Epoch: 288, global_step=6612480
SPS: 2000
Epoch: 289, global_step=6635520
SPS: 2002
Epoch: 290, global_step=6658560
SPS: 2004
Epoch: 291, global_step=6681600
SPS: 2005
Epoch: 292, global_step=6704640
SPS: 2007
Epoch: 293, global_step=6727680
SPS: 2009
Epoch: 294, global_step=6750720
SPS: 2010
Epoch: 295, global_step=6773760
SPS: 2012
Epoch: 296, global_step=6796800
SPS: 2013
Epoch: 297, global_step=6819840
SPS: 2015
Epoch: 298, global_step=6842880
SPS: 2017
Epoch: 299, global_step=6865920
SPS: 2018
Epoch: 300, global_step=6888960
SPS: 2020
Epoch: 301, global_step=6912000
Evaluating
Evaluated 17280 steps resulting in 192 episodes
[32mEvaluation Metric: success_once[0m | [36mMean: 0.4062[0m
[32mEvaluation Metric: return[0m | [36mMean: 9.4521[0m
[32mEvaluation Metric: episode_len[0m | [36mMean: 90.0000[0m
[32mEvaluation Metric: reward[0m | [36mMean: 0.1050[0m
[32mEvaluation Metric: success_at_end[0m | [36mMean: 0.0052[0m
model saved to checkpoints/ppo_memtasks/rgb_joints/normalized_dense/InterceptMedium-v0/ppo-nonbelief-newhyper-lr1e-4-33__33__rgb_joints__20260127_005114/20260127_005114/ckpt_12_301.pt
SPS: 1975
Epoch: 302, global_step=6935040
SPS: 1977
Epoch: 303, global_step=6958080
SPS: 1978
Epoch: 304, global_step=6981120
SPS: 1980
Epoch: 305, global_step=7004160
SPS: 1982
Epoch: 306, global_step=7027200
SPS: 1983
Epoch: 307, global_step=7050240
SPS: 1985
Epoch: 308, global_step=7073280
SPS: 1986
Epoch: 309, global_step=7096320
SPS: 1988
Epoch: 310, global_step=7119360
SPS: 1989
Epoch: 311, global_step=7142400
SPS: 1991
Epoch: 312, global_step=7165440
SPS: 1992
Epoch: 313, global_step=7188480
SPS: 1994
Epoch: 314, global_step=7211520
SPS: 1995
Epoch: 315, global_step=7234560
SPS: 1997
Epoch: 316, global_step=7257600
SPS: 1998
Epoch: 317, global_step=7280640
SPS: 2000
Epoch: 318, global_step=7303680
SPS: 2001
Epoch: 319, global_step=7326720
SPS: 2003
Epoch: 320, global_step=7349760
SPS: 2004
Epoch: 321, global_step=7372800
SPS: 2006
Epoch: 322, global_step=7395840
SPS: 2007
Epoch: 323, global_step=7418880
SPS: 2009
Epoch: 324, global_step=7441920
SPS: 2010
Epoch: 325, global_step=7464960
SPS: 2011
Epoch: 326, global_step=7488000
Evaluating
Evaluated 17280 steps resulting in 192 episodes
[32mEvaluation Metric: success_once[0m | [36mMean: 0.4323[0m
[32mEvaluation Metric: return[0m | [36mMean: 9.9557[0m
[32mEvaluation Metric: episode_len[0m | [36mMean: 90.0000[0m
[32mEvaluation Metric: reward[0m | [36mMean: 0.1106[0m
[32mEvaluation Metric: success_at_end[0m | [36mMean: 0.0052[0m
model saved to checkpoints/ppo_memtasks/rgb_joints/normalized_dense/InterceptMedium-v0/ppo-nonbelief-newhyper-lr1e-4-33__33__rgb_joints__20260127_005114/20260127_005114/ckpt_13_326.pt
SPS: 1969
Epoch: 327, global_step=7511040
SPS: 1970
Epoch: 328, global_step=7534080
SPS: 1972
Epoch: 329, global_step=7557120
SPS: 1973
Epoch: 330, global_step=7580160
SPS: 1975
Epoch: 331, global_step=7603200
SPS: 1976
Epoch: 332, global_step=7626240
SPS: 1978
Epoch: 333, global_step=7649280
SPS: 1979
Epoch: 334, global_step=7672320
SPS: 1981
Epoch: 335, global_step=7695360
SPS: 1982
Epoch: 336, global_step=7718400
SPS: 1983
Epoch: 337, global_step=7741440
SPS: 1985
Epoch: 338, global_step=7764480
SPS: 1986
Epoch: 339, global_step=7787520
SPS: 1988
Epoch: 340, global_step=7810560
SPS: 1989
Epoch: 341, global_step=7833600
SPS: 1990
Epoch: 342, global_step=7856640
SPS: 1992
Epoch: 343, global_step=7879680
SPS: 1993
Epoch: 344, global_step=7902720
SPS: 1994
Epoch: 345, global_step=7925760
SPS: 1996
Epoch: 346, global_step=7948800
SPS: 1997
Epoch: 347, global_step=7971840
SPS: 1998
Epoch: 348, global_step=7994880
SPS: 1999
Epoch: 349, global_step=8017920
SPS: 2001
Epoch: 350, global_step=8040960
SPS: 2002
Epoch: 351, global_step=8064000
Evaluating
Evaluated 17280 steps resulting in 192 episodes
[32mEvaluation Metric: success_once[0m | [36mMean: 0.5365[0m
[32mEvaluation Metric: return[0m | [36mMean: 9.9788[0m
[32mEvaluation Metric: episode_len[0m | [36mMean: 90.0000[0m
[32mEvaluation Metric: reward[0m | [36mMean: 0.1109[0m
[32mEvaluation Metric: success_at_end[0m | [36mMean: 0.0000[0m
model saved to checkpoints/ppo_memtasks/rgb_joints/normalized_dense/InterceptMedium-v0/ppo-nonbelief-newhyper-lr1e-4-33__33__rgb_joints__20260127_005114/20260127_005114/ckpt_14_351.pt
SPS: 1964
Epoch: 352, global_step=8087040
SPS: 1965
Epoch: 353, global_step=8110080
SPS: 1966
Epoch: 354, global_step=8133120
SPS: 1968
Epoch: 355, global_step=8156160
SPS: 1969
Epoch: 356, global_step=8179200
SPS: 1970
Epoch: 357, global_step=8202240
SPS: 1972
Epoch: 358, global_step=8225280
SPS: 1973
Epoch: 359, global_step=8248320
SPS: 1974
Epoch: 360, global_step=8271360
SPS: 1976
Epoch: 361, global_step=8294400
SPS: 1977
Epoch: 362, global_step=8317440
SPS: 1978
Epoch: 363, global_step=8340480
SPS: 1980
Epoch: 364, global_step=8363520
SPS: 1981
Epoch: 365, global_step=8386560
SPS: 1982
Epoch: 366, global_step=8409600
SPS: 1984
Epoch: 367, global_step=8432640
SPS: 1985
Epoch: 368, global_step=8455680
SPS: 1986
Epoch: 369, global_step=8478720
SPS: 1988
Epoch: 370, global_step=8501760
SPS: 1989
Epoch: 371, global_step=8524800
SPS: 1990
Epoch: 372, global_step=8547840
SPS: 1991
Epoch: 373, global_step=8570880
SPS: 1993
Epoch: 374, global_step=8593920
SPS: 1994
Epoch: 375, global_step=8616960
SPS: 1995
Epoch: 376, global_step=8640000
Evaluating
Evaluated 17280 steps resulting in 192 episodes
[32mEvaluation Metric: success_once[0m | [36mMean: 0.7396[0m
[32mEvaluation Metric: return[0m | [36mMean: 10.1993[0m
[32mEvaluation Metric: episode_len[0m | [36mMean: 90.0000[0m
[32mEvaluation Metric: reward[0m | [36mMean: 0.1133[0m
[32mEvaluation Metric: success_at_end[0m | [36mMean: 0.0052[0m
model saved to checkpoints/ppo_memtasks/rgb_joints/normalized_dense/InterceptMedium-v0/ppo-nonbelief-newhyper-lr1e-4-33__33__rgb_joints__20260127_005114/20260127_005114/ckpt_15_376.pt
SPS: 1960
Epoch: 377, global_step=8663040
SPS: 1962
Epoch: 378, global_step=8686080
SPS: 1963
Epoch: 379, global_step=8709120
SPS: 1964
Epoch: 380, global_step=8732160
SPS: 1965
Epoch: 381, global_step=8755200
SPS: 1967
Epoch: 382, global_step=8778240
SPS: 1968
Epoch: 383, global_step=8801280
SPS: 1969
Epoch: 384, global_step=8824320
SPS: 1971
Epoch: 385, global_step=8847360
SPS: 1972
Epoch: 386, global_step=8870400
SPS: 1973
Epoch: 387, global_step=8893440
SPS: 1974
Epoch: 388, global_step=8916480
SPS: 1975
Epoch: 389, global_step=8939520
SPS: 1977
Epoch: 390, global_step=8962560
SPS: 1978
Epoch: 391, global_step=8985600
SPS: 1979
Epoch: 392, global_step=9008640
SPS: 1980
Epoch: 393, global_step=9031680
SPS: 1982
Epoch: 394, global_step=9054720
SPS: 1983
Epoch: 395, global_step=9077760
SPS: 1984
Epoch: 396, global_step=9100800
SPS: 1985
Epoch: 397, global_step=9123840
SPS: 1986
Epoch: 398, global_step=9146880
SPS: 1987
Epoch: 399, global_step=9169920
SPS: 1989
Epoch: 400, global_step=9192960
SPS: 1990
Epoch: 401, global_step=9216000
Evaluating
Evaluated 17280 steps resulting in 192 episodes
[32mEvaluation Metric: success_once[0m | [36mMean: 0.7500[0m
[32mEvaluation Metric: return[0m | [36mMean: 10.4705[0m
[32mEvaluation Metric: episode_len[0m | [36mMean: 90.0000[0m
[32mEvaluation Metric: reward[0m | [36mMean: 0.1163[0m
[32mEvaluation Metric: success_at_end[0m | [36mMean: 0.0052[0m
model saved to checkpoints/ppo_memtasks/rgb_joints/normalized_dense/InterceptMedium-v0/ppo-nonbelief-newhyper-lr1e-4-33__33__rgb_joints__20260127_005114/20260127_005114/ckpt_16_401.pt
SPS: 1957
Epoch: 402, global_step=9239040
SPS: 1958
Epoch: 403, global_step=9262080
SPS: 1959
Epoch: 404, global_step=9285120
SPS: 1960
Epoch: 405, global_step=9308160
SPS: 1962
Epoch: 406, global_step=9331200
SPS: 1963
Epoch: 407, global_step=9354240
SPS: 1964
Epoch: 408, global_step=9377280
SPS: 1965
Epoch: 409, global_step=9400320
SPS: 1966
Epoch: 410, global_step=9423360
SPS: 1967
Epoch: 411, global_step=9446400
SPS: 1969
Epoch: 412, global_step=9469440
SPS: 1970
Epoch: 413, global_step=9492480
SPS: 1971
Epoch: 414, global_step=9515520
SPS: 1972
Epoch: 415, global_step=9538560
SPS: 1973
Epoch: 416, global_step=9561600
SPS: 1974
Epoch: 417, global_step=9584640
SPS: 1975
Epoch: 418, global_step=9607680
SPS: 1976
Epoch: 419, global_step=9630720
SPS: 1978
Epoch: 420, global_step=9653760
SPS: 1979
Epoch: 421, global_step=9676800
SPS: 1980
Epoch: 422, global_step=9699840
SPS: 1981
Epoch: 423, global_step=9722880
SPS: 1982
Epoch: 424, global_step=9745920
SPS: 1983
Epoch: 425, global_step=9768960
SPS: 1984
Epoch: 426, global_step=9792000
Evaluating
Evaluated 17280 steps resulting in 192 episodes
[32mEvaluation Metric: success_once[0m | [36mMean: 0.7500[0m
[32mEvaluation Metric: return[0m | [36mMean: 10.6208[0m
[32mEvaluation Metric: episode_len[0m | [36mMean: 90.0000[0m
[32mEvaluation Metric: reward[0m | [36mMean: 0.1180[0m
[32mEvaluation Metric: success_at_end[0m | [36mMean: 0.0000[0m
model saved to checkpoints/ppo_memtasks/rgb_joints/normalized_dense/InterceptMedium-v0/ppo-nonbelief-newhyper-lr1e-4-33__33__rgb_joints__20260127_005114/20260127_005114/ckpt_17_426.pt
SPS: 1953
Epoch: 427, global_step=9815040
SPS: 1954
Epoch: 428, global_step=9838080
SPS: 1955
Epoch: 429, global_step=9861120
SPS: 1956
Epoch: 430, global_step=9884160
SPS: 1958
Epoch: 431, global_step=9907200
SPS: 1959
Epoch: 432, global_step=9930240
SPS: 1960
Epoch: 433, global_step=9953280
SPS: 1961
Epoch: 434, global_step=9976320
SPS: 1962
model saved to checkpoints/ppo_memtasks/rgb_joints/normalized_dense/InterceptMedium-v0/ppo-nonbelief-newhyper-lr1e-4-33__33__rgb_joints__20260127_005114/20260127_005114/final_ckpt.pt
Running RememberShapeAndColor3x2-v0 with belief, seed 42

===========================================================================
║                        Environment Configuration                        ║
===========================================================================
║ Environment ID: InterceptMedium-v0                                      ║
║ Oracle Info:    None                                                    ║
║ Wrappers:                                                               ║
║    ├─ InitialZeroActionWrapper                                         ║
║    │  └─ {'n_initial_steps': 0}                                           ║
║    ├─ RenderStepInfoWrapper                                            ║
║    ├─ RenderRewardInfoWrapper                                          ║
║    ├─ DebugRewardWrapper                                               ║
║-------------------------------------------------------------------------║
║ include_state:       False │ state will not be used                ║
║ include_rgb:         True  │ rgb images will be used               ║
║ include_oracle:      False │ oracle info will not be used          ║
║ include_joints:      True  │ joints will be used                   ║
===========================================================================

MODE='rgb_joints'
prompt_info=None
Saving eval videos to checkpoints/ppo_memtasks/rgb_joints/normalized_dense/InterceptMedium-v0/ppo-nonbelief-newhyper-lr1e-4-42__42__rgb_joints__20260127_021819/20260127_021819/videos
======================================================================
Max Episode Steps: 90
======================================================================

Running training

####
args.num_iterations=434 args.num_envs=256 args.num_eval_envs=16
args.minibatch_size=720 args.batch_size=23040 args.update_epochs=2
####

sample_obs.keys()=dict_keys(['joints', 'rgb'])
joints: torch.Size([256, 25])
rgb: torch.Size([256, 128, 128, 3])


Epoch: 1, global_step=0
Evaluating
Evaluated 17280 steps resulting in 192 episodes
[32mEvaluation Metric: success_once[0m | [36mMean: 0.0000[0m
[32mEvaluation Metric: return[0m | [36mMean: 1.0366[0m
[32mEvaluation Metric: episode_len[0m | [36mMean: 90.0000[0m
[32mEvaluation Metric: reward[0m | [36mMean: 0.0115[0m
[32mEvaluation Metric: success_at_end[0m | [36mMean: 0.0000[0m
model saved to checkpoints/ppo_memtasks/rgb_joints/normalized_dense/InterceptMedium-v0/ppo-nonbelief-newhyper-lr1e-4-42__42__rgb_joints__20260127_021819/20260127_021819/ckpt_0_1.pt
SPS: 221
Epoch: 2, global_step=23040
SPS: 411
Epoch: 3, global_step=46080
SPS: 576
Epoch: 4, global_step=69120
SPS: 720
Epoch: 5, global_step=92160
SPS: 846
Epoch: 6, global_step=115200
SPS: 956
Epoch: 7, global_step=138240
SPS: 1055
Epoch: 8, global_step=161280
SPS: 1143
Epoch: 9, global_step=184320
SPS: 1224
Epoch: 10, global_step=207360
SPS: 1297
Epoch: 11, global_step=230400
SPS: 1365
Epoch: 12, global_step=253440
SPS: 1428
Epoch: 13, global_step=276480
SPS: 1487
Epoch: 14, global_step=299520
SPS: 1541
Epoch: 15, global_step=322560
SPS: 1592
Epoch: 16, global_step=345600
SPS: 1639
Epoch: 17, global_step=368640
SPS: 1683
Epoch: 18, global_step=391680
SPS: 1724
Epoch: 19, global_step=414720
SPS: 1762
Epoch: 20, global_step=437760
SPS: 1799
Epoch: 21, global_step=460800
SPS: 1832
Epoch: 22, global_step=483840
SPS: 1863
Epoch: 23, global_step=506880
SPS: 1893
Epoch: 24, global_step=529920
SPS: 1922
Epoch: 25, global_step=552960
SPS: 1949
Epoch: 26, global_step=576000
Evaluating
Evaluated 17280 steps resulting in 192 episodes
[32mEvaluation Metric: success_once[0m | [36mMean: 0.0000[0m
[32mEvaluation Metric: return[0m | [36mMean: 1.4790[0m
[32mEvaluation Metric: episode_len[0m | [36mMean: 90.0000[0m
[32mEvaluation Metric: reward[0m | [36mMean: 0.0164[0m
[32mEvaluation Metric: success_at_end[0m | [36mMean: 0.0000[0m
model saved to checkpoints/ppo_memtasks/rgb_joints/normalized_dense/InterceptMedium-v0/ppo-nonbelief-newhyper-lr1e-4-42__42__rgb_joints__20260127_021819/20260127_021819/ckpt_1_26.pt
SPS: 1602
Epoch: 27, global_step=599040
SPS: 1629
Epoch: 28, global_step=622080
SPS: 1655
Epoch: 29, global_step=645120
SPS: 1681
Epoch: 30, global_step=668160
SPS: 1705
Epoch: 31, global_step=691200
SPS: 1728
Epoch: 32, global_step=714240
SPS: 1750
Epoch: 33, global_step=737280
SPS: 1772
Epoch: 34, global_step=760320
SPS: 1793
Epoch: 35, global_step=783360
SPS: 1813
Epoch: 36, global_step=806400
SPS: 1833
Epoch: 37, global_step=829440
SPS: 1852
Epoch: 38, global_step=852480
SPS: 1870
Epoch: 39, global_step=875520
SPS: 1887
Epoch: 40, global_step=898560
SPS: 1904
Epoch: 41, global_step=921600
SPS: 1921
Epoch: 42, global_step=944640
SPS: 1937
Epoch: 43, global_step=967680
SPS: 1952
Epoch: 44, global_step=990720
SPS: 1967
Epoch: 45, global_step=1013760
SPS: 1982
Epoch: 46, global_step=1036800
SPS: 1996
Epoch: 47, global_step=1059840
SPS: 2010
Epoch: 48, global_step=1082880
SPS: 2023
Epoch: 49, global_step=1105920
SPS: 2036
Epoch: 50, global_step=1128960
SPS: 2049
Epoch: 51, global_step=1152000
Evaluating
Evaluated 17280 steps resulting in 192 episodes
[32mEvaluation Metric: success_once[0m | [36mMean: 0.0000[0m
[32mEvaluation Metric: return[0m | [36mMean: 1.3682[0m
[32mEvaluation Metric: episode_len[0m | [36mMean: 90.0000[0m
[32mEvaluation Metric: reward[0m | [36mMean: 0.0152[0m
[32mEvaluation Metric: success_at_end[0m | [36mMean: 0.0000[0m
model saved to checkpoints/ppo_memtasks/rgb_joints/normalized_dense/InterceptMedium-v0/ppo-nonbelief-newhyper-lr1e-4-42__42__rgb_joints__20260127_021819/20260127_021819/ckpt_2_51.pt
SPS: 1844
Epoch: 52, global_step=1175040
SPS: 1857
Epoch: 53, global_step=1198080
SPS: 1870
Epoch: 54, global_step=1221120
SPS: 1882
Epoch: 55, global_step=1244160
SPS: 1894
Epoch: 56, global_step=1267200
SPS: 1906
Epoch: 57, global_step=1290240
SPS: 1918
Epoch: 58, global_step=1313280
SPS: 1929
Epoch: 59, global_step=1336320
SPS: 1941
Epoch: 60, global_step=1359360
SPS: 1952
Epoch: 61, global_step=1382400
SPS: 1962
Epoch: 62, global_step=1405440
SPS: 1973
Epoch: 63, global_step=1428480
SPS: 1983
Epoch: 64, global_step=1451520
SPS: 1993
Epoch: 65, global_step=1474560
SPS: 2003
Epoch: 66, global_step=1497600
SPS: 2012
Epoch: 67, global_step=1520640
SPS: 2022
Epoch: 68, global_step=1543680
SPS: 2031
Epoch: 69, global_step=1566720
SPS: 2040
Epoch: 70, global_step=1589760
SPS: 2049
Epoch: 71, global_step=1612800
SPS: 2057
Epoch: 72, global_step=1635840
SPS: 2066
Epoch: 73, global_step=1658880
SPS: 2074
Epoch: 74, global_step=1681920
SPS: 2082
Epoch: 75, global_step=1704960
SPS: 2090
Epoch: 76, global_step=1728000
Evaluating
Evaluated 17280 steps resulting in 192 episodes
[32mEvaluation Metric: success_once[0m | [36mMean: 0.0000[0m
[32mEvaluation Metric: return[0m | [36mMean: 1.6054[0m
[32mEvaluation Metric: episode_len[0m | [36mMean: 90.0000[0m
[32mEvaluation Metric: reward[0m | [36mMean: 0.0178[0m
[32mEvaluation Metric: success_at_end[0m | [36mMean: 0.0000[0m
model saved to checkpoints/ppo_memtasks/rgb_joints/normalized_dense/InterceptMedium-v0/ppo-nonbelief-newhyper-lr1e-4-42__42__rgb_joints__20260127_021819/20260127_021819/ckpt_3_76.pt
SPS: 1936
Epoch: 77, global_step=1751040
SPS: 1944
Epoch: 78, global_step=1774080
SPS: 1953
Epoch: 79, global_step=1797120
SPS: 1961
Epoch: 80, global_step=1820160
SPS: 1969
Epoch: 81, global_step=1843200
SPS: 1978
Epoch: 82, global_step=1866240
SPS: 1986
Epoch: 83, global_step=1889280
SPS: 1993
Epoch: 84, global_step=1912320
SPS: 2001
Epoch: 85, global_step=1935360
SPS: 2008
Epoch: 86, global_step=1958400
SPS: 2016
Epoch: 87, global_step=1981440
SPS: 2023
Epoch: 88, global_step=2004480
SPS: 2030
Epoch: 89, global_step=2027520
SPS: 2037
Epoch: 90, global_step=2050560
SPS: 2045
Epoch: 91, global_step=2073600
SPS: 2051
Epoch: 92, global_step=2096640
SPS: 2058
Epoch: 93, global_step=2119680
SPS: 2065
Epoch: 94, global_step=2142720
SPS: 2071
Epoch: 95, global_step=2165760
SPS: 2078
Epoch: 96, global_step=2188800
SPS: 2084
Epoch: 97, global_step=2211840
SPS: 2090
Epoch: 98, global_step=2234880
SPS: 2096
Epoch: 99, global_step=2257920
SPS: 2103
Epoch: 100, global_step=2280960
SPS: 2109
Epoch: 101, global_step=2304000
Evaluating
Evaluated 17280 steps resulting in 192 episodes
[32mEvaluation Metric: success_once[0m | [36mMean: 0.0000[0m
[32mEvaluation Metric: return[0m | [36mMean: 1.7162[0m
[32mEvaluation Metric: episode_len[0m | [36mMean: 90.0000[0m
[32mEvaluation Metric: reward[0m | [36mMean: 0.0191[0m
[32mEvaluation Metric: success_at_end[0m | [36mMean: 0.0000[0m
model saved to checkpoints/ppo_memtasks/rgb_joints/normalized_dense/InterceptMedium-v0/ppo-nonbelief-newhyper-lr1e-4-42__42__rgb_joints__20260127_021819/20260127_021819/ckpt_4_101.pt
SPS: 1986
Epoch: 102, global_step=2327040
SPS: 1992
Epoch: 103, global_step=2350080
SPS: 1998
Epoch: 104, global_step=2373120
SPS: 2004
Epoch: 105, global_step=2396160
SPS: 2010
Epoch: 106, global_step=2419200
SPS: 2016
Epoch: 107, global_step=2442240
SPS: 2022
Epoch: 108, global_step=2465280
SPS: 2028
Epoch: 109, global_step=2488320
SPS: 2034
Epoch: 110, global_step=2511360
SPS: 2039
Epoch: 111, global_step=2534400
SPS: 2045
Epoch: 112, global_step=2557440
SPS: 2050
Epoch: 113, global_step=2580480
SPS: 2056
Epoch: 114, global_step=2603520
SPS: 2061
Epoch: 115, global_step=2626560
SPS: 2066
Epoch: 116, global_step=2649600
SPS: 2072
Epoch: 117, global_step=2672640
SPS: 2077
Epoch: 118, global_step=2695680
SPS: 2082
Epoch: 119, global_step=2718720
SPS: 2087
Epoch: 120, global_step=2741760
SPS: 2092
Epoch: 121, global_step=2764800
SPS: 2097
Epoch: 122, global_step=2787840
SPS: 2102
Epoch: 123, global_step=2810880
SPS: 2107
Epoch: 124, global_step=2833920
SPS: 2111
Epoch: 125, global_step=2856960
SPS: 2116
Epoch: 126, global_step=2880000
Evaluating
Evaluated 17280 steps resulting in 192 episodes
[32mEvaluation Metric: success_once[0m | [36mMean: 0.0000[0m
[32mEvaluation Metric: return[0m | [36mMean: 1.9285[0m
[32mEvaluation Metric: episode_len[0m | [36mMean: 90.0000[0m
[32mEvaluation Metric: reward[0m | [36mMean: 0.0214[0m
[32mEvaluation Metric: success_at_end[0m | [36mMean: 0.0000[0m
model saved to checkpoints/ppo_memtasks/rgb_joints/normalized_dense/InterceptMedium-v0/ppo-nonbelief-newhyper-lr1e-4-42__42__rgb_joints__20260127_021819/20260127_021819/ckpt_5_126.pt
SPS: 2018
Epoch: 127, global_step=2903040
SPS: 2023
Epoch: 128, global_step=2926080
SPS: 2028
Epoch: 129, global_step=2949120
SPS: 2033
Epoch: 130, global_step=2972160
SPS: 2037
Epoch: 131, global_step=2995200
SPS: 2042
Epoch: 132, global_step=3018240
SPS: 2047
Epoch: 133, global_step=3041280
SPS: 2052
Epoch: 134, global_step=3064320
SPS: 2056
Epoch: 135, global_step=3087360
SPS: 2061
Epoch: 136, global_step=3110400
SPS: 2065
Epoch: 137, global_step=3133440
SPS: 2070
Epoch: 138, global_step=3156480
SPS: 2074
Epoch: 139, global_step=3179520
SPS: 2079
Epoch: 140, global_step=3202560
SPS: 2083
Epoch: 141, global_step=3225600
SPS: 2087
Epoch: 142, global_step=3248640
SPS: 2091
Epoch: 143, global_step=3271680
SPS: 2095
Epoch: 144, global_step=3294720
SPS: 2100
Epoch: 145, global_step=3317760
SPS: 2104
Epoch: 146, global_step=3340800
SPS: 2108
Epoch: 147, global_step=3363840
SPS: 2111
Epoch: 148, global_step=3386880
SPS: 2115
Epoch: 149, global_step=3409920
SPS: 2119
Epoch: 150, global_step=3432960
SPS: 2123
Epoch: 151, global_step=3456000
Evaluating
Evaluated 17280 steps resulting in 192 episodes
[32mEvaluation Metric: success_once[0m | [36mMean: 0.0000[0m
[32mEvaluation Metric: return[0m | [36mMean: 2.0902[0m
[32mEvaluation Metric: episode_len[0m | [36mMean: 90.0000[0m
[32mEvaluation Metric: reward[0m | [36mMean: 0.0232[0m
[32mEvaluation Metric: success_at_end[0m | [36mMean: 0.0000[0m
model saved to checkpoints/ppo_memtasks/rgb_joints/normalized_dense/InterceptMedium-v0/ppo-nonbelief-newhyper-lr1e-4-42__42__rgb_joints__20260127_021819/20260127_021819/ckpt_6_151.pt
SPS: 2037
Epoch: 152, global_step=3479040
SPS: 2041
Epoch: 153, global_step=3502080
SPS: 2045
Epoch: 154, global_step=3525120
SPS: 2049
Epoch: 155, global_step=3548160
SPS: 2053
Epoch: 156, global_step=3571200
SPS: 2056
Epoch: 157, global_step=3594240
SPS: 2060
Epoch: 158, global_step=3617280
SPS: 2064
Epoch: 159, global_step=3640320
SPS: 2068
Epoch: 160, global_step=3663360
SPS: 2071
Epoch: 161, global_step=3686400
SPS: 2075
Epoch: 162, global_step=3709440
SPS: 2079
Epoch: 163, global_step=3732480
SPS: 2082
Epoch: 164, global_step=3755520
SPS: 2086
Epoch: 165, global_step=3778560
SPS: 2089
Epoch: 166, global_step=3801600
SPS: 2093
Epoch: 167, global_step=3824640
SPS: 2096
Epoch: 168, global_step=3847680
SPS: 2100
Epoch: 169, global_step=3870720
SPS: 2103
Epoch: 170, global_step=3893760
SPS: 2106
Epoch: 171, global_step=3916800
SPS: 2109
Epoch: 172, global_step=3939840
SPS: 2113
Epoch: 173, global_step=3962880
SPS: 2116
Epoch: 174, global_step=3985920
SPS: 2119
Epoch: 175, global_step=4008960
SPS: 2122
Epoch: 176, global_step=4032000
Evaluating
Evaluated 17280 steps resulting in 192 episodes
[32mEvaluation Metric: success_once[0m | [36mMean: 0.0052[0m
[32mEvaluation Metric: return[0m | [36mMean: 2.8519[0m
[32mEvaluation Metric: episode_len[0m | [36mMean: 90.0000[0m
[32mEvaluation Metric: reward[0m | [36mMean: 0.0317[0m
[32mEvaluation Metric: success_at_end[0m | [36mMean: 0.0000[0m
model saved to checkpoints/ppo_memtasks/rgb_joints/normalized_dense/InterceptMedium-v0/ppo-nonbelief-newhyper-lr1e-4-42__42__rgb_joints__20260127_021819/20260127_021819/ckpt_7_176.pt
SPS: 2048
Epoch: 177, global_step=4055040
SPS: 2052
Epoch: 178, global_step=4078080
SPS: 2055
Epoch: 179, global_step=4101120
SPS: 2058
Epoch: 180, global_step=4124160
SPS: 2061
Epoch: 181, global_step=4147200
SPS: 2064
Epoch: 182, global_step=4170240
SPS: 2067
Epoch: 183, global_step=4193280
SPS: 2070
Epoch: 184, global_step=4216320
SPS: 2073
Epoch: 185, global_step=4239360
SPS: 2076
Epoch: 186, global_step=4262400
SPS: 2079
Epoch: 187, global_step=4285440
SPS: 2082
Epoch: 188, global_step=4308480
SPS: 2085
Epoch: 189, global_step=4331520
SPS: 2088
Epoch: 190, global_step=4354560
SPS: 2090
Epoch: 191, global_step=4377600
SPS: 2093
Epoch: 192, global_step=4400640
SPS: 2096
Epoch: 193, global_step=4423680
SPS: 2098
Epoch: 194, global_step=4446720
SPS: 2101
Epoch: 195, global_step=4469760
SPS: 2103
Epoch: 196, global_step=4492800
SPS: 2106
Epoch: 197, global_step=4515840
SPS: 2108
Epoch: 198, global_step=4538880
SPS: 2111
Epoch: 199, global_step=4561920
SPS: 2113
Epoch: 200, global_step=4584960
SPS: 2116
Epoch: 201, global_step=4608000
Evaluating
Evaluated 17280 steps resulting in 192 episodes
[32mEvaluation Metric: success_once[0m | [36mMean: 0.0312[0m
[32mEvaluation Metric: return[0m | [36mMean: 3.8143[0m
[32mEvaluation Metric: episode_len[0m | [36mMean: 90.0000[0m
[32mEvaluation Metric: reward[0m | [36mMean: 0.0424[0m
[32mEvaluation Metric: success_at_end[0m | [36mMean: 0.0000[0m
model saved to checkpoints/ppo_memtasks/rgb_joints/normalized_dense/InterceptMedium-v0/ppo-nonbelief-newhyper-lr1e-4-42__42__rgb_joints__20260127_021819/20260127_021819/ckpt_8_201.pt
SPS: 2048
Epoch: 202, global_step=4631040
SPS: 2050
Epoch: 203, global_step=4654080
SPS: 2053
Epoch: 204, global_step=4677120
SPS: 2055
Epoch: 205, global_step=4700160
SPS: 2058
Epoch: 206, global_step=4723200
SPS: 2060
Epoch: 207, global_step=4746240
SPS: 2062
Epoch: 208, global_step=4769280
SPS: 2065
Epoch: 209, global_step=4792320
SPS: 2067
Epoch: 210, global_step=4815360
SPS: 2069
Epoch: 211, global_step=4838400
SPS: 2072
Epoch: 212, global_step=4861440
SPS: 2074
Epoch: 213, global_step=4884480
SPS: 2076
Epoch: 214, global_step=4907520
SPS: 2078
Epoch: 215, global_step=4930560
SPS: 2081
Epoch: 216, global_step=4953600
SPS: 2083
Epoch: 217, global_step=4976640
SPS: 2085
Epoch: 218, global_step=4999680
SPS: 2087
Epoch: 219, global_step=5022720
SPS: 2090
Epoch: 220, global_step=5045760
SPS: 2092
Epoch: 221, global_step=5068800
SPS: 2094
Epoch: 222, global_step=5091840
SPS: 2096
Epoch: 223, global_step=5114880
SPS: 2098
Epoch: 224, global_step=5137920
SPS: 2100
Epoch: 225, global_step=5160960
SPS: 2102
Epoch: 226, global_step=5184000
Evaluating
Evaluated 17280 steps resulting in 192 episodes
[32mEvaluation Metric: success_once[0m | [36mMean: 0.1042[0m
[32mEvaluation Metric: return[0m | [36mMean: 5.3666[0m
[32mEvaluation Metric: episode_len[0m | [36mMean: 90.0000[0m
[32mEvaluation Metric: reward[0m | [36mMean: 0.0596[0m
[32mEvaluation Metric: success_at_end[0m | [36mMean: 0.0104[0m
model saved to checkpoints/ppo_memtasks/rgb_joints/normalized_dense/InterceptMedium-v0/ppo-nonbelief-newhyper-lr1e-4-42__42__rgb_joints__20260127_021819/20260127_021819/ckpt_9_226.pt
SPS: 2041
Epoch: 227, global_step=5207040
SPS: 2044
Epoch: 228, global_step=5230080
SPS: 2046
Epoch: 229, global_step=5253120
SPS: 2048
Epoch: 230, global_step=5276160
SPS: 2050
Epoch: 231, global_step=5299200
SPS: 2052
Epoch: 232, global_step=5322240
SPS: 2054
Epoch: 233, global_step=5345280
SPS: 2056
Epoch: 234, global_step=5368320
SPS: 2058
Epoch: 235, global_step=5391360
SPS: 2060
Epoch: 236, global_step=5414400
SPS: 2063
Epoch: 237, global_step=5437440
SPS: 2064
Epoch: 238, global_step=5460480
SPS: 2066
Epoch: 239, global_step=5483520
SPS: 2068
Epoch: 240, global_step=5506560
SPS: 2070
Epoch: 241, global_step=5529600
SPS: 2073
Epoch: 242, global_step=5552640
SPS: 2075
Epoch: 243, global_step=5575680
SPS: 2077
Epoch: 244, global_step=5598720
SPS: 2078
Epoch: 245, global_step=5621760
SPS: 2080
Epoch: 246, global_step=5644800
SPS: 2082
Epoch: 247, global_step=5667840
SPS: 2084
Epoch: 248, global_step=5690880
SPS: 2086
Epoch: 249, global_step=5713920
SPS: 2088
Epoch: 250, global_step=5736960
SPS: 2090
Epoch: 251, global_step=5760000
Evaluating
Evaluated 17280 steps resulting in 192 episodes
[32mEvaluation Metric: success_once[0m | [36mMean: 0.1771[0m
[32mEvaluation Metric: return[0m | [36mMean: 5.6731[0m
[32mEvaluation Metric: episode_len[0m | [36mMean: 90.0000[0m
[32mEvaluation Metric: reward[0m | [36mMean: 0.0630[0m
[32mEvaluation Metric: success_at_end[0m | [36mMean: 0.0000[0m
model saved to checkpoints/ppo_memtasks/rgb_joints/normalized_dense/InterceptMedium-v0/ppo-nonbelief-newhyper-lr1e-4-42__42__rgb_joints__20260127_021819/20260127_021819/ckpt_10_251.pt
SPS: 2034
Epoch: 252, global_step=5783040
SPS: 2036
Epoch: 253, global_step=5806080
SPS: 2038
Epoch: 254, global_step=5829120
SPS: 2040
Epoch: 255, global_step=5852160
SPS: 2041
Epoch: 256, global_step=5875200
SPS: 2043
Epoch: 257, global_step=5898240
SPS: 2045
Epoch: 258, global_step=5921280
SPS: 2047
Epoch: 259, global_step=5944320
SPS: 2049
Epoch: 260, global_step=5967360
SPS: 2050
Epoch: 261, global_step=5990400
SPS: 2052
Epoch: 262, global_step=6013440
SPS: 2054
Epoch: 263, global_step=6036480
SPS: 2056
Epoch: 264, global_step=6059520
SPS: 2057
Epoch: 265, global_step=6082560
SPS: 2059
Epoch: 266, global_step=6105600
SPS: 2061
Epoch: 267, global_step=6128640
SPS: 2062
Epoch: 268, global_step=6151680
SPS: 2064
Epoch: 269, global_step=6174720
SPS: 2066
Epoch: 270, global_step=6197760
SPS: 2068
Epoch: 271, global_step=6220800
SPS: 2069
Epoch: 272, global_step=6243840
SPS: 2071
Epoch: 273, global_step=6266880
SPS: 2073
Epoch: 274, global_step=6289920
SPS: 2074
Epoch: 275, global_step=6312960
SPS: 2076
Epoch: 276, global_step=6336000
Evaluating
Evaluated 17280 steps resulting in 192 episodes
[32mEvaluation Metric: success_once[0m | [36mMean: 0.2760[0m
[32mEvaluation Metric: return[0m | [36mMean: 8.5398[0m
[32mEvaluation Metric: episode_len[0m | [36mMean: 90.0000[0m
[32mEvaluation Metric: reward[0m | [36mMean: 0.0949[0m
[32mEvaluation Metric: success_at_end[0m | [36mMean: 0.0260[0m
model saved to checkpoints/ppo_memtasks/rgb_joints/normalized_dense/InterceptMedium-v0/ppo-nonbelief-newhyper-lr1e-4-42__42__rgb_joints__20260127_021819/20260127_021819/ckpt_11_276.pt
SPS: 2024
Epoch: 277, global_step=6359040
SPS: 2025
Epoch: 278, global_step=6382080
SPS: 2027
Epoch: 279, global_step=6405120
SPS: 2029
Epoch: 280, global_step=6428160
SPS: 2030
Epoch: 281, global_step=6451200
SPS: 2032
Epoch: 282, global_step=6474240
SPS: 2034
Epoch: 283, global_step=6497280
SPS: 2035
Epoch: 284, global_step=6520320
SPS: 2037
Epoch: 285, global_step=6543360
SPS: 2038
Epoch: 286, global_step=6566400
SPS: 2040
Epoch: 287, global_step=6589440
SPS: 2041
Epoch: 288, global_step=6612480
SPS: 2043
Epoch: 289, global_step=6635520
SPS: 2044
Epoch: 290, global_step=6658560
SPS: 2046
Epoch: 291, global_step=6681600
SPS: 2047
Epoch: 292, global_step=6704640
SPS: 2049
Epoch: 293, global_step=6727680
SPS: 2050
Epoch: 294, global_step=6750720
SPS: 2052
Epoch: 295, global_step=6773760
SPS: 2053
Epoch: 296, global_step=6796800
SPS: 2055
Epoch: 297, global_step=6819840
SPS: 2056
Epoch: 298, global_step=6842880
SPS: 2058
Epoch: 299, global_step=6865920
SPS: 2059
Epoch: 300, global_step=6888960
SPS: 2061
Epoch: 301, global_step=6912000
Evaluating
Evaluated 17280 steps resulting in 192 episodes
[32mEvaluation Metric: success_once[0m | [36mMean: 0.2656[0m
[32mEvaluation Metric: return[0m | [36mMean: 8.2850[0m
[32mEvaluation Metric: episode_len[0m | [36mMean: 90.0000[0m
[32mEvaluation Metric: reward[0m | [36mMean: 0.0921[0m
[32mEvaluation Metric: success_at_end[0m | [36mMean: 0.0104[0m
model saved to checkpoints/ppo_memtasks/rgb_joints/normalized_dense/InterceptMedium-v0/ppo-nonbelief-newhyper-lr1e-4-42__42__rgb_joints__20260127_021819/20260127_021819/ckpt_12_301.pt
SPS: 2013
Epoch: 302, global_step=6935040
SPS: 2015
Epoch: 303, global_step=6958080
SPS: 2017
Epoch: 304, global_step=6981120
SPS: 2018
Epoch: 305, global_step=7004160
SPS: 2020
Epoch: 306, global_step=7027200
SPS: 2021
Epoch: 307, global_step=7050240
SPS: 2022
Epoch: 308, global_step=7073280
SPS: 2024
Epoch: 309, global_step=7096320
SPS: 2025
Epoch: 310, global_step=7119360
SPS: 2027
Epoch: 311, global_step=7142400
SPS: 2028
Epoch: 312, global_step=7165440
SPS: 2030
Epoch: 313, global_step=7188480
SPS: 2031
Epoch: 314, global_step=7211520
SPS: 2033
Epoch: 315, global_step=7234560
SPS: 2034
Epoch: 316, global_step=7257600
SPS: 2035
Epoch: 317, global_step=7280640
SPS: 2037
Epoch: 318, global_step=7303680
SPS: 2038
Epoch: 319, global_step=7326720
SPS: 2040
Epoch: 320, global_step=7349760
SPS: 2041
Epoch: 321, global_step=7372800
SPS: 2042
Epoch: 322, global_step=7395840
SPS: 2044
Epoch: 323, global_step=7418880
SPS: 2045
Epoch: 324, global_step=7441920
SPS: 2046
Epoch: 325, global_step=7464960
SPS: 2048
Epoch: 326, global_step=7488000
Evaluating
Evaluated 17280 steps resulting in 192 episodes
[32mEvaluation Metric: success_once[0m | [36mMean: 0.2969[0m
[32mEvaluation Metric: return[0m | [36mMean: 9.9892[0m
[32mEvaluation Metric: episode_len[0m | [36mMean: 90.0000[0m
[32mEvaluation Metric: reward[0m | [36mMean: 0.1110[0m
[32mEvaluation Metric: success_at_end[0m | [36mMean: 0.0312[0m
model saved to checkpoints/ppo_memtasks/rgb_joints/normalized_dense/InterceptMedium-v0/ppo-nonbelief-newhyper-lr1e-4-42__42__rgb_joints__20260127_021819/20260127_021819/ckpt_13_326.pt
SPS: 2004
Epoch: 327, global_step=7511040
SPS: 2005
Epoch: 328, global_step=7534080
SPS: 2007
Epoch: 329, global_step=7557120
SPS: 2008
Epoch: 330, global_step=7580160
SPS: 2010
Epoch: 331, global_step=7603200
SPS: 2011
Epoch: 332, global_step=7626240
SPS: 2012
Epoch: 333, global_step=7649280
SPS: 2014
Epoch: 334, global_step=7672320
SPS: 2015
Epoch: 335, global_step=7695360
SPS: 2017
Epoch: 336, global_step=7718400
SPS: 2018
Epoch: 337, global_step=7741440
SPS: 2019
Epoch: 338, global_step=7764480
SPS: 2021
Epoch: 339, global_step=7787520
SPS: 2022
Epoch: 340, global_step=7810560
SPS: 2023
Epoch: 341, global_step=7833600
SPS: 2025
Epoch: 342, global_step=7856640
SPS: 2026
Epoch: 343, global_step=7879680
SPS: 2027
Epoch: 344, global_step=7902720
SPS: 2029
Epoch: 345, global_step=7925760
SPS: 2030
Epoch: 346, global_step=7948800
SPS: 2031
Epoch: 347, global_step=7971840
SPS: 2032
Epoch: 348, global_step=7994880
SPS: 2034
Epoch: 349, global_step=8017920
SPS: 2035
Epoch: 350, global_step=8040960
SPS: 2036
Epoch: 351, global_step=8064000
Evaluating
Evaluated 17280 steps resulting in 192 episodes
[32mEvaluation Metric: success_once[0m | [36mMean: 0.4375[0m
[32mEvaluation Metric: return[0m | [36mMean: 11.3447[0m
[32mEvaluation Metric: episode_len[0m | [36mMean: 90.0000[0m
[32mEvaluation Metric: reward[0m | [36mMean: 0.1261[0m
[32mEvaluation Metric: success_at_end[0m | [36mMean: 0.0260[0m
model saved to checkpoints/ppo_memtasks/rgb_joints/normalized_dense/InterceptMedium-v0/ppo-nonbelief-newhyper-lr1e-4-42__42__rgb_joints__20260127_021819/20260127_021819/ckpt_14_351.pt
SPS: 1998
Epoch: 352, global_step=8087040
SPS: 1999
Epoch: 353, global_step=8110080
SPS: 2001
Epoch: 354, global_step=8133120
SPS: 2002
Epoch: 355, global_step=8156160
SPS: 2003
Epoch: 356, global_step=8179200
SPS: 2005
Epoch: 357, global_step=8202240
SPS: 2006
Epoch: 358, global_step=8225280
SPS: 2007
Epoch: 359, global_step=8248320
SPS: 2008
Epoch: 360, global_step=8271360
SPS: 2010
Epoch: 361, global_step=8294400
SPS: 2011
Epoch: 362, global_step=8317440
SPS: 2012
Epoch: 363, global_step=8340480
SPS: 2014
Epoch: 364, global_step=8363520
SPS: 2015
Epoch: 365, global_step=8386560
SPS: 2016
Epoch: 366, global_step=8409600
SPS: 2018
Epoch: 367, global_step=8432640
SPS: 2019
Epoch: 368, global_step=8455680
SPS: 2020
Epoch: 369, global_step=8478720
SPS: 2021
Epoch: 370, global_step=8501760
SPS: 2023
Epoch: 371, global_step=8524800
SPS: 2024
Epoch: 372, global_step=8547840
SPS: 2025
Epoch: 373, global_step=8570880
SPS: 2026
Epoch: 374, global_step=8593920
SPS: 2027
Epoch: 375, global_step=8616960
SPS: 2028
Epoch: 376, global_step=8640000
Evaluating
Evaluated 17280 steps resulting in 192 episodes
[32mEvaluation Metric: success_once[0m | [36mMean: 0.4792[0m
[32mEvaluation Metric: return[0m | [36mMean: 12.0011[0m
[32mEvaluation Metric: episode_len[0m | [36mMean: 90.0000[0m
[32mEvaluation Metric: reward[0m | [36mMean: 0.1333[0m
[32mEvaluation Metric: success_at_end[0m | [36mMean: 0.0312[0m
model saved to checkpoints/ppo_memtasks/rgb_joints/normalized_dense/InterceptMedium-v0/ppo-nonbelief-newhyper-lr1e-4-42__42__rgb_joints__20260127_021819/20260127_021819/ckpt_15_376.pt
SPS: 1993
Epoch: 377, global_step=8663040
SPS: 1994
Epoch: 378, global_step=8686080
SPS: 1995
Epoch: 379, global_step=8709120
SPS: 1997
Epoch: 380, global_step=8732160
SPS: 1998
Epoch: 381, global_step=8755200
SPS: 1999
Epoch: 382, global_step=8778240
SPS: 2000
Epoch: 383, global_step=8801280
SPS: 2001
Epoch: 384, global_step=8824320
SPS: 2003
Epoch: 385, global_step=8847360
SPS: 2004
Epoch: 386, global_step=8870400
SPS: 2005
Epoch: 387, global_step=8893440
SPS: 2006
Epoch: 388, global_step=8916480
SPS: 2007
Epoch: 389, global_step=8939520
SPS: 2009
Epoch: 390, global_step=8962560
SPS: 2010
Epoch: 391, global_step=8985600
SPS: 2011
Epoch: 392, global_step=9008640
SPS: 2012
Epoch: 393, global_step=9031680
SPS: 2013
Epoch: 394, global_step=9054720
SPS: 2015
Epoch: 395, global_step=9077760
SPS: 2016
Epoch: 396, global_step=9100800
SPS: 2017
Epoch: 397, global_step=9123840
SPS: 2018
Epoch: 398, global_step=9146880
SPS: 2019
Epoch: 399, global_step=9169920
SPS: 2020
Epoch: 400, global_step=9192960
SPS: 2021
Epoch: 401, global_step=9216000
Evaluating
Evaluated 17280 steps resulting in 192 episodes
[32mEvaluation Metric: success_once[0m | [36mMean: 0.5365[0m
[32mEvaluation Metric: return[0m | [36mMean: 13.9423[0m
[32mEvaluation Metric: episode_len[0m | [36mMean: 90.0000[0m
[32mEvaluation Metric: reward[0m | [36mMean: 0.1549[0m
[32mEvaluation Metric: success_at_end[0m | [36mMean: 0.0417[0m
model saved to checkpoints/ppo_memtasks/rgb_joints/normalized_dense/InterceptMedium-v0/ppo-nonbelief-newhyper-lr1e-4-42__42__rgb_joints__20260127_021819/20260127_021819/ckpt_16_401.pt
SPS: 1988
Epoch: 402, global_step=9239040
SPS: 1989
Epoch: 403, global_step=9262080
SPS: 1991
Epoch: 404, global_step=9285120
SPS: 1992
Epoch: 405, global_step=9308160
SPS: 1993
Epoch: 406, global_step=9331200
SPS: 1994
Epoch: 407, global_step=9354240
SPS: 1995
Epoch: 408, global_step=9377280
SPS: 1996
Epoch: 409, global_step=9400320
SPS: 1998
Epoch: 410, global_step=9423360
SPS: 1999
Epoch: 411, global_step=9446400
SPS: 2000
Epoch: 412, global_step=9469440
SPS: 2001
Epoch: 413, global_step=9492480
SPS: 2002
Epoch: 414, global_step=9515520
SPS: 2003
Epoch: 415, global_step=9538560
SPS: 2004
Epoch: 416, global_step=9561600
SPS: 2005
Epoch: 417, global_step=9584640
SPS: 2006
Epoch: 418, global_step=9607680
SPS: 2007
Epoch: 419, global_step=9630720
SPS: 2009
Epoch: 420, global_step=9653760
SPS: 2010
Epoch: 421, global_step=9676800
SPS: 2011
Epoch: 422, global_step=9699840
SPS: 2012
Epoch: 423, global_step=9722880
SPS: 2013
Epoch: 424, global_step=9745920
SPS: 2014
Epoch: 425, global_step=9768960
SPS: 2015
Epoch: 426, global_step=9792000
Evaluating
Evaluated 17280 steps resulting in 192 episodes
[32mEvaluation Metric: success_once[0m | [36mMean: 0.5156[0m
[32mEvaluation Metric: return[0m | [36mMean: 12.6102[0m
[32mEvaluation Metric: episode_len[0m | [36mMean: 90.0000[0m
[32mEvaluation Metric: reward[0m | [36mMean: 0.1401[0m
[32mEvaluation Metric: success_at_end[0m | [36mMean: 0.0469[0m
model saved to checkpoints/ppo_memtasks/rgb_joints/normalized_dense/InterceptMedium-v0/ppo-nonbelief-newhyper-lr1e-4-42__42__rgb_joints__20260127_021819/20260127_021819/ckpt_17_426.pt
SPS: 1982
Epoch: 427, global_step=9815040
SPS: 1983
Epoch: 428, global_step=9838080
SPS: 1985
Epoch: 429, global_step=9861120
SPS: 1986
Epoch: 430, global_step=9884160
SPS: 1987
Epoch: 431, global_step=9907200
SPS: 1988
Epoch: 432, global_step=9930240
SPS: 1989
Epoch: 433, global_step=9953280
SPS: 1990
Epoch: 434, global_step=9976320
SPS: 1991
model saved to checkpoints/ppo_memtasks/rgb_joints/normalized_dense/InterceptMedium-v0/ppo-nonbelief-newhyper-lr1e-4-42__42__rgb_joints__20260127_021819/20260127_021819/final_ckpt.pt
Running RememberShapeAndColor3x2-v0 with belief, seed 99

===========================================================================
║                        Environment Configuration                        ║
===========================================================================
║ Environment ID: InterceptMedium-v0                                      ║
║ Oracle Info:    None                                                    ║
║ Wrappers:                                                               ║
║    ├─ InitialZeroActionWrapper                                         ║
║    │  └─ {'n_initial_steps': 0}                                           ║
║    ├─ RenderStepInfoWrapper                                            ║
║    ├─ RenderRewardInfoWrapper                                          ║
║    ├─ DebugRewardWrapper                                               ║
║-------------------------------------------------------------------------║
║ include_state:       False │ state will not be used                ║
║ include_rgb:         True  │ rgb images will be used               ║
║ include_oracle:      False │ oracle info will not be used          ║
║ include_joints:      True  │ joints will be used                   ║
===========================================================================

MODE='rgb_joints'
prompt_info=None
Saving eval videos to checkpoints/ppo_memtasks/rgb_joints/normalized_dense/InterceptMedium-v0/ppo-nonbelief-newhyper-lr1e-4-99__99__rgb_joints__20260127_034421/20260127_034421/videos
======================================================================
Max Episode Steps: 90
======================================================================

Running training

####
args.num_iterations=434 args.num_envs=256 args.num_eval_envs=16
args.minibatch_size=720 args.batch_size=23040 args.update_epochs=2
####

sample_obs.keys()=dict_keys(['joints', 'rgb'])
joints: torch.Size([256, 25])
rgb: torch.Size([256, 128, 128, 3])


Epoch: 1, global_step=0
Evaluating
Evaluated 17280 steps resulting in 192 episodes
[32mEvaluation Metric: success_once[0m | [36mMean: 0.0000[0m
[32mEvaluation Metric: return[0m | [36mMean: 1.0646[0m
[32mEvaluation Metric: episode_len[0m | [36mMean: 90.0000[0m
[32mEvaluation Metric: reward[0m | [36mMean: 0.0118[0m
[32mEvaluation Metric: success_at_end[0m | [36mMean: 0.0000[0m
model saved to checkpoints/ppo_memtasks/rgb_joints/normalized_dense/InterceptMedium-v0/ppo-nonbelief-newhyper-lr1e-4-99__99__rgb_joints__20260127_034421/20260127_034421/ckpt_0_1.pt
SPS: 219
Epoch: 2, global_step=23040
SPS: 408
Epoch: 3, global_step=46080
SPS: 572
Epoch: 4, global_step=69120
SPS: 714
Epoch: 5, global_step=92160
SPS: 839
Epoch: 6, global_step=115200
SPS: 947
Epoch: 7, global_step=138240
SPS: 1044
Epoch: 8, global_step=161280
SPS: 1130
Epoch: 9, global_step=184320
SPS: 1210
Epoch: 10, global_step=207360
SPS: 1282
Epoch: 11, global_step=230400
SPS: 1347
Epoch: 12, global_step=253440
SPS: 1408
Epoch: 13, global_step=276480
SPS: 1465
Epoch: 14, global_step=299520
SPS: 1518
Epoch: 15, global_step=322560
SPS: 1568
Epoch: 16, global_step=345600
SPS: 1614
Epoch: 17, global_step=368640
SPS: 1657
Epoch: 18, global_step=391680
SPS: 1697
Epoch: 19, global_step=414720
SPS: 1734
Epoch: 20, global_step=437760
SPS: 1770
Epoch: 21, global_step=460800
SPS: 1803
Epoch: 22, global_step=483840
SPS: 1835
Epoch: 23, global_step=506880
SPS: 1865
Epoch: 24, global_step=529920
SPS: 1894
Epoch: 25, global_step=552960
SPS: 1921
Epoch: 26, global_step=576000
Evaluating
Evaluated 17280 steps resulting in 192 episodes
[32mEvaluation Metric: success_once[0m | [36mMean: 0.0000[0m
[32mEvaluation Metric: return[0m | [36mMean: 1.4233[0m
[32mEvaluation Metric: episode_len[0m | [36mMean: 90.0000[0m
[32mEvaluation Metric: reward[0m | [36mMean: 0.0158[0m
[32mEvaluation Metric: success_at_end[0m | [36mMean: 0.0000[0m
model saved to checkpoints/ppo_memtasks/rgb_joints/normalized_dense/InterceptMedium-v0/ppo-nonbelief-newhyper-lr1e-4-99__99__rgb_joints__20260127_034421/20260127_034421/ckpt_1_26.pt
SPS: 1581
Epoch: 27, global_step=599040
SPS: 1609
Epoch: 28, global_step=622080
SPS: 1635
Epoch: 29, global_step=645120
SPS: 1660
Epoch: 30, global_step=668160
SPS: 1685
Epoch: 31, global_step=691200
SPS: 1709
Epoch: 32, global_step=714240
SPS: 1732
Epoch: 33, global_step=737280
SPS: 1754
Epoch: 34, global_step=760320
SPS: 1775
Epoch: 35, global_step=783360
SPS: 1795
Epoch: 36, global_step=806400
SPS: 1815
Epoch: 37, global_step=829440
SPS: 1834
Epoch: 38, global_step=852480
SPS: 1852
Epoch: 39, global_step=875520
SPS: 1870
Epoch: 40, global_step=898560
SPS: 1887
Epoch: 41, global_step=921600
SPS: 1903
Epoch: 42, global_step=944640
SPS: 1919
Epoch: 43, global_step=967680
SPS: 1935
Epoch: 44, global_step=990720
SPS: 1950
Epoch: 45, global_step=1013760
SPS: 1965
Epoch: 46, global_step=1036800
SPS: 1979
Epoch: 47, global_step=1059840
SPS: 1993
Epoch: 48, global_step=1082880
SPS: 2006
Epoch: 49, global_step=1105920
SPS: 2020
Epoch: 50, global_step=1128960
SPS: 2032
Epoch: 51, global_step=1152000
Evaluating
Evaluated 17280 steps resulting in 192 episodes
[32mEvaluation Metric: success_once[0m | [36mMean: 0.0000[0m
[32mEvaluation Metric: return[0m | [36mMean: 1.4242[0m
[32mEvaluation Metric: episode_len[0m | [36mMean: 90.0000[0m
[32mEvaluation Metric: reward[0m | [36mMean: 0.0158[0m
[32mEvaluation Metric: success_at_end[0m | [36mMean: 0.0000[0m
model saved to checkpoints/ppo_memtasks/rgb_joints/normalized_dense/InterceptMedium-v0/ppo-nonbelief-newhyper-lr1e-4-99__99__rgb_joints__20260127_034421/20260127_034421/ckpt_2_51.pt
SPS: 1820
Epoch: 52, global_step=1175040
SPS: 1834
Epoch: 53, global_step=1198080
SPS: 1847
Epoch: 54, global_step=1221120
SPS: 1860
Epoch: 55, global_step=1244160
SPS: 1873
Epoch: 56, global_step=1267200
SPS: 1885
Epoch: 57, global_step=1290240
SPS: 1897
Epoch: 58, global_step=1313280
SPS: 1908
Epoch: 59, global_step=1336320
SPS: 1920
Epoch: 60, global_step=1359360
SPS: 1931
Epoch: 61, global_step=1382400
SPS: 1941
Epoch: 62, global_step=1405440
SPS: 1952
Epoch: 63, global_step=1428480
SPS: 1962
Epoch: 64, global_step=1451520
SPS: 1972
Epoch: 65, global_step=1474560
SPS: 1982
Epoch: 66, global_step=1497600
SPS: 1992
Epoch: 67, global_step=1520640
SPS: 2000
Epoch: 68, global_step=1543680
SPS: 2010
Epoch: 69, global_step=1566720
SPS: 2019
Epoch: 70, global_step=1589760
SPS: 2028
Epoch: 71, global_step=1612800
SPS: 2037
Epoch: 72, global_step=1635840
SPS: 2045
Epoch: 73, global_step=1658880
SPS: 2054
Epoch: 74, global_step=1681920
SPS: 2062
Epoch: 75, global_step=1704960
SPS: 2070
Epoch: 76, global_step=1728000
Evaluating
Evaluated 17280 steps resulting in 192 episodes
[32mEvaluation Metric: success_once[0m | [36mMean: 0.0000[0m
[32mEvaluation Metric: return[0m | [36mMean: 1.4591[0m
[32mEvaluation Metric: episode_len[0m | [36mMean: 90.0000[0m
[32mEvaluation Metric: reward[0m | [36mMean: 0.0162[0m
[32mEvaluation Metric: success_at_end[0m | [36mMean: 0.0000[0m
model saved to checkpoints/ppo_memtasks/rgb_joints/normalized_dense/InterceptMedium-v0/ppo-nonbelief-newhyper-lr1e-4-99__99__rgb_joints__20260127_034421/20260127_034421/ckpt_3_76.pt
SPS: 1920
Epoch: 77, global_step=1751040
SPS: 1929
Epoch: 78, global_step=1774080
SPS: 1937
Epoch: 79, global_step=1797120
SPS: 1946
Epoch: 80, global_step=1820160
SPS: 1954
Epoch: 81, global_step=1843200
SPS: 1962
Epoch: 82, global_step=1866240
SPS: 1970
Epoch: 83, global_step=1889280
SPS: 1978
Epoch: 84, global_step=1912320
SPS: 1985
Epoch: 85, global_step=1935360
SPS: 1993
Epoch: 86, global_step=1958400
SPS: 2000
Epoch: 87, global_step=1981440
SPS: 2008
Epoch: 88, global_step=2004480
SPS: 2015
Epoch: 89, global_step=2027520
SPS: 2022
Epoch: 90, global_step=2050560
SPS: 2029
Epoch: 91, global_step=2073600
SPS: 2036
Epoch: 92, global_step=2096640
SPS: 2042
Epoch: 93, global_step=2119680
SPS: 2049
Epoch: 94, global_step=2142720
SPS: 2055
Epoch: 95, global_step=2165760
SPS: 2061
Epoch: 96, global_step=2188800
SPS: 2068
Epoch: 97, global_step=2211840
SPS: 2074
Epoch: 98, global_step=2234880
SPS: 2080
Epoch: 99, global_step=2257920
SPS: 2086
Epoch: 100, global_step=2280960
SPS: 2092
Epoch: 101, global_step=2304000
Evaluating
Evaluated 17280 steps resulting in 192 episodes
[32mEvaluation Metric: success_once[0m | [36mMean: 0.0000[0m
[32mEvaluation Metric: return[0m | [36mMean: 1.5387[0m
[32mEvaluation Metric: episode_len[0m | [36mMean: 90.0000[0m
[32mEvaluation Metric: reward[0m | [36mMean: 0.0171[0m
[32mEvaluation Metric: success_at_end[0m | [36mMean: 0.0000[0m
model saved to checkpoints/ppo_memtasks/rgb_joints/normalized_dense/InterceptMedium-v0/ppo-nonbelief-newhyper-lr1e-4-99__99__rgb_joints__20260127_034421/20260127_034421/ckpt_4_101.pt
SPS: 1968
Epoch: 102, global_step=2327040
SPS: 1974
Epoch: 103, global_step=2350080
SPS: 1980
Epoch: 104, global_step=2373120
SPS: 1986
Epoch: 105, global_step=2396160
SPS: 1992
Epoch: 106, global_step=2419200
SPS: 1998
Epoch: 107, global_step=2442240
SPS: 2004
Epoch: 108, global_step=2465280
SPS: 2010
Epoch: 109, global_step=2488320
SPS: 2016
Epoch: 110, global_step=2511360
SPS: 2021
Epoch: 111, global_step=2534400
SPS: 2027
Epoch: 112, global_step=2557440
SPS: 2033
Epoch: 113, global_step=2580480
SPS: 2038
Epoch: 114, global_step=2603520
SPS: 2043
Epoch: 115, global_step=2626560
SPS: 2049
Epoch: 116, global_step=2649600
SPS: 2054
Epoch: 117, global_step=2672640
SPS: 2059
Epoch: 118, global_step=2695680
SPS: 2064
Epoch: 119, global_step=2718720
SPS: 2069
Epoch: 120, global_step=2741760
SPS: 2074
Epoch: 121, global_step=2764800
SPS: 2079
Epoch: 122, global_step=2787840
SPS: 2084
Epoch: 123, global_step=2810880
SPS: 2089
Epoch: 124, global_step=2833920
SPS: 2094
Epoch: 125, global_step=2856960
SPS: 2099
Epoch: 126, global_step=2880000
Evaluating
Evaluated 17280 steps resulting in 192 episodes
[32mEvaluation Metric: success_once[0m | [36mMean: 0.0000[0m
[32mEvaluation Metric: return[0m | [36mMean: 1.7076[0m
[32mEvaluation Metric: episode_len[0m | [36mMean: 90.0000[0m
[32mEvaluation Metric: reward[0m | [36mMean: 0.0190[0m
[32mEvaluation Metric: success_at_end[0m | [36mMean: 0.0000[0m
model saved to checkpoints/ppo_memtasks/rgb_joints/normalized_dense/InterceptMedium-v0/ppo-nonbelief-newhyper-lr1e-4-99__99__rgb_joints__20260127_034421/20260127_034421/ckpt_5_126.pt
SPS: 1995
Epoch: 127, global_step=2903040
SPS: 2000
Epoch: 128, global_step=2926080
SPS: 2005
Epoch: 129, global_step=2949120
SPS: 2010
Epoch: 130, global_step=2972160
SPS: 2014
Epoch: 131, global_step=2995200
SPS: 2019
Epoch: 132, global_step=3018240
SPS: 2023
Epoch: 133, global_step=3041280
SPS: 2028
Epoch: 134, global_step=3064320
SPS: 2032
Epoch: 135, global_step=3087360
SPS: 2036
Epoch: 136, global_step=3110400
SPS: 2041
Epoch: 137, global_step=3133440
SPS: 2045
Epoch: 138, global_step=3156480
SPS: 2050
Epoch: 139, global_step=3179520
SPS: 2055
Epoch: 140, global_step=3202560
SPS: 2059
Epoch: 141, global_step=3225600
SPS: 2064
Epoch: 142, global_step=3248640
SPS: 2068
Epoch: 143, global_step=3271680
SPS: 2073
Epoch: 144, global_step=3294720
SPS: 2077
Epoch: 145, global_step=3317760
SPS: 2081
Epoch: 146, global_step=3340800
SPS: 2086
Epoch: 147, global_step=3363840
SPS: 2089
Epoch: 148, global_step=3386880
SPS: 2093
Epoch: 149, global_step=3409920
SPS: 2097
Epoch: 150, global_step=3432960
SPS: 2101
Epoch: 151, global_step=3456000
Evaluating
Evaluated 17280 steps resulting in 192 episodes
[32mEvaluation Metric: success_once[0m | [36mMean: 0.0000[0m
[32mEvaluation Metric: return[0m | [36mMean: 1.7579[0m
[32mEvaluation Metric: episode_len[0m | [36mMean: 90.0000[0m
[32mEvaluation Metric: reward[0m | [36mMean: 0.0195[0m
[32mEvaluation Metric: success_at_end[0m | [36mMean: 0.0000[0m
model saved to checkpoints/ppo_memtasks/rgb_joints/normalized_dense/InterceptMedium-v0/ppo-nonbelief-newhyper-lr1e-4-99__99__rgb_joints__20260127_034421/20260127_034421/ckpt_6_151.pt
SPS: 2017
Epoch: 152, global_step=3479040
SPS: 2021
Epoch: 153, global_step=3502080
SPS: 2025
Epoch: 154, global_step=3525120
SPS: 2029
Epoch: 155, global_step=3548160
SPS: 2033
Epoch: 156, global_step=3571200
SPS: 2037
Epoch: 157, global_step=3594240
SPS: 2041
Epoch: 158, global_step=3617280
SPS: 2045
Epoch: 159, global_step=3640320
SPS: 2049
Epoch: 160, global_step=3663360
SPS: 2053
Epoch: 161, global_step=3686400
SPS: 2057
Epoch: 162, global_step=3709440
SPS: 2060
Epoch: 163, global_step=3732480
SPS: 2064
Epoch: 164, global_step=3755520
SPS: 2068
Epoch: 165, global_step=3778560
SPS: 2071
Epoch: 166, global_step=3801600
SPS: 2075
Epoch: 167, global_step=3824640
SPS: 2078
Epoch: 168, global_step=3847680
SPS: 2081
Epoch: 169, global_step=3870720
SPS: 2085
Epoch: 170, global_step=3893760
SPS: 2088
Epoch: 171, global_step=3916800
SPS: 2092
Epoch: 172, global_step=3939840
SPS: 2095
Epoch: 173, global_step=3962880
SPS: 2098
Epoch: 174, global_step=3985920
SPS: 2101
Epoch: 175, global_step=4008960
SPS: 2105
Epoch: 176, global_step=4032000
Evaluating
Evaluated 17280 steps resulting in 192 episodes
[32mEvaluation Metric: success_once[0m | [36mMean: 0.0000[0m
[32mEvaluation Metric: return[0m | [36mMean: 2.0280[0m
[32mEvaluation Metric: episode_len[0m | [36mMean: 90.0000[0m
[32mEvaluation Metric: reward[0m | [36mMean: 0.0225[0m
[32mEvaluation Metric: success_at_end[0m | [36mMean: 0.0000[0m
model saved to checkpoints/ppo_memtasks/rgb_joints/normalized_dense/InterceptMedium-v0/ppo-nonbelief-newhyper-lr1e-4-99__99__rgb_joints__20260127_034421/20260127_034421/ckpt_7_176.pt
SPS: 2029
Epoch: 177, global_step=4055040
SPS: 2032
Epoch: 178, global_step=4078080
SPS: 2035
Epoch: 179, global_step=4101120
SPS: 2039
Epoch: 180, global_step=4124160
SPS: 2042
Epoch: 181, global_step=4147200
SPS: 2045
Epoch: 182, global_step=4170240
SPS: 2048
Epoch: 183, global_step=4193280
SPS: 2051
Epoch: 184, global_step=4216320
SPS: 2054
Epoch: 185, global_step=4239360
SPS: 2057
Epoch: 186, global_step=4262400
SPS: 2060
Epoch: 187, global_step=4285440
SPS: 2063
Epoch: 188, global_step=4308480
SPS: 2066
Epoch: 189, global_step=4331520
SPS: 2069
Epoch: 190, global_step=4354560
SPS: 2071
Epoch: 191, global_step=4377600
SPS: 2074
Epoch: 192, global_step=4400640
SPS: 2077
Epoch: 193, global_step=4423680
SPS: 2079
Epoch: 194, global_step=4446720
SPS: 2082
Epoch: 195, global_step=4469760
SPS: 2085
Epoch: 196, global_step=4492800
SPS: 2087
Epoch: 197, global_step=4515840
SPS: 2089
Epoch: 198, global_step=4538880
SPS: 2092
Epoch: 199, global_step=4561920
SPS: 2094
Epoch: 200, global_step=4584960
SPS: 2097
Epoch: 201, global_step=4608000
Evaluating
Evaluated 17280 steps resulting in 192 episodes
[32mEvaluation Metric: success_once[0m | [36mMean: 0.0000[0m
[32mEvaluation Metric: return[0m | [36mMean: 3.3448[0m
[32mEvaluation Metric: episode_len[0m | [36mMean: 90.0000[0m
[32mEvaluation Metric: reward[0m | [36mMean: 0.0372[0m
[32mEvaluation Metric: success_at_end[0m | [36mMean: 0.0000[0m
model saved to checkpoints/ppo_memtasks/rgb_joints/normalized_dense/InterceptMedium-v0/ppo-nonbelief-newhyper-lr1e-4-99__99__rgb_joints__20260127_034421/20260127_034421/ckpt_8_201.pt
SPS: 2031
Epoch: 202, global_step=4631040
SPS: 2033
Epoch: 203, global_step=4654080
SPS: 2036
Epoch: 204, global_step=4677120
SPS: 2039
Epoch: 205, global_step=4700160
SPS: 2041
Epoch: 206, global_step=4723200
SPS: 2044
Epoch: 207, global_step=4746240
SPS: 2047
Epoch: 208, global_step=4769280
SPS: 2049
Epoch: 209, global_step=4792320
SPS: 2052
Epoch: 210, global_step=4815360
SPS: 2054
Epoch: 211, global_step=4838400
SPS: 2057
Epoch: 212, global_step=4861440
SPS: 2059
Epoch: 213, global_step=4884480
SPS: 2062
Epoch: 214, global_step=4907520
SPS: 2064
Epoch: 215, global_step=4930560
SPS: 2066
Epoch: 216, global_step=4953600
SPS: 2069
Epoch: 217, global_step=4976640
SPS: 2071
Epoch: 218, global_step=4999680
SPS: 2074
Epoch: 219, global_step=5022720
SPS: 2076
Epoch: 220, global_step=5045760
SPS: 2078
Epoch: 221, global_step=5068800
SPS: 2080
Epoch: 222, global_step=5091840
SPS: 2083
Epoch: 223, global_step=5114880
SPS: 2085
Epoch: 224, global_step=5137920
SPS: 2087
Epoch: 225, global_step=5160960
SPS: 2089
Epoch: 226, global_step=5184000
Evaluating
Evaluated 17280 steps resulting in 192 episodes
[32mEvaluation Metric: success_once[0m | [36mMean: 0.1146[0m
[32mEvaluation Metric: return[0m | [36mMean: 6.4143[0m
[32mEvaluation Metric: episode_len[0m | [36mMean: 90.0000[0m
[32mEvaluation Metric: reward[0m | [36mMean: 0.0713[0m
[32mEvaluation Metric: success_at_end[0m | [36mMean: 0.0104[0m
model saved to checkpoints/ppo_memtasks/rgb_joints/normalized_dense/InterceptMedium-v0/ppo-nonbelief-newhyper-lr1e-4-99__99__rgb_joints__20260127_034421/20260127_034421/ckpt_9_226.pt
SPS: 2028
Epoch: 227, global_step=5207040
SPS: 2029
Epoch: 228, global_step=5230080
SPS: 2031
Epoch: 229, global_step=5253120
SPS: 2033
Epoch: 230, global_step=5276160
SPS: 2036
Epoch: 231, global_step=5299200
SPS: 2038
Epoch: 232, global_step=5322240
SPS: 2040
Epoch: 233, global_step=5345280
SPS: 2042
Epoch: 234, global_step=5368320
SPS: 2044
Epoch: 235, global_step=5391360
SPS: 2046
Epoch: 236, global_step=5414400
SPS: 2048
Epoch: 237, global_step=5437440
SPS: 2050
Epoch: 238, global_step=5460480
SPS: 2052
Epoch: 239, global_step=5483520
SPS: 2054
Epoch: 240, global_step=5506560
SPS: 2056
Epoch: 241, global_step=5529600
SPS: 2058
Epoch: 242, global_step=5552640
SPS: 2060
Epoch: 243, global_step=5575680
SPS: 2062
Epoch: 244, global_step=5598720
SPS: 2064
Epoch: 245, global_step=5621760
SPS: 2066
Epoch: 246, global_step=5644800
SPS: 2068
Epoch: 247, global_step=5667840
SPS: 2069
Epoch: 248, global_step=5690880
SPS: 2071
Epoch: 249, global_step=5713920
SPS: 2073
Epoch: 250, global_step=5736960
SPS: 2075
Epoch: 251, global_step=5760000
Evaluating
Evaluated 17280 steps resulting in 192 episodes
[32mEvaluation Metric: success_once[0m | [36mMean: 0.1562[0m
[32mEvaluation Metric: return[0m | [36mMean: 7.6310[0m
[32mEvaluation Metric: episode_len[0m | [36mMean: 90.0000[0m
[32mEvaluation Metric: reward[0m | [36mMean: 0.0848[0m
[32mEvaluation Metric: success_at_end[0m | [36mMean: 0.0156[0m
model saved to checkpoints/ppo_memtasks/rgb_joints/normalized_dense/InterceptMedium-v0/ppo-nonbelief-newhyper-lr1e-4-99__99__rgb_joints__20260127_034421/20260127_034421/ckpt_10_251.pt
SPS: 2019
Epoch: 252, global_step=5783040
SPS: 2021
Epoch: 253, global_step=5806080
SPS: 2023
Epoch: 254, global_step=5829120
SPS: 2025
Epoch: 255, global_step=5852160
SPS: 2027
Epoch: 256, global_step=5875200
SPS: 2029
Epoch: 257, global_step=5898240
SPS: 2030
Epoch: 258, global_step=5921280
SPS: 2032
Epoch: 259, global_step=5944320
SPS: 2034
Epoch: 260, global_step=5967360
SPS: 2036
Epoch: 261, global_step=5990400
SPS: 2038
Epoch: 262, global_step=6013440
SPS: 2040
Epoch: 263, global_step=6036480
SPS: 2041
Epoch: 264, global_step=6059520
SPS: 2043
Epoch: 265, global_step=6082560
SPS: 2045
Epoch: 266, global_step=6105600
SPS: 2047
Epoch: 267, global_step=6128640
SPS: 2049
Epoch: 268, global_step=6151680
SPS: 2050
Epoch: 269, global_step=6174720
SPS: 2052
Epoch: 270, global_step=6197760
SPS: 2054
Epoch: 271, global_step=6220800
SPS: 2056
Epoch: 272, global_step=6243840
SPS: 2058
Epoch: 273, global_step=6266880
SPS: 2060
Epoch: 274, global_step=6289920
SPS: 2061
Epoch: 275, global_step=6312960
SPS: 2063
Epoch: 276, global_step=6336000
Evaluating
Evaluated 17280 steps resulting in 192 episodes
[32mEvaluation Metric: success_once[0m | [36mMean: 0.3438[0m
[32mEvaluation Metric: return[0m | [36mMean: 9.8865[0m
[32mEvaluation Metric: episode_len[0m | [36mMean: 90.0000[0m
[32mEvaluation Metric: reward[0m | [36mMean: 0.1098[0m
[32mEvaluation Metric: success_at_end[0m | [36mMean: 0.0104[0m
model saved to checkpoints/ppo_memtasks/rgb_joints/normalized_dense/InterceptMedium-v0/ppo-nonbelief-newhyper-lr1e-4-99__99__rgb_joints__20260127_034421/20260127_034421/ckpt_11_276.pt
SPS: 2014
Epoch: 277, global_step=6359040
SPS: 2015
Epoch: 278, global_step=6382080
SPS: 2017
Epoch: 279, global_step=6405120
SPS: 2019
Epoch: 280, global_step=6428160
SPS: 2021
Epoch: 281, global_step=6451200
SPS: 2022
Epoch: 282, global_step=6474240
SPS: 2024
Epoch: 283, global_step=6497280
SPS: 2026
Epoch: 284, global_step=6520320
SPS: 2027
Epoch: 285, global_step=6543360
SPS: 2029
Epoch: 286, global_step=6566400
SPS: 2031
Epoch: 287, global_step=6589440
SPS: 2032
Epoch: 288, global_step=6612480
SPS: 2034
Epoch: 289, global_step=6635520
SPS: 2035
Epoch: 290, global_step=6658560
SPS: 2037
Epoch: 291, global_step=6681600
SPS: 2038
Epoch: 292, global_step=6704640
SPS: 2040
Epoch: 293, global_step=6727680
SPS: 2041
Epoch: 294, global_step=6750720
SPS: 2043
Epoch: 295, global_step=6773760
SPS: 2044
Epoch: 296, global_step=6796800
SPS: 2046
Epoch: 297, global_step=6819840
SPS: 2048
Epoch: 298, global_step=6842880
SPS: 2049
Epoch: 299, global_step=6865920
SPS: 2050
Epoch: 300, global_step=6888960
SPS: 2052
Epoch: 301, global_step=6912000
Evaluating
Evaluated 17280 steps resulting in 192 episodes
[32mEvaluation Metric: success_once[0m | [36mMean: 0.5052[0m
[32mEvaluation Metric: return[0m | [36mMean: 11.0959[0m
[32mEvaluation Metric: episode_len[0m | [36mMean: 90.0000[0m
[32mEvaluation Metric: reward[0m | [36mMean: 0.1233[0m
[32mEvaluation Metric: success_at_end[0m | [36mMean: 0.0156[0m
model saved to checkpoints/ppo_memtasks/rgb_joints/normalized_dense/InterceptMedium-v0/ppo-nonbelief-newhyper-lr1e-4-99__99__rgb_joints__20260127_034421/20260127_034421/ckpt_12_301.pt
SPS: 2006
Epoch: 302, global_step=6935040
SPS: 2008
Epoch: 303, global_step=6958080
SPS: 2009
Epoch: 304, global_step=6981120
SPS: 2011
Epoch: 305, global_step=7004160
SPS: 2013
Epoch: 306, global_step=7027200
SPS: 2014
Epoch: 307, global_step=7050240
SPS: 2016
Epoch: 308, global_step=7073280
SPS: 2017
Epoch: 309, global_step=7096320
SPS: 2019
Epoch: 310, global_step=7119360
SPS: 2021
Epoch: 311, global_step=7142400
SPS: 2022
Epoch: 312, global_step=7165440
SPS: 2023
Epoch: 313, global_step=7188480
SPS: 2025
Epoch: 314, global_step=7211520
SPS: 2026
Epoch: 315, global_step=7234560
SPS: 2028
Epoch: 316, global_step=7257600
SPS: 2029
Epoch: 317, global_step=7280640
SPS: 2031
Epoch: 318, global_step=7303680
SPS: 2032
Epoch: 319, global_step=7326720
SPS: 2034
Epoch: 320, global_step=7349760
SPS: 2035
Epoch: 321, global_step=7372800
SPS: 2036
Epoch: 322, global_step=7395840
SPS: 2038
Epoch: 323, global_step=7418880
SPS: 2039
Epoch: 324, global_step=7441920
SPS: 2040
Epoch: 325, global_step=7464960
SPS: 2042
Epoch: 326, global_step=7488000
Evaluating
Evaluated 17280 steps resulting in 192 episodes
[32mEvaluation Metric: success_once[0m | [36mMean: 0.6198[0m
[32mEvaluation Metric: return[0m | [36mMean: 12.1004[0m
[32mEvaluation Metric: episode_len[0m | [36mMean: 90.0000[0m
[32mEvaluation Metric: reward[0m | [36mMean: 0.1344[0m
[32mEvaluation Metric: success_at_end[0m | [36mMean: 0.0208[0m
model saved to checkpoints/ppo_memtasks/rgb_joints/normalized_dense/InterceptMedium-v0/ppo-nonbelief-newhyper-lr1e-4-99__99__rgb_joints__20260127_034421/20260127_034421/ckpt_13_326.pt
SPS: 2001
Epoch: 327, global_step=7511040
SPS: 2002
Epoch: 328, global_step=7534080
SPS: 2003
Epoch: 329, global_step=7557120
SPS: 2005
Epoch: 330, global_step=7580160
SPS: 2006
Epoch: 331, global_step=7603200
SPS: 2008
Epoch: 332, global_step=7626240
SPS: 2009
Epoch: 333, global_step=7649280
SPS: 2010
Epoch: 334, global_step=7672320
SPS: 2012
Epoch: 335, global_step=7695360
SPS: 2013
Epoch: 336, global_step=7718400
SPS: 2015
Epoch: 337, global_step=7741440
SPS: 2016
Epoch: 338, global_step=7764480
SPS: 2017
Epoch: 339, global_step=7787520
SPS: 2019
Epoch: 340, global_step=7810560
SPS: 2020
Epoch: 341, global_step=7833600
SPS: 2021
Epoch: 342, global_step=7856640
SPS: 2023
Epoch: 343, global_step=7879680
SPS: 2024
Epoch: 344, global_step=7902720
SPS: 2025
Epoch: 345, global_step=7925760
SPS: 2026
Epoch: 346, global_step=7948800
SPS: 2028
Epoch: 347, global_step=7971840
SPS: 2029
Epoch: 348, global_step=7994880
SPS: 2030
Epoch: 349, global_step=8017920
SPS: 2032
Epoch: 350, global_step=8040960
SPS: 2033
Epoch: 351, global_step=8064000
Evaluating
Evaluated 17280 steps resulting in 192 episodes
[32mEvaluation Metric: success_once[0m | [36mMean: 0.7604[0m
[32mEvaluation Metric: return[0m | [36mMean: 12.7804[0m
[32mEvaluation Metric: episode_len[0m | [36mMean: 90.0000[0m
[32mEvaluation Metric: reward[0m | [36mMean: 0.1420[0m
[32mEvaluation Metric: success_at_end[0m | [36mMean: 0.0104[0m
model saved to checkpoints/ppo_memtasks/rgb_joints/normalized_dense/InterceptMedium-v0/ppo-nonbelief-newhyper-lr1e-4-99__99__rgb_joints__20260127_034421/20260127_034421/ckpt_14_351.pt
SPS: 1993
Epoch: 352, global_step=8087040
SPS: 1994
Epoch: 353, global_step=8110080
SPS: 1995
Epoch: 354, global_step=8133120
SPS: 1997
Epoch: 355, global_step=8156160
SPS: 1998
Epoch: 356, global_step=8179200
SPS: 2000
Epoch: 357, global_step=8202240
SPS: 2001
Epoch: 358, global_step=8225280
SPS: 2002
Epoch: 359, global_step=8248320
SPS: 2003
Epoch: 360, global_step=8271360
SPS: 2005
Epoch: 361, global_step=8294400
SPS: 2006
Epoch: 362, global_step=8317440
SPS: 2007
Epoch: 363, global_step=8340480
SPS: 2008
Epoch: 364, global_step=8363520
SPS: 2010
Epoch: 365, global_step=8386560
SPS: 2011
Epoch: 366, global_step=8409600
SPS: 2012
Epoch: 367, global_step=8432640
SPS: 2013
Epoch: 368, global_step=8455680
SPS: 2015
Epoch: 369, global_step=8478720
SPS: 2016
Epoch: 370, global_step=8501760
SPS: 2017
Epoch: 371, global_step=8524800
SPS: 2018
Epoch: 372, global_step=8547840
SPS: 2020
Epoch: 373, global_step=8570880
SPS: 2021
Epoch: 374, global_step=8593920
SPS: 2022
Epoch: 375, global_step=8616960
SPS: 2023
Epoch: 376, global_step=8640000
Evaluating
Evaluated 17280 steps resulting in 192 episodes
[32mEvaluation Metric: success_once[0m | [36mMean: 0.8073[0m
[32mEvaluation Metric: return[0m | [36mMean: 15.3342[0m
[32mEvaluation Metric: episode_len[0m | [36mMean: 90.0000[0m
[32mEvaluation Metric: reward[0m | [36mMean: 0.1704[0m
[32mEvaluation Metric: success_at_end[0m | [36mMean: 0.0156[0m
model saved to checkpoints/ppo_memtasks/rgb_joints/normalized_dense/InterceptMedium-v0/ppo-nonbelief-newhyper-lr1e-4-99__99__rgb_joints__20260127_034421/20260127_034421/ckpt_15_376.pt
SPS: 1986
Epoch: 377, global_step=8663040
SPS: 1987
Epoch: 378, global_step=8686080
SPS: 1989
Epoch: 379, global_step=8709120
SPS: 1990
Epoch: 380, global_step=8732160
SPS: 1991
Epoch: 381, global_step=8755200
SPS: 1992
Epoch: 382, global_step=8778240
SPS: 1994
Epoch: 383, global_step=8801280
SPS: 1995
Epoch: 384, global_step=8824320
SPS: 1996
Epoch: 385, global_step=8847360
SPS: 1997
Epoch: 386, global_step=8870400
SPS: 1999
Epoch: 387, global_step=8893440
SPS: 2000
Epoch: 388, global_step=8916480
SPS: 2001
Epoch: 389, global_step=8939520
SPS: 2002
Epoch: 390, global_step=8962560
SPS: 2004
Epoch: 391, global_step=8985600
SPS: 2005
Epoch: 392, global_step=9008640
SPS: 2006
Epoch: 393, global_step=9031680
SPS: 2007
Epoch: 394, global_step=9054720
SPS: 2009
Epoch: 395, global_step=9077760
SPS: 2010
Epoch: 396, global_step=9100800
SPS: 2011
Epoch: 397, global_step=9123840
SPS: 2012
Epoch: 398, global_step=9146880
SPS: 2013
Epoch: 399, global_step=9169920
SPS: 2015
Epoch: 400, global_step=9192960
SPS: 2016
Epoch: 401, global_step=9216000
Evaluating
Evaluated 17280 steps resulting in 192 episodes
[32mEvaluation Metric: success_once[0m | [36mMean: 0.8542[0m
[32mEvaluation Metric: return[0m | [36mMean: 12.9419[0m
[32mEvaluation Metric: episode_len[0m | [36mMean: 90.0000[0m
[32mEvaluation Metric: reward[0m | [36mMean: 0.1438[0m
[32mEvaluation Metric: success_at_end[0m | [36mMean: 0.0052[0m
model saved to checkpoints/ppo_memtasks/rgb_joints/normalized_dense/InterceptMedium-v0/ppo-nonbelief-newhyper-lr1e-4-99__99__rgb_joints__20260127_034421/20260127_034421/ckpt_16_401.pt
SPS: 1983
Epoch: 402, global_step=9239040
SPS: 1984
Epoch: 403, global_step=9262080
SPS: 1985
Epoch: 404, global_step=9285120
SPS: 1986
Epoch: 405, global_step=9308160
SPS: 1987
Epoch: 406, global_step=9331200
SPS: 1988
Epoch: 407, global_step=9354240
SPS: 1989
Epoch: 408, global_step=9377280
SPS: 1991
Epoch: 409, global_step=9400320
SPS: 1992
Epoch: 410, global_step=9423360
SPS: 1993
Epoch: 411, global_step=9446400
SPS: 1994
Epoch: 412, global_step=9469440
SPS: 1995
Epoch: 413, global_step=9492480
SPS: 1996
Epoch: 414, global_step=9515520
SPS: 1997
Epoch: 415, global_step=9538560
SPS: 1999
Epoch: 416, global_step=9561600
SPS: 2000
Epoch: 417, global_step=9584640
SPS: 2001
Epoch: 418, global_step=9607680
SPS: 2002
Epoch: 419, global_step=9630720
SPS: 2003
Epoch: 420, global_step=9653760
SPS: 2004
Epoch: 421, global_step=9676800
SPS: 2005
Epoch: 422, global_step=9699840
SPS: 2007
Epoch: 423, global_step=9722880
SPS: 2008
Epoch: 424, global_step=9745920
SPS: 2009
Epoch: 425, global_step=9768960
SPS: 2010
Epoch: 426, global_step=9792000
Evaluating
Evaluated 17280 steps resulting in 192 episodes
[32mEvaluation Metric: success_once[0m | [36mMean: 0.8333[0m
[32mEvaluation Metric: return[0m | [36mMean: 14.2138[0m
[32mEvaluation Metric: episode_len[0m | [36mMean: 90.0000[0m
[32mEvaluation Metric: reward[0m | [36mMean: 0.1579[0m
[32mEvaluation Metric: success_at_end[0m | [36mMean: 0.0208[0m
model saved to checkpoints/ppo_memtasks/rgb_joints/normalized_dense/InterceptMedium-v0/ppo-nonbelief-newhyper-lr1e-4-99__99__rgb_joints__20260127_034421/20260127_034421/ckpt_17_426.pt
SPS: 1979
Epoch: 427, global_step=9815040
SPS: 1980
Epoch: 428, global_step=9838080
SPS: 1981
Epoch: 429, global_step=9861120
SPS: 1982
Epoch: 430, global_step=9884160
SPS: 1983
Epoch: 431, global_step=9907200
SPS: 1984
Epoch: 432, global_step=9930240
SPS: 1985
Epoch: 433, global_step=9953280
SPS: 1987
Epoch: 434, global_step=9976320
SPS: 1988
model saved to checkpoints/ppo_memtasks/rgb_joints/normalized_dense/InterceptMedium-v0/ppo-nonbelief-newhyper-lr1e-4-99__99__rgb_joints__20260127_034421/20260127_034421/final_ckpt.pt
