Enabling podman.socket for user: s4176650
Running RememberShapeAndColor3x3-v0 with belief, seed 33

===========================================================================
║                        Environment Configuration                        ║
===========================================================================
║ Environment ID: RememberShapeAndColor3x3-v0                             ║
║ Oracle Info:    None                                                    ║
║ Wrappers:                                                               ║
║    ├─ InitialZeroActionWrapper                                         ║
║    │  └─ {'n_initial_steps': 0}                                           ║
║    ├─ RememberShapeAndColorInfoWrapper                                 ║
║    ├─ RenderStepInfoWrapper                                            ║
║    ├─ RenderRewardInfoWrapper                                          ║
║    ├─ DebugRewardWrapper                                               ║
║-------------------------------------------------------------------------║
║ include_state:       False │ state will not be used                ║
║ include_rgb:         True  │ rgb images will be used               ║
║ include_oracle:      False │ oracle info will not be used          ║
║ include_joints:      True  │ joints will be used                   ║
===========================================================================

MODE='rgb_joints_belief'
prompt_info=None
{0: 'cube', 1: 'sphere', 2: 't_shape', 3: 'cross', 4: 'torus'}
{0: 'cube', 1: 'sphere', 2: 't_shape', 3: 'cross', 4: 'torus'}
Saving eval videos to checkpoints/ppo_memtasks/rgb_joints_belief/normalized_dense/RememberShapeAndColor3x3-v0/ppo-last5-cvae-v6-1-new-33__33__rgb_joints_belief__20260124_204057/20260124_204057/videos
======================================================================
Max Episode Steps: 60
======================================================================

Loading belief model from /local/s4176650/sphinx/storage_cvae/RememberShapeAndColor3x3-v0_cvae_mikasa_last5_v6_1/final_vae_model.pt
  phi_dim=16, latent_dim=32
Belief model loaded successfully. Memory size: 768
Running training

####
args.num_iterations=865 args.num_envs=200 args.num_eval_envs=16
args.minibatch_size=1500 args.batch_size=12000 args.update_epochs=4
####

sample_obs.keys()=dict_keys(['joints', 'rgb'])
joints: torch.Size([200, 25])
rgb: torch.Size([200, 128, 128, 3])


Epoch: 1, global_step=0
Evaluating
Evaluated 11520 steps resulting in 192 episodes
[32mEvaluation Metric: success_once[0m | [36mMean: 0.0000[0m
[32mEvaluation Metric: return[0m | [36mMean: 9.8723[0m
[32mEvaluation Metric: episode_len[0m | [36mMean: 60.0000[0m
[32mEvaluation Metric: reward[0m | [36mMean: 0.1645[0m
[32mEvaluation Metric: success_at_end[0m | [36mMean: 0.0000[0m
model saved to checkpoints/ppo_memtasks/rgb_joints_belief/normalized_dense/RememberShapeAndColor3x3-v0/ppo-last5-cvae-v6-1-new-33__33__rgb_joints_belief__20260124_204057/20260124_204057/ckpt_0_1.pt
SPS: 144
Epoch: 2, global_step=12000
SPS: 267
Epoch: 3, global_step=24000
SPS: 371
Epoch: 4, global_step=36000
SPS: 461
Epoch: 5, global_step=48000
SPS: 538
Epoch: 6, global_step=60000
SPS: 605
Epoch: 7, global_step=72000
SPS: 664
Epoch: 8, global_step=84000
SPS: 716
Epoch: 9, global_step=96000
SPS: 763
Epoch: 10, global_step=108000
SPS: 805
Epoch: 11, global_step=120000
SPS: 843
Epoch: 12, global_step=132000
SPS: 877
Epoch: 13, global_step=144000
SPS: 909
Epoch: 14, global_step=156000
SPS: 937
Epoch: 15, global_step=168000
SPS: 963
Epoch: 16, global_step=180000
SPS: 987
Epoch: 17, global_step=192000
SPS: 1009
Epoch: 18, global_step=204000
SPS: 1030
Epoch: 19, global_step=216000
SPS: 1048
Epoch: 20, global_step=228000
SPS: 1066
Epoch: 21, global_step=240000
SPS: 1083
Epoch: 22, global_step=252000
SPS: 1098
Epoch: 23, global_step=264000
SPS: 1112
Epoch: 24, global_step=276000
SPS: 1126
Epoch: 25, global_step=288000
SPS: 1138
Epoch: 26, global_step=300000
SPS: 1150
Epoch: 27, global_step=312000
SPS: 1161
Epoch: 28, global_step=324000
SPS: 1171
Epoch: 29, global_step=336000
SPS: 1181
Epoch: 30, global_step=348000
SPS: 1191
Epoch: 31, global_step=360000
SPS: 1200
Epoch: 32, global_step=372000
SPS: 1208
Epoch: 33, global_step=384000
SPS: 1215
Epoch: 34, global_step=396000
SPS: 1223
Epoch: 35, global_step=408000
SPS: 1231
Epoch: 36, global_step=420000
SPS: 1238
Epoch: 37, global_step=432000
SPS: 1245
Epoch: 38, global_step=444000
SPS: 1251
Epoch: 39, global_step=456000
SPS: 1258
Epoch: 40, global_step=468000
SPS: 1264
Epoch: 41, global_step=480000
SPS: 1270
Epoch: 42, global_step=492000
SPS: 1275
Epoch: 43, global_step=504000
SPS: 1281
Epoch: 44, global_step=516000
SPS: 1286
Epoch: 45, global_step=528000
SPS: 1291
Epoch: 46, global_step=540000
SPS: 1296
Epoch: 47, global_step=552000
SPS: 1300
Epoch: 48, global_step=564000
SPS: 1305
Epoch: 49, global_step=576000
Evaluating
Evaluated 11520 steps resulting in 192 episodes
[32mEvaluation Metric: success_once[0m | [36mMean: 0.1615[0m
[32mEvaluation Metric: return[0m | [36mMean: 6.5116[0m
[32mEvaluation Metric: episode_len[0m | [36mMean: 60.0000[0m
[32mEvaluation Metric: reward[0m | [36mMean: 0.1085[0m
[32mEvaluation Metric: success_at_end[0m | [36mMean: 0.1250[0m
model saved to checkpoints/ppo_memtasks/rgb_joints_belief/normalized_dense/RememberShapeAndColor3x3-v0/ppo-last5-cvae-v6-1-new-33__33__rgb_joints_belief__20260124_204057/20260124_204057/ckpt_1_49.pt
SPS: 1114
Epoch: 50, global_step=588000
SPS: 1120
Epoch: 51, global_step=600000
SPS: 1126
Epoch: 52, global_step=612000
SPS: 1132
Epoch: 53, global_step=624000
SPS: 1138
Epoch: 54, global_step=636000
SPS: 1144
Epoch: 55, global_step=648000
SPS: 1149
Epoch: 56, global_step=660000
SPS: 1155
Epoch: 57, global_step=672000
SPS: 1160
Epoch: 58, global_step=684000
SPS: 1165
Epoch: 59, global_step=696000
SPS: 1170
Epoch: 60, global_step=708000
SPS: 1175
Epoch: 61, global_step=720000
SPS: 1179
Epoch: 62, global_step=732000
SPS: 1184
Epoch: 63, global_step=744000
SPS: 1189
Epoch: 64, global_step=756000
SPS: 1193
Epoch: 65, global_step=768000
SPS: 1197
Epoch: 66, global_step=780000
SPS: 1202
Epoch: 67, global_step=792000
SPS: 1206
Epoch: 68, global_step=804000
SPS: 1210
Epoch: 69, global_step=816000
SPS: 1214
Epoch: 70, global_step=828000
SPS: 1218
Epoch: 71, global_step=840000
SPS: 1221
Epoch: 72, global_step=852000
SPS: 1225
Epoch: 73, global_step=864000
SPS: 1229
Epoch: 74, global_step=876000
SPS: 1232
Epoch: 75, global_step=888000
SPS: 1235
Epoch: 76, global_step=900000
SPS: 1239
Epoch: 77, global_step=912000
SPS: 1242
Epoch: 78, global_step=924000
SPS: 1245
Epoch: 79, global_step=936000
SPS: 1248
Epoch: 80, global_step=948000
SPS: 1251
Epoch: 81, global_step=960000
SPS: 1254
Epoch: 82, global_step=972000
SPS: 1257
Epoch: 83, global_step=984000
SPS: 1259
Epoch: 84, global_step=996000
SPS: 1262
Epoch: 85, global_step=1008000
SPS: 1265
Epoch: 86, global_step=1020000
SPS: 1267
Epoch: 87, global_step=1032000
SPS: 1270
Epoch: 88, global_step=1044000
SPS: 1273
Epoch: 89, global_step=1056000
SPS: 1276
Epoch: 90, global_step=1068000
SPS: 1278
Epoch: 91, global_step=1080000
SPS: 1281
Epoch: 92, global_step=1092000
SPS: 1283
Epoch: 93, global_step=1104000
SPS: 1285
Epoch: 94, global_step=1116000
SPS: 1288
Epoch: 95, global_step=1128000
SPS: 1290
Epoch: 96, global_step=1140000
SPS: 1292
Epoch: 97, global_step=1152000
Evaluating
Evaluated 11520 steps resulting in 192 episodes
[32mEvaluation Metric: success_once[0m | [36mMean: 0.0833[0m
[32mEvaluation Metric: return[0m | [36mMean: 4.1843[0m
[32mEvaluation Metric: episode_len[0m | [36mMean: 60.0000[0m
[32mEvaluation Metric: reward[0m | [36mMean: 0.0697[0m
[32mEvaluation Metric: success_at_end[0m | [36mMean: 0.0260[0m
model saved to checkpoints/ppo_memtasks/rgb_joints_belief/normalized_dense/RememberShapeAndColor3x3-v0/ppo-last5-cvae-v6-1-new-33__33__rgb_joints_belief__20260124_204057/20260124_204057/ckpt_2_97.pt
SPS: 1187
Epoch: 98, global_step=1164000
SPS: 1190
Epoch: 99, global_step=1176000
SPS: 1193
Epoch: 100, global_step=1188000
SPS: 1196
Epoch: 101, global_step=1200000
SPS: 1199
Epoch: 102, global_step=1212000
SPS: 1201
Epoch: 103, global_step=1224000
SPS: 1204
Epoch: 104, global_step=1236000
SPS: 1207
Epoch: 105, global_step=1248000
SPS: 1209
Epoch: 106, global_step=1260000
SPS: 1212
Epoch: 107, global_step=1272000
SPS: 1214
Epoch: 108, global_step=1284000
SPS: 1217
Epoch: 109, global_step=1296000
SPS: 1219
Epoch: 110, global_step=1308000
SPS: 1221
Epoch: 111, global_step=1320000
SPS: 1224
Epoch: 112, global_step=1332000
SPS: 1226
Epoch: 113, global_step=1344000
SPS: 1228
Epoch: 114, global_step=1356000
SPS: 1231
Epoch: 115, global_step=1368000
SPS: 1233
Epoch: 116, global_step=1380000
SPS: 1235
Epoch: 117, global_step=1392000
SPS: 1237
Epoch: 118, global_step=1404000
SPS: 1240
Epoch: 119, global_step=1416000
SPS: 1242
Epoch: 120, global_step=1428000
SPS: 1244
Epoch: 121, global_step=1440000
SPS: 1246
Epoch: 122, global_step=1452000
SPS: 1248
Epoch: 123, global_step=1464000
SPS: 1250
Epoch: 124, global_step=1476000
SPS: 1252
Epoch: 125, global_step=1488000
SPS: 1254
Epoch: 126, global_step=1500000
SPS: 1256
Epoch: 127, global_step=1512000
SPS: 1258
Epoch: 128, global_step=1524000
SPS: 1259
Epoch: 129, global_step=1536000
SPS: 1261
Epoch: 130, global_step=1548000
SPS: 1263
Epoch: 131, global_step=1560000
SPS: 1265
Epoch: 132, global_step=1572000
SPS: 1267
Epoch: 133, global_step=1584000
SPS: 1268
Epoch: 134, global_step=1596000
SPS: 1270
Epoch: 135, global_step=1608000
SPS: 1271
Epoch: 136, global_step=1620000
SPS: 1273
Epoch: 137, global_step=1632000
SPS: 1275
Epoch: 138, global_step=1644000
SPS: 1276
Epoch: 139, global_step=1656000
SPS: 1278
Epoch: 140, global_step=1668000
SPS: 1280
Epoch: 141, global_step=1680000
SPS: 1281
Epoch: 142, global_step=1692000
SPS: 1283
Epoch: 143, global_step=1704000
SPS: 1284
Epoch: 144, global_step=1716000
SPS: 1286
Epoch: 145, global_step=1728000
Evaluating
Evaluated 11520 steps resulting in 192 episodes
[32mEvaluation Metric: success_once[0m | [36mMean: 0.0833[0m
[32mEvaluation Metric: return[0m | [36mMean: 5.3694[0m
[32mEvaluation Metric: episode_len[0m | [36mMean: 60.0000[0m
[32mEvaluation Metric: reward[0m | [36mMean: 0.0895[0m
[32mEvaluation Metric: success_at_end[0m | [36mMean: 0.0417[0m
model saved to checkpoints/ppo_memtasks/rgb_joints_belief/normalized_dense/RememberShapeAndColor3x3-v0/ppo-last5-cvae-v6-1-new-33__33__rgb_joints_belief__20260124_204057/20260124_204057/ckpt_3_145.pt
SPS: 1215
Epoch: 146, global_step=1740000
SPS: 1217
Epoch: 147, global_step=1752000
SPS: 1219
Epoch: 148, global_step=1764000
SPS: 1221
Epoch: 149, global_step=1776000
SPS: 1223
Epoch: 150, global_step=1788000
SPS: 1224
Epoch: 151, global_step=1800000
SPS: 1226
Epoch: 152, global_step=1812000
SPS: 1228
Epoch: 153, global_step=1824000
SPS: 1229
Epoch: 154, global_step=1836000
SPS: 1231
Epoch: 155, global_step=1848000
SPS: 1233
Epoch: 156, global_step=1860000
SPS: 1234
Epoch: 157, global_step=1872000
SPS: 1236
Epoch: 158, global_step=1884000
SPS: 1238
Epoch: 159, global_step=1896000
SPS: 1239
Epoch: 160, global_step=1908000
SPS: 1241
Epoch: 161, global_step=1920000
SPS: 1243
Epoch: 162, global_step=1932000
SPS: 1244
Epoch: 163, global_step=1944000
SPS: 1246
Epoch: 164, global_step=1956000
SPS: 1247
Epoch: 165, global_step=1968000
SPS: 1249
Epoch: 166, global_step=1980000
SPS: 1250
Epoch: 167, global_step=1992000
SPS: 1252
Epoch: 168, global_step=2004000
SPS: 1253
Epoch: 169, global_step=2016000
SPS: 1255
Epoch: 170, global_step=2028000
SPS: 1256
Epoch: 171, global_step=2040000
SPS: 1258
Epoch: 172, global_step=2052000
SPS: 1259
Epoch: 173, global_step=2064000
SPS: 1261
Epoch: 174, global_step=2076000
SPS: 1262
Epoch: 175, global_step=2088000
SPS: 1263
Epoch: 176, global_step=2100000
SPS: 1265
Epoch: 177, global_step=2112000
SPS: 1266
Epoch: 178, global_step=2124000
SPS: 1267
Epoch: 179, global_step=2136000
SPS: 1269
Epoch: 180, global_step=2148000
SPS: 1270
Epoch: 181, global_step=2160000
SPS: 1271
Epoch: 182, global_step=2172000
SPS: 1272
Epoch: 183, global_step=2184000
SPS: 1274
Epoch: 184, global_step=2196000
SPS: 1275
Epoch: 185, global_step=2208000
SPS: 1276
Epoch: 186, global_step=2220000
SPS: 1277
Epoch: 187, global_step=2232000
SPS: 1278
Epoch: 188, global_step=2244000
SPS: 1279
Epoch: 189, global_step=2256000
SPS: 1281
Epoch: 190, global_step=2268000
SPS: 1282
Epoch: 191, global_step=2280000
SPS: 1283
Epoch: 192, global_step=2292000
SPS: 1284
Epoch: 193, global_step=2304000
Evaluating
Evaluated 11520 steps resulting in 192 episodes
[32mEvaluation Metric: success_once[0m | [36mMean: 0.1562[0m
[32mEvaluation Metric: return[0m | [36mMean: 6.4171[0m
[32mEvaluation Metric: episode_len[0m | [36mMean: 60.0000[0m
[32mEvaluation Metric: reward[0m | [36mMean: 0.1070[0m
[32mEvaluation Metric: success_at_end[0m | [36mMean: 0.0677[0m
model saved to checkpoints/ppo_memtasks/rgb_joints_belief/normalized_dense/RememberShapeAndColor3x3-v0/ppo-last5-cvae-v6-1-new-33__33__rgb_joints_belief__20260124_204057/20260124_204057/ckpt_4_193.pt
SPS: 1231
Epoch: 194, global_step=2316000
SPS: 1233
Epoch: 195, global_step=2328000
SPS: 1234
Epoch: 196, global_step=2340000
SPS: 1235
Epoch: 197, global_step=2352000
SPS: 1237
Epoch: 198, global_step=2364000
SPS: 1238
Epoch: 199, global_step=2376000
SPS: 1239
Epoch: 200, global_step=2388000
SPS: 1240
Epoch: 201, global_step=2400000
SPS: 1242
Epoch: 202, global_step=2412000
SPS: 1243
Epoch: 203, global_step=2424000
SPS: 1244
Epoch: 204, global_step=2436000
SPS: 1245
Epoch: 205, global_step=2448000
SPS: 1247
Epoch: 206, global_step=2460000
SPS: 1248
Epoch: 207, global_step=2472000
SPS: 1249
Epoch: 208, global_step=2484000
SPS: 1250
Epoch: 209, global_step=2496000
SPS: 1252
Epoch: 210, global_step=2508000
SPS: 1253
Epoch: 211, global_step=2520000
SPS: 1254
Epoch: 212, global_step=2532000
SPS: 1255
Epoch: 213, global_step=2544000
SPS: 1256
Epoch: 214, global_step=2556000
SPS: 1257
Epoch: 215, global_step=2568000
SPS: 1259
Epoch: 216, global_step=2580000
SPS: 1260
Epoch: 217, global_step=2592000
SPS: 1261
Epoch: 218, global_step=2604000
SPS: 1262
Epoch: 219, global_step=2616000
SPS: 1263
Epoch: 220, global_step=2628000
SPS: 1264
Epoch: 221, global_step=2640000
SPS: 1265
Epoch: 222, global_step=2652000
SPS: 1266
Epoch: 223, global_step=2664000
SPS: 1267
Epoch: 224, global_step=2676000
SPS: 1268
Epoch: 225, global_step=2688000
SPS: 1269
Epoch: 226, global_step=2700000
SPS: 1271
Epoch: 227, global_step=2712000
SPS: 1272
Epoch: 228, global_step=2724000
SPS: 1273
Epoch: 229, global_step=2736000
SPS: 1274
Epoch: 230, global_step=2748000
SPS: 1275
Epoch: 231, global_step=2760000
SPS: 1276
Epoch: 232, global_step=2772000
SPS: 1277
Epoch: 233, global_step=2784000
SPS: 1277
Epoch: 234, global_step=2796000
SPS: 1278
Epoch: 235, global_step=2808000
SPS: 1279
Epoch: 236, global_step=2820000
SPS: 1280
Epoch: 237, global_step=2832000
SPS: 1281
Epoch: 238, global_step=2844000
SPS: 1282
Epoch: 239, global_step=2856000
SPS: 1283
Epoch: 240, global_step=2868000
SPS: 1284
Epoch: 241, global_step=2880000
Evaluating
Evaluated 11520 steps resulting in 192 episodes
[32mEvaluation Metric: success_once[0m | [36mMean: 0.0677[0m
[32mEvaluation Metric: return[0m | [36mMean: 4.3710[0m
[32mEvaluation Metric: episode_len[0m | [36mMean: 60.0000[0m
[32mEvaluation Metric: reward[0m | [36mMean: 0.0728[0m
[32mEvaluation Metric: success_at_end[0m | [36mMean: 0.0156[0m
model saved to checkpoints/ppo_memtasks/rgb_joints_belief/normalized_dense/RememberShapeAndColor3x3-v0/ppo-last5-cvae-v6-1-new-33__33__rgb_joints_belief__20260124_204057/20260124_204057/ckpt_5_241.pt
SPS: 1241
Epoch: 242, global_step=2892000
SPS: 1242
Epoch: 243, global_step=2904000
SPS: 1243
Epoch: 244, global_step=2916000
SPS: 1244
Epoch: 245, global_step=2928000
SPS: 1245
Epoch: 246, global_step=2940000
SPS: 1246
Epoch: 247, global_step=2952000
SPS: 1247
Epoch: 248, global_step=2964000
SPS: 1248
Epoch: 249, global_step=2976000
SPS: 1249
Epoch: 250, global_step=2988000
SPS: 1250
Epoch: 251, global_step=3000000
SPS: 1251
Epoch: 252, global_step=3012000
SPS: 1252
Epoch: 253, global_step=3024000
SPS: 1253
Epoch: 254, global_step=3036000
SPS: 1254
Epoch: 255, global_step=3048000
SPS: 1255
Epoch: 256, global_step=3060000
SPS: 1256
Epoch: 257, global_step=3072000
SPS: 1257
Epoch: 258, global_step=3084000
SPS: 1258
Epoch: 259, global_step=3096000
SPS: 1259
Epoch: 260, global_step=3108000
SPS: 1260
Epoch: 261, global_step=3120000
SPS: 1260
Epoch: 262, global_step=3132000
SPS: 1261
Epoch: 263, global_step=3144000
SPS: 1262
Epoch: 264, global_step=3156000
SPS: 1263
Epoch: 265, global_step=3168000
SPS: 1264
Epoch: 266, global_step=3180000
SPS: 1265
Epoch: 267, global_step=3192000
SPS: 1266
Epoch: 268, global_step=3204000
SPS: 1267
Epoch: 269, global_step=3216000
SPS: 1268
Epoch: 270, global_step=3228000
SPS: 1268
Epoch: 271, global_step=3240000
SPS: 1269
Epoch: 272, global_step=3252000
SPS: 1270
Epoch: 273, global_step=3264000
SPS: 1271
Epoch: 274, global_step=3276000
SPS: 1272
Epoch: 275, global_step=3288000
SPS: 1273
Epoch: 276, global_step=3300000
SPS: 1274
Epoch: 277, global_step=3312000
SPS: 1274
Epoch: 278, global_step=3324000
SPS: 1275
Epoch: 279, global_step=3336000
SPS: 1276
Epoch: 280, global_step=3348000
SPS: 1277
Epoch: 281, global_step=3360000
SPS: 1278
Epoch: 282, global_step=3372000
SPS: 1278
Epoch: 283, global_step=3384000
SPS: 1279
Epoch: 284, global_step=3396000
SPS: 1280
Epoch: 285, global_step=3408000
SPS: 1281
Epoch: 286, global_step=3420000
SPS: 1282
Epoch: 287, global_step=3432000
SPS: 1282
Epoch: 288, global_step=3444000
SPS: 1283
Epoch: 289, global_step=3456000
Evaluating
Evaluated 11520 steps resulting in 192 episodes
[32mEvaluation Metric: success_once[0m | [36mMean: 0.0260[0m
[32mEvaluation Metric: return[0m | [36mMean: 3.8779[0m
[32mEvaluation Metric: episode_len[0m | [36mMean: 60.0000[0m
[32mEvaluation Metric: reward[0m | [36mMean: 0.0646[0m
[32mEvaluation Metric: success_at_end[0m | [36mMean: 0.0104[0m
model saved to checkpoints/ppo_memtasks/rgb_joints_belief/normalized_dense/RememberShapeAndColor3x3-v0/ppo-last5-cvae-v6-1-new-33__33__rgb_joints_belief__20260124_204057/20260124_204057/ckpt_6_289.pt
SPS: 1246
Epoch: 290, global_step=3468000
SPS: 1247
Epoch: 291, global_step=3480000
SPS: 1247
Epoch: 292, global_step=3492000
SPS: 1248
Epoch: 293, global_step=3504000
SPS: 1249
Epoch: 294, global_step=3516000
SPS: 1250
Epoch: 295, global_step=3528000
SPS: 1251
Epoch: 296, global_step=3540000
SPS: 1252
Epoch: 297, global_step=3552000
SPS: 1253
Epoch: 298, global_step=3564000
SPS: 1253
Epoch: 299, global_step=3576000
SPS: 1254
Epoch: 300, global_step=3588000
SPS: 1255
Epoch: 301, global_step=3600000
SPS: 1256
Epoch: 302, global_step=3612000
SPS: 1257
Epoch: 303, global_step=3624000
SPS: 1257
Epoch: 304, global_step=3636000
SPS: 1258
Epoch: 305, global_step=3648000
SPS: 1259
Epoch: 306, global_step=3660000
SPS: 1260
Epoch: 307, global_step=3672000
SPS: 1261
Epoch: 308, global_step=3684000
SPS: 1261
Epoch: 309, global_step=3696000
SPS: 1262
Epoch: 310, global_step=3708000
SPS: 1263
Epoch: 311, global_step=3720000
SPS: 1264
Epoch: 312, global_step=3732000
SPS: 1264
Epoch: 313, global_step=3744000
SPS: 1265
Epoch: 314, global_step=3756000
SPS: 1266
Epoch: 315, global_step=3768000
SPS: 1267
Epoch: 316, global_step=3780000
SPS: 1267
Epoch: 317, global_step=3792000
SPS: 1268
Epoch: 318, global_step=3804000
SPS: 1269
Epoch: 319, global_step=3816000
SPS: 1270
Epoch: 320, global_step=3828000
SPS: 1270
Epoch: 321, global_step=3840000
SPS: 1271
Epoch: 322, global_step=3852000
SPS: 1272
Epoch: 323, global_step=3864000
SPS: 1273
Epoch: 324, global_step=3876000
SPS: 1273
Epoch: 325, global_step=3888000
SPS: 1274
Epoch: 326, global_step=3900000
SPS: 1275
Epoch: 327, global_step=3912000
SPS: 1275
Epoch: 328, global_step=3924000
SPS: 1276
Epoch: 329, global_step=3936000
SPS: 1277
Epoch: 330, global_step=3948000
SPS: 1277
Epoch: 331, global_step=3960000
SPS: 1278
Epoch: 332, global_step=3972000
SPS: 1279
Epoch: 333, global_step=3984000
SPS: 1279
Epoch: 334, global_step=3996000
SPS: 1280
Epoch: 335, global_step=4008000
SPS: 1281
Epoch: 336, global_step=4020000
SPS: 1281
Epoch: 337, global_step=4032000
Evaluating
Evaluated 11520 steps resulting in 192 episodes
[32mEvaluation Metric: success_once[0m | [36mMean: 0.0260[0m
[32mEvaluation Metric: return[0m | [36mMean: 3.7111[0m
[32mEvaluation Metric: episode_len[0m | [36mMean: 60.0000[0m
[32mEvaluation Metric: reward[0m | [36mMean: 0.0619[0m
[32mEvaluation Metric: success_at_end[0m | [36mMean: 0.0052[0m
model saved to checkpoints/ppo_memtasks/rgb_joints_belief/normalized_dense/RememberShapeAndColor3x3-v0/ppo-last5-cvae-v6-1-new-33__33__rgb_joints_belief__20260124_204057/20260124_204057/ckpt_7_337.pt
SPS: 1250
Epoch: 338, global_step=4044000
SPS: 1251
Epoch: 339, global_step=4056000
SPS: 1252
Epoch: 340, global_step=4068000
SPS: 1252
Epoch: 341, global_step=4080000
SPS: 1253
Epoch: 342, global_step=4092000
SPS: 1254
Epoch: 343, global_step=4104000
SPS: 1255
Epoch: 344, global_step=4116000
SPS: 1255
Epoch: 345, global_step=4128000
SPS: 1256
Epoch: 346, global_step=4140000
SPS: 1257
Epoch: 347, global_step=4152000
SPS: 1257
Epoch: 348, global_step=4164000
SPS: 1258
Epoch: 349, global_step=4176000
SPS: 1259
Epoch: 350, global_step=4188000
SPS: 1259
Epoch: 351, global_step=4200000
SPS: 1260
Epoch: 352, global_step=4212000
SPS: 1261
Epoch: 353, global_step=4224000
SPS: 1261
Epoch: 354, global_step=4236000
SPS: 1262
Epoch: 355, global_step=4248000
SPS: 1263
Epoch: 356, global_step=4260000
SPS: 1264
Epoch: 357, global_step=4272000
SPS: 1264
Epoch: 358, global_step=4284000
SPS: 1265
Epoch: 359, global_step=4296000
SPS: 1266
Epoch: 360, global_step=4308000
SPS: 1266
Epoch: 361, global_step=4320000
SPS: 1267
Epoch: 362, global_step=4332000
SPS: 1267
Epoch: 363, global_step=4344000
SPS: 1268
Epoch: 364, global_step=4356000
SPS: 1269
Epoch: 365, global_step=4368000
SPS: 1269
Epoch: 366, global_step=4380000
SPS: 1270
Epoch: 367, global_step=4392000
SPS: 1271
Epoch: 368, global_step=4404000
SPS: 1271
Epoch: 369, global_step=4416000
SPS: 1272
Epoch: 370, global_step=4428000
SPS: 1273
Epoch: 371, global_step=4440000
SPS: 1273
Epoch: 372, global_step=4452000
SPS: 1274
Epoch: 373, global_step=4464000
SPS: 1274
Epoch: 374, global_step=4476000
SPS: 1275
Epoch: 375, global_step=4488000
SPS: 1276
Epoch: 376, global_step=4500000
SPS: 1276
Epoch: 377, global_step=4512000
SPS: 1277
Epoch: 378, global_step=4524000
SPS: 1278
Epoch: 379, global_step=4536000
SPS: 1278
Epoch: 380, global_step=4548000
SPS: 1279
Epoch: 381, global_step=4560000
SPS: 1279
Epoch: 382, global_step=4572000
SPS: 1280
Epoch: 383, global_step=4584000
SPS: 1280
Epoch: 384, global_step=4596000
SPS: 1281
Epoch: 385, global_step=4608000
Evaluating
Evaluated 11520 steps resulting in 192 episodes
[32mEvaluation Metric: success_once[0m | [36mMean: 0.0365[0m
[32mEvaluation Metric: return[0m | [36mMean: 3.7391[0m
[32mEvaluation Metric: episode_len[0m | [36mMean: 60.0000[0m
[32mEvaluation Metric: reward[0m | [36mMean: 0.0623[0m
[32mEvaluation Metric: success_at_end[0m | [36mMean: 0.0156[0m
model saved to checkpoints/ppo_memtasks/rgb_joints_belief/normalized_dense/RememberShapeAndColor3x3-v0/ppo-last5-cvae-v6-1-new-33__33__rgb_joints_belief__20260124_204057/20260124_204057/ckpt_8_385.pt
SPS: 1253
Epoch: 386, global_step=4620000
SPS: 1254
Epoch: 387, global_step=4632000
SPS: 1254
Epoch: 388, global_step=4644000
SPS: 1255
Epoch: 389, global_step=4656000
SPS: 1256
Epoch: 390, global_step=4668000
SPS: 1256
Epoch: 391, global_step=4680000
SPS: 1257
Epoch: 392, global_step=4692000
SPS: 1257
Epoch: 393, global_step=4704000
SPS: 1258
Epoch: 394, global_step=4716000
SPS: 1259
Epoch: 395, global_step=4728000
SPS: 1259
Epoch: 396, global_step=4740000
SPS: 1260
Epoch: 397, global_step=4752000
SPS: 1260
Epoch: 398, global_step=4764000
SPS: 1261
Epoch: 399, global_step=4776000
SPS: 1262
Epoch: 400, global_step=4788000
SPS: 1262
Epoch: 401, global_step=4800000
SPS: 1263
Epoch: 402, global_step=4812000
SPS: 1263
Epoch: 403, global_step=4824000
SPS: 1264
Epoch: 404, global_step=4836000
SPS: 1265
Epoch: 405, global_step=4848000
SPS: 1265
Epoch: 406, global_step=4860000
SPS: 1266
Epoch: 407, global_step=4872000
SPS: 1266
Epoch: 408, global_step=4884000
SPS: 1267
Epoch: 409, global_step=4896000
SPS: 1268
Epoch: 410, global_step=4908000
SPS: 1268
Epoch: 411, global_step=4920000
SPS: 1269
Epoch: 412, global_step=4932000
SPS: 1269
Epoch: 413, global_step=4944000
SPS: 1270
Epoch: 414, global_step=4956000
SPS: 1270
Epoch: 415, global_step=4968000
SPS: 1271
Epoch: 416, global_step=4980000
SPS: 1271
Epoch: 417, global_step=4992000
SPS: 1272
Epoch: 418, global_step=5004000
SPS: 1273
Epoch: 419, global_step=5016000
SPS: 1273
Epoch: 420, global_step=5028000
SPS: 1274
Epoch: 421, global_step=5040000
SPS: 1274
Epoch: 422, global_step=5052000
SPS: 1275
Epoch: 423, global_step=5064000
SPS: 1275
Epoch: 424, global_step=5076000
SPS: 1276
Epoch: 425, global_step=5088000
SPS: 1276
Epoch: 426, global_step=5100000
