Enabling podman.socket for user: s4176650
Running RememberShapeAndColor5x3-v0 with belief, seed 42

===========================================================================
║                        Environment Configuration                        ║
===========================================================================
║ Environment ID: RememberShapeAndColor3x3-v0                             ║
║ Oracle Info:    None                                                    ║
║ Wrappers:                                                               ║
║    ├─ InitialZeroActionWrapper                                         ║
║    │  └─ {'n_initial_steps': 0}                                           ║
║    ├─ RememberShapeAndColorInfoWrapper                                 ║
║    ├─ RenderStepInfoWrapper                                            ║
║    ├─ RenderRewardInfoWrapper                                          ║
║    ├─ DebugRewardWrapper                                               ║
║-------------------------------------------------------------------------║
║ include_state:       False │ state will not be used                ║
║ include_rgb:         True  │ rgb images will be used               ║
║ include_oracle:      False │ oracle info will not be used          ║
║ include_joints:      True  │ joints will be used                   ║
===========================================================================

MODE='rgb_joints_belief'
prompt_info=None
{0: 'cube', 1: 'sphere', 2: 't_shape', 3: 'cross', 4: 'torus'}
{0: 'cube', 1: 'sphere', 2: 't_shape', 3: 'cross', 4: 'torus'}
Saving eval videos to checkpoints/ppo_memtasks/rgb_joints_belief/normalized_dense/RememberShapeAndColor3x3-v0/ppo-mlp-dense-remember-shape-color-3x3-v0-belief__42__rgb_joints_belief__20260104_143209/20260104_143209/videos
======================================================================
Max Episode Steps: 60
======================================================================

Loading belief model from /local/s4176650/sphinx/storage/RememberShapeAndColor3x3-v0_cvae_mikasa_new/final_vae_model.pt
  phi_dim=32, latent_dim=64
Belief model loaded successfully. Memory size: 768
Running training

####
args.num_iterations=865 args.num_envs=200 args.num_eval_envs=16
args.minibatch_size=375 args.batch_size=12000 args.update_epochs=4
####

sample_obs.keys()=dict_keys(['joints', 'rgb'])
joints: torch.Size([200, 25])
rgb: torch.Size([200, 128, 128, 3])


Epoch: 1, global_step=0
Evaluating
Evaluated 11520 steps resulting in 192 episodes
[32mEvaluation Metric: success_once[0m | [36mMean: 0.0000[0m
[32mEvaluation Metric: return[0m | [36mMean: 9.8733[0m
[32mEvaluation Metric: episode_len[0m | [36mMean: 60.0000[0m
[32mEvaluation Metric: reward[0m | [36mMean: 0.1646[0m
[32mEvaluation Metric: success_at_end[0m | [36mMean: 0.0000[0m
model saved to checkpoints/ppo_memtasks/rgb_joints_belief/normalized_dense/RememberShapeAndColor3x3-v0/ppo-mlp-dense-remember-shape-color-3x3-v0-belief__42__rgb_joints_belief__20260104_143209/20260104_143209/ckpt_0_1.pt
SPS: 95
Epoch: 2, global_step=12000
SPS: 178
Epoch: 3, global_step=24000
SPS: 250
Epoch: 4, global_step=36000
SPS: 313
Epoch: 5, global_step=48000
SPS: 368
Epoch: 6, global_step=60000
SPS: 418
Epoch: 7, global_step=72000
SPS: 461
Epoch: 8, global_step=84000
SPS: 498
Epoch: 9, global_step=96000
SPS: 534
Epoch: 10, global_step=108000
SPS: 567
Epoch: 11, global_step=120000
SPS: 595
Epoch: 12, global_step=132000
SPS: 621
Epoch: 13, global_step=144000
SPS: 646
Epoch: 14, global_step=156000
SPS: 669
Epoch: 15, global_step=168000
SPS: 688
Epoch: 16, global_step=180000
SPS: 708
Epoch: 17, global_step=192000
SPS: 725
Epoch: 18, global_step=204000
SPS: 740
Epoch: 19, global_step=216000
SPS: 755
Epoch: 20, global_step=228000
SPS: 770
Epoch: 21, global_step=240000
SPS: 779
Epoch: 22, global_step=252000
SPS: 788
Epoch: 23, global_step=264000
SPS: 794
Epoch: 24, global_step=276000
SPS: 806
Epoch: 25, global_step=288000
SPS: 816
Epoch: 26, global_step=300000
SPS: 826
Epoch: 27, global_step=312000
SPS: 834
Epoch: 28, global_step=324000
SPS: 843
Epoch: 29, global_step=336000
SPS: 851
Epoch: 30, global_step=348000
SPS: 859
Epoch: 31, global_step=360000
SPS: 867
Epoch: 32, global_step=372000
SPS: 875
Epoch: 33, global_step=384000
SPS: 881
Epoch: 34, global_step=396000
SPS: 888
Epoch: 35, global_step=408000
SPS: 894
Epoch: 36, global_step=420000
SPS: 901
Epoch: 37, global_step=432000
SPS: 908
Epoch: 38, global_step=444000
SPS: 913
Epoch: 39, global_step=456000
SPS: 919
Epoch: 40, global_step=468000
SPS: 923
Epoch: 41, global_step=480000
SPS: 928
Epoch: 42, global_step=492000
SPS: 933
Epoch: 43, global_step=504000
SPS: 937
Epoch: 44, global_step=516000
SPS: 942
Epoch: 45, global_step=528000
SPS: 946
Epoch: 46, global_step=540000
SPS: 950
Epoch: 47, global_step=552000
SPS: 954
Epoch: 48, global_step=564000
SPS: 959
Epoch: 49, global_step=576000
Evaluating
Evaluated 11520 steps resulting in 192 episodes
[32mEvaluation Metric: success_once[0m | [36mMean: 0.1146[0m
[32mEvaluation Metric: return[0m | [36mMean: 3.0842[0m
[32mEvaluation Metric: episode_len[0m | [36mMean: 60.0000[0m
[32mEvaluation Metric: reward[0m | [36mMean: 0.0514[0m
[32mEvaluation Metric: success_at_end[0m | [36mMean: 0.0156[0m
model saved to checkpoints/ppo_memtasks/rgb_joints_belief/normalized_dense/RememberShapeAndColor3x3-v0/ppo-mlp-dense-remember-shape-color-3x3-v0-belief__42__rgb_joints_belief__20260104_143209/20260104_143209/ckpt_1_49.pt
SPS: 830
Epoch: 50, global_step=588000
SPS: 836
Epoch: 51, global_step=600000
SPS: 840
Epoch: 52, global_step=612000
SPS: 845
Epoch: 53, global_step=624000
SPS: 849
Epoch: 54, global_step=636000
SPS: 853
Epoch: 55, global_step=648000
SPS: 857
Epoch: 56, global_step=660000
SPS: 861
Epoch: 57, global_step=672000
SPS: 866
Epoch: 58, global_step=684000
SPS: 869
Epoch: 59, global_step=696000
SPS: 873
Epoch: 60, global_step=708000
SPS: 877
Epoch: 61, global_step=720000
SPS: 881
Epoch: 62, global_step=732000
SPS: 885
Epoch: 63, global_step=744000
SPS: 888
Epoch: 64, global_step=756000
SPS: 892
Epoch: 65, global_step=768000
SPS: 895
Epoch: 66, global_step=780000
SPS: 899
Epoch: 67, global_step=792000
SPS: 902
Epoch: 68, global_step=804000
