Enabling podman.socket for user: s4176650
Running RememberShapeAndColor5x3-v0 with belief, seed 42

===========================================================================
║                        Environment Configuration                        ║
===========================================================================
║ Environment ID: RememberShapeAndColor3x3-v0                             ║
║ Oracle Info:    None                                                    ║
║ Wrappers:                                                               ║
║    ├─ InitialZeroActionWrapper                                         ║
║    │  └─ {'n_initial_steps': 0}                                           ║
║    ├─ RememberShapeAndColorInfoWrapper                                 ║
║    ├─ RenderStepInfoWrapper                                            ║
║    ├─ RenderRewardInfoWrapper                                          ║
║    ├─ DebugRewardWrapper                                               ║
║-------------------------------------------------------------------------║
║ include_state:       False │ state will not be used                ║
║ include_rgb:         True  │ rgb images will be used               ║
║ include_oracle:      False │ oracle info will not be used          ║
║ include_joints:      True  │ joints will be used                   ║
===========================================================================

MODE='rgb_joints_belief'
prompt_info=None
{0: 'cube', 1: 'sphere', 2: 't_shape', 3: 'cross', 4: 'torus'}
{0: 'cube', 1: 'sphere', 2: 't_shape', 3: 'cross', 4: 'torus'}
Saving eval videos to checkpoints/ppo_memtasks/rgb_joints_belief/normalized_dense/RememberShapeAndColor3x3-v0/ppo-mlp-dense-remember-shape-color-3x3-v0-belief__42__rgb_joints_belief__20260104_130331/20260104_130331/videos
======================================================================
Max Episode Steps: 60
======================================================================

Loading belief model from /local/s4176650/sphinx/storage/RememberShapeAndColor3x3-v0_vae_mikasa_new/final_vae_model.pt
  phi_dim=32, latent_dim=64
Belief model loaded successfully. Memory size: 768
Running training

####
args.num_iterations=865 args.num_envs=200 args.num_eval_envs=16
args.minibatch_size=375 args.batch_size=12000 args.update_epochs=4
####

sample_obs.keys()=dict_keys(['joints', 'rgb'])
joints: torch.Size([200, 25])
rgb: torch.Size([200, 128, 128, 3])


Epoch: 1, global_step=0
Evaluating
Evaluated 11520 steps resulting in 192 episodes
[32mEvaluation Metric: success_once[0m | [36mMean: 0.0000[0m
[32mEvaluation Metric: return[0m | [36mMean: 9.8159[0m
[32mEvaluation Metric: episode_len[0m | [36mMean: 60.0000[0m
[32mEvaluation Metric: reward[0m | [36mMean: 0.1636[0m
[32mEvaluation Metric: success_at_end[0m | [36mMean: 0.0000[0m
model saved to checkpoints/ppo_memtasks/rgb_joints_belief/normalized_dense/RememberShapeAndColor3x3-v0/ppo-mlp-dense-remember-shape-color-3x3-v0-belief__42__rgb_joints_belief__20260104_130331/20260104_130331/ckpt_0_1.pt
SPS: 104
Epoch: 2, global_step=12000
SPS: 194
Epoch: 3, global_step=24000
SPS: 271
Epoch: 4, global_step=36000
SPS: 337
Epoch: 5, global_step=48000
SPS: 395
Epoch: 6, global_step=60000
SPS: 445
Epoch: 7, global_step=72000
SPS: 490
Epoch: 8, global_step=84000
SPS: 529
Epoch: 9, global_step=96000
SPS: 564
Epoch: 10, global_step=108000
SPS: 596
Epoch: 11, global_step=120000
SPS: 624
Epoch: 12, global_step=132000
SPS: 651
Epoch: 13, global_step=144000
SPS: 675
Epoch: 14, global_step=156000
SPS: 699
Epoch: 15, global_step=168000
SPS: 721
Epoch: 16, global_step=180000
SPS: 740
Epoch: 17, global_step=192000
SPS: 760
Epoch: 18, global_step=204000
SPS: 779
Epoch: 19, global_step=216000
SPS: 796
Epoch: 20, global_step=228000
SPS: 813
Epoch: 21, global_step=240000
SPS: 828
Epoch: 22, global_step=252000
SPS: 843
Epoch: 23, global_step=264000
SPS: 856
Epoch: 24, global_step=276000
SPS: 868
Epoch: 25, global_step=288000
SPS: 880
Epoch: 26, global_step=300000
SPS: 889
Epoch: 27, global_step=312000
SPS: 898
Epoch: 28, global_step=324000
SPS: 908
Epoch: 29, global_step=336000
SPS: 918
Epoch: 30, global_step=348000
SPS: 927
Epoch: 31, global_step=360000
SPS: 935
Epoch: 32, global_step=372000
SPS: 942
Epoch: 33, global_step=384000
SPS: 949
Epoch: 34, global_step=396000
SPS: 954
Epoch: 35, global_step=408000
SPS: 960
Epoch: 36, global_step=420000
SPS: 965
Epoch: 37, global_step=432000
SPS: 971
Epoch: 38, global_step=444000
SPS: 977
Epoch: 39, global_step=456000
SPS: 981
Epoch: 40, global_step=468000
SPS: 985
Epoch: 41, global_step=480000
SPS: 990
Epoch: 42, global_step=492000
SPS: 996
Epoch: 43, global_step=504000
SPS: 1001
Epoch: 44, global_step=516000
SPS: 1007
Epoch: 45, global_step=528000
SPS: 1012
Epoch: 46, global_step=540000
SPS: 1017
Epoch: 47, global_step=552000
SPS: 1022
Epoch: 48, global_step=564000
SPS: 1026
Epoch: 49, global_step=576000
Evaluating
Evaluated 11520 steps resulting in 192 episodes
[32mEvaluation Metric: success_once[0m | [36mMean: 0.1354[0m
[32mEvaluation Metric: return[0m | [36mMean: 3.6425[0m
[32mEvaluation Metric: episode_len[0m | [36mMean: 60.0000[0m
[32mEvaluation Metric: reward[0m | [36mMean: 0.0607[0m
[32mEvaluation Metric: success_at_end[0m | [36mMean: 0.0208[0m
model saved to checkpoints/ppo_memtasks/rgb_joints_belief/normalized_dense/RememberShapeAndColor3x3-v0/ppo-mlp-dense-remember-shape-color-3x3-v0-belief__42__rgb_joints_belief__20260104_130331/20260104_130331/ckpt_1_49.pt
SPS: 893
Epoch: 50, global_step=588000
SPS: 899
Epoch: 51, global_step=600000
SPS: 904
Epoch: 52, global_step=612000
SPS: 908
Epoch: 53, global_step=624000
SPS: 912
Epoch: 54, global_step=636000
SPS: 916
Epoch: 55, global_step=648000
SPS: 919
Epoch: 56, global_step=660000
SPS: 923
Epoch: 57, global_step=672000
SPS: 927
Epoch: 58, global_step=684000
SPS: 930
Epoch: 59, global_step=696000
SPS: 934
Epoch: 60, global_step=708000
SPS: 937
Epoch: 61, global_step=720000
SPS: 940
Epoch: 62, global_step=732000
SPS: 943
Epoch: 63, global_step=744000
SPS: 946
Epoch: 64, global_step=756000
SPS: 949
Epoch: 65, global_step=768000
SPS: 952
Epoch: 66, global_step=780000
SPS: 955
Epoch: 67, global_step=792000
SPS: 958
Epoch: 68, global_step=804000
SPS: 960
Epoch: 69, global_step=816000
SPS: 963
Epoch: 70, global_step=828000
SPS: 966
Epoch: 71, global_step=840000
SPS: 970
Epoch: 72, global_step=852000
SPS: 973
Epoch: 73, global_step=864000
SPS: 975
Epoch: 74, global_step=876000
SPS: 977
Epoch: 75, global_step=888000
SPS: 980
Epoch: 76, global_step=900000
SPS: 982
Epoch: 77, global_step=912000
SPS: 984
Epoch: 78, global_step=924000
SPS: 987
Epoch: 79, global_step=936000
SPS: 990
Epoch: 80, global_step=948000
SPS: 992
Epoch: 81, global_step=960000
SPS: 995
Epoch: 82, global_step=972000
SPS: 996
Epoch: 83, global_step=984000
SPS: 999
Epoch: 84, global_step=996000
SPS: 1001
Epoch: 85, global_step=1008000
SPS: 1002
Epoch: 86, global_step=1020000
SPS: 1004
Epoch: 87, global_step=1032000
SPS: 1006
Epoch: 88, global_step=1044000
SPS: 1008
Epoch: 89, global_step=1056000
SPS: 1010
Epoch: 90, global_step=1068000
SPS: 1012
Epoch: 91, global_step=1080000
SPS: 1014
Epoch: 92, global_step=1092000
SPS: 1016
Epoch: 93, global_step=1104000
SPS: 1017
Epoch: 94, global_step=1116000
SPS: 1019
Epoch: 95, global_step=1128000
SPS: 1021
Epoch: 96, global_step=1140000
SPS: 1023
Epoch: 97, global_step=1152000
Evaluating
Evaluated 11520 steps resulting in 192 episodes
[32mEvaluation Metric: success_once[0m | [36mMean: 0.1927[0m
[32mEvaluation Metric: return[0m | [36mMean: 5.4729[0m
[32mEvaluation Metric: episode_len[0m | [36mMean: 60.0000[0m
[32mEvaluation Metric: reward[0m | [36mMean: 0.0912[0m
[32mEvaluation Metric: success_at_end[0m | [36mMean: 0.0781[0m
model saved to checkpoints/ppo_memtasks/rgb_joints_belief/normalized_dense/RememberShapeAndColor3x3-v0/ppo-mlp-dense-remember-shape-color-3x3-v0-belief__42__rgb_joints_belief__20260104_130331/20260104_130331/ckpt_2_97.pt
SPS: 951
Epoch: 98, global_step=1164000
SPS: 953
Epoch: 99, global_step=1176000
SPS: 956
Epoch: 100, global_step=1188000
SPS: 958
Epoch: 101, global_step=1200000
SPS: 959
Epoch: 102, global_step=1212000
SPS: 961
Epoch: 103, global_step=1224000
SPS: 963
Epoch: 104, global_step=1236000
SPS: 965
Epoch: 105, global_step=1248000
SPS: 966
Epoch: 106, global_step=1260000
SPS: 968
Epoch: 107, global_step=1272000
SPS: 970
Epoch: 108, global_step=1284000
SPS: 972
Epoch: 109, global_step=1296000
SPS: 973
Epoch: 110, global_step=1308000
SPS: 975
Epoch: 111, global_step=1320000
SPS: 976
Epoch: 112, global_step=1332000
SPS: 978
Epoch: 113, global_step=1344000
SPS: 979
Epoch: 114, global_step=1356000
SPS: 981
Epoch: 115, global_step=1368000
SPS: 982
Epoch: 116, global_step=1380000
SPS: 984
Epoch: 117, global_step=1392000
SPS: 986
Epoch: 118, global_step=1404000
SPS: 987
Epoch: 119, global_step=1416000
SPS: 988
Epoch: 120, global_step=1428000
SPS: 990
Epoch: 121, global_step=1440000
SPS: 991
Epoch: 122, global_step=1452000
SPS: 992
Epoch: 123, global_step=1464000
SPS: 993
Epoch: 124, global_step=1476000
SPS: 995
Epoch: 125, global_step=1488000
SPS: 996
Epoch: 126, global_step=1500000
SPS: 998
Epoch: 127, global_step=1512000
SPS: 999
Epoch: 128, global_step=1524000
SPS: 1001
Epoch: 129, global_step=1536000
SPS: 1002
Epoch: 130, global_step=1548000
SPS: 1003
Epoch: 131, global_step=1560000
SPS: 1006
Epoch: 132, global_step=1572000
SPS: 1008
Epoch: 133, global_step=1584000
SPS: 1010
Epoch: 134, global_step=1596000
SPS: 1012
Epoch: 135, global_step=1608000
SPS: 1014
Epoch: 136, global_step=1620000
SPS: 1016
Epoch: 137, global_step=1632000
SPS: 1017
Epoch: 138, global_step=1644000
SPS: 1018
Epoch: 139, global_step=1656000
SPS: 1019
Epoch: 140, global_step=1668000
SPS: 1020
Epoch: 141, global_step=1680000
SPS: 1021
Epoch: 142, global_step=1692000
SPS: 1022
Epoch: 143, global_step=1704000
SPS: 1023
Epoch: 144, global_step=1716000
SPS: 1024
Epoch: 145, global_step=1728000
Evaluating
Evaluated 11520 steps resulting in 192 episodes
[32mEvaluation Metric: success_once[0m | [36mMean: 0.2188[0m
[32mEvaluation Metric: return[0m | [36mMean: 6.5462[0m
[32mEvaluation Metric: episode_len[0m | [36mMean: 60.0000[0m
[32mEvaluation Metric: reward[0m | [36mMean: 0.1091[0m
[32mEvaluation Metric: success_at_end[0m | [36mMean: 0.0677[0m
model saved to checkpoints/ppo_memtasks/rgb_joints_belief/normalized_dense/RememberShapeAndColor3x3-v0/ppo-mlp-dense-remember-shape-color-3x3-v0-belief__42__rgb_joints_belief__20260104_130331/20260104_130331/ckpt_3_145.pt
SPS: 974
Epoch: 146, global_step=1740000
SPS: 975
Epoch: 147, global_step=1752000
SPS: 976
Epoch: 148, global_step=1764000
SPS: 978
Epoch: 149, global_step=1776000
SPS: 980
Epoch: 150, global_step=1788000
SPS: 981
Epoch: 151, global_step=1800000
SPS: 983
Epoch: 152, global_step=1812000
SPS: 984
Epoch: 153, global_step=1824000
SPS: 985
Epoch: 154, global_step=1836000
SPS: 987
Epoch: 155, global_step=1848000
SPS: 988
Epoch: 156, global_step=1860000
SPS: 989
Epoch: 157, global_step=1872000
SPS: 990
Epoch: 158, global_step=1884000
SPS: 991
Epoch: 159, global_step=1896000
SPS: 992
Epoch: 160, global_step=1908000
SPS: 993
Epoch: 161, global_step=1920000
SPS: 994
Epoch: 162, global_step=1932000
SPS: 995
Epoch: 163, global_step=1944000
SPS: 996
Epoch: 164, global_step=1956000
SPS: 997
Epoch: 165, global_step=1968000
SPS: 998
Epoch: 166, global_step=1980000
SPS: 999
Epoch: 167, global_step=1992000
SPS: 1000
Epoch: 168, global_step=2004000
SPS: 1001
Epoch: 169, global_step=2016000
SPS: 1002
Epoch: 170, global_step=2028000
SPS: 1003
Epoch: 171, global_step=2040000
SPS: 1004
Epoch: 172, global_step=2052000
SPS: 1005
Epoch: 173, global_step=2064000
SPS: 1006
Epoch: 174, global_step=2076000
SPS: 1007
Epoch: 175, global_step=2088000
SPS: 1008
Epoch: 176, global_step=2100000
SPS: 1009
Epoch: 177, global_step=2112000
SPS: 1010
Epoch: 178, global_step=2124000
SPS: 1011
Epoch: 179, global_step=2136000
SPS: 1012
Epoch: 180, global_step=2148000
SPS: 1013
Epoch: 181, global_step=2160000
SPS: 1014
Epoch: 182, global_step=2172000
SPS: 1015
Epoch: 183, global_step=2184000
SPS: 1016
Epoch: 184, global_step=2196000
SPS: 1018
Epoch: 185, global_step=2208000
SPS: 1019
Epoch: 186, global_step=2220000
SPS: 1020
Epoch: 187, global_step=2232000
SPS: 1021
Epoch: 188, global_step=2244000
SPS: 1022
Epoch: 189, global_step=2256000
SPS: 1024
Epoch: 190, global_step=2268000
SPS: 1025
Epoch: 191, global_step=2280000
SPS: 1026
Epoch: 192, global_step=2292000
SPS: 1027
Epoch: 193, global_step=2304000
Evaluating
Evaluated 11520 steps resulting in 192 episodes
[32mEvaluation Metric: success_once[0m | [36mMean: 0.1667[0m
[32mEvaluation Metric: return[0m | [36mMean: 5.4042[0m
[32mEvaluation Metric: episode_len[0m | [36mMean: 60.0000[0m
[32mEvaluation Metric: reward[0m | [36mMean: 0.0901[0m
[32mEvaluation Metric: success_at_end[0m | [36mMean: 0.0729[0m
model saved to checkpoints/ppo_memtasks/rgb_joints_belief/normalized_dense/RememberShapeAndColor3x3-v0/ppo-mlp-dense-remember-shape-color-3x3-v0-belief__42__rgb_joints_belief__20260104_130331/20260104_130331/ckpt_4_193.pt
SPS: 989
Epoch: 194, global_step=2316000
SPS: 990
Epoch: 195, global_step=2328000
SPS: 991
Epoch: 196, global_step=2340000
SPS: 992
Epoch: 197, global_step=2352000
SPS: 992
Epoch: 198, global_step=2364000
SPS: 993
Epoch: 199, global_step=2376000
SPS: 994
Epoch: 200, global_step=2388000
SPS: 995
Epoch: 201, global_step=2400000
SPS: 995
Epoch: 202, global_step=2412000
SPS: 997
Epoch: 203, global_step=2424000
SPS: 998
Epoch: 204, global_step=2436000
SPS: 999
Epoch: 205, global_step=2448000
SPS: 1000
Epoch: 206, global_step=2460000
SPS: 1001
Epoch: 207, global_step=2472000
SPS: 1001
Epoch: 208, global_step=2484000
SPS: 1002
Epoch: 209, global_step=2496000
SPS: 1003
Epoch: 210, global_step=2508000
SPS: 1004
Epoch: 211, global_step=2520000
SPS: 1005
Epoch: 212, global_step=2532000
SPS: 1006
Epoch: 213, global_step=2544000
SPS: 1006
Epoch: 214, global_step=2556000
SPS: 1007
Epoch: 215, global_step=2568000
SPS: 1008
Epoch: 216, global_step=2580000
SPS: 1008
Epoch: 217, global_step=2592000
SPS: 1009
Epoch: 218, global_step=2604000
SPS: 1010
Epoch: 219, global_step=2616000
SPS: 1011
Epoch: 220, global_step=2628000
SPS: 1011
Epoch: 221, global_step=2640000
SPS: 1012
Epoch: 222, global_step=2652000
SPS: 1013
Epoch: 223, global_step=2664000
SPS: 1014
Epoch: 224, global_step=2676000
SPS: 1015
Epoch: 225, global_step=2688000
SPS: 1016
Epoch: 226, global_step=2700000
SPS: 1018
Epoch: 227, global_step=2712000
SPS: 1019
Epoch: 228, global_step=2724000
SPS: 1020
Epoch: 229, global_step=2736000
SPS: 1022
Epoch: 230, global_step=2748000
SPS: 1023
Epoch: 231, global_step=2760000
SPS: 1024
Epoch: 232, global_step=2772000
SPS: 1025
Epoch: 233, global_step=2784000
SPS: 1025
Epoch: 234, global_step=2796000
SPS: 1026
Epoch: 235, global_step=2808000
SPS: 1026
Epoch: 236, global_step=2820000
SPS: 1027
Epoch: 237, global_step=2832000
SPS: 1028
Epoch: 238, global_step=2844000
SPS: 1028
Epoch: 239, global_step=2856000
SPS: 1029
Epoch: 240, global_step=2868000
SPS: 1029
Epoch: 241, global_step=2880000
Evaluating
Evaluated 11520 steps resulting in 192 episodes
[32mEvaluation Metric: success_once[0m | [36mMean: 0.1615[0m
[32mEvaluation Metric: return[0m | [36mMean: 6.4456[0m
[32mEvaluation Metric: episode_len[0m | [36mMean: 60.0000[0m
[32mEvaluation Metric: reward[0m | [36mMean: 0.1074[0m
[32mEvaluation Metric: success_at_end[0m | [36mMean: 0.0781[0m
model saved to checkpoints/ppo_memtasks/rgb_joints_belief/normalized_dense/RememberShapeAndColor3x3-v0/ppo-mlp-dense-remember-shape-color-3x3-v0-belief__42__rgb_joints_belief__20260104_130331/20260104_130331/ckpt_5_241.pt
SPS: 998
Epoch: 242, global_step=2892000
SPS: 999
Epoch: 243, global_step=2904000
SPS: 1000
Epoch: 244, global_step=2916000
SPS: 1001
Epoch: 245, global_step=2928000
SPS: 1001
Epoch: 246, global_step=2940000
SPS: 1002
Epoch: 247, global_step=2952000
SPS: 1003
Epoch: 248, global_step=2964000
SPS: 1003
Epoch: 249, global_step=2976000
SPS: 1004
Epoch: 250, global_step=2988000
SPS: 1005
Epoch: 251, global_step=3000000
SPS: 1006
Epoch: 252, global_step=3012000
SPS: 1006
Epoch: 253, global_step=3024000
SPS: 1007
Epoch: 254, global_step=3036000
SPS: 1008
Epoch: 255, global_step=3048000
SPS: 1009
Epoch: 256, global_step=3060000
SPS: 1009
Epoch: 257, global_step=3072000
SPS: 1010
Epoch: 258, global_step=3084000
SPS: 1010
Epoch: 259, global_step=3096000
SPS: 1011
Epoch: 260, global_step=3108000
SPS: 1012
Epoch: 261, global_step=3120000
SPS: 1012
Epoch: 262, global_step=3132000
SPS: 1013
Epoch: 263, global_step=3144000
SPS: 1013
Epoch: 264, global_step=3156000
SPS: 1014
Epoch: 265, global_step=3168000
SPS: 1014
Epoch: 266, global_step=3180000
SPS: 1015
Epoch: 267, global_step=3192000
SPS: 1015
Epoch: 268, global_step=3204000
SPS: 1016
Epoch: 269, global_step=3216000
SPS: 1016
Epoch: 270, global_step=3228000
SPS: 1017
Epoch: 271, global_step=3240000
SPS: 1018
Epoch: 272, global_step=3252000
SPS: 1018
Epoch: 273, global_step=3264000
SPS: 1019
Epoch: 274, global_step=3276000
SPS: 1019
Epoch: 275, global_step=3288000
SPS: 1020
Epoch: 276, global_step=3300000
SPS: 1020
Epoch: 277, global_step=3312000
SPS: 1021
Epoch: 278, global_step=3324000
SPS: 1021
Epoch: 279, global_step=3336000
SPS: 1022
Epoch: 280, global_step=3348000
SPS: 1022
Epoch: 281, global_step=3360000
SPS: 1023
Epoch: 282, global_step=3372000
SPS: 1023
Epoch: 283, global_step=3384000
SPS: 1024
Epoch: 284, global_step=3396000
SPS: 1024
Epoch: 285, global_step=3408000
SPS: 1025
Epoch: 286, global_step=3420000
SPS: 1025
Epoch: 287, global_step=3432000
SPS: 1026
Epoch: 288, global_step=3444000
SPS: 1027
Epoch: 289, global_step=3456000
Evaluating
Evaluated 11520 steps resulting in 192 episodes
[32mEvaluation Metric: success_once[0m | [36mMean: 0.1979[0m
[32mEvaluation Metric: return[0m | [36mMean: 7.6711[0m
[32mEvaluation Metric: episode_len[0m | [36mMean: 60.0000[0m
[32mEvaluation Metric: reward[0m | [36mMean: 0.1279[0m
[32mEvaluation Metric: success_at_end[0m | [36mMean: 0.0885[0m
model saved to checkpoints/ppo_memtasks/rgb_joints_belief/normalized_dense/RememberShapeAndColor3x3-v0/ppo-mlp-dense-remember-shape-color-3x3-v0-belief__42__rgb_joints_belief__20260104_130331/20260104_130331/ckpt_6_289.pt
SPS: 1001
Epoch: 290, global_step=3468000
SPS: 1002
Epoch: 291, global_step=3480000
SPS: 1002
Epoch: 292, global_step=3492000
SPS: 1003
Epoch: 293, global_step=3504000
SPS: 1004
Epoch: 294, global_step=3516000
SPS: 1004
Epoch: 295, global_step=3528000
SPS: 1005
Epoch: 296, global_step=3540000
SPS: 1006
Epoch: 297, global_step=3552000
SPS: 1006
Epoch: 298, global_step=3564000
SPS: 1007
Epoch: 299, global_step=3576000
SPS: 1008
Epoch: 300, global_step=3588000
SPS: 1009
Epoch: 301, global_step=3600000
SPS: 1009
Epoch: 302, global_step=3612000
SPS: 1010
Epoch: 303, global_step=3624000
SPS: 1010
Epoch: 304, global_step=3636000
SPS: 1011
Epoch: 305, global_step=3648000
SPS: 1012
Epoch: 306, global_step=3660000
SPS: 1013
Epoch: 307, global_step=3672000
SPS: 1014
Epoch: 308, global_step=3684000
SPS: 1014
Epoch: 309, global_step=3696000
SPS: 1015
Epoch: 310, global_step=3708000
SPS: 1016
Epoch: 311, global_step=3720000
SPS: 1016
Epoch: 312, global_step=3732000
SPS: 1017
Epoch: 313, global_step=3744000
SPS: 1017
Epoch: 314, global_step=3756000
SPS: 1018
Epoch: 315, global_step=3768000
SPS: 1019
Epoch: 316, global_step=3780000
SPS: 1019
Epoch: 317, global_step=3792000
SPS: 1020
Epoch: 318, global_step=3804000
SPS: 1020
Epoch: 319, global_step=3816000
SPS: 1021
Epoch: 320, global_step=3828000
SPS: 1022
Epoch: 321, global_step=3840000
SPS: 1022
Epoch: 322, global_step=3852000
SPS: 1023
Epoch: 323, global_step=3864000
SPS: 1023
Epoch: 324, global_step=3876000
SPS: 1024
Epoch: 325, global_step=3888000
SPS: 1024
Epoch: 326, global_step=3900000
SPS: 1025
Epoch: 327, global_step=3912000
SPS: 1026
Epoch: 328, global_step=3924000
SPS: 1026
Epoch: 329, global_step=3936000
SPS: 1027
Epoch: 330, global_step=3948000
SPS: 1027
Epoch: 331, global_step=3960000
SPS: 1028
Epoch: 332, global_step=3972000
SPS: 1029
Epoch: 333, global_step=3984000
SPS: 1029
Epoch: 334, global_step=3996000
SPS: 1029
Epoch: 335, global_step=4008000
SPS: 1030
Epoch: 336, global_step=4020000
SPS: 1030
Epoch: 337, global_step=4032000
Evaluating
Evaluated 11520 steps resulting in 192 episodes
[32mEvaluation Metric: success_once[0m | [36mMean: 0.2135[0m
[32mEvaluation Metric: return[0m | [36mMean: 10.0815[0m
[32mEvaluation Metric: episode_len[0m | [36mMean: 60.0000[0m
[32mEvaluation Metric: reward[0m | [36mMean: 0.1680[0m
[32mEvaluation Metric: success_at_end[0m | [36mMean: 0.1302[0m
model saved to checkpoints/ppo_memtasks/rgb_joints_belief/normalized_dense/RememberShapeAndColor3x3-v0/ppo-mlp-dense-remember-shape-color-3x3-v0-belief__42__rgb_joints_belief__20260104_130331/20260104_130331/ckpt_7_337.pt
SPS: 1008
Epoch: 338, global_step=4044000
SPS: 1009
Epoch: 339, global_step=4056000
SPS: 1009
Epoch: 340, global_step=4068000
SPS: 1010
Epoch: 341, global_step=4080000
SPS: 1010
Epoch: 342, global_step=4092000
SPS: 1011
Epoch: 343, global_step=4104000
SPS: 1011
Epoch: 344, global_step=4116000
SPS: 1011
Epoch: 345, global_step=4128000
SPS: 1012
Epoch: 346, global_step=4140000
SPS: 1012
Epoch: 347, global_step=4152000
SPS: 1013
Epoch: 348, global_step=4164000
SPS: 1013
Epoch: 349, global_step=4176000
SPS: 1014
Epoch: 350, global_step=4188000
SPS: 1014
Epoch: 351, global_step=4200000
SPS: 1015
Epoch: 352, global_step=4212000
SPS: 1015
Epoch: 353, global_step=4224000
SPS: 1015
Epoch: 354, global_step=4236000
SPS: 1016
Epoch: 355, global_step=4248000
SPS: 1016
Epoch: 356, global_step=4260000
SPS: 1017
Epoch: 357, global_step=4272000
SPS: 1017
Epoch: 358, global_step=4284000
SPS: 1018
Epoch: 359, global_step=4296000
SPS: 1018
Epoch: 360, global_step=4308000
SPS: 1019
Epoch: 361, global_step=4320000
SPS: 1019
Epoch: 362, global_step=4332000
SPS: 1019
Epoch: 363, global_step=4344000
SPS: 1020
Epoch: 364, global_step=4356000
SPS: 1020
Epoch: 365, global_step=4368000
SPS: 1021
Epoch: 366, global_step=4380000
SPS: 1022
Epoch: 367, global_step=4392000
SPS: 1022
Epoch: 368, global_step=4404000
SPS: 1023
Epoch: 369, global_step=4416000
SPS: 1023
Epoch: 370, global_step=4428000
SPS: 1024
Epoch: 371, global_step=4440000
SPS: 1024
Epoch: 372, global_step=4452000
SPS: 1024
Epoch: 373, global_step=4464000
SPS: 1025
Epoch: 374, global_step=4476000
SPS: 1025
Epoch: 375, global_step=4488000
SPS: 1026
Epoch: 376, global_step=4500000
SPS: 1026
Epoch: 377, global_step=4512000
SPS: 1026
Epoch: 378, global_step=4524000
SPS: 1027
Epoch: 379, global_step=4536000
SPS: 1027
Epoch: 380, global_step=4548000
SPS: 1028
Epoch: 381, global_step=4560000
SPS: 1028
Epoch: 382, global_step=4572000
SPS: 1029
Epoch: 383, global_step=4584000
SPS: 1029
Epoch: 384, global_step=4596000
SPS: 1030
Epoch: 385, global_step=4608000
Evaluating
Evaluated 11520 steps resulting in 192 episodes
[32mEvaluation Metric: success_once[0m | [36mMean: 0.2240[0m
[32mEvaluation Metric: return[0m | [36mMean: 11.1906[0m
[32mEvaluation Metric: episode_len[0m | [36mMean: 60.0000[0m
[32mEvaluation Metric: reward[0m | [36mMean: 0.1865[0m
[32mEvaluation Metric: success_at_end[0m | [36mMean: 0.1667[0m
model saved to checkpoints/ppo_memtasks/rgb_joints_belief/normalized_dense/RememberShapeAndColor3x3-v0/ppo-mlp-dense-remember-shape-color-3x3-v0-belief__42__rgb_joints_belief__20260104_130331/20260104_130331/ckpt_8_385.pt
SPS: 1011
Epoch: 386, global_step=4620000
SPS: 1011
Epoch: 387, global_step=4632000
SPS: 1012
Epoch: 388, global_step=4644000
SPS: 1012
Epoch: 389, global_step=4656000
SPS: 1012
Epoch: 390, global_step=4668000
SPS: 1013
Epoch: 391, global_step=4680000
SPS: 1013
Epoch: 392, global_step=4692000
SPS: 1014
Epoch: 393, global_step=4704000
SPS: 1014
Epoch: 394, global_step=4716000
SPS: 1015
Epoch: 395, global_step=4728000
SPS: 1015
Epoch: 396, global_step=4740000
SPS: 1016
Epoch: 397, global_step=4752000
SPS: 1016
Epoch: 398, global_step=4764000
SPS: 1017
Epoch: 399, global_step=4776000
SPS: 1018
Epoch: 400, global_step=4788000
SPS: 1018
Epoch: 401, global_step=4800000
SPS: 1019
Epoch: 402, global_step=4812000
SPS: 1019
Epoch: 403, global_step=4824000
SPS: 1019
Epoch: 404, global_step=4836000
SPS: 1020
Epoch: 405, global_step=4848000
SPS: 1021
Epoch: 406, global_step=4860000
SPS: 1021
Epoch: 407, global_step=4872000
SPS: 1022
Epoch: 408, global_step=4884000
SPS: 1022
Epoch: 409, global_step=4896000
SPS: 1022
Epoch: 410, global_step=4908000
SPS: 1023
Epoch: 411, global_step=4920000
SPS: 1023
Epoch: 412, global_step=4932000
SPS: 1023
Epoch: 413, global_step=4944000
SPS: 1024
Epoch: 414, global_step=4956000
SPS: 1024
Epoch: 415, global_step=4968000
SPS: 1025
Epoch: 416, global_step=4980000
SPS: 1025
Epoch: 417, global_step=4992000
SPS: 1026
Epoch: 418, global_step=5004000
SPS: 1026
Epoch: 419, global_step=5016000
SPS: 1027
Epoch: 420, global_step=5028000
SPS: 1027
Epoch: 421, global_step=5040000
SPS: 1028
Epoch: 422, global_step=5052000
SPS: 1028
Epoch: 423, global_step=5064000
SPS: 1029
Epoch: 424, global_step=5076000
SPS: 1029
Epoch: 425, global_step=5088000
SPS: 1030
Epoch: 426, global_step=5100000
SPS: 1030
Epoch: 427, global_step=5112000
SPS: 1031
Epoch: 428, global_step=5124000
SPS: 1032
Epoch: 429, global_step=5136000
SPS: 1032
Epoch: 430, global_step=5148000
SPS: 1032
Epoch: 431, global_step=5160000
SPS: 1033
Epoch: 432, global_step=5172000
SPS: 1033
Epoch: 433, global_step=5184000
Evaluating
Evaluated 11520 steps resulting in 192 episodes
[32mEvaluation Metric: success_once[0m | [36mMean: 0.2240[0m
[32mEvaluation Metric: return[0m | [36mMean: 11.9421[0m
[32mEvaluation Metric: episode_len[0m | [36mMean: 60.0000[0m
[32mEvaluation Metric: reward[0m | [36mMean: 0.1990[0m
[32mEvaluation Metric: success_at_end[0m | [36mMean: 0.1615[0m
model saved to checkpoints/ppo_memtasks/rgb_joints_belief/normalized_dense/RememberShapeAndColor3x3-v0/ppo-mlp-dense-remember-shape-color-3x3-v0-belief__42__rgb_joints_belief__20260104_130331/20260104_130331/ckpt_9_433.pt
SPS: 1016
Epoch: 434, global_step=5196000
SPS: 1016
Epoch: 435, global_step=5208000
SPS: 1017
Epoch: 436, global_step=5220000
SPS: 1017
Epoch: 437, global_step=5232000
SPS: 1017
Epoch: 438, global_step=5244000
SPS: 1018
Epoch: 439, global_step=5256000
SPS: 1019
Epoch: 440, global_step=5268000
SPS: 1019
Epoch: 441, global_step=5280000
SPS: 1020
Epoch: 442, global_step=5292000
SPS: 1020
Epoch: 443, global_step=5304000
SPS: 1021
Epoch: 444, global_step=5316000
SPS: 1021
Epoch: 445, global_step=5328000
SPS: 1021
Epoch: 446, global_step=5340000
SPS: 1022
Epoch: 447, global_step=5352000
SPS: 1022
Epoch: 448, global_step=5364000
SPS: 1023
Epoch: 449, global_step=5376000
SPS: 1023
Epoch: 450, global_step=5388000
SPS: 1024
Epoch: 451, global_step=5400000
SPS: 1024
Epoch: 452, global_step=5412000
SPS: 1024
Epoch: 453, global_step=5424000
SPS: 1025
Epoch: 454, global_step=5436000
SPS: 1025
Epoch: 455, global_step=5448000
SPS: 1026
Epoch: 456, global_step=5460000
SPS: 1026
Epoch: 457, global_step=5472000
SPS: 1027
Epoch: 458, global_step=5484000
SPS: 1027
Epoch: 459, global_step=5496000
SPS: 1027
Epoch: 460, global_step=5508000
SPS: 1028
Epoch: 461, global_step=5520000
SPS: 1028
Epoch: 462, global_step=5532000
SPS: 1028
Epoch: 463, global_step=5544000
SPS: 1029
Epoch: 464, global_step=5556000
SPS: 1029
Epoch: 465, global_step=5568000
SPS: 1029
Epoch: 466, global_step=5580000
SPS: 1029
Epoch: 467, global_step=5592000
SPS: 1029
Epoch: 468, global_step=5604000
SPS: 1030
Epoch: 469, global_step=5616000
SPS: 1030
Epoch: 470, global_step=5628000
SPS: 1030
Epoch: 471, global_step=5640000
SPS: 1031
Epoch: 472, global_step=5652000
SPS: 1031
Epoch: 473, global_step=5664000
SPS: 1031
Epoch: 474, global_step=5676000
SPS: 1032
Epoch: 475, global_step=5688000
SPS: 1033
Epoch: 476, global_step=5700000
SPS: 1033
Epoch: 477, global_step=5712000
SPS: 1034
Epoch: 478, global_step=5724000
SPS: 1035
Epoch: 479, global_step=5736000
SPS: 1035
Epoch: 480, global_step=5748000
SPS: 1036
Epoch: 481, global_step=5760000
Evaluating
