Enabling podman.socket for user: s4176650
Running RememberShape5-v0 with belief, seed 33

===========================================================================
║                        Environment Configuration                        ║
===========================================================================
║ Environment ID: RememberShape5-v0                                       ║
║ Oracle Info:    None                                                    ║
║ Wrappers:                                                               ║
║    ├─ InitialZeroActionWrapper                                         ║
║    │  └─ {'n_initial_steps': 0}                                           ║
║    ├─ RememberShapeInfoWrapper                                         ║
║    ├─ RenderStepInfoWrapper                                            ║
║    ├─ RenderRewardInfoWrapper                                          ║
║    ├─ DebugRewardWrapper                                               ║
║-------------------------------------------------------------------------║
║ include_state:       False │ state will not be used                ║
║ include_rgb:         True  │ rgb images will be used               ║
║ include_oracle:      False │ oracle info will not be used          ║
║ include_joints:      True  │ joints will be used                   ║
===========================================================================

MODE='rgb_joints_belief'
prompt_info=None
Saving eval videos to checkpoints/ppo_memtasks/rgb_joints_belief/normalized_dense/RememberShape5-v0/ppo-cvae-last5-v6-1-33__33__rgb_joints_belief__20260123_073851/20260123_073851/videos
======================================================================
Max Episode Steps: 60
======================================================================

Loading belief model from /local/s4176650/sphinx/storage_cvae/RememberShape5-v0_cvae_mikasa_last5_v6_1/final_vae_model.pt
Running RememberShape5-v0 with belief, seed 42

===========================================================================
║                        Environment Configuration                        ║
===========================================================================
║ Environment ID: RememberShape5-v0                                       ║
║ Oracle Info:    None                                                    ║
║ Wrappers:                                                               ║
║    ├─ InitialZeroActionWrapper                                         ║
║    │  └─ {'n_initial_steps': 0}                                           ║
║    ├─ RememberShapeInfoWrapper                                         ║
║    ├─ RenderStepInfoWrapper                                            ║
║    ├─ RenderRewardInfoWrapper                                          ║
║    ├─ DebugRewardWrapper                                               ║
║-------------------------------------------------------------------------║
║ include_state:       False │ state will not be used                ║
║ include_rgb:         True  │ rgb images will be used               ║
║ include_oracle:      False │ oracle info will not be used          ║
║ include_joints:      True  │ joints will be used                   ║
===========================================================================

MODE='rgb_joints_belief'
prompt_info=None
Saving eval videos to checkpoints/ppo_memtasks/rgb_joints_belief/normalized_dense/RememberShape5-v0/ppo-cvae-last5-v6-1-42__42__rgb_joints_belief__20260123_073903/20260123_073903/videos
======================================================================
Max Episode Steps: 60
======================================================================

Loading belief model from /local/s4176650/sphinx/storage_cvae/RememberShape5-v0_cvae_mikasa_last5_v6_1/final_vae_model.pt
Running RememberShape5-v0 with belief, seed 99

===========================================================================
║                        Environment Configuration                        ║
===========================================================================
║ Environment ID: RememberShape5-v0                                       ║
║ Oracle Info:    None                                                    ║
║ Wrappers:                                                               ║
║    ├─ InitialZeroActionWrapper                                         ║
║    │  └─ {'n_initial_steps': 0}                                           ║
║    ├─ RememberShapeInfoWrapper                                         ║
║    ├─ RenderStepInfoWrapper                                            ║
║    ├─ RenderRewardInfoWrapper                                          ║
║    ├─ DebugRewardWrapper                                               ║
║-------------------------------------------------------------------------║
║ include_state:       False │ state will not be used                ║
║ include_rgb:         True  │ rgb images will be used               ║
║ include_oracle:      False │ oracle info will not be used          ║
║ include_joints:      True  │ joints will be used                   ║
===========================================================================

MODE='rgb_joints_belief'
prompt_info=None
Saving eval videos to checkpoints/ppo_memtasks/rgb_joints_belief/normalized_dense/RememberShape5-v0/ppo-cvae-last5-v6-1-99__99__rgb_joints_belief__20260123_073916/20260123_073916/videos
======================================================================
Max Episode Steps: 60
======================================================================

Loading belief model from /local/s4176650/sphinx/storage_cvae/RememberShape5-v0_cvae_mikasa_last5_v6_1/final_vae_model.pt
Running RememberShape5-v0 with belief, seed 100

===========================================================================
║                        Environment Configuration                        ║
===========================================================================
║ Environment ID: RememberShape5-v0                                       ║
║ Oracle Info:    None                                                    ║
║ Wrappers:                                                               ║
║    ├─ InitialZeroActionWrapper                                         ║
║    │  └─ {'n_initial_steps': 0}                                           ║
║    ├─ RememberShapeInfoWrapper                                         ║
║    ├─ RenderStepInfoWrapper                                            ║
║    ├─ RenderRewardInfoWrapper                                          ║
║    ├─ DebugRewardWrapper                                               ║
║-------------------------------------------------------------------------║
║ include_state:       False │ state will not be used                ║
║ include_rgb:         True  │ rgb images will be used               ║
║ include_oracle:      False │ oracle info will not be used          ║
║ include_joints:      True  │ joints will be used                   ║
===========================================================================

MODE='rgb_joints_belief'
prompt_info=None
Saving eval videos to checkpoints/ppo_memtasks/rgb_joints_belief/normalized_dense/RememberShape5-v0/ppo-cvae-last5-v6-1-100__100__rgb_joints_belief__20260123_073929/20260123_073929/videos
======================================================================
Max Episode Steps: 60
======================================================================

Loading belief model from /local/s4176650/sphinx/storage_cvae/RememberShape5-v0_cvae_mikasa_last5_v6_1/final_vae_model.pt
Running RememberShape5-v0 with belief, seed 123

===========================================================================
║                        Environment Configuration                        ║
===========================================================================
║ Environment ID: RememberShape5-v0                                       ║
║ Oracle Info:    None                                                    ║
║ Wrappers:                                                               ║
║    ├─ InitialZeroActionWrapper                                         ║
║    │  └─ {'n_initial_steps': 0}                                           ║
║    ├─ RememberShapeInfoWrapper                                         ║
║    ├─ RenderStepInfoWrapper                                            ║
║    ├─ RenderRewardInfoWrapper                                          ║
║    ├─ DebugRewardWrapper                                               ║
║-------------------------------------------------------------------------║
║ include_state:       False │ state will not be used                ║
║ include_rgb:         True  │ rgb images will be used               ║
║ include_oracle:      False │ oracle info will not be used          ║
║ include_joints:      True  │ joints will be used                   ║
===========================================================================

MODE='rgb_joints_belief'
prompt_info=None
Saving eval videos to checkpoints/ppo_memtasks/rgb_joints_belief/normalized_dense/RememberShape5-v0/ppo-cvae-last5-v6-1-123__123__rgb_joints_belief__20260123_073942/20260123_073942/videos
======================================================================
Max Episode Steps: 60
======================================================================

Loading belief model from /local/s4176650/sphinx/storage_cvae/RememberShape5-v0_cvae_mikasa_last5_v6_1/final_vae_model.pt
