/home/s4176650/.conda/envs/mikasa/lib/python3.11/site-packages/torch/cuda/__init__.py:54: FutureWarning: The pynvml package is deprecated. Please install nvidia-ml-py instead. If you did not install pynvml directly, please report this to the maintainers of the package that installed pynvml for you.
  import pynvml  # type: ignore[import]
/home/s4176650/.conda/envs/mikasa/lib/python3.11/site-packages/sapien/_vulkan_tricks.py:37: UserWarning: Failed to find Vulkan ICD file. This is probably due to an incorrect or partial installation of the NVIDIA driver. SAPIEN will attempt to provide an ICD file anyway but it may not work.
  warn(
wandb: Using wandb-core as the SDK backend. Please refer to https://wandb.me/wandb-core for more information.
wandb: ERROR api_key not configured (no-tty). call wandb.login(key=[your_api_key])
Traceback (most recent call last):
  File "/local/s4176650/MIKASA-Robo/baselines/ppo/ppo_memtasks.py", line 770, in <module>
    wandb.init(
  File "/home/s4176650/.conda/envs/mikasa/lib/python3.11/site-packages/wandb/sdk/wandb_init.py", line 1270, in init
    wandb._sentry.reraise(e)
  File "/home/s4176650/.conda/envs/mikasa/lib/python3.11/site-packages/wandb/analytics/sentry.py", line 161, in reraise
    raise exc.with_traceback(sys.exc_info()[2])
  File "/home/s4176650/.conda/envs/mikasa/lib/python3.11/site-packages/wandb/sdk/wandb_init.py", line 1255, in init
    wi.setup(kwargs)
  File "/home/s4176650/.conda/envs/mikasa/lib/python3.11/site-packages/wandb/sdk/wandb_init.py", line 305, in setup
    wandb_login._login(
  File "/home/s4176650/.conda/envs/mikasa/lib/python3.11/site-packages/wandb/sdk/wandb_login.py", line 347, in _login
    wlogin.prompt_api_key()
  File "/home/s4176650/.conda/envs/mikasa/lib/python3.11/site-packages/wandb/sdk/wandb_login.py", line 281, in prompt_api_key
    raise UsageError("api_key not configured (no-tty). call " + directive)
wandb.errors.errors.UsageError: api_key not configured (no-tty). call wandb.login(key=[your_api_key])
Exception ignored in: <function VectorEnv.__del__ at 0x7fdc17354360>
Traceback (most recent call last):
  File "/home/s4176650/.conda/envs/mikasa/lib/python3.11/site-packages/gymnasium/vector/vector_env.py", line 330, in __del__
  File "/home/s4176650/.conda/envs/mikasa/lib/python3.11/site-packages/mani_skill/vector/wrappers/gymnasium.py", line 159, in close
  File "/home/s4176650/.conda/envs/mikasa/lib/python3.11/site-packages/mani_skill/utils/wrappers/record.py", line 825, in close
  File "/home/s4176650/.conda/envs/mikasa/lib/python3.11/site-packages/gymnasium/core.py", line 475, in close
  File "/home/s4176650/.conda/envs/mikasa/lib/python3.11/site-packages/gymnasium/core.py", line 475, in close
  File "/home/s4176650/.conda/envs/mikasa/lib/python3.11/site-packages/gymnasium/core.py", line 475, in close
  [Previous line repeated 7 more times]
  File "/home/s4176650/.conda/envs/mikasa/lib/python3.11/site-packages/mani_skill/envs/sapien_env.py", line 1133, in close
  File "/home/s4176650/.conda/envs/mikasa/lib/python3.11/site-packages/mani_skill/envs/sapien_env.py", line 1130, in _clear
TypeError: 'NoneType' object is not callable
Exception ignored in: <function VectorEnv.__del__ at 0x7fdc17354360>
Traceback (most recent call last):
  File "/home/s4176650/.conda/envs/mikasa/lib/python3.11/site-packages/gymnasium/vector/vector_env.py", line 330, in __del__
  File "/home/s4176650/.conda/envs/mikasa/lib/python3.11/site-packages/mani_skill/vector/wrappers/gymnasium.py", line 159, in close
  File "/home/s4176650/.conda/envs/mikasa/lib/python3.11/site-packages/gymnasium/core.py", line 475, in close
  File "/home/s4176650/.conda/envs/mikasa/lib/python3.11/site-packages/gymnasium/core.py", line 475, in close
  File "/home/s4176650/.conda/envs/mikasa/lib/python3.11/site-packages/gymnasium/core.py", line 475, in close
  [Previous line repeated 6 more times]
  File "/home/s4176650/.conda/envs/mikasa/lib/python3.11/site-packages/mani_skill/envs/sapien_env.py", line 1133, in close
  File "/home/s4176650/.conda/envs/mikasa/lib/python3.11/site-packages/mani_skill/envs/sapien_env.py", line 1130, in _clear
TypeError: 'NoneType' object is not callable
/home/s4176650/.conda/envs/mikasa/lib/python3.11/site-packages/torch/cuda/__init__.py:54: FutureWarning: The pynvml package is deprecated. Please install nvidia-ml-py instead. If you did not install pynvml directly, please report this to the maintainers of the package that installed pynvml for you.
  import pynvml  # type: ignore[import]
/home/s4176650/.conda/envs/mikasa/lib/python3.11/site-packages/sapien/_vulkan_tricks.py:37: UserWarning: Failed to find Vulkan ICD file. This is probably due to an incorrect or partial installation of the NVIDIA driver. SAPIEN will attempt to provide an ICD file anyway but it may not work.
  warn(
wandb: Using wandb-core as the SDK backend. Please refer to https://wandb.me/wandb-core for more information.
wandb: ERROR api_key not configured (no-tty). call wandb.login(key=[your_api_key])
Traceback (most recent call last):
  File "/local/s4176650/MIKASA-Robo/baselines/ppo/ppo_memtasks.py", line 770, in <module>
    wandb.init(
  File "/home/s4176650/.conda/envs/mikasa/lib/python3.11/site-packages/wandb/sdk/wandb_init.py", line 1270, in init
    wandb._sentry.reraise(e)
  File "/home/s4176650/.conda/envs/mikasa/lib/python3.11/site-packages/wandb/analytics/sentry.py", line 161, in reraise
    raise exc.with_traceback(sys.exc_info()[2])
  File "/home/s4176650/.conda/envs/mikasa/lib/python3.11/site-packages/wandb/sdk/wandb_init.py", line 1255, in init
    wi.setup(kwargs)
  File "/home/s4176650/.conda/envs/mikasa/lib/python3.11/site-packages/wandb/sdk/wandb_init.py", line 305, in setup
    wandb_login._login(
  File "/home/s4176650/.conda/envs/mikasa/lib/python3.11/site-packages/wandb/sdk/wandb_login.py", line 347, in _login
    wlogin.prompt_api_key()
  File "/home/s4176650/.conda/envs/mikasa/lib/python3.11/site-packages/wandb/sdk/wandb_login.py", line 281, in prompt_api_key
    raise UsageError("api_key not configured (no-tty). call " + directive)
wandb.errors.errors.UsageError: api_key not configured (no-tty). call wandb.login(key=[your_api_key])
Exception ignored in: <function VectorEnv.__del__ at 0x7f5d16c5c360>
Traceback (most recent call last):
  File "/home/s4176650/.conda/envs/mikasa/lib/python3.11/site-packages/gymnasium/vector/vector_env.py", line 330, in __del__
  File "/home/s4176650/.conda/envs/mikasa/lib/python3.11/site-packages/mani_skill/vector/wrappers/gymnasium.py", line 159, in close
  File "/home/s4176650/.conda/envs/mikasa/lib/python3.11/site-packages/mani_skill/utils/wrappers/record.py", line 825, in close
  File "/home/s4176650/.conda/envs/mikasa/lib/python3.11/site-packages/gymnasium/core.py", line 475, in close
  File "/home/s4176650/.conda/envs/mikasa/lib/python3.11/site-packages/gymnasium/core.py", line 475, in close
  File "/home/s4176650/.conda/envs/mikasa/lib/python3.11/site-packages/gymnasium/core.py", line 475, in close
  [Previous line repeated 7 more times]
  File "/home/s4176650/.conda/envs/mikasa/lib/python3.11/site-packages/mani_skill/envs/sapien_env.py", line 1133, in close
  File "/home/s4176650/.conda/envs/mikasa/lib/python3.11/site-packages/mani_skill/envs/sapien_env.py", line 1130, in _clear
TypeError: 'NoneType' object is not callable
Exception ignored in: <function VectorEnv.__del__ at 0x7f5d16c5c360>
Traceback (most recent call last):
  File "/home/s4176650/.conda/envs/mikasa/lib/python3.11/site-packages/gymnasium/vector/vector_env.py", line 330, in __del__
  File "/home/s4176650/.conda/envs/mikasa/lib/python3.11/site-packages/mani_skill/vector/wrappers/gymnasium.py", line 159, in close
  File "/home/s4176650/.conda/envs/mikasa/lib/python3.11/site-packages/gymnasium/core.py", line 475, in close
  File "/home/s4176650/.conda/envs/mikasa/lib/python3.11/site-packages/gymnasium/core.py", line 475, in close
  File "/home/s4176650/.conda/envs/mikasa/lib/python3.11/site-packages/gymnasium/core.py", line 475, in close
  [Previous line repeated 6 more times]
  File "/home/s4176650/.conda/envs/mikasa/lib/python3.11/site-packages/mani_skill/envs/sapien_env.py", line 1133, in close
  File "/home/s4176650/.conda/envs/mikasa/lib/python3.11/site-packages/mani_skill/envs/sapien_env.py", line 1130, in _clear
TypeError: 'NoneType' object is not callable
/home/s4176650/.conda/envs/mikasa/lib/python3.11/site-packages/torch/cuda/__init__.py:54: FutureWarning: The pynvml package is deprecated. Please install nvidia-ml-py instead. If you did not install pynvml directly, please report this to the maintainers of the package that installed pynvml for you.
  import pynvml  # type: ignore[import]
/home/s4176650/.conda/envs/mikasa/lib/python3.11/site-packages/sapien/_vulkan_tricks.py:37: UserWarning: Failed to find Vulkan ICD file. This is probably due to an incorrect or partial installation of the NVIDIA driver. SAPIEN will attempt to provide an ICD file anyway but it may not work.
  warn(
Training:   0%|          | 0/1128 [00:00<?, ?it/s]Training:   0%|          | 1/1128 [00:24<7:39:27, 24.46s/it]Training:   0%|          | 2/1128 [00:26<3:35:38, 11.49s/it]Training:   0%|          | 3/1128 [00:29<2:18:37,  7.39s/it]Training:   0%|          | 4/1128 [00:31<1:43:03,  5.50s/it]Training:   0%|          | 5/1128 [00:34<1:25:46,  4.58s/it][2025-10-25T23:07:37.355] error: *** JOB 2821 ON netherite CANCELLED AT 2025-10-25T23:07:37 DUE to SIGNAL Terminated ***
