Enabling podman.socket for user: s4176650
Running Intercept-Medium (BELIEF), seed 33

===========================================================================
║                        Environment Configuration                        ║
===========================================================================
║ Environment ID: InterceptFast-v0                                        ║
║ Oracle Info:    None                                                    ║
║ Wrappers:                                                               ║
║    ├─ InitialZeroActionWrapper                                         ║
║    │  └─ {'n_initial_steps': 0}                                           ║
║    ├─ RenderStepInfoWrapper                                            ║
║    ├─ RenderRewardInfoWrapper                                          ║
║    ├─ DebugRewardWrapper                                               ║
║-------------------------------------------------------------------------║
║ include_state:       False │ state will not be used                ║
║ include_rgb:         True  │ rgb images will be used               ║
║ include_oracle:      False │ oracle info will not be used          ║
║ include_joints:      True  │ joints will be used                   ║
===========================================================================

MODE='rgb_joints_belief'
prompt_info=None
Saving eval videos to checkpoints/ppo_memtasks/rgb_joints_belief/normalized_dense/InterceptFast-v0/ppo-cvae-v2-interceptfast-33__33__rgb_joints_belief__20260127_213816/20260127_213816/videos
======================================================================
Max Episode Steps: 90
======================================================================

Loading belief model from /local/s4176650/sphinx/storage_cvae/InterceptFast-v0_cvae_mikasa_last5_v6_1/final_vae_model.pt
  phi_dim=16, latent_dim=32
Belief model loaded successfully. Memory size: 768
Running training

####
args.num_iterations=434 args.num_envs=256 args.num_eval_envs=16
args.minibatch_size=720 args.batch_size=23040 args.update_epochs=2
####

sample_obs.keys()=dict_keys(['joints', 'rgb'])
joints: torch.Size([256, 25])
rgb: torch.Size([256, 128, 128, 3])


Epoch: 1, global_step=0
Evaluating
Evaluated 17280 steps resulting in 192 episodes
[32mEvaluation Metric: success_once[0m | [36mMean: 0.0000[0m
[32mEvaluation Metric: return[0m | [36mMean: 0.7381[0m
[32mEvaluation Metric: episode_len[0m | [36mMean: 90.0000[0m
[32mEvaluation Metric: reward[0m | [36mMean: 0.0082[0m
[32mEvaluation Metric: success_at_end[0m | [36mMean: 0.0000[0m
model saved to checkpoints/ppo_memtasks/rgb_joints_belief/normalized_dense/InterceptFast-v0/ppo-cvae-v2-interceptfast-33__33__rgb_joints_belief__20260127_213816/20260127_213816/ckpt_0_1.pt
SPS: 184
Epoch: 2, global_step=23040
SPS: 341
Epoch: 3, global_step=46080
SPS: 476
Epoch: 4, global_step=69120
SPS: 594
Epoch: 5, global_step=92160
SPS: 696
Epoch: 6, global_step=115200
SPS: 785
Epoch: 7, global_step=138240
SPS: 861
Epoch: 8, global_step=161280
SPS: 929
Epoch: 9, global_step=184320
SPS: 991
Epoch: 10, global_step=207360
SPS: 1046
Epoch: 11, global_step=230400
SPS: 1096
Epoch: 12, global_step=253440
SPS: 1141
Epoch: 13, global_step=276480
SPS: 1183
Epoch: 14, global_step=299520
SPS: 1220
Epoch: 15, global_step=322560
SPS: 1255
Epoch: 16, global_step=345600
SPS: 1287
Epoch: 17, global_step=368640
SPS: 1316
Epoch: 18, global_step=391680
SPS: 1342
Epoch: 19, global_step=414720
SPS: 1368
Epoch: 20, global_step=437760
SPS: 1392
Epoch: 21, global_step=460800
SPS: 1413
Epoch: 22, global_step=483840
SPS: 1433
Epoch: 23, global_step=506880
SPS: 1453
Epoch: 24, global_step=529920
SPS: 1472
Epoch: 25, global_step=552960
SPS: 1489
Epoch: 26, global_step=576000
Evaluating
Evaluated 17280 steps resulting in 192 episodes
[32mEvaluation Metric: success_once[0m | [36mMean: 0.0312[0m
[32mEvaluation Metric: return[0m | [36mMean: 4.3640[0m
[32mEvaluation Metric: episode_len[0m | [36mMean: 90.0000[0m
[32mEvaluation Metric: reward[0m | [36mMean: 0.0485[0m
[32mEvaluation Metric: success_at_end[0m | [36mMean: 0.0104[0m
model saved to checkpoints/ppo_memtasks/rgb_joints_belief/normalized_dense/InterceptFast-v0/ppo-cvae-v2-interceptfast-33__33__rgb_joints_belief__20260127_213816/20260127_213816/ckpt_1_26.pt
SPS: 1215
Epoch: 27, global_step=599040
SPS: 1234
Epoch: 28, global_step=622080
SPS: 1251
Epoch: 29, global_step=645120
SPS: 1268
Epoch: 30, global_step=668160
SPS: 1285
Epoch: 31, global_step=691200
SPS: 1301
Epoch: 32, global_step=714240
SPS: 1316
Epoch: 33, global_step=737280
SPS: 1331
Epoch: 34, global_step=760320
SPS: 1346
Epoch: 35, global_step=783360
SPS: 1359
Epoch: 36, global_step=806400
SPS: 1372
Epoch: 37, global_step=829440
SPS: 1385
Epoch: 38, global_step=852480
SPS: 1397
Epoch: 39, global_step=875520
SPS: 1409
Epoch: 40, global_step=898560
SPS: 1420
Epoch: 41, global_step=921600
SPS: 1431
Epoch: 42, global_step=944640
SPS: 1442
Epoch: 43, global_step=967680
SPS: 1452
Epoch: 44, global_step=990720
SPS: 1462
Epoch: 45, global_step=1013760
SPS: 1472
Epoch: 46, global_step=1036800
SPS: 1482
Epoch: 47, global_step=1059840
SPS: 1490
Epoch: 48, global_step=1082880
SPS: 1499
Epoch: 49, global_step=1105920
SPS: 1507
Epoch: 50, global_step=1128960
SPS: 1515
Epoch: 51, global_step=1152000
Evaluating
Evaluated 17280 steps resulting in 192 episodes
[32mEvaluation Metric: success_once[0m | [36mMean: 0.3125[0m
[32mEvaluation Metric: return[0m | [36mMean: 10.7170[0m
[32mEvaluation Metric: episode_len[0m | [36mMean: 90.0000[0m
[32mEvaluation Metric: reward[0m | [36mMean: 0.1191[0m
[32mEvaluation Metric: success_at_end[0m | [36mMean: 0.0260[0m
model saved to checkpoints/ppo_memtasks/rgb_joints_belief/normalized_dense/InterceptFast-v0/ppo-cvae-v2-interceptfast-33__33__rgb_joints_belief__20260127_213816/20260127_213816/ckpt_2_51.pt
SPS: 1348
Epoch: 52, global_step=1175040
SPS: 1357
Epoch: 53, global_step=1198080
SPS: 1365
Epoch: 54, global_step=1221120
SPS: 1374
Epoch: 55, global_step=1244160
SPS: 1383
Epoch: 56, global_step=1267200
SPS: 1391
Epoch: 57, global_step=1290240
SPS: 1399
Epoch: 58, global_step=1313280
SPS: 1407
Epoch: 59, global_step=1336320
SPS: 1415
Epoch: 60, global_step=1359360
SPS: 1422
Epoch: 61, global_step=1382400
SPS: 1430
Epoch: 62, global_step=1405440
SPS: 1437
Epoch: 63, global_step=1428480
SPS: 1443
Epoch: 64, global_step=1451520
SPS: 1450
Epoch: 65, global_step=1474560
SPS: 1457
Epoch: 66, global_step=1497600
SPS: 1463
Epoch: 67, global_step=1520640
SPS: 1469
Epoch: 68, global_step=1543680
SPS: 1476
Epoch: 69, global_step=1566720
SPS: 1482
Epoch: 70, global_step=1589760
SPS: 1488
Epoch: 71, global_step=1612800
SPS: 1495
Epoch: 72, global_step=1635840
SPS: 1500
Epoch: 73, global_step=1658880
SPS: 1506
Epoch: 74, global_step=1681920
SPS: 1512
Epoch: 75, global_step=1704960
SPS: 1517
Epoch: 76, global_step=1728000
Evaluating
Evaluated 17280 steps resulting in 192 episodes
[32mEvaluation Metric: success_once[0m | [36mMean: 0.5990[0m
[32mEvaluation Metric: return[0m | [36mMean: 17.4967[0m
[32mEvaluation Metric: episode_len[0m | [36mMean: 90.0000[0m
[32mEvaluation Metric: reward[0m | [36mMean: 0.1944[0m
[32mEvaluation Metric: success_at_end[0m | [36mMean: 0.1198[0m
model saved to checkpoints/ppo_memtasks/rgb_joints_belief/normalized_dense/InterceptFast-v0/ppo-cvae-v2-interceptfast-33__33__rgb_joints_belief__20260127_213816/20260127_213816/ckpt_3_76.pt
SPS: 1407
Epoch: 77, global_step=1751040
SPS: 1413
Epoch: 78, global_step=1774080
SPS: 1419
Epoch: 79, global_step=1797120
SPS: 1425
Epoch: 80, global_step=1820160
SPS: 1430
Epoch: 81, global_step=1843200
SPS: 1436
Epoch: 82, global_step=1866240
SPS: 1441
Epoch: 83, global_step=1889280
SPS: 1446
Epoch: 84, global_step=1912320
SPS: 1451
Epoch: 85, global_step=1935360
SPS: 1457
Epoch: 86, global_step=1958400
SPS: 1462
Epoch: 87, global_step=1981440
SPS: 1467
Epoch: 88, global_step=2004480
SPS: 1472
Epoch: 89, global_step=2027520
SPS: 1477
Epoch: 90, global_step=2050560
SPS: 1481
Epoch: 91, global_step=2073600
SPS: 1486
Epoch: 92, global_step=2096640
SPS: 1491
Epoch: 93, global_step=2119680
SPS: 1496
Epoch: 94, global_step=2142720
SPS: 1500
Epoch: 95, global_step=2165760
SPS: 1505
Epoch: 96, global_step=2188800
SPS: 1509
Epoch: 97, global_step=2211840
SPS: 1513
Epoch: 98, global_step=2234880
SPS: 1518
Epoch: 99, global_step=2257920
SPS: 1522
Epoch: 100, global_step=2280960
SPS: 1526
Epoch: 101, global_step=2304000
Evaluating
Evaluated 17280 steps resulting in 192 episodes
[32mEvaluation Metric: success_once[0m | [36mMean: 0.6094[0m
[32mEvaluation Metric: return[0m | [36mMean: 15.5867[0m
[32mEvaluation Metric: episode_len[0m | [36mMean: 90.0000[0m
[32mEvaluation Metric: reward[0m | [36mMean: 0.1732[0m
[32mEvaluation Metric: success_at_end[0m | [36mMean: 0.1146[0m
model saved to checkpoints/ppo_memtasks/rgb_joints_belief/normalized_dense/InterceptFast-v0/ppo-cvae-v2-interceptfast-33__33__rgb_joints_belief__20260127_213816/20260127_213816/ckpt_4_101.pt
SPS: 1440
Epoch: 102, global_step=2327040
SPS: 1445
Epoch: 103, global_step=2350080
SPS: 1449
Epoch: 104, global_step=2373120
SPS: 1453
Epoch: 105, global_step=2396160
SPS: 1457
Epoch: 106, global_step=2419200
SPS: 1461
Epoch: 107, global_step=2442240
SPS: 1465
Epoch: 108, global_step=2465280
SPS: 1470
Epoch: 109, global_step=2488320
SPS: 1474
Epoch: 110, global_step=2511360
SPS: 1478
Epoch: 111, global_step=2534400
SPS: 1481
Epoch: 112, global_step=2557440
SPS: 1485
Epoch: 113, global_step=2580480
SPS: 1489
Epoch: 114, global_step=2603520
SPS: 1493
Epoch: 115, global_step=2626560
SPS: 1496
Epoch: 116, global_step=2649600
SPS: 1500
Epoch: 117, global_step=2672640
SPS: 1503
Epoch: 118, global_step=2695680
SPS: 1507
Epoch: 119, global_step=2718720
SPS: 1510
Epoch: 120, global_step=2741760
SPS: 1514
Epoch: 121, global_step=2764800
SPS: 1517
Epoch: 122, global_step=2787840
SPS: 1520
Epoch: 123, global_step=2810880
SPS: 1523
Epoch: 124, global_step=2833920
SPS: 1527
Epoch: 125, global_step=2856960
SPS: 1530
Epoch: 126, global_step=2880000
Evaluating
Evaluated 17280 steps resulting in 192 episodes
[32mEvaluation Metric: success_once[0m | [36mMean: 0.6042[0m
[32mEvaluation Metric: return[0m | [36mMean: 14.6756[0m
[32mEvaluation Metric: episode_len[0m | [36mMean: 90.0000[0m
[32mEvaluation Metric: reward[0m | [36mMean: 0.1631[0m
[32mEvaluation Metric: success_at_end[0m | [36mMean: 0.0885[0m
model saved to checkpoints/ppo_memtasks/rgb_joints_belief/normalized_dense/InterceptFast-v0/ppo-cvae-v2-interceptfast-33__33__rgb_joints_belief__20260127_213816/20260127_213816/ckpt_5_126.pt
SPS: 1458
Epoch: 127, global_step=2903040
SPS: 1462
Epoch: 128, global_step=2926080
SPS: 1465
Epoch: 129, global_step=2949120
SPS: 1469
Epoch: 130, global_step=2972160
SPS: 1472
Epoch: 131, global_step=2995200
SPS: 1475
Epoch: 132, global_step=3018240
SPS: 1478
Epoch: 133, global_step=3041280
SPS: 1482
Epoch: 134, global_step=3064320
SPS: 1485
Epoch: 135, global_step=3087360
SPS: 1488
Epoch: 136, global_step=3110400
SPS: 1491
Epoch: 137, global_step=3133440
SPS: 1494
Epoch: 138, global_step=3156480
SPS: 1497
Epoch: 139, global_step=3179520
SPS: 1500
Epoch: 140, global_step=3202560
SPS: 1503
Epoch: 141, global_step=3225600
SPS: 1506
Epoch: 142, global_step=3248640
SPS: 1509
Epoch: 143, global_step=3271680
SPS: 1511
Epoch: 144, global_step=3294720
SPS: 1514
Epoch: 145, global_step=3317760
SPS: 1517
Epoch: 146, global_step=3340800
SPS: 1520
Epoch: 147, global_step=3363840
SPS: 1523
Epoch: 148, global_step=3386880
SPS: 1525
Epoch: 149, global_step=3409920
SPS: 1528
Epoch: 150, global_step=3432960
SPS: 1531
Epoch: 151, global_step=3456000
Evaluating
Evaluated 17280 steps resulting in 192 episodes
[32mEvaluation Metric: success_once[0m | [36mMean: 0.4948[0m
[32mEvaluation Metric: return[0m | [36mMean: 13.0037[0m
[32mEvaluation Metric: episode_len[0m | [36mMean: 90.0000[0m
[32mEvaluation Metric: reward[0m | [36mMean: 0.1445[0m
[32mEvaluation Metric: success_at_end[0m | [36mMean: 0.0677[0m
model saved to checkpoints/ppo_memtasks/rgb_joints_belief/normalized_dense/InterceptFast-v0/ppo-cvae-v2-interceptfast-33__33__rgb_joints_belief__20260127_213816/20260127_213816/ckpt_6_151.pt
SPS: 1470
Epoch: 152, global_step=3479040
SPS: 1473
Epoch: 153, global_step=3502080
SPS: 1476
Epoch: 154, global_step=3525120
SPS: 1478
Epoch: 155, global_step=3548160
SPS: 1481
Epoch: 156, global_step=3571200
SPS: 1484
Epoch: 157, global_step=3594240
SPS: 1486
Epoch: 158, global_step=3617280
SPS: 1489
Epoch: 159, global_step=3640320
SPS: 1492
Epoch: 160, global_step=3663360
SPS: 1494
Epoch: 161, global_step=3686400
SPS: 1497
Epoch: 162, global_step=3709440
SPS: 1499
Epoch: 163, global_step=3732480
SPS: 1502
Epoch: 164, global_step=3755520
SPS: 1504
Epoch: 165, global_step=3778560
SPS: 1506
Epoch: 166, global_step=3801600
SPS: 1509
Epoch: 167, global_step=3824640
SPS: 1511
Epoch: 168, global_step=3847680
SPS: 1514
Epoch: 169, global_step=3870720
SPS: 1516
Epoch: 170, global_step=3893760
SPS: 1518
Epoch: 171, global_step=3916800
SPS: 1520
Epoch: 172, global_step=3939840
SPS: 1523
Epoch: 173, global_step=3962880
SPS: 1525
Epoch: 174, global_step=3985920
SPS: 1527
Epoch: 175, global_step=4008960
SPS: 1529
Epoch: 176, global_step=4032000
Evaluating
Evaluated 17280 steps resulting in 192 episodes
[32mEvaluation Metric: success_once[0m | [36mMean: 0.5781[0m
[32mEvaluation Metric: return[0m | [36mMean: 14.0936[0m
[32mEvaluation Metric: episode_len[0m | [36mMean: 90.0000[0m
[32mEvaluation Metric: reward[0m | [36mMean: 0.1566[0m
[32mEvaluation Metric: success_at_end[0m | [36mMean: 0.1094[0m
model saved to checkpoints/ppo_memtasks/rgb_joints_belief/normalized_dense/InterceptFast-v0/ppo-cvae-v2-interceptfast-33__33__rgb_joints_belief__20260127_213816/20260127_213816/ckpt_7_176.pt
SPS: 1478
Epoch: 177, global_step=4055040
SPS: 1480
Epoch: 178, global_step=4078080
SPS: 1482
Epoch: 179, global_step=4101120
SPS: 1484
Epoch: 180, global_step=4124160
SPS: 1487
Epoch: 181, global_step=4147200
SPS: 1489
Epoch: 182, global_step=4170240
SPS: 1491
Epoch: 183, global_step=4193280
SPS: 1493
Epoch: 184, global_step=4216320
SPS: 1495
Epoch: 185, global_step=4239360
SPS: 1497
Epoch: 186, global_step=4262400
SPS: 1499
Epoch: 187, global_step=4285440
SPS: 1501
Epoch: 188, global_step=4308480
SPS: 1503
Epoch: 189, global_step=4331520
SPS: 1505
Epoch: 190, global_step=4354560
SPS: 1507
Epoch: 191, global_step=4377600
SPS: 1509
Epoch: 192, global_step=4400640
SPS: 1511
Epoch: 193, global_step=4423680
SPS: 1513
Epoch: 194, global_step=4446720
SPS: 1514
Epoch: 195, global_step=4469760
SPS: 1516
Epoch: 196, global_step=4492800
SPS: 1518
Epoch: 197, global_step=4515840
SPS: 1520
Epoch: 198, global_step=4538880
SPS: 1522
Epoch: 199, global_step=4561920
SPS: 1524
Epoch: 200, global_step=4584960
SPS: 1526
Epoch: 201, global_step=4608000
Evaluating
Evaluated 17280 steps resulting in 192 episodes
[32mEvaluation Metric: success_once[0m | [36mMean: 0.6719[0m
[32mEvaluation Metric: return[0m | [36mMean: 15.2824[0m
[32mEvaluation Metric: episode_len[0m | [36mMean: 90.0000[0m
[32mEvaluation Metric: reward[0m | [36mMean: 0.1698[0m
[32mEvaluation Metric: success_at_end[0m | [36mMean: 0.0469[0m
model saved to checkpoints/ppo_memtasks/rgb_joints_belief/normalized_dense/InterceptFast-v0/ppo-cvae-v2-interceptfast-33__33__rgb_joints_belief__20260127_213816/20260127_213816/ckpt_8_201.pt
SPS: 1480
Epoch: 202, global_step=4631040
SPS: 1482
Epoch: 203, global_step=4654080
SPS: 1483
Epoch: 204, global_step=4677120
SPS: 1485
Epoch: 205, global_step=4700160
SPS: 1487
Epoch: 206, global_step=4723200
SPS: 1489
Epoch: 207, global_step=4746240
SPS: 1491
Epoch: 208, global_step=4769280
SPS: 1493
Epoch: 209, global_step=4792320
SPS: 1494
Epoch: 210, global_step=4815360
SPS: 1496
Epoch: 211, global_step=4838400
SPS: 1498
Epoch: 212, global_step=4861440
SPS: 1500
Epoch: 213, global_step=4884480
SPS: 1502
Epoch: 214, global_step=4907520
SPS: 1504
Epoch: 215, global_step=4930560
SPS: 1505
Epoch: 216, global_step=4953600
SPS: 1507
Epoch: 217, global_step=4976640
SPS: 1509
Epoch: 218, global_step=4999680
SPS: 1511
Epoch: 219, global_step=5022720
SPS: 1512
Epoch: 220, global_step=5045760
SPS: 1514
Epoch: 221, global_step=5068800
SPS: 1516
Epoch: 222, global_step=5091840
SPS: 1518
Epoch: 223, global_step=5114880
SPS: 1519
Epoch: 224, global_step=5137920
SPS: 1521
Epoch: 225, global_step=5160960
SPS: 1523
Epoch: 226, global_step=5184000
Evaluating
Evaluated 17280 steps resulting in 192 episodes
[32mEvaluation Metric: success_once[0m | [36mMean: 0.7240[0m
[32mEvaluation Metric: return[0m | [36mMean: 16.3341[0m
[32mEvaluation Metric: episode_len[0m | [36mMean: 90.0000[0m
[32mEvaluation Metric: reward[0m | [36mMean: 0.1815[0m
[32mEvaluation Metric: success_at_end[0m | [36mMean: 0.0990[0m
model saved to checkpoints/ppo_memtasks/rgb_joints_belief/normalized_dense/InterceptFast-v0/ppo-cvae-v2-interceptfast-33__33__rgb_joints_belief__20260127_213816/20260127_213816/ckpt_9_226.pt
SPS: 1481
Epoch: 227, global_step=5207040
SPS: 1482
Epoch: 228, global_step=5230080
SPS: 1484
Epoch: 229, global_step=5253120
SPS: 1486
Epoch: 230, global_step=5276160
SPS: 1487
Epoch: 231, global_step=5299200
SPS: 1489
Epoch: 232, global_step=5322240
SPS: 1491
Epoch: 233, global_step=5345280
SPS: 1492
Epoch: 234, global_step=5368320
SPS: 1494
Epoch: 235, global_step=5391360
SPS: 1496
Epoch: 236, global_step=5414400
SPS: 1497
Epoch: 237, global_step=5437440
SPS: 1499
Epoch: 238, global_step=5460480
SPS: 1501
Epoch: 239, global_step=5483520
SPS: 1502
Epoch: 240, global_step=5506560
SPS: 1504
Epoch: 241, global_step=5529600
SPS: 1505
Epoch: 242, global_step=5552640
SPS: 1507
Epoch: 243, global_step=5575680
SPS: 1508
Epoch: 244, global_step=5598720
SPS: 1510
Epoch: 245, global_step=5621760
SPS: 1511
Epoch: 246, global_step=5644800
SPS: 1512
Epoch: 247, global_step=5667840
SPS: 1514
Epoch: 248, global_step=5690880
SPS: 1515
Epoch: 249, global_step=5713920
SPS: 1517
Epoch: 250, global_step=5736960
SPS: 1518
Epoch: 251, global_step=5760000
Evaluating
Evaluated 17280 steps resulting in 192 episodes
[32mEvaluation Metric: success_once[0m | [36mMean: 0.5677[0m
[32mEvaluation Metric: return[0m | [36mMean: 14.1471[0m
[32mEvaluation Metric: episode_len[0m | [36mMean: 90.0000[0m
[32mEvaluation Metric: reward[0m | [36mMean: 0.1572[0m
[32mEvaluation Metric: success_at_end[0m | [36mMean: 0.0677[0m
model saved to checkpoints/ppo_memtasks/rgb_joints_belief/normalized_dense/InterceptFast-v0/ppo-cvae-v2-interceptfast-33__33__rgb_joints_belief__20260127_213816/20260127_213816/ckpt_10_251.pt
SPS: 1481
Epoch: 252, global_step=5783040
SPS: 1482
Epoch: 253, global_step=5806080
SPS: 1484
Epoch: 254, global_step=5829120
SPS: 1485
Epoch: 255, global_step=5852160
SPS: 1487
Epoch: 256, global_step=5875200
SPS: 1488
Epoch: 257, global_step=5898240
SPS: 1490
Epoch: 258, global_step=5921280
SPS: 1491
Epoch: 259, global_step=5944320
SPS: 1493
Epoch: 260, global_step=5967360
SPS: 1494
Epoch: 261, global_step=5990400
SPS: 1496
Epoch: 262, global_step=6013440
SPS: 1497
Epoch: 263, global_step=6036480
SPS: 1498
Epoch: 264, global_step=6059520
SPS: 1500
Epoch: 265, global_step=6082560
SPS: 1501
Epoch: 266, global_step=6105600
SPS: 1503
Epoch: 267, global_step=6128640
SPS: 1504
Epoch: 268, global_step=6151680
SPS: 1506
Epoch: 269, global_step=6174720
SPS: 1507
Epoch: 270, global_step=6197760
SPS: 1509
Epoch: 271, global_step=6220800
SPS: 1510
Epoch: 272, global_step=6243840
SPS: 1512
Epoch: 273, global_step=6266880
SPS: 1513
Epoch: 274, global_step=6289920
SPS: 1515
Epoch: 275, global_step=6312960
SPS: 1516
Epoch: 276, global_step=6336000
Evaluating
Evaluated 17280 steps resulting in 192 episodes
[32mEvaluation Metric: success_once[0m | [36mMean: 0.7760[0m
[32mEvaluation Metric: return[0m | [36mMean: 17.8824[0m
[32mEvaluation Metric: episode_len[0m | [36mMean: 90.0000[0m
[32mEvaluation Metric: reward[0m | [36mMean: 0.1987[0m
[32mEvaluation Metric: success_at_end[0m | [36mMean: 0.0729[0m
model saved to checkpoints/ppo_memtasks/rgb_joints_belief/normalized_dense/InterceptFast-v0/ppo-cvae-v2-interceptfast-33__33__rgb_joints_belief__20260127_213816/20260127_213816/ckpt_11_276.pt
SPS: 1481
Epoch: 277, global_step=6359040
SPS: 1483
Epoch: 278, global_step=6382080
SPS: 1484
Epoch: 279, global_step=6405120
SPS: 1486
Epoch: 280, global_step=6428160
SPS: 1487
Epoch: 281, global_step=6451200
SPS: 1489
Epoch: 282, global_step=6474240
SPS: 1490
Epoch: 283, global_step=6497280
SPS: 1491
Epoch: 284, global_step=6520320
SPS: 1493
Epoch: 285, global_step=6543360
SPS: 1494
Epoch: 286, global_step=6566400
SPS: 1496
Epoch: 287, global_step=6589440
SPS: 1497
Epoch: 288, global_step=6612480
SPS: 1498
Epoch: 289, global_step=6635520
SPS: 1500
Epoch: 290, global_step=6658560
SPS: 1501
Epoch: 291, global_step=6681600
SPS: 1502
Epoch: 292, global_step=6704640
SPS: 1504
Epoch: 293, global_step=6727680
SPS: 1505
Epoch: 294, global_step=6750720
SPS: 1506
Epoch: 295, global_step=6773760
SPS: 1508
Epoch: 296, global_step=6796800
SPS: 1509
Epoch: 297, global_step=6819840
SPS: 1510
Epoch: 298, global_step=6842880
SPS: 1511
Epoch: 299, global_step=6865920
SPS: 1513
Epoch: 300, global_step=6888960
SPS: 1514
Epoch: 301, global_step=6912000
Evaluating
Evaluated 17280 steps resulting in 192 episodes
[32mEvaluation Metric: success_once[0m | [36mMean: 0.7083[0m
[32mEvaluation Metric: return[0m | [36mMean: 17.5943[0m
[32mEvaluation Metric: episode_len[0m | [36mMean: 90.0000[0m
[32mEvaluation Metric: reward[0m | [36mMean: 0.1955[0m
[32mEvaluation Metric: success_at_end[0m | [36mMean: 0.0729[0m
model saved to checkpoints/ppo_memtasks/rgb_joints_belief/normalized_dense/InterceptFast-v0/ppo-cvae-v2-interceptfast-33__33__rgb_joints_belief__20260127_213816/20260127_213816/ckpt_12_301.pt
SPS: 1483
Epoch: 302, global_step=6935040
SPS: 1484
Epoch: 303, global_step=6958080
SPS: 1485
Epoch: 304, global_step=6981120
SPS: 1486
Epoch: 305, global_step=7004160
SPS: 1488
Epoch: 306, global_step=7027200
SPS: 1489
Epoch: 307, global_step=7050240
SPS: 1490
Epoch: 308, global_step=7073280
SPS: 1492
Epoch: 309, global_step=7096320
SPS: 1493
Epoch: 310, global_step=7119360
SPS: 1494
Epoch: 311, global_step=7142400
SPS: 1495
Epoch: 312, global_step=7165440
SPS: 1497
Epoch: 313, global_step=7188480
SPS: 1498
Epoch: 314, global_step=7211520
SPS: 1499
Epoch: 315, global_step=7234560
SPS: 1500
Epoch: 316, global_step=7257600
SPS: 1501
Epoch: 317, global_step=7280640
SPS: 1503
Epoch: 318, global_step=7303680
SPS: 1504
Epoch: 319, global_step=7326720
SPS: 1505
Epoch: 320, global_step=7349760
SPS: 1506
Epoch: 321, global_step=7372800
SPS: 1507
Epoch: 322, global_step=7395840
SPS: 1509
Epoch: 323, global_step=7418880
SPS: 1510
Epoch: 324, global_step=7441920
SPS: 1511
Epoch: 325, global_step=7464960
SPS: 1512
Epoch: 326, global_step=7488000
Evaluating
Evaluated 17280 steps resulting in 192 episodes
[32mEvaluation Metric: success_once[0m | [36mMean: 0.5052[0m
[32mEvaluation Metric: return[0m | [36mMean: 16.2116[0m
[32mEvaluation Metric: episode_len[0m | [36mMean: 90.0000[0m
[32mEvaluation Metric: reward[0m | [36mMean: 0.1801[0m
[32mEvaluation Metric: success_at_end[0m | [36mMean: 0.0729[0m
model saved to checkpoints/ppo_memtasks/rgb_joints_belief/normalized_dense/InterceptFast-v0/ppo-cvae-v2-interceptfast-33__33__rgb_joints_belief__20260127_213816/20260127_213816/ckpt_13_326.pt
SPS: 1483
Epoch: 327, global_step=7511040
SPS: 1484
Epoch: 328, global_step=7534080
SPS: 1485
Epoch: 329, global_step=7557120
SPS: 1487
Epoch: 330, global_step=7580160
SPS: 1488
Epoch: 331, global_step=7603200
SPS: 1489
Epoch: 332, global_step=7626240
SPS: 1490
Epoch: 333, global_step=7649280
SPS: 1491
Epoch: 334, global_step=7672320
SPS: 1492
Epoch: 335, global_step=7695360
SPS: 1494
Epoch: 336, global_step=7718400
SPS: 1495
Epoch: 337, global_step=7741440
SPS: 1496
Epoch: 338, global_step=7764480
SPS: 1497
Epoch: 339, global_step=7787520
SPS: 1498
Epoch: 340, global_step=7810560
SPS: 1499
Epoch: 341, global_step=7833600
SPS: 1501
Epoch: 342, global_step=7856640
SPS: 1502
Epoch: 343, global_step=7879680
SPS: 1503
Epoch: 344, global_step=7902720
SPS: 1504
Epoch: 345, global_step=7925760
SPS: 1505
Epoch: 346, global_step=7948800
SPS: 1506
Epoch: 347, global_step=7971840
SPS: 1508
Epoch: 348, global_step=7994880
SPS: 1509
Epoch: 349, global_step=8017920
SPS: 1510
Epoch: 350, global_step=8040960
SPS: 1511
Epoch: 351, global_step=8064000
Evaluating
Evaluated 17280 steps resulting in 192 episodes
[32mEvaluation Metric: success_once[0m | [36mMean: 0.6615[0m
[32mEvaluation Metric: return[0m | [36mMean: 18.3910[0m
[32mEvaluation Metric: episode_len[0m | [36mMean: 90.0000[0m
[32mEvaluation Metric: reward[0m | [36mMean: 0.2043[0m
[32mEvaluation Metric: success_at_end[0m | [36mMean: 0.0729[0m
model saved to checkpoints/ppo_memtasks/rgb_joints_belief/normalized_dense/InterceptFast-v0/ppo-cvae-v2-interceptfast-33__33__rgb_joints_belief__20260127_213816/20260127_213816/ckpt_14_351.pt
SPS: 1484
Epoch: 352, global_step=8087040
SPS: 1485
Epoch: 353, global_step=8110080
SPS: 1486
Epoch: 354, global_step=8133120
SPS: 1487
Epoch: 355, global_step=8156160
SPS: 1488
Epoch: 356, global_step=8179200
SPS: 1489
Epoch: 357, global_step=8202240
SPS: 1490
Epoch: 358, global_step=8225280
SPS: 1492
Epoch: 359, global_step=8248320
SPS: 1493
Epoch: 360, global_step=8271360
SPS: 1494
Epoch: 361, global_step=8294400
SPS: 1495
Epoch: 362, global_step=8317440
SPS: 1496
Epoch: 363, global_step=8340480
SPS: 1497
Epoch: 364, global_step=8363520
SPS: 1498
Epoch: 365, global_step=8386560
SPS: 1499
Epoch: 366, global_step=8409600
SPS: 1500
Epoch: 367, global_step=8432640
SPS: 1502
Epoch: 368, global_step=8455680
SPS: 1503
Epoch: 369, global_step=8478720
SPS: 1504
Epoch: 370, global_step=8501760
SPS: 1505
Epoch: 371, global_step=8524800
SPS: 1506
Epoch: 372, global_step=8547840
SPS: 1507
Epoch: 373, global_step=8570880
SPS: 1508
Epoch: 374, global_step=8593920
SPS: 1509
Epoch: 375, global_step=8616960
SPS: 1510
Epoch: 376, global_step=8640000
Evaluating
Evaluated 17280 steps resulting in 192 episodes
[32mEvaluation Metric: success_once[0m | [36mMean: 0.6927[0m
[32mEvaluation Metric: return[0m | [36mMean: 20.0177[0m
[32mEvaluation Metric: episode_len[0m | [36mMean: 90.0000[0m
[32mEvaluation Metric: reward[0m | [36mMean: 0.2224[0m
[32mEvaluation Metric: success_at_end[0m | [36mMean: 0.1094[0m
model saved to checkpoints/ppo_memtasks/rgb_joints_belief/normalized_dense/InterceptFast-v0/ppo-cvae-v2-interceptfast-33__33__rgb_joints_belief__20260127_213816/20260127_213816/ckpt_15_376.pt
SPS: 1485
Epoch: 377, global_step=8663040
SPS: 1486
Epoch: 378, global_step=8686080
SPS: 1487
Epoch: 379, global_step=8709120
SPS: 1488
Epoch: 380, global_step=8732160
SPS: 1490
Epoch: 381, global_step=8755200
SPS: 1491
Epoch: 382, global_step=8778240
SPS: 1492
Epoch: 383, global_step=8801280
SPS: 1493
Epoch: 384, global_step=8824320
SPS: 1494
Epoch: 385, global_step=8847360
SPS: 1495
Epoch: 386, global_step=8870400
SPS: 1496
Epoch: 387, global_step=8893440
SPS: 1497
Epoch: 388, global_step=8916480
SPS: 1498
Epoch: 389, global_step=8939520
SPS: 1499
Epoch: 390, global_step=8962560
SPS: 1501
Epoch: 391, global_step=8985600
SPS: 1502
Epoch: 392, global_step=9008640
SPS: 1503
Epoch: 393, global_step=9031680
SPS: 1504
Epoch: 394, global_step=9054720
SPS: 1505
Epoch: 395, global_step=9077760
SPS: 1506
Epoch: 396, global_step=9100800
SPS: 1507
Epoch: 397, global_step=9123840
SPS: 1509
Epoch: 398, global_step=9146880
SPS: 1510
Epoch: 399, global_step=9169920
SPS: 1511
Epoch: 400, global_step=9192960
SPS: 1512
Epoch: 401, global_step=9216000
Evaluating
Evaluated 17280 steps resulting in 192 episodes
[32mEvaluation Metric: success_once[0m | [36mMean: 0.7083[0m
[32mEvaluation Metric: return[0m | [36mMean: 19.4639[0m
[32mEvaluation Metric: episode_len[0m | [36mMean: 90.0000[0m
[32mEvaluation Metric: reward[0m | [36mMean: 0.2163[0m
[32mEvaluation Metric: success_at_end[0m | [36mMean: 0.1042[0m
model saved to checkpoints/ppo_memtasks/rgb_joints_belief/normalized_dense/InterceptFast-v0/ppo-cvae-v2-interceptfast-33__33__rgb_joints_belief__20260127_213816/20260127_213816/ckpt_16_401.pt
SPS: 1489
Epoch: 402, global_step=9239040
SPS: 1490
Epoch: 403, global_step=9262080
SPS: 1491
Epoch: 404, global_step=9285120
SPS: 1492
Epoch: 405, global_step=9308160
SPS: 1493
Epoch: 406, global_step=9331200
SPS: 1494
Epoch: 407, global_step=9354240
SPS: 1495
Epoch: 408, global_step=9377280
SPS: 1496
Epoch: 409, global_step=9400320
SPS: 1497
Epoch: 410, global_step=9423360
SPS: 1498
Epoch: 411, global_step=9446400
SPS: 1499
Epoch: 412, global_step=9469440
SPS: 1500
Epoch: 413, global_step=9492480
SPS: 1501
Epoch: 414, global_step=9515520
SPS: 1502
Epoch: 415, global_step=9538560
SPS: 1503
Epoch: 416, global_step=9561600
SPS: 1503
Epoch: 417, global_step=9584640
SPS: 1504
Epoch: 418, global_step=9607680
SPS: 1505
Epoch: 419, global_step=9630720
SPS: 1506
Epoch: 420, global_step=9653760
SPS: 1507
Epoch: 421, global_step=9676800
SPS: 1508
Epoch: 422, global_step=9699840
SPS: 1509
Epoch: 423, global_step=9722880
SPS: 1510
Epoch: 424, global_step=9745920
SPS: 1511
Epoch: 425, global_step=9768960
SPS: 1512
Epoch: 426, global_step=9792000
Evaluating
Evaluated 17280 steps resulting in 192 episodes
[32mEvaluation Metric: success_once[0m | [36mMean: 0.7292[0m
[32mEvaluation Metric: return[0m | [36mMean: 22.1958[0m
[32mEvaluation Metric: episode_len[0m | [36mMean: 90.0000[0m
[32mEvaluation Metric: reward[0m | [36mMean: 0.2466[0m
[32mEvaluation Metric: success_at_end[0m | [36mMean: 0.1562[0m
model saved to checkpoints/ppo_memtasks/rgb_joints_belief/normalized_dense/InterceptFast-v0/ppo-cvae-v2-interceptfast-33__33__rgb_joints_belief__20260127_213816/20260127_213816/ckpt_17_426.pt
SPS: 1490
Epoch: 427, global_step=9815040
SPS: 1491
Epoch: 428, global_step=9838080
SPS: 1492
Epoch: 429, global_step=9861120
SPS: 1493
Epoch: 430, global_step=9884160
SPS: 1494
Epoch: 431, global_step=9907200
SPS: 1494
Epoch: 432, global_step=9930240
SPS: 1495
Epoch: 433, global_step=9953280
SPS: 1496
Epoch: 434, global_step=9976320
SPS: 1497
model saved to checkpoints/ppo_memtasks/rgb_joints_belief/normalized_dense/InterceptFast-v0/ppo-cvae-v2-interceptfast-33__33__rgb_joints_belief__20260127_213816/20260127_213816/final_ckpt.pt
Running Intercept-Medium (BELIEF), seed 42

===========================================================================
║                        Environment Configuration                        ║
===========================================================================
║ Environment ID: InterceptFast-v0                                        ║
║ Oracle Info:    None                                                    ║
║ Wrappers:                                                               ║
║    ├─ InitialZeroActionWrapper                                         ║
║    │  └─ {'n_initial_steps': 0}                                           ║
║    ├─ RenderStepInfoWrapper                                            ║
║    ├─ RenderRewardInfoWrapper                                          ║
║    ├─ DebugRewardWrapper                                               ║
║-------------------------------------------------------------------------║
║ include_state:       False │ state will not be used                ║
║ include_rgb:         True  │ rgb images will be used               ║
║ include_oracle:      False │ oracle info will not be used          ║
║ include_joints:      True  │ joints will be used                   ║
===========================================================================

MODE='rgb_joints_belief'
prompt_info=None
Saving eval videos to checkpoints/ppo_memtasks/rgb_joints_belief/normalized_dense/InterceptFast-v0/ppo-cvae-v2-interceptfast-42__42__rgb_joints_belief__20260127_232947/20260127_232947/videos
======================================================================
Max Episode Steps: 90
======================================================================

Loading belief model from /local/s4176650/sphinx/storage_cvae/InterceptFast-v0_cvae_mikasa_last5_v6_1/final_vae_model.pt
  phi_dim=16, latent_dim=32
Belief model loaded successfully. Memory size: 768
Running training

####
args.num_iterations=434 args.num_envs=256 args.num_eval_envs=16
args.minibatch_size=720 args.batch_size=23040 args.update_epochs=2
####

sample_obs.keys()=dict_keys(['joints', 'rgb'])
joints: torch.Size([256, 25])
rgb: torch.Size([256, 128, 128, 3])


Epoch: 1, global_step=0
Evaluating
Evaluated 17280 steps resulting in 192 episodes
[32mEvaluation Metric: success_once[0m | [36mMean: 0.0000[0m
[32mEvaluation Metric: return[0m | [36mMean: 0.7347[0m
[32mEvaluation Metric: episode_len[0m | [36mMean: 90.0000[0m
[32mEvaluation Metric: reward[0m | [36mMean: 0.0082[0m
[32mEvaluation Metric: success_at_end[0m | [36mMean: 0.0000[0m
model saved to checkpoints/ppo_memtasks/rgb_joints_belief/normalized_dense/InterceptFast-v0/ppo-cvae-v2-interceptfast-42__42__rgb_joints_belief__20260127_232947/20260127_232947/ckpt_0_1.pt
SPS: 230
Epoch: 2, global_step=23040
SPS: 419
Epoch: 3, global_step=46080
SPS: 576
Epoch: 4, global_step=69120
SPS: 708
Epoch: 5, global_step=92160
SPS: 821
Epoch: 6, global_step=115200
SPS: 917
Epoch: 7, global_step=138240
SPS: 1001
Epoch: 8, global_step=161280
SPS: 1073
Epoch: 9, global_step=184320
SPS: 1137
Epoch: 10, global_step=207360
SPS: 1189
Epoch: 11, global_step=230400
SPS: 1237
Epoch: 12, global_step=253440
SPS: 1279
Epoch: 13, global_step=276480
SPS: 1315
Epoch: 14, global_step=299520
SPS: 1349
Epoch: 15, global_step=322560
SPS: 1381
Epoch: 16, global_step=345600
SPS: 1409
Epoch: 17, global_step=368640
SPS: 1435
Epoch: 18, global_step=391680
SPS: 1460
Epoch: 19, global_step=414720
SPS: 1484
Epoch: 20, global_step=437760
SPS: 1506
Epoch: 21, global_step=460800
SPS: 1526
Epoch: 22, global_step=483840
SPS: 1543
Epoch: 23, global_step=506880
SPS: 1560
Epoch: 24, global_step=529920
SPS: 1576
Epoch: 25, global_step=552960
SPS: 1592
Epoch: 26, global_step=576000
Evaluating
Evaluated 17280 steps resulting in 192 episodes
[32mEvaluation Metric: success_once[0m | [36mMean: 0.0208[0m
[32mEvaluation Metric: return[0m | [36mMean: 3.2449[0m
[32mEvaluation Metric: episode_len[0m | [36mMean: 90.0000[0m
[32mEvaluation Metric: reward[0m | [36mMean: 0.0361[0m
[32mEvaluation Metric: success_at_end[0m | [36mMean: 0.0052[0m
model saved to checkpoints/ppo_memtasks/rgb_joints_belief/normalized_dense/InterceptFast-v0/ppo-cvae-v2-interceptfast-42__42__rgb_joints_belief__20260127_232947/20260127_232947/ckpt_1_26.pt
SPS: 1283
Epoch: 27, global_step=599040
SPS: 1302
Epoch: 28, global_step=622080
SPS: 1319
Epoch: 29, global_step=645120
SPS: 1337
Epoch: 30, global_step=668160
SPS: 1353
Epoch: 31, global_step=691200
SPS: 1369
Epoch: 32, global_step=714240
SPS: 1384
Epoch: 33, global_step=737280
SPS: 1399
Epoch: 34, global_step=760320
SPS: 1413
Epoch: 35, global_step=783360
SPS: 1426
Epoch: 36, global_step=806400
SPS: 1438
Epoch: 37, global_step=829440
SPS: 1450
Epoch: 38, global_step=852480
SPS: 1462
Epoch: 39, global_step=875520
SPS: 1472
Epoch: 40, global_step=898560
SPS: 1483
Epoch: 41, global_step=921600
SPS: 1494
Epoch: 42, global_step=944640
SPS: 1504
Epoch: 43, global_step=967680
SPS: 1514
Epoch: 44, global_step=990720
SPS: 1523
Epoch: 45, global_step=1013760
SPS: 1532
Epoch: 46, global_step=1036800
SPS: 1541
Epoch: 47, global_step=1059840
SPS: 1550
Epoch: 48, global_step=1082880
SPS: 1558
Epoch: 49, global_step=1105920
SPS: 1566
Epoch: 50, global_step=1128960
SPS: 1574
Epoch: 51, global_step=1152000
Evaluating
Evaluated 17280 steps resulting in 192 episodes
[32mEvaluation Metric: success_once[0m | [36mMean: 0.3281[0m
[32mEvaluation Metric: return[0m | [36mMean: 11.3805[0m
[32mEvaluation Metric: episode_len[0m | [36mMean: 90.0000[0m
[32mEvaluation Metric: reward[0m | [36mMean: 0.1264[0m
[32mEvaluation Metric: success_at_end[0m | [36mMean: 0.0365[0m
model saved to checkpoints/ppo_memtasks/rgb_joints_belief/normalized_dense/InterceptFast-v0/ppo-cvae-v2-interceptfast-42__42__rgb_joints_belief__20260127_232947/20260127_232947/ckpt_2_51.pt
SPS: 1397
Epoch: 52, global_step=1175040
SPS: 1406
Epoch: 53, global_step=1198080
SPS: 1414
Epoch: 54, global_step=1221120
SPS: 1422
Epoch: 55, global_step=1244160
SPS: 1430
Epoch: 56, global_step=1267200
SPS: 1438
Epoch: 57, global_step=1290240
SPS: 1446
Epoch: 58, global_step=1313280
SPS: 1453
Epoch: 59, global_step=1336320
SPS: 1460
Epoch: 60, global_step=1359360
SPS: 1468
Epoch: 61, global_step=1382400
SPS: 1475
Epoch: 62, global_step=1405440
SPS: 1482
Epoch: 63, global_step=1428480
SPS: 1488
Epoch: 64, global_step=1451520
SPS: 1495
Epoch: 65, global_step=1474560
SPS: 1501
Epoch: 66, global_step=1497600
SPS: 1508
Epoch: 67, global_step=1520640
SPS: 1514
Epoch: 68, global_step=1543680
SPS: 1520
Epoch: 69, global_step=1566720
SPS: 1526
Epoch: 70, global_step=1589760
SPS: 1532
Epoch: 71, global_step=1612800
SPS: 1537
Epoch: 72, global_step=1635840
SPS: 1543
Epoch: 73, global_step=1658880
SPS: 1548
Epoch: 74, global_step=1681920
SPS: 1553
Epoch: 75, global_step=1704960
SPS: 1558
Epoch: 76, global_step=1728000
Evaluating
Evaluated 17280 steps resulting in 192 episodes
[32mEvaluation Metric: success_once[0m | [36mMean: 0.3750[0m
[32mEvaluation Metric: return[0m | [36mMean: 13.2219[0m
[32mEvaluation Metric: episode_len[0m | [36mMean: 90.0000[0m
[32mEvaluation Metric: reward[0m | [36mMean: 0.1469[0m
[32mEvaluation Metric: success_at_end[0m | [36mMean: 0.0677[0m
model saved to checkpoints/ppo_memtasks/rgb_joints_belief/normalized_dense/InterceptFast-v0/ppo-cvae-v2-interceptfast-42__42__rgb_joints_belief__20260127_232947/20260127_232947/ckpt_3_76.pt
SPS: 1437
Epoch: 77, global_step=1751040
SPS: 1443
Epoch: 78, global_step=1774080
SPS: 1449
Epoch: 79, global_step=1797120
SPS: 1454
Epoch: 80, global_step=1820160
SPS: 1460
Epoch: 81, global_step=1843200
SPS: 1465
Epoch: 82, global_step=1866240
SPS: 1471
Epoch: 83, global_step=1889280
SPS: 1476
Epoch: 84, global_step=1912320
SPS: 1481
Epoch: 85, global_step=1935360
SPS: 1486
Epoch: 86, global_step=1958400
SPS: 1492
Epoch: 87, global_step=1981440
SPS: 1496
Epoch: 88, global_step=2004480
SPS: 1501
Epoch: 89, global_step=2027520
SPS: 1506
Epoch: 90, global_step=2050560
SPS: 1511
Epoch: 91, global_step=2073600
SPS: 1515
Epoch: 92, global_step=2096640
SPS: 1519
Epoch: 93, global_step=2119680
SPS: 1524
Epoch: 94, global_step=2142720
SPS: 1528
Epoch: 95, global_step=2165760
SPS: 1532
Epoch: 96, global_step=2188800
SPS: 1536
Epoch: 97, global_step=2211840
SPS: 1540
Epoch: 98, global_step=2234880
SPS: 1544
Epoch: 99, global_step=2257920
SPS: 1549
Epoch: 100, global_step=2280960
SPS: 1552
Epoch: 101, global_step=2304000
Evaluating
Evaluated 17280 steps resulting in 192 episodes
[32mEvaluation Metric: success_once[0m | [36mMean: 0.4010[0m
[32mEvaluation Metric: return[0m | [36mMean: 13.5412[0m
[32mEvaluation Metric: episode_len[0m | [36mMean: 90.0000[0m
[32mEvaluation Metric: reward[0m | [36mMean: 0.1505[0m
[32mEvaluation Metric: success_at_end[0m | [36mMean: 0.0677[0m
model saved to checkpoints/ppo_memtasks/rgb_joints_belief/normalized_dense/InterceptFast-v0/ppo-cvae-v2-interceptfast-42__42__rgb_joints_belief__20260127_232947/20260127_232947/ckpt_4_101.pt
SPS: 1464
Epoch: 102, global_step=2327040
SPS: 1468
Epoch: 103, global_step=2350080
SPS: 1473
Epoch: 104, global_step=2373120
SPS: 1477
Epoch: 105, global_step=2396160
SPS: 1481
Epoch: 106, global_step=2419200
SPS: 1485
Epoch: 107, global_step=2442240
SPS: 1489
Epoch: 108, global_step=2465280
SPS: 1493
Epoch: 109, global_step=2488320
SPS: 1496
Epoch: 110, global_step=2511360
SPS: 1500
Epoch: 111, global_step=2534400
SPS: 1503
Epoch: 112, global_step=2557440
SPS: 1507
Epoch: 113, global_step=2580480
SPS: 1511
Epoch: 114, global_step=2603520
SPS: 1514
Epoch: 115, global_step=2626560
SPS: 1518
Epoch: 116, global_step=2649600
SPS: 1521
Epoch: 117, global_step=2672640
SPS: 1525
Epoch: 118, global_step=2695680
SPS: 1528
Epoch: 119, global_step=2718720
SPS: 1532
Epoch: 120, global_step=2741760
SPS: 1535
Epoch: 121, global_step=2764800
SPS: 1539
Epoch: 122, global_step=2787840
SPS: 1542
Epoch: 123, global_step=2810880
SPS: 1545
Epoch: 124, global_step=2833920
SPS: 1548
Epoch: 125, global_step=2856960
SPS: 1551
Epoch: 126, global_step=2880000
Evaluating
Evaluated 17280 steps resulting in 192 episodes
[32mEvaluation Metric: success_once[0m | [36mMean: 0.4792[0m
[32mEvaluation Metric: return[0m | [36mMean: 14.7690[0m
[32mEvaluation Metric: episode_len[0m | [36mMean: 90.0000[0m
[32mEvaluation Metric: reward[0m | [36mMean: 0.1641[0m
[32mEvaluation Metric: success_at_end[0m | [36mMean: 0.1146[0m
model saved to checkpoints/ppo_memtasks/rgb_joints_belief/normalized_dense/InterceptFast-v0/ppo-cvae-v2-interceptfast-42__42__rgb_joints_belief__20260127_232947/20260127_232947/ckpt_5_126.pt
SPS: 1478
Epoch: 127, global_step=2903040
SPS: 1481
Epoch: 128, global_step=2926080
SPS: 1484
Epoch: 129, global_step=2949120
SPS: 1488
Epoch: 130, global_step=2972160
SPS: 1491
Epoch: 131, global_step=2995200
SPS: 1494
Epoch: 132, global_step=3018240
SPS: 1497
Epoch: 133, global_step=3041280
SPS: 1500
Epoch: 134, global_step=3064320
SPS: 1503
Epoch: 135, global_step=3087360
SPS: 1506
Epoch: 136, global_step=3110400
SPS: 1509
Epoch: 137, global_step=3133440
SPS: 1512
Epoch: 138, global_step=3156480
SPS: 1515
Epoch: 139, global_step=3179520
SPS: 1518
Epoch: 140, global_step=3202560
SPS: 1521
Epoch: 141, global_step=3225600
SPS: 1524
Epoch: 142, global_step=3248640
SPS: 1527
Epoch: 143, global_step=3271680
SPS: 1530
Epoch: 144, global_step=3294720
SPS: 1533
Epoch: 145, global_step=3317760
SPS: 1535
Epoch: 146, global_step=3340800
SPS: 1538
Epoch: 147, global_step=3363840
SPS: 1540
Epoch: 148, global_step=3386880
SPS: 1543
Epoch: 149, global_step=3409920
SPS: 1546
Epoch: 150, global_step=3432960
SPS: 1548
Epoch: 151, global_step=3456000
Evaluating
Evaluated 17280 steps resulting in 192 episodes
[32mEvaluation Metric: success_once[0m | [36mMean: 0.5208[0m
[32mEvaluation Metric: return[0m | [36mMean: 15.8514[0m
[32mEvaluation Metric: episode_len[0m | [36mMean: 90.0000[0m
[32mEvaluation Metric: reward[0m | [36mMean: 0.1761[0m
[32mEvaluation Metric: success_at_end[0m | [36mMean: 0.1354[0m
model saved to checkpoints/ppo_memtasks/rgb_joints_belief/normalized_dense/InterceptFast-v0/ppo-cvae-v2-interceptfast-42__42__rgb_joints_belief__20260127_232947/20260127_232947/ckpt_6_151.pt
SPS: 1487
Epoch: 152, global_step=3479040
SPS: 1490
Epoch: 153, global_step=3502080
SPS: 1493
Epoch: 154, global_step=3525120
SPS: 1495
Epoch: 155, global_step=3548160
SPS: 1498
Epoch: 156, global_step=3571200
SPS: 1501
Epoch: 157, global_step=3594240
SPS: 1503
Epoch: 158, global_step=3617280
SPS: 1506
Epoch: 159, global_step=3640320
SPS: 1509
Epoch: 160, global_step=3663360
SPS: 1511
Epoch: 161, global_step=3686400
SPS: 1513
Epoch: 162, global_step=3709440
SPS: 1516
Epoch: 163, global_step=3732480
SPS: 1518
Epoch: 164, global_step=3755520
SPS: 1521
Epoch: 165, global_step=3778560
SPS: 1523
Epoch: 166, global_step=3801600
SPS: 1526
Epoch: 167, global_step=3824640
SPS: 1529
Epoch: 168, global_step=3847680
SPS: 1532
Epoch: 169, global_step=3870720
SPS: 1534
Epoch: 170, global_step=3893760
SPS: 1537
Epoch: 171, global_step=3916800
SPS: 1540
Epoch: 172, global_step=3939840
SPS: 1543
Epoch: 173, global_step=3962880
SPS: 1545
Epoch: 174, global_step=3985920
SPS: 1548
Epoch: 175, global_step=4008960
SPS: 1550
Epoch: 176, global_step=4032000
Evaluating
Evaluated 17280 steps resulting in 192 episodes
[32mEvaluation Metric: success_once[0m | [36mMean: 0.5885[0m
[32mEvaluation Metric: return[0m | [36mMean: 15.7999[0m
[32mEvaluation Metric: episode_len[0m | [36mMean: 90.0000[0m
[32mEvaluation Metric: reward[0m | [36mMean: 0.1756[0m
[32mEvaluation Metric: success_at_end[0m | [36mMean: 0.1354[0m
model saved to checkpoints/ppo_memtasks/rgb_joints_belief/normalized_dense/InterceptFast-v0/ppo-cvae-v2-interceptfast-42__42__rgb_joints_belief__20260127_232947/20260127_232947/ckpt_7_176.pt
SPS: 1497
Epoch: 177, global_step=4055040
SPS: 1499
Epoch: 178, global_step=4078080
SPS: 1501
Epoch: 179, global_step=4101120
SPS: 1504
Epoch: 180, global_step=4124160
SPS: 1506
Epoch: 181, global_step=4147200
SPS: 1508
Epoch: 182, global_step=4170240
SPS: 1510
Epoch: 183, global_step=4193280
SPS: 1513
Epoch: 184, global_step=4216320
SPS: 1515
Epoch: 185, global_step=4239360
SPS: 1517
Epoch: 186, global_step=4262400
SPS: 1520
Epoch: 187, global_step=4285440
SPS: 1522
Epoch: 188, global_step=4308480
SPS: 1524
Epoch: 189, global_step=4331520
SPS: 1526
Epoch: 190, global_step=4354560
SPS: 1528
Epoch: 191, global_step=4377600
SPS: 1530
Epoch: 192, global_step=4400640
SPS: 1532
Epoch: 193, global_step=4423680
SPS: 1534
Epoch: 194, global_step=4446720
SPS: 1536
Epoch: 195, global_step=4469760
SPS: 1538
Epoch: 196, global_step=4492800
SPS: 1540
Epoch: 197, global_step=4515840
SPS: 1542
Epoch: 198, global_step=4538880
SPS: 1544
Epoch: 199, global_step=4561920
SPS: 1546
Epoch: 200, global_step=4584960
SPS: 1548
Epoch: 201, global_step=4608000
Evaluating
Evaluated 17280 steps resulting in 192 episodes
[32mEvaluation Metric: success_once[0m | [36mMean: 0.5521[0m
[32mEvaluation Metric: return[0m | [36mMean: 13.8383[0m
[32mEvaluation Metric: episode_len[0m | [36mMean: 90.0000[0m
[32mEvaluation Metric: reward[0m | [36mMean: 0.1538[0m
[32mEvaluation Metric: success_at_end[0m | [36mMean: 0.0781[0m
model saved to checkpoints/ppo_memtasks/rgb_joints_belief/normalized_dense/InterceptFast-v0/ppo-cvae-v2-interceptfast-42__42__rgb_joints_belief__20260127_232947/20260127_232947/ckpt_8_201.pt
SPS: 1500
Epoch: 202, global_step=4631040
SPS: 1502
Epoch: 203, global_step=4654080
SPS: 1504
Epoch: 204, global_step=4677120
SPS: 1506
Epoch: 205, global_step=4700160
SPS: 1508
Epoch: 206, global_step=4723200
SPS: 1510
Epoch: 207, global_step=4746240
SPS: 1512
Epoch: 208, global_step=4769280
SPS: 1514
Epoch: 209, global_step=4792320
SPS: 1515
Epoch: 210, global_step=4815360
SPS: 1517
Epoch: 211, global_step=4838400
SPS: 1519
Epoch: 212, global_step=4861440
SPS: 1521
Epoch: 213, global_step=4884480
SPS: 1523
Epoch: 214, global_step=4907520
SPS: 1525
Epoch: 215, global_step=4930560
SPS: 1526
Epoch: 216, global_step=4953600
SPS: 1528
Epoch: 217, global_step=4976640
SPS: 1530
Epoch: 218, global_step=4999680
SPS: 1532
Epoch: 219, global_step=5022720
SPS: 1533
Epoch: 220, global_step=5045760
SPS: 1535
Epoch: 221, global_step=5068800
SPS: 1537
Epoch: 222, global_step=5091840
SPS: 1538
Epoch: 223, global_step=5114880
SPS: 1540
Epoch: 224, global_step=5137920
SPS: 1542
Epoch: 225, global_step=5160960
SPS: 1543
Epoch: 226, global_step=5184000
Evaluating
Evaluated 17280 steps resulting in 192 episodes
[32mEvaluation Metric: success_once[0m | [36mMean: 0.5000[0m
[32mEvaluation Metric: return[0m | [36mMean: 14.9307[0m
[32mEvaluation Metric: episode_len[0m | [36mMean: 90.0000[0m
[32mEvaluation Metric: reward[0m | [36mMean: 0.1659[0m
[32mEvaluation Metric: success_at_end[0m | [36mMean: 0.0833[0m
model saved to checkpoints/ppo_memtasks/rgb_joints_belief/normalized_dense/InterceptFast-v0/ppo-cvae-v2-interceptfast-42__42__rgb_joints_belief__20260127_232947/20260127_232947/ckpt_9_226.pt
SPS: 1502
Epoch: 227, global_step=5207040
SPS: 1504
Epoch: 228, global_step=5230080
SPS: 1505
Epoch: 229, global_step=5253120
SPS: 1507
Epoch: 230, global_step=5276160
SPS: 1509
Epoch: 231, global_step=5299200
SPS: 1511
Epoch: 232, global_step=5322240
SPS: 1512
Epoch: 233, global_step=5345280
SPS: 1514
Epoch: 234, global_step=5368320
SPS: 1516
Epoch: 235, global_step=5391360
SPS: 1517
Epoch: 236, global_step=5414400
SPS: 1519
Epoch: 237, global_step=5437440
SPS: 1521
Epoch: 238, global_step=5460480
SPS: 1522
Epoch: 239, global_step=5483520
SPS: 1524
Epoch: 240, global_step=5506560
SPS: 1526
Epoch: 241, global_step=5529600
SPS: 1527
Epoch: 242, global_step=5552640
SPS: 1529
Epoch: 243, global_step=5575680
SPS: 1531
Epoch: 244, global_step=5598720
SPS: 1532
Epoch: 245, global_step=5621760
SPS: 1534
Epoch: 246, global_step=5644800
SPS: 1535
Epoch: 247, global_step=5667840
SPS: 1537
Epoch: 248, global_step=5690880
SPS: 1538
Epoch: 249, global_step=5713920
SPS: 1540
Epoch: 250, global_step=5736960
SPS: 1542
Epoch: 251, global_step=5760000
Evaluating
Evaluated 17280 steps resulting in 192 episodes
[32mEvaluation Metric: success_once[0m | [36mMean: 0.5885[0m
[32mEvaluation Metric: return[0m | [36mMean: 16.6125[0m
[32mEvaluation Metric: episode_len[0m | [36mMean: 90.0000[0m
[32mEvaluation Metric: reward[0m | [36mMean: 0.1846[0m
[32mEvaluation Metric: success_at_end[0m | [36mMean: 0.0833[0m
model saved to checkpoints/ppo_memtasks/rgb_joints_belief/normalized_dense/InterceptFast-v0/ppo-cvae-v2-interceptfast-42__42__rgb_joints_belief__20260127_232947/20260127_232947/ckpt_10_251.pt
SPS: 1503
Epoch: 252, global_step=5783040
SPS: 1505
Epoch: 253, global_step=5806080
SPS: 1507
Epoch: 254, global_step=5829120
SPS: 1508
Epoch: 255, global_step=5852160
SPS: 1510
Epoch: 256, global_step=5875200
SPS: 1511
Epoch: 257, global_step=5898240
SPS: 1513
Epoch: 258, global_step=5921280
SPS: 1514
Epoch: 259, global_step=5944320
SPS: 1516
Epoch: 260, global_step=5967360
SPS: 1517
Epoch: 261, global_step=5990400
SPS: 1519
Epoch: 262, global_step=6013440
SPS: 1520
Epoch: 263, global_step=6036480
SPS: 1522
Epoch: 264, global_step=6059520
SPS: 1523
Epoch: 265, global_step=6082560
SPS: 1525
Epoch: 266, global_step=6105600
SPS: 1526
Epoch: 267, global_step=6128640
SPS: 1527
Epoch: 268, global_step=6151680
SPS: 1529
Epoch: 269, global_step=6174720
SPS: 1530
Epoch: 270, global_step=6197760
SPS: 1532
Epoch: 271, global_step=6220800
SPS: 1533
Epoch: 272, global_step=6243840
SPS: 1535
Epoch: 273, global_step=6266880
SPS: 1536
Epoch: 274, global_step=6289920
SPS: 1537
Epoch: 275, global_step=6312960
SPS: 1539
Epoch: 276, global_step=6336000
Evaluating
Evaluated 17280 steps resulting in 192 episodes
[32mEvaluation Metric: success_once[0m | [36mMean: 0.6458[0m
[32mEvaluation Metric: return[0m | [36mMean: 15.2921[0m
[32mEvaluation Metric: episode_len[0m | [36mMean: 90.0000[0m
[32mEvaluation Metric: reward[0m | [36mMean: 0.1699[0m
[32mEvaluation Metric: success_at_end[0m | [36mMean: 0.0312[0m
model saved to checkpoints/ppo_memtasks/rgb_joints_belief/normalized_dense/InterceptFast-v0/ppo-cvae-v2-interceptfast-42__42__rgb_joints_belief__20260127_232947/20260127_232947/ckpt_11_276.pt
SPS: 1505
Epoch: 277, global_step=6359040
SPS: 1506
Epoch: 278, global_step=6382080
SPS: 1508
Epoch: 279, global_step=6405120
SPS: 1509
Epoch: 280, global_step=6428160
SPS: 1511
Epoch: 281, global_step=6451200
SPS: 1512
Epoch: 282, global_step=6474240
SPS: 1514
Epoch: 283, global_step=6497280
SPS: 1515
Epoch: 284, global_step=6520320
SPS: 1517
Epoch: 285, global_step=6543360
SPS: 1518
Epoch: 286, global_step=6566400
SPS: 1519
Epoch: 287, global_step=6589440
SPS: 1521
Epoch: 288, global_step=6612480
SPS: 1522
Epoch: 289, global_step=6635520
SPS: 1524
Epoch: 290, global_step=6658560
SPS: 1525
Epoch: 291, global_step=6681600
SPS: 1526
Epoch: 292, global_step=6704640
SPS: 1528
Epoch: 293, global_step=6727680
SPS: 1529
Epoch: 294, global_step=6750720
SPS: 1530
Epoch: 295, global_step=6773760
SPS: 1532
Epoch: 296, global_step=6796800
SPS: 1533
Epoch: 297, global_step=6819840
SPS: 1534
Epoch: 298, global_step=6842880
SPS: 1536
Epoch: 299, global_step=6865920
SPS: 1537
Epoch: 300, global_step=6888960
SPS: 1538
Epoch: 301, global_step=6912000
Evaluating
Evaluated 17280 steps resulting in 192 episodes
[32mEvaluation Metric: success_once[0m | [36mMean: 0.7031[0m
[32mEvaluation Metric: return[0m | [36mMean: 18.5956[0m
[32mEvaluation Metric: episode_len[0m | [36mMean: 90.0000[0m
[32mEvaluation Metric: reward[0m | [36mMean: 0.2066[0m
[32mEvaluation Metric: success_at_end[0m | [36mMean: 0.0833[0m
model saved to checkpoints/ppo_memtasks/rgb_joints_belief/normalized_dense/InterceptFast-v0/ppo-cvae-v2-interceptfast-42__42__rgb_joints_belief__20260127_232947/20260127_232947/ckpt_12_301.pt
SPS: 1508
Epoch: 302, global_step=6935040
SPS: 1510
Epoch: 303, global_step=6958080
SPS: 1511
Epoch: 304, global_step=6981120
SPS: 1513
Epoch: 305, global_step=7004160
SPS: 1514
Epoch: 306, global_step=7027200
SPS: 1516
Epoch: 307, global_step=7050240
SPS: 1517
Epoch: 308, global_step=7073280
SPS: 1519
Epoch: 309, global_step=7096320
SPS: 1520
Epoch: 310, global_step=7119360
SPS: 1522
Epoch: 311, global_step=7142400
SPS: 1523
Epoch: 312, global_step=7165440
SPS: 1524
Epoch: 313, global_step=7188480
SPS: 1526
Epoch: 314, global_step=7211520
SPS: 1527
Epoch: 315, global_step=7234560
SPS: 1528
Epoch: 316, global_step=7257600
SPS: 1530
Epoch: 317, global_step=7280640
SPS: 1531
Epoch: 318, global_step=7303680
SPS: 1532
Epoch: 319, global_step=7326720
SPS: 1533
Epoch: 320, global_step=7349760
SPS: 1535
Epoch: 321, global_step=7372800
SPS: 1536
Epoch: 322, global_step=7395840
SPS: 1537
Epoch: 323, global_step=7418880
SPS: 1538
Epoch: 324, global_step=7441920
SPS: 1540
Epoch: 325, global_step=7464960
SPS: 1541
Epoch: 326, global_step=7488000
Evaluating
Evaluated 17280 steps resulting in 192 episodes
[32mEvaluation Metric: success_once[0m | [36mMean: 0.4583[0m
[32mEvaluation Metric: return[0m | [36mMean: 15.6731[0m
[32mEvaluation Metric: episode_len[0m | [36mMean: 90.0000[0m
[32mEvaluation Metric: reward[0m | [36mMean: 0.1741[0m
[32mEvaluation Metric: success_at_end[0m | [36mMean: 0.0729[0m
model saved to checkpoints/ppo_memtasks/rgb_joints_belief/normalized_dense/InterceptFast-v0/ppo-cvae-v2-interceptfast-42__42__rgb_joints_belief__20260127_232947/20260127_232947/ckpt_13_326.pt
SPS: 1512
Epoch: 327, global_step=7511040
SPS: 1514
Epoch: 328, global_step=7534080
SPS: 1515
Epoch: 329, global_step=7557120
SPS: 1516
Epoch: 330, global_step=7580160
SPS: 1517
Epoch: 331, global_step=7603200
SPS: 1519
Epoch: 332, global_step=7626240
SPS: 1520
Epoch: 333, global_step=7649280
SPS: 1521
Epoch: 334, global_step=7672320
SPS: 1522
Epoch: 335, global_step=7695360
SPS: 1524
Epoch: 336, global_step=7718400
SPS: 1525
Epoch: 337, global_step=7741440
SPS: 1526
Epoch: 338, global_step=7764480
SPS: 1527
Epoch: 339, global_step=7787520
SPS: 1529
Epoch: 340, global_step=7810560
SPS: 1530
Epoch: 341, global_step=7833600
SPS: 1531
Epoch: 342, global_step=7856640
SPS: 1532
Epoch: 343, global_step=7879680
SPS: 1533
Epoch: 344, global_step=7902720
SPS: 1535
Epoch: 345, global_step=7925760
SPS: 1536
Epoch: 346, global_step=7948800
SPS: 1537
Epoch: 347, global_step=7971840
SPS: 1538
Epoch: 348, global_step=7994880
SPS: 1539
Epoch: 349, global_step=8017920
SPS: 1540
Epoch: 350, global_step=8040960
SPS: 1542
Epoch: 351, global_step=8064000
Evaluating
Evaluated 17280 steps resulting in 192 episodes
[32mEvaluation Metric: success_once[0m | [36mMean: 0.4896[0m
[32mEvaluation Metric: return[0m | [36mMean: 16.1668[0m
[32mEvaluation Metric: episode_len[0m | [36mMean: 90.0000[0m
[32mEvaluation Metric: reward[0m | [36mMean: 0.1796[0m
[32mEvaluation Metric: success_at_end[0m | [36mMean: 0.0729[0m
model saved to checkpoints/ppo_memtasks/rgb_joints_belief/normalized_dense/InterceptFast-v0/ppo-cvae-v2-interceptfast-42__42__rgb_joints_belief__20260127_232947/20260127_232947/ckpt_14_351.pt
SPS: 1515
Epoch: 352, global_step=8087040
SPS: 1516
Epoch: 353, global_step=8110080
SPS: 1517
Epoch: 354, global_step=8133120
SPS: 1519
Epoch: 355, global_step=8156160
SPS: 1520
Epoch: 356, global_step=8179200
SPS: 1521
Epoch: 357, global_step=8202240
SPS: 1522
Epoch: 358, global_step=8225280
SPS: 1523
Epoch: 359, global_step=8248320
SPS: 1524
Epoch: 360, global_step=8271360
SPS: 1526
Epoch: 361, global_step=8294400
SPS: 1527
Epoch: 362, global_step=8317440
SPS: 1528
Epoch: 363, global_step=8340480
SPS: 1529
Epoch: 364, global_step=8363520
SPS: 1530
Epoch: 365, global_step=8386560
SPS: 1531
Epoch: 366, global_step=8409600
SPS: 1532
Epoch: 367, global_step=8432640
SPS: 1533
Epoch: 368, global_step=8455680
SPS: 1534
Epoch: 369, global_step=8478720
SPS: 1535
Epoch: 370, global_step=8501760
SPS: 1536
Epoch: 371, global_step=8524800
SPS: 1538
Epoch: 372, global_step=8547840
SPS: 1539
Epoch: 373, global_step=8570880
SPS: 1540
Epoch: 374, global_step=8593920
SPS: 1541
Epoch: 375, global_step=8616960
SPS: 1542
Epoch: 376, global_step=8640000
Evaluating
Evaluated 17280 steps resulting in 192 episodes
[32mEvaluation Metric: success_once[0m | [36mMean: 0.5104[0m
[32mEvaluation Metric: return[0m | [36mMean: 16.5236[0m
[32mEvaluation Metric: episode_len[0m | [36mMean: 90.0000[0m
[32mEvaluation Metric: reward[0m | [36mMean: 0.1836[0m
[32mEvaluation Metric: success_at_end[0m | [36mMean: 0.0625[0m
model saved to checkpoints/ppo_memtasks/rgb_joints_belief/normalized_dense/InterceptFast-v0/ppo-cvae-v2-interceptfast-42__42__rgb_joints_belief__20260127_232947/20260127_232947/ckpt_15_376.pt
SPS: 1516
Epoch: 377, global_step=8663040
SPS: 1517
Epoch: 378, global_step=8686080
SPS: 1518
Epoch: 379, global_step=8709120
SPS: 1519
Epoch: 380, global_step=8732160
SPS: 1520
Epoch: 381, global_step=8755200
SPS: 1521
Epoch: 382, global_step=8778240
SPS: 1523
Epoch: 383, global_step=8801280
SPS: 1524
Epoch: 384, global_step=8824320
SPS: 1525
Epoch: 385, global_step=8847360
SPS: 1526
Epoch: 386, global_step=8870400
SPS: 1527
Epoch: 387, global_step=8893440
SPS: 1528
Epoch: 388, global_step=8916480
SPS: 1529
Epoch: 389, global_step=8939520
SPS: 1530
Epoch: 390, global_step=8962560
SPS: 1531
Epoch: 391, global_step=8985600
SPS: 1532
Epoch: 392, global_step=9008640
SPS: 1533
Epoch: 393, global_step=9031680
SPS: 1534
Epoch: 394, global_step=9054720
SPS: 1535
Epoch: 395, global_step=9077760
SPS: 1536
Epoch: 396, global_step=9100800
SPS: 1537
Epoch: 397, global_step=9123840
SPS: 1538
Epoch: 398, global_step=9146880
SPS: 1539
Epoch: 399, global_step=9169920
SPS: 1540
Epoch: 400, global_step=9192960
SPS: 1541
Epoch: 401, global_step=9216000
Evaluating
Evaluated 17280 steps resulting in 192 episodes
[32mEvaluation Metric: success_once[0m | [36mMean: 0.6615[0m
[32mEvaluation Metric: return[0m | [36mMean: 17.4109[0m
[32mEvaluation Metric: episode_len[0m | [36mMean: 90.0000[0m
[32mEvaluation Metric: reward[0m | [36mMean: 0.1935[0m
[32mEvaluation Metric: success_at_end[0m | [36mMean: 0.0365[0m
model saved to checkpoints/ppo_memtasks/rgb_joints_belief/normalized_dense/InterceptFast-v0/ppo-cvae-v2-interceptfast-42__42__rgb_joints_belief__20260127_232947/20260127_232947/ckpt_16_401.pt
SPS: 1516
Epoch: 402, global_step=9239040
SPS: 1518
Epoch: 403, global_step=9262080
SPS: 1519
Epoch: 404, global_step=9285120
SPS: 1520
Epoch: 405, global_step=9308160
SPS: 1521
Epoch: 406, global_step=9331200
SPS: 1522
Epoch: 407, global_step=9354240
SPS: 1523
Epoch: 408, global_step=9377280
SPS: 1524
Epoch: 409, global_step=9400320
SPS: 1525
Epoch: 410, global_step=9423360
SPS: 1526
Epoch: 411, global_step=9446400
SPS: 1527
Epoch: 412, global_step=9469440
SPS: 1528
Epoch: 413, global_step=9492480
SPS: 1529
Epoch: 414, global_step=9515520
SPS: 1530
Epoch: 415, global_step=9538560
SPS: 1531
Epoch: 416, global_step=9561600
SPS: 1531
Epoch: 417, global_step=9584640
SPS: 1532
Epoch: 418, global_step=9607680
SPS: 1533
Epoch: 419, global_step=9630720
SPS: 1534
Epoch: 420, global_step=9653760
SPS: 1535
Epoch: 421, global_step=9676800
SPS: 1536
Epoch: 422, global_step=9699840
SPS: 1537
Epoch: 423, global_step=9722880
SPS: 1538
Epoch: 424, global_step=9745920
SPS: 1539
Epoch: 425, global_step=9768960
SPS: 1540
Epoch: 426, global_step=9792000
Evaluating
Evaluated 17280 steps resulting in 192 episodes
[32mEvaluation Metric: success_once[0m | [36mMean: 0.5208[0m
[32mEvaluation Metric: return[0m | [36mMean: 18.0692[0m
[32mEvaluation Metric: episode_len[0m | [36mMean: 90.0000[0m
[32mEvaluation Metric: reward[0m | [36mMean: 0.2008[0m
[32mEvaluation Metric: success_at_end[0m | [36mMean: 0.1198[0m
model saved to checkpoints/ppo_memtasks/rgb_joints_belief/normalized_dense/InterceptFast-v0/ppo-cvae-v2-interceptfast-42__42__rgb_joints_belief__20260127_232947/20260127_232947/ckpt_17_426.pt
SPS: 1518
Epoch: 427, global_step=9815040
SPS: 1518
Epoch: 428, global_step=9838080
SPS: 1519
Epoch: 429, global_step=9861120
SPS: 1520
Epoch: 430, global_step=9884160
SPS: 1521
Epoch: 431, global_step=9907200
SPS: 1522
Epoch: 432, global_step=9930240
SPS: 1523
Epoch: 433, global_step=9953280
SPS: 1524
Epoch: 434, global_step=9976320
SPS: 1525
model saved to checkpoints/ppo_memtasks/rgb_joints_belief/normalized_dense/InterceptFast-v0/ppo-cvae-v2-interceptfast-42__42__rgb_joints_belief__20260127_232947/20260127_232947/final_ckpt.pt
Running Intercept-Medium (BELIEF), seed 99

===========================================================================
║                        Environment Configuration                        ║
===========================================================================
║ Environment ID: InterceptFast-v0                                        ║
║ Oracle Info:    None                                                    ║
║ Wrappers:                                                               ║
║    ├─ InitialZeroActionWrapper                                         ║
║    │  └─ {'n_initial_steps': 0}                                           ║
║    ├─ RenderStepInfoWrapper                                            ║
║    ├─ RenderRewardInfoWrapper                                          ║
║    ├─ DebugRewardWrapper                                               ║
║-------------------------------------------------------------------------║
║ include_state:       False │ state will not be used                ║
║ include_rgb:         True  │ rgb images will be used               ║
║ include_oracle:      False │ oracle info will not be used          ║
║ include_joints:      True  │ joints will be used                   ║
===========================================================================

MODE='rgb_joints_belief'
prompt_info=None
Saving eval videos to checkpoints/ppo_memtasks/rgb_joints_belief/normalized_dense/InterceptFast-v0/ppo-cvae-v2-interceptfast-99__99__rgb_joints_belief__20260128_011917/20260128_011917/videos
======================================================================
Max Episode Steps: 90
======================================================================

Loading belief model from /local/s4176650/sphinx/storage_cvae/InterceptFast-v0_cvae_mikasa_last5_v6_1/final_vae_model.pt
  phi_dim=16, latent_dim=32
Belief model loaded successfully. Memory size: 768
Running training

####
args.num_iterations=434 args.num_envs=256 args.num_eval_envs=16
args.minibatch_size=720 args.batch_size=23040 args.update_epochs=2
####

sample_obs.keys()=dict_keys(['joints', 'rgb'])
joints: torch.Size([256, 25])
rgb: torch.Size([256, 128, 128, 3])


Epoch: 1, global_step=0
Evaluating
Evaluated 17280 steps resulting in 192 episodes
[32mEvaluation Metric: success_once[0m | [36mMean: 0.0000[0m
[32mEvaluation Metric: return[0m | [36mMean: 0.7436[0m
[32mEvaluation Metric: episode_len[0m | [36mMean: 90.0000[0m
[32mEvaluation Metric: reward[0m | [36mMean: 0.0083[0m
[32mEvaluation Metric: success_at_end[0m | [36mMean: 0.0000[0m
model saved to checkpoints/ppo_memtasks/rgb_joints_belief/normalized_dense/InterceptFast-v0/ppo-cvae-v2-interceptfast-99__99__rgb_joints_belief__20260128_011917/20260128_011917/ckpt_0_1.pt
SPS: 235
Epoch: 2, global_step=23040
SPS: 427
Epoch: 3, global_step=46080
SPS: 586
Epoch: 4, global_step=69120
SPS: 719
Epoch: 5, global_step=92160
SPS: 832
Epoch: 6, global_step=115200
SPS: 929
Epoch: 7, global_step=138240
SPS: 1012
Epoch: 8, global_step=161280
SPS: 1085
Epoch: 9, global_step=184320
SPS: 1147
Epoch: 10, global_step=207360
SPS: 1203
Epoch: 11, global_step=230400
SPS: 1250
Epoch: 12, global_step=253440
SPS: 1292
Epoch: 13, global_step=276480
SPS: 1328
Epoch: 14, global_step=299520
SPS: 1362
Epoch: 15, global_step=322560
SPS: 1393
Epoch: 16, global_step=345600
SPS: 1422
Epoch: 17, global_step=368640
SPS: 1448
Epoch: 18, global_step=391680
SPS: 1472
Epoch: 19, global_step=414720
SPS: 1496
Epoch: 20, global_step=437760
SPS: 1517
Epoch: 21, global_step=460800
SPS: 1537
Epoch: 22, global_step=483840
SPS: 1555
Epoch: 23, global_step=506880
SPS: 1574
Epoch: 24, global_step=529920
SPS: 1591
Epoch: 25, global_step=552960
SPS: 1606
Epoch: 26, global_step=576000
Evaluating
Evaluated 17280 steps resulting in 192 episodes
[32mEvaluation Metric: success_once[0m | [36mMean: 0.0104[0m
[32mEvaluation Metric: return[0m | [36mMean: 2.6428[0m
[32mEvaluation Metric: episode_len[0m | [36mMean: 90.0000[0m
[32mEvaluation Metric: reward[0m | [36mMean: 0.0294[0m
[32mEvaluation Metric: success_at_end[0m | [36mMean: 0.0000[0m
model saved to checkpoints/ppo_memtasks/rgb_joints_belief/normalized_dense/InterceptFast-v0/ppo-cvae-v2-interceptfast-99__99__rgb_joints_belief__20260128_011917/20260128_011917/ckpt_1_26.pt
SPS: 1295
Epoch: 27, global_step=599040
SPS: 1313
Epoch: 28, global_step=622080
SPS: 1332
Epoch: 29, global_step=645120
SPS: 1349
Epoch: 30, global_step=668160
SPS: 1365
Epoch: 31, global_step=691200
SPS: 1381
Epoch: 32, global_step=714240
SPS: 1396
Epoch: 33, global_step=737280
SPS: 1411
Epoch: 34, global_step=760320
SPS: 1424
Epoch: 35, global_step=783360
SPS: 1438
Epoch: 36, global_step=806400
SPS: 1451
Epoch: 37, global_step=829440
SPS: 1464
Epoch: 38, global_step=852480
SPS: 1475
Epoch: 39, global_step=875520
SPS: 1487
Epoch: 40, global_step=898560
SPS: 1498
Epoch: 41, global_step=921600
SPS: 1509
Epoch: 42, global_step=944640
SPS: 1519
Epoch: 43, global_step=967680
SPS: 1529
Epoch: 44, global_step=990720
SPS: 1538
Epoch: 45, global_step=1013760
SPS: 1547
Epoch: 46, global_step=1036800
SPS: 1556
Epoch: 47, global_step=1059840
SPS: 1565
Epoch: 48, global_step=1082880
SPS: 1573
Epoch: 49, global_step=1105920
SPS: 1580
Epoch: 50, global_step=1128960
SPS: 1588
Epoch: 51, global_step=1152000
Evaluating
Evaluated 17280 steps resulting in 192 episodes
[32mEvaluation Metric: success_once[0m | [36mMean: 0.1979[0m
[32mEvaluation Metric: return[0m | [36mMean: 7.8119[0m
[32mEvaluation Metric: episode_len[0m | [36mMean: 90.0000[0m
[32mEvaluation Metric: reward[0m | [36mMean: 0.0868[0m
[32mEvaluation Metric: success_at_end[0m | [36mMean: 0.0260[0m
model saved to checkpoints/ppo_memtasks/rgb_joints_belief/normalized_dense/InterceptFast-v0/ppo-cvae-v2-interceptfast-99__99__rgb_joints_belief__20260128_011917/20260128_011917/ckpt_2_51.pt
SPS: 1413
Epoch: 52, global_step=1175040
SPS: 1421
Epoch: 53, global_step=1198080
SPS: 1430
Epoch: 54, global_step=1221120
SPS: 1438
Epoch: 55, global_step=1244160
SPS: 1446
Epoch: 56, global_step=1267200
SPS: 1454
Epoch: 57, global_step=1290240
SPS: 1462
Epoch: 58, global_step=1313280
SPS: 1470
Epoch: 59, global_step=1336320
SPS: 1477
Epoch: 60, global_step=1359360
SPS: 1484
Epoch: 61, global_step=1382400
SPS: 1491
Epoch: 62, global_step=1405440
SPS: 1498
Epoch: 63, global_step=1428480
SPS: 1505
Epoch: 64, global_step=1451520
SPS: 1512
Epoch: 65, global_step=1474560
SPS: 1519
Epoch: 66, global_step=1497600
SPS: 1525
Epoch: 67, global_step=1520640
SPS: 1531
Epoch: 68, global_step=1543680
SPS: 1537
Epoch: 69, global_step=1566720
SPS: 1542
Epoch: 70, global_step=1589760
SPS: 1548
Epoch: 71, global_step=1612800
SPS: 1554
Epoch: 72, global_step=1635840
SPS: 1559
Epoch: 73, global_step=1658880
SPS: 1564
Epoch: 74, global_step=1681920
SPS: 1569
Epoch: 75, global_step=1704960
SPS: 1574
Epoch: 76, global_step=1728000
Evaluating
Evaluated 17280 steps resulting in 192 episodes
[32mEvaluation Metric: success_once[0m | [36mMean: 0.4740[0m
[32mEvaluation Metric: return[0m | [36mMean: 14.0259[0m
[32mEvaluation Metric: episode_len[0m | [36mMean: 90.0000[0m
[32mEvaluation Metric: reward[0m | [36mMean: 0.1558[0m
[32mEvaluation Metric: success_at_end[0m | [36mMean: 0.0521[0m
model saved to checkpoints/ppo_memtasks/rgb_joints_belief/normalized_dense/InterceptFast-v0/ppo-cvae-v2-interceptfast-99__99__rgb_joints_belief__20260128_011917/20260128_011917/ckpt_3_76.pt
SPS: 1452
Epoch: 77, global_step=1751040
SPS: 1458
Epoch: 78, global_step=1774080
SPS: 1463
Epoch: 79, global_step=1797120
SPS: 1469
Epoch: 80, global_step=1820160
SPS: 1474
Epoch: 81, global_step=1843200
SPS: 1479
Epoch: 82, global_step=1866240
SPS: 1484
Epoch: 83, global_step=1889280
SPS: 1490
Epoch: 84, global_step=1912320
SPS: 1494
Epoch: 85, global_step=1935360
SPS: 1499
Epoch: 86, global_step=1958400
SPS: 1504
Epoch: 87, global_step=1981440
SPS: 1509
Epoch: 88, global_step=2004480
SPS: 1514
Epoch: 89, global_step=2027520
SPS: 1518
Epoch: 90, global_step=2050560
SPS: 1523
Epoch: 91, global_step=2073600
SPS: 1527
Epoch: 92, global_step=2096640
SPS: 1532
Epoch: 93, global_step=2119680
SPS: 1536
Epoch: 94, global_step=2142720
SPS: 1540
Epoch: 95, global_step=2165760
SPS: 1544
Epoch: 96, global_step=2188800
SPS: 1548
Epoch: 97, global_step=2211840
SPS: 1552
Epoch: 98, global_step=2234880
SPS: 1556
Epoch: 99, global_step=2257920
SPS: 1560
Epoch: 100, global_step=2280960
SPS: 1564
Epoch: 101, global_step=2304000
Evaluating
Evaluated 17280 steps resulting in 192 episodes
[32mEvaluation Metric: success_once[0m | [36mMean: 0.5677[0m
[32mEvaluation Metric: return[0m | [36mMean: 18.1868[0m
[32mEvaluation Metric: episode_len[0m | [36mMean: 90.0000[0m
[32mEvaluation Metric: reward[0m | [36mMean: 0.2021[0m
[32mEvaluation Metric: success_at_end[0m | [36mMean: 0.0885[0m
model saved to checkpoints/ppo_memtasks/rgb_joints_belief/normalized_dense/InterceptFast-v0/ppo-cvae-v2-interceptfast-99__99__rgb_joints_belief__20260128_011917/20260128_011917/ckpt_4_101.pt
SPS: 1473
Epoch: 102, global_step=2327040
SPS: 1477
Epoch: 103, global_step=2350080
SPS: 1481
Epoch: 104, global_step=2373120
SPS: 1485
Epoch: 105, global_step=2396160
SPS: 1490
Epoch: 106, global_step=2419200
SPS: 1494
Epoch: 107, global_step=2442240
SPS: 1497
Epoch: 108, global_step=2465280
SPS: 1502
Epoch: 109, global_step=2488320
SPS: 1505
Epoch: 110, global_step=2511360
SPS: 1509
Epoch: 111, global_step=2534400
SPS: 1513
Epoch: 112, global_step=2557440
SPS: 1517
Epoch: 113, global_step=2580480
SPS: 1521
Epoch: 114, global_step=2603520
SPS: 1524
Epoch: 115, global_step=2626560
SPS: 1528
Epoch: 116, global_step=2649600
SPS: 1531
Epoch: 117, global_step=2672640
SPS: 1535
Epoch: 118, global_step=2695680
SPS: 1538
Epoch: 119, global_step=2718720
SPS: 1542
Epoch: 120, global_step=2741760
SPS: 1545
Epoch: 121, global_step=2764800
SPS: 1548
Epoch: 122, global_step=2787840
SPS: 1551
Epoch: 123, global_step=2810880
SPS: 1555
Epoch: 124, global_step=2833920
SPS: 1558
Epoch: 125, global_step=2856960
SPS: 1561
Epoch: 126, global_step=2880000
Evaluating
Evaluated 17280 steps resulting in 192 episodes
[32mEvaluation Metric: success_once[0m | [36mMean: 0.5156[0m
[32mEvaluation Metric: return[0m | [36mMean: 15.7687[0m
[32mEvaluation Metric: episode_len[0m | [36mMean: 90.0000[0m
[32mEvaluation Metric: reward[0m | [36mMean: 0.1752[0m
[32mEvaluation Metric: success_at_end[0m | [36mMean: 0.1250[0m
model saved to checkpoints/ppo_memtasks/rgb_joints_belief/normalized_dense/InterceptFast-v0/ppo-cvae-v2-interceptfast-99__99__rgb_joints_belief__20260128_011917/20260128_011917/ckpt_5_126.pt
SPS: 1485
Epoch: 127, global_step=2903040
SPS: 1488
Epoch: 128, global_step=2926080
SPS: 1492
Epoch: 129, global_step=2949120
SPS: 1495
Epoch: 130, global_step=2972160
SPS: 1498
Epoch: 131, global_step=2995200
SPS: 1502
Epoch: 132, global_step=3018240
SPS: 1505
Epoch: 133, global_step=3041280
SPS: 1508
Epoch: 134, global_step=3064320
SPS: 1511
Epoch: 135, global_step=3087360
SPS: 1514
Epoch: 136, global_step=3110400
SPS: 1517
Epoch: 137, global_step=3133440
SPS: 1520
Epoch: 138, global_step=3156480
SPS: 1523
Epoch: 139, global_step=3179520
SPS: 1526
Epoch: 140, global_step=3202560
SPS: 1529
Epoch: 141, global_step=3225600
SPS: 1531
Epoch: 142, global_step=3248640
SPS: 1534
Epoch: 143, global_step=3271680
SPS: 1537
Epoch: 144, global_step=3294720
SPS: 1539
Epoch: 145, global_step=3317760
SPS: 1542
Epoch: 146, global_step=3340800
SPS: 1544
Epoch: 147, global_step=3363840
SPS: 1547
Epoch: 148, global_step=3386880
SPS: 1550
Epoch: 149, global_step=3409920
SPS: 1552
Epoch: 150, global_step=3432960
SPS: 1555
Epoch: 151, global_step=3456000
Evaluating
Evaluated 17280 steps resulting in 192 episodes
[32mEvaluation Metric: success_once[0m | [36mMean: 0.4479[0m
[32mEvaluation Metric: return[0m | [36mMean: 11.5930[0m
[32mEvaluation Metric: episode_len[0m | [36mMean: 90.0000[0m
[32mEvaluation Metric: reward[0m | [36mMean: 0.1288[0m
[32mEvaluation Metric: success_at_end[0m | [36mMean: 0.1146[0m
model saved to checkpoints/ppo_memtasks/rgb_joints_belief/normalized_dense/InterceptFast-v0/ppo-cvae-v2-interceptfast-99__99__rgb_joints_belief__20260128_011917/20260128_011917/ckpt_6_151.pt
SPS: 1492
Epoch: 152, global_step=3479040
SPS: 1494
Epoch: 153, global_step=3502080
SPS: 1497
Epoch: 154, global_step=3525120
SPS: 1500
Epoch: 155, global_step=3548160
SPS: 1502
Epoch: 156, global_step=3571200
SPS: 1505
Epoch: 157, global_step=3594240
SPS: 1508
Epoch: 158, global_step=3617280
SPS: 1510
Epoch: 159, global_step=3640320
SPS: 1513
Epoch: 160, global_step=3663360
SPS: 1515
Epoch: 161, global_step=3686400
SPS: 1518
Epoch: 162, global_step=3709440
SPS: 1520
Epoch: 163, global_step=3732480
SPS: 1522
Epoch: 164, global_step=3755520
SPS: 1525
Epoch: 165, global_step=3778560
SPS: 1527
Epoch: 166, global_step=3801600
SPS: 1530
Epoch: 167, global_step=3824640
SPS: 1532
Epoch: 168, global_step=3847680
SPS: 1534
Epoch: 169, global_step=3870720
SPS: 1536
Epoch: 170, global_step=3893760
SPS: 1539
Epoch: 171, global_step=3916800
SPS: 1541
Epoch: 172, global_step=3939840
SPS: 1543
Epoch: 173, global_step=3962880
SPS: 1545
Epoch: 174, global_step=3985920
SPS: 1547
Epoch: 175, global_step=4008960
SPS: 1550
Epoch: 176, global_step=4032000
Evaluating
Evaluated 17280 steps resulting in 192 episodes
[32mEvaluation Metric: success_once[0m | [36mMean: 0.4635[0m
[32mEvaluation Metric: return[0m | [36mMean: 12.7500[0m
[32mEvaluation Metric: episode_len[0m | [36mMean: 90.0000[0m
[32mEvaluation Metric: reward[0m | [36mMean: 0.1417[0m
[32mEvaluation Metric: success_at_end[0m | [36mMean: 0.1354[0m
model saved to checkpoints/ppo_memtasks/rgb_joints_belief/normalized_dense/InterceptFast-v0/ppo-cvae-v2-interceptfast-99__99__rgb_joints_belief__20260128_011917/20260128_011917/ckpt_7_176.pt
SPS: 1496
Epoch: 177, global_step=4055040
SPS: 1498
Epoch: 178, global_step=4078080
SPS: 1500
Epoch: 179, global_step=4101120
SPS: 1502
Epoch: 180, global_step=4124160
SPS: 1505
Epoch: 181, global_step=4147200
SPS: 1507
Epoch: 182, global_step=4170240
SPS: 1509
Epoch: 183, global_step=4193280
SPS: 1511
Epoch: 184, global_step=4216320
SPS: 1513
Epoch: 185, global_step=4239360
SPS: 1515
Epoch: 186, global_step=4262400
SPS: 1517
Epoch: 187, global_step=4285440
SPS: 1519
Epoch: 188, global_step=4308480
SPS: 1521
Epoch: 189, global_step=4331520
SPS: 1523
Epoch: 190, global_step=4354560
SPS: 1525
Epoch: 191, global_step=4377600
SPS: 1527
Epoch: 192, global_step=4400640
SPS: 1529
Epoch: 193, global_step=4423680
SPS: 1531
Epoch: 194, global_step=4446720
SPS: 1533
Epoch: 195, global_step=4469760
SPS: 1535
Epoch: 196, global_step=4492800
SPS: 1537
Epoch: 197, global_step=4515840
SPS: 1539
Epoch: 198, global_step=4538880
SPS: 1541
Epoch: 199, global_step=4561920
SPS: 1543
Epoch: 200, global_step=4584960
SPS: 1545
Epoch: 201, global_step=4608000
Evaluating
Evaluated 17280 steps resulting in 192 episodes
[32mEvaluation Metric: success_once[0m | [36mMean: 0.5104[0m
[32mEvaluation Metric: return[0m | [36mMean: 13.8813[0m
[32mEvaluation Metric: episode_len[0m | [36mMean: 90.0000[0m
[32mEvaluation Metric: reward[0m | [36mMean: 0.1542[0m
[32mEvaluation Metric: success_at_end[0m | [36mMean: 0.0417[0m
model saved to checkpoints/ppo_memtasks/rgb_joints_belief/normalized_dense/InterceptFast-v0/ppo-cvae-v2-interceptfast-99__99__rgb_joints_belief__20260128_011917/20260128_011917/ckpt_8_201.pt
SPS: 1495
Epoch: 202, global_step=4631040
SPS: 1497
Epoch: 203, global_step=4654080
SPS: 1499
Epoch: 204, global_step=4677120
SPS: 1501
Epoch: 205, global_step=4700160
SPS: 1503
Epoch: 206, global_step=4723200
SPS: 1505
Epoch: 207, global_step=4746240
SPS: 1507
Epoch: 208, global_step=4769280
SPS: 1509
Epoch: 209, global_step=4792320
SPS: 1511
Epoch: 210, global_step=4815360
SPS: 1513
Epoch: 211, global_step=4838400
SPS: 1514
Epoch: 212, global_step=4861440
SPS: 1516
Epoch: 213, global_step=4884480
SPS: 1518
Epoch: 214, global_step=4907520
SPS: 1520
Epoch: 215, global_step=4930560
SPS: 1522
Epoch: 216, global_step=4953600
SPS: 1524
Epoch: 217, global_step=4976640
SPS: 1526
Epoch: 218, global_step=4999680
SPS: 1528
Epoch: 219, global_step=5022720
SPS: 1529
Epoch: 220, global_step=5045760
SPS: 1531
Epoch: 221, global_step=5068800
SPS: 1533
Epoch: 222, global_step=5091840
SPS: 1535
Epoch: 223, global_step=5114880
SPS: 1536
Epoch: 224, global_step=5137920
SPS: 1538
Epoch: 225, global_step=5160960
SPS: 1540
Epoch: 226, global_step=5184000
Evaluating
Evaluated 17280 steps resulting in 192 episodes
[32mEvaluation Metric: success_once[0m | [36mMean: 0.5365[0m
[32mEvaluation Metric: return[0m | [36mMean: 13.2509[0m
[32mEvaluation Metric: episode_len[0m | [36mMean: 90.0000[0m
[32mEvaluation Metric: reward[0m | [36mMean: 0.1472[0m
[32mEvaluation Metric: success_at_end[0m | [36mMean: 0.0521[0m
model saved to checkpoints/ppo_memtasks/rgb_joints_belief/normalized_dense/InterceptFast-v0/ppo-cvae-v2-interceptfast-99__99__rgb_joints_belief__20260128_011917/20260128_011917/ckpt_9_226.pt
SPS: 1498
Epoch: 227, global_step=5207040
SPS: 1500
Epoch: 228, global_step=5230080
SPS: 1502
Epoch: 229, global_step=5253120
SPS: 1503
Epoch: 230, global_step=5276160
SPS: 1505
Epoch: 231, global_step=5299200
SPS: 1507
Epoch: 232, global_step=5322240
SPS: 1508
Epoch: 233, global_step=5345280
SPS: 1510
Epoch: 234, global_step=5368320
SPS: 1512
Epoch: 235, global_step=5391360
SPS: 1514
Epoch: 236, global_step=5414400
SPS: 1515
Epoch: 237, global_step=5437440
SPS: 1517
Epoch: 238, global_step=5460480
SPS: 1519
Epoch: 239, global_step=5483520
SPS: 1521
Epoch: 240, global_step=5506560
SPS: 1522
Epoch: 241, global_step=5529600
SPS: 1524
Epoch: 242, global_step=5552640
SPS: 1525
Epoch: 243, global_step=5575680
SPS: 1527
Epoch: 244, global_step=5598720
SPS: 1529
Epoch: 245, global_step=5621760
SPS: 1530
Epoch: 246, global_step=5644800
SPS: 1532
Epoch: 247, global_step=5667840
SPS: 1534
Epoch: 248, global_step=5690880
SPS: 1535
Epoch: 249, global_step=5713920
SPS: 1537
Epoch: 250, global_step=5736960
SPS: 1539
Epoch: 251, global_step=5760000
Evaluating
Evaluated 17280 steps resulting in 192 episodes
[32mEvaluation Metric: success_once[0m | [36mMean: 0.6458[0m
[32mEvaluation Metric: return[0m | [36mMean: 16.5658[0m
[32mEvaluation Metric: episode_len[0m | [36mMean: 90.0000[0m
[32mEvaluation Metric: reward[0m | [36mMean: 0.1841[0m
[32mEvaluation Metric: success_at_end[0m | [36mMean: 0.0573[0m
model saved to checkpoints/ppo_memtasks/rgb_joints_belief/normalized_dense/InterceptFast-v0/ppo-cvae-v2-interceptfast-99__99__rgb_joints_belief__20260128_011917/20260128_011917/ckpt_10_251.pt
SPS: 1503
Epoch: 252, global_step=5783040
SPS: 1504
Epoch: 253, global_step=5806080
SPS: 1506
Epoch: 254, global_step=5829120
SPS: 1507
Epoch: 255, global_step=5852160
SPS: 1509
Epoch: 256, global_step=5875200
SPS: 1511
Epoch: 257, global_step=5898240
SPS: 1512
Epoch: 258, global_step=5921280
SPS: 1514
Epoch: 259, global_step=5944320
SPS: 1515
Epoch: 260, global_step=5967360
SPS: 1517
Epoch: 261, global_step=5990400
SPS: 1519
Epoch: 262, global_step=6013440
SPS: 1520
Epoch: 263, global_step=6036480
SPS: 1522
Epoch: 264, global_step=6059520
SPS: 1523
Epoch: 265, global_step=6082560
SPS: 1525
Epoch: 266, global_step=6105600
SPS: 1526
Epoch: 267, global_step=6128640
SPS: 1528
Epoch: 268, global_step=6151680
SPS: 1529
Epoch: 269, global_step=6174720
SPS: 1531
Epoch: 270, global_step=6197760
SPS: 1532
Epoch: 271, global_step=6220800
SPS: 1534
Epoch: 272, global_step=6243840
SPS: 1535
Epoch: 273, global_step=6266880
SPS: 1537
Epoch: 274, global_step=6289920
SPS: 1538
Epoch: 275, global_step=6312960
SPS: 1540
Epoch: 276, global_step=6336000
Evaluating
Evaluated 17280 steps resulting in 192 episodes
[32mEvaluation Metric: success_once[0m | [36mMean: 0.7604[0m
[32mEvaluation Metric: return[0m | [36mMean: 20.0504[0m
[32mEvaluation Metric: episode_len[0m | [36mMean: 90.0000[0m
[32mEvaluation Metric: reward[0m | [36mMean: 0.2228[0m
[32mEvaluation Metric: success_at_end[0m | [36mMean: 0.1146[0m
model saved to checkpoints/ppo_memtasks/rgb_joints_belief/normalized_dense/InterceptFast-v0/ppo-cvae-v2-interceptfast-99__99__rgb_joints_belief__20260128_011917/20260128_011917/ckpt_11_276.pt
SPS: 1506
Epoch: 277, global_step=6359040
SPS: 1507
Epoch: 278, global_step=6382080
SPS: 1509
Epoch: 279, global_step=6405120
SPS: 1510
Epoch: 280, global_step=6428160
SPS: 1511
Epoch: 281, global_step=6451200
SPS: 1513
Epoch: 282, global_step=6474240
SPS: 1514
Epoch: 283, global_step=6497280
SPS: 1516
Epoch: 284, global_step=6520320
SPS: 1517
Epoch: 285, global_step=6543360
SPS: 1519
Epoch: 286, global_step=6566400
SPS: 1520
Epoch: 287, global_step=6589440
SPS: 1521
Epoch: 288, global_step=6612480
SPS: 1523
Epoch: 289, global_step=6635520
SPS: 1524
Epoch: 290, global_step=6658560
SPS: 1526
Epoch: 291, global_step=6681600
SPS: 1527
Epoch: 292, global_step=6704640
SPS: 1528
Epoch: 293, global_step=6727680
SPS: 1530
Epoch: 294, global_step=6750720
SPS: 1531
Epoch: 295, global_step=6773760
SPS: 1532
Epoch: 296, global_step=6796800
SPS: 1534
Epoch: 297, global_step=6819840
SPS: 1535
Epoch: 298, global_step=6842880
SPS: 1536
Epoch: 299, global_step=6865920
SPS: 1537
Epoch: 300, global_step=6888960
SPS: 1539
Epoch: 301, global_step=6912000
Evaluating
Evaluated 17280 steps resulting in 192 episodes
[32mEvaluation Metric: success_once[0m | [36mMean: 0.6146[0m
[32mEvaluation Metric: return[0m | [36mMean: 16.5003[0m
[32mEvaluation Metric: episode_len[0m | [36mMean: 90.0000[0m
[32mEvaluation Metric: reward[0m | [36mMean: 0.1833[0m
[32mEvaluation Metric: success_at_end[0m | [36mMean: 0.0885[0m
model saved to checkpoints/ppo_memtasks/rgb_joints_belief/normalized_dense/InterceptFast-v0/ppo-cvae-v2-interceptfast-99__99__rgb_joints_belief__20260128_011917/20260128_011917/ckpt_12_301.pt
SPS: 1507
Epoch: 302, global_step=6935040
SPS: 1508
Epoch: 303, global_step=6958080
SPS: 1509
Epoch: 304, global_step=6981120
SPS: 1510
Epoch: 305, global_step=7004160
SPS: 1512
Epoch: 306, global_step=7027200
SPS: 1513
Epoch: 307, global_step=7050240
SPS: 1514
Epoch: 308, global_step=7073280
SPS: 1515
Epoch: 309, global_step=7096320
SPS: 1517
Epoch: 310, global_step=7119360
SPS: 1518
Epoch: 311, global_step=7142400
SPS: 1519
Epoch: 312, global_step=7165440
SPS: 1520
Epoch: 313, global_step=7188480
SPS: 1522
Epoch: 314, global_step=7211520
SPS: 1523
Epoch: 315, global_step=7234560
SPS: 1524
Epoch: 316, global_step=7257600
SPS: 1525
Epoch: 317, global_step=7280640
SPS: 1526
Epoch: 318, global_step=7303680
SPS: 1528
Epoch: 319, global_step=7326720
SPS: 1529
Epoch: 320, global_step=7349760
SPS: 1530
Epoch: 321, global_step=7372800
SPS: 1531
Epoch: 322, global_step=7395840
SPS: 1532
Epoch: 323, global_step=7418880
SPS: 1533
Epoch: 324, global_step=7441920
SPS: 1535
Epoch: 325, global_step=7464960
SPS: 1536
Epoch: 326, global_step=7488000
Evaluating
Evaluated 17280 steps resulting in 192 episodes
[32mEvaluation Metric: success_once[0m | [36mMean: 0.6042[0m
[32mEvaluation Metric: return[0m | [36mMean: 17.2187[0m
[32mEvaluation Metric: episode_len[0m | [36mMean: 90.0000[0m
[32mEvaluation Metric: reward[0m | [36mMean: 0.1913[0m
[32mEvaluation Metric: success_at_end[0m | [36mMean: 0.0625[0m
model saved to checkpoints/ppo_memtasks/rgb_joints_belief/normalized_dense/InterceptFast-v0/ppo-cvae-v2-interceptfast-99__99__rgb_joints_belief__20260128_011917/20260128_011917/ckpt_13_326.pt
SPS: 1506
Epoch: 327, global_step=7511040
SPS: 1507
Epoch: 328, global_step=7534080
SPS: 1508
Epoch: 329, global_step=7557120
SPS: 1509
Epoch: 330, global_step=7580160
SPS: 1510
Epoch: 331, global_step=7603200
SPS: 1511
Epoch: 332, global_step=7626240
SPS: 1513
Epoch: 333, global_step=7649280
SPS: 1514
Epoch: 334, global_step=7672320
SPS: 1515
Epoch: 335, global_step=7695360
SPS: 1516
Epoch: 336, global_step=7718400
SPS: 1517
Epoch: 337, global_step=7741440
SPS: 1518
Epoch: 338, global_step=7764480
SPS: 1520
Epoch: 339, global_step=7787520
SPS: 1521
Epoch: 340, global_step=7810560
SPS: 1522
Epoch: 341, global_step=7833600
SPS: 1523
Epoch: 342, global_step=7856640
SPS: 1524
Epoch: 343, global_step=7879680
SPS: 1525
Epoch: 344, global_step=7902720
SPS: 1526
Epoch: 345, global_step=7925760
SPS: 1527
Epoch: 346, global_step=7948800
SPS: 1528
Epoch: 347, global_step=7971840
SPS: 1530
Epoch: 348, global_step=7994880
SPS: 1531
Epoch: 349, global_step=8017920
SPS: 1532
Epoch: 350, global_step=8040960
SPS: 1533
Epoch: 351, global_step=8064000
Evaluating
Evaluated 17280 steps resulting in 192 episodes
[32mEvaluation Metric: success_once[0m | [36mMean: 0.8229[0m
[32mEvaluation Metric: return[0m | [36mMean: 18.7462[0m
[32mEvaluation Metric: episode_len[0m | [36mMean: 90.0000[0m
[32mEvaluation Metric: reward[0m | [36mMean: 0.2083[0m
[32mEvaluation Metric: success_at_end[0m | [36mMean: 0.0781[0m
model saved to checkpoints/ppo_memtasks/rgb_joints_belief/normalized_dense/InterceptFast-v0/ppo-cvae-v2-interceptfast-99__99__rgb_joints_belief__20260128_011917/20260128_011917/ckpt_14_351.pt
SPS: 1507
Epoch: 352, global_step=8087040
SPS: 1508
Epoch: 353, global_step=8110080
SPS: 1509
Epoch: 354, global_step=8133120
SPS: 1510
Epoch: 355, global_step=8156160
SPS: 1511
Epoch: 356, global_step=8179200
SPS: 1512
Epoch: 357, global_step=8202240
SPS: 1513
Epoch: 358, global_step=8225280
SPS: 1514
Epoch: 359, global_step=8248320
SPS: 1515
Epoch: 360, global_step=8271360
SPS: 1516
Epoch: 361, global_step=8294400
SPS: 1517
Epoch: 362, global_step=8317440
SPS: 1518
Epoch: 363, global_step=8340480
SPS: 1519
Epoch: 364, global_step=8363520
SPS: 1520
Epoch: 365, global_step=8386560
SPS: 1521
Epoch: 366, global_step=8409600
SPS: 1522
Epoch: 367, global_step=8432640
SPS: 1524
Epoch: 368, global_step=8455680
SPS: 1525
Epoch: 369, global_step=8478720
SPS: 1526
Epoch: 370, global_step=8501760
SPS: 1527
Epoch: 371, global_step=8524800
SPS: 1528
Epoch: 372, global_step=8547840
SPS: 1529
Epoch: 373, global_step=8570880
SPS: 1530
Epoch: 374, global_step=8593920
SPS: 1531
Epoch: 375, global_step=8616960
SPS: 1532
Epoch: 376, global_step=8640000
Evaluating
Evaluated 17280 steps resulting in 192 episodes
[32mEvaluation Metric: success_once[0m | [36mMean: 0.8385[0m
[32mEvaluation Metric: return[0m | [36mMean: 22.0360[0m
[32mEvaluation Metric: episode_len[0m | [36mMean: 90.0000[0m
[32mEvaluation Metric: reward[0m | [36mMean: 0.2448[0m
[32mEvaluation Metric: success_at_end[0m | [36mMean: 0.0990[0m
model saved to checkpoints/ppo_memtasks/rgb_joints_belief/normalized_dense/InterceptFast-v0/ppo-cvae-v2-interceptfast-99__99__rgb_joints_belief__20260128_011917/20260128_011917/ckpt_15_376.pt
SPS: 1506
Epoch: 377, global_step=8663040
SPS: 1507
Epoch: 378, global_step=8686080
SPS: 1508
Epoch: 379, global_step=8709120
SPS: 1509
Epoch: 380, global_step=8732160
SPS: 1510
Epoch: 381, global_step=8755200
SPS: 1511
Epoch: 382, global_step=8778240
SPS: 1512
Epoch: 383, global_step=8801280
SPS: 1513
Epoch: 384, global_step=8824320
SPS: 1514
Epoch: 385, global_step=8847360
SPS: 1515
Epoch: 386, global_step=8870400
SPS: 1516
Epoch: 387, global_step=8893440
SPS: 1517
Epoch: 388, global_step=8916480
SPS: 1518
Epoch: 389, global_step=8939520
SPS: 1519
Epoch: 390, global_step=8962560
SPS: 1520
Epoch: 391, global_step=8985600
SPS: 1521
Epoch: 392, global_step=9008640
SPS: 1522
Epoch: 393, global_step=9031680
SPS: 1523
Epoch: 394, global_step=9054720
SPS: 1524
Epoch: 395, global_step=9077760
SPS: 1525
Epoch: 396, global_step=9100800
SPS: 1526
Epoch: 397, global_step=9123840
SPS: 1527
Epoch: 398, global_step=9146880
SPS: 1528
Epoch: 399, global_step=9169920
SPS: 1529
Epoch: 400, global_step=9192960
SPS: 1530
Epoch: 401, global_step=9216000
Evaluating
Evaluated 17280 steps resulting in 192 episodes
[32mEvaluation Metric: success_once[0m | [36mMean: 0.7604[0m
[32mEvaluation Metric: return[0m | [36mMean: 21.3431[0m
[32mEvaluation Metric: episode_len[0m | [36mMean: 90.0000[0m
[32mEvaluation Metric: reward[0m | [36mMean: 0.2371[0m
[32mEvaluation Metric: success_at_end[0m | [36mMean: 0.0677[0m
model saved to checkpoints/ppo_memtasks/rgb_joints_belief/normalized_dense/InterceptFast-v0/ppo-cvae-v2-interceptfast-99__99__rgb_joints_belief__20260128_011917/20260128_011917/ckpt_16_401.pt
SPS: 1506
Epoch: 402, global_step=9239040
SPS: 1507
Epoch: 403, global_step=9262080
SPS: 1508
Epoch: 404, global_step=9285120
SPS: 1509
Epoch: 405, global_step=9308160
SPS: 1510
Epoch: 406, global_step=9331200
SPS: 1511
Epoch: 407, global_step=9354240
SPS: 1512
Epoch: 408, global_step=9377280
SPS: 1513
Epoch: 409, global_step=9400320
SPS: 1514
Epoch: 410, global_step=9423360
SPS: 1515
Epoch: 411, global_step=9446400
SPS: 1515
Epoch: 412, global_step=9469440
SPS: 1516
Epoch: 413, global_step=9492480
SPS: 1517
Epoch: 414, global_step=9515520
SPS: 1518
Epoch: 415, global_step=9538560
SPS: 1519
Epoch: 416, global_step=9561600
SPS: 1520
Epoch: 417, global_step=9584640
SPS: 1521
Epoch: 418, global_step=9607680
SPS: 1522
Epoch: 419, global_step=9630720
SPS: 1523
Epoch: 420, global_step=9653760
SPS: 1524
Epoch: 421, global_step=9676800
SPS: 1525
Epoch: 422, global_step=9699840
SPS: 1526
Epoch: 423, global_step=9722880
SPS: 1526
Epoch: 424, global_step=9745920
SPS: 1527
Epoch: 425, global_step=9768960
SPS: 1528
Epoch: 426, global_step=9792000
Evaluating
Evaluated 17280 steps resulting in 192 episodes
[32mEvaluation Metric: success_once[0m | [36mMean: 0.5677[0m
[32mEvaluation Metric: return[0m | [36mMean: 17.3306[0m
[32mEvaluation Metric: episode_len[0m | [36mMean: 90.0000[0m
[32mEvaluation Metric: reward[0m | [36mMean: 0.1926[0m
[32mEvaluation Metric: success_at_end[0m | [36mMean: 0.0365[0m
model saved to checkpoints/ppo_memtasks/rgb_joints_belief/normalized_dense/InterceptFast-v0/ppo-cvae-v2-interceptfast-99__99__rgb_joints_belief__20260128_011917/20260128_011917/ckpt_17_426.pt
SPS: 1505
Epoch: 427, global_step=9815040
SPS: 1506
Epoch: 428, global_step=9838080
SPS: 1507
Epoch: 429, global_step=9861120
SPS: 1508
Epoch: 430, global_step=9884160
SPS: 1509
Epoch: 431, global_step=9907200
SPS: 1510
Epoch: 432, global_step=9930240
SPS: 1510
Epoch: 433, global_step=9953280
SPS: 1511
Epoch: 434, global_step=9976320
SPS: 1512
model saved to checkpoints/ppo_memtasks/rgb_joints_belief/normalized_dense/InterceptFast-v0/ppo-cvae-v2-interceptfast-99__99__rgb_joints_belief__20260128_011917/20260128_011917/final_ckpt.pt
