Enabling podman.socket for user: s4176650
Running Intercept-Medium (BELIEF), seed 33

===========================================================================
║                        Environment Configuration                        ║
===========================================================================
║ Environment ID: InterceptMedium-v0                                      ║
║ Oracle Info:    None                                                    ║
║ Wrappers:                                                               ║
║    ├─ InitialZeroActionWrapper                                         ║
║    │  └─ {'n_initial_steps': 0}                                           ║
║    ├─ RenderStepInfoWrapper                                            ║
║    ├─ RenderRewardInfoWrapper                                          ║
║    ├─ DebugRewardWrapper                                               ║
║-------------------------------------------------------------------------║
║ include_state:       False │ state will not be used                ║
║ include_rgb:         True  │ rgb images will be used               ║
║ include_oracle:      False │ oracle info will not be used          ║
║ include_joints:      True  │ joints will be used                   ║
===========================================================================

MODE='rgb_joints_belief'
prompt_info=None
Saving eval videos to checkpoints/ppo_memtasks/rgb_joints_belief/normalized_dense/InterceptMedium-v0/ppo-belief-interceptmedium-33__33__rgb_joints_belief__20260127_035552/20260127_035552/videos
======================================================================
Max Episode Steps: 90
======================================================================

Loading belief model from /local/s4176650/sphinx/storage/InterceptMedium-v0_vae_mikasa_last5/final_vae_model.pt
  phi_dim=16, latent_dim=32
Belief model loaded successfully. Memory size: 768
Running training

####
args.num_iterations=434 args.num_envs=256 args.num_eval_envs=16
args.minibatch_size=720 args.batch_size=23040 args.update_epochs=2
####

sample_obs.keys()=dict_keys(['joints', 'rgb'])
joints: torch.Size([256, 25])
rgb: torch.Size([256, 128, 128, 3])


Epoch: 1, global_step=0
Evaluating
Evaluated 17280 steps resulting in 192 episodes
[32mEvaluation Metric: success_once[0m | [36mMean: 0.0000[0m
[32mEvaluation Metric: return[0m | [36mMean: 1.0488[0m
[32mEvaluation Metric: episode_len[0m | [36mMean: 90.0000[0m
[32mEvaluation Metric: reward[0m | [36mMean: 0.0117[0m
[32mEvaluation Metric: success_at_end[0m | [36mMean: 0.0000[0m
model saved to checkpoints/ppo_memtasks/rgb_joints_belief/normalized_dense/InterceptMedium-v0/ppo-belief-interceptmedium-33__33__rgb_joints_belief__20260127_035552/20260127_035552/ckpt_0_1.pt
SPS: 244
Epoch: 2, global_step=23040
SPS: 443
Epoch: 3, global_step=46080
SPS: 607
Epoch: 4, global_step=69120
SPS: 744
Epoch: 5, global_step=92160
SPS: 858
Epoch: 6, global_step=115200
SPS: 955
Epoch: 7, global_step=138240
SPS: 1035
Epoch: 8, global_step=161280
SPS: 1104
Epoch: 9, global_step=184320
SPS: 1164
Epoch: 10, global_step=207360
SPS: 1216
Epoch: 11, global_step=230400
SPS: 1263
Epoch: 12, global_step=253440
SPS: 1302
Epoch: 13, global_step=276480
SPS: 1339
Epoch: 14, global_step=299520
SPS: 1374
Epoch: 15, global_step=322560
SPS: 1406
Epoch: 16, global_step=345600
SPS: 1437
Epoch: 17, global_step=368640
SPS: 1465
Epoch: 18, global_step=391680
SPS: 1491
Epoch: 19, global_step=414720
SPS: 1515
Epoch: 20, global_step=437760
SPS: 1537
Epoch: 21, global_step=460800
SPS: 1557
Epoch: 22, global_step=483840
SPS: 1577
Epoch: 23, global_step=506880
SPS: 1594
Epoch: 24, global_step=529920
SPS: 1611
Epoch: 25, global_step=552960
SPS: 1628
Epoch: 26, global_step=576000
Evaluating
Evaluated 17280 steps resulting in 192 episodes
[32mEvaluation Metric: success_once[0m | [36mMean: 0.0156[0m
[32mEvaluation Metric: return[0m | [36mMean: 4.5842[0m
[32mEvaluation Metric: episode_len[0m | [36mMean: 90.0000[0m
[32mEvaluation Metric: reward[0m | [36mMean: 0.0509[0m
[32mEvaluation Metric: success_at_end[0m | [36mMean: 0.0052[0m
model saved to checkpoints/ppo_memtasks/rgb_joints_belief/normalized_dense/InterceptMedium-v0/ppo-belief-interceptmedium-33__33__rgb_joints_belief__20260127_035552/20260127_035552/ckpt_1_26.pt
SPS: 1306
Epoch: 27, global_step=599040
SPS: 1325
Epoch: 28, global_step=622080
SPS: 1342
Epoch: 29, global_step=645120
SPS: 1360
Epoch: 30, global_step=668160
SPS: 1376
Epoch: 31, global_step=691200
SPS: 1393
Epoch: 32, global_step=714240
SPS: 1408
Epoch: 33, global_step=737280
SPS: 1423
Epoch: 34, global_step=760320
SPS: 1437
Epoch: 35, global_step=783360
SPS: 1451
Epoch: 36, global_step=806400
SPS: 1464
Epoch: 37, global_step=829440
SPS: 1477
Epoch: 38, global_step=852480
SPS: 1490
Epoch: 39, global_step=875520
SPS: 1502
Epoch: 40, global_step=898560
SPS: 1513
Epoch: 41, global_step=921600
SPS: 1524
Epoch: 42, global_step=944640
SPS: 1535
Epoch: 43, global_step=967680
SPS: 1545
Epoch: 44, global_step=990720
SPS: 1555
Epoch: 45, global_step=1013760
SPS: 1565
Epoch: 46, global_step=1036800
SPS: 1575
Epoch: 47, global_step=1059840
SPS: 1584
Epoch: 48, global_step=1082880
SPS: 1593
Epoch: 49, global_step=1105920
SPS: 1601
Epoch: 50, global_step=1128960
SPS: 1609
Epoch: 51, global_step=1152000
Evaluating
Evaluated 17280 steps resulting in 192 episodes
[32mEvaluation Metric: success_once[0m | [36mMean: 0.2760[0m
[32mEvaluation Metric: return[0m | [36mMean: 10.3374[0m
[32mEvaluation Metric: episode_len[0m | [36mMean: 90.0000[0m
[32mEvaluation Metric: reward[0m | [36mMean: 0.1149[0m
[32mEvaluation Metric: success_at_end[0m | [36mMean: 0.0990[0m
model saved to checkpoints/ppo_memtasks/rgb_joints_belief/normalized_dense/InterceptMedium-v0/ppo-belief-interceptmedium-33__33__rgb_joints_belief__20260127_035552/20260127_035552/ckpt_2_51.pt
SPS: 1433
Epoch: 52, global_step=1175040
SPS: 1442
Epoch: 53, global_step=1198080
SPS: 1451
Epoch: 54, global_step=1221120
SPS: 1460
Epoch: 55, global_step=1244160
SPS: 1469
Epoch: 56, global_step=1267200
SPS: 1477
Epoch: 57, global_step=1290240
SPS: 1485
Epoch: 58, global_step=1313280
SPS: 1493
Epoch: 59, global_step=1336320
SPS: 1501
Epoch: 60, global_step=1359360
SPS: 1509
Epoch: 61, global_step=1382400
SPS: 1516
Epoch: 62, global_step=1405440
SPS: 1523
Epoch: 63, global_step=1428480
SPS: 1530
Epoch: 64, global_step=1451520
SPS: 1537
Epoch: 65, global_step=1474560
SPS: 1544
Epoch: 66, global_step=1497600
SPS: 1550
Epoch: 67, global_step=1520640
SPS: 1557
Epoch: 68, global_step=1543680
SPS: 1563
Epoch: 69, global_step=1566720
SPS: 1569
Epoch: 70, global_step=1589760
SPS: 1575
Epoch: 71, global_step=1612800
SPS: 1581
Epoch: 72, global_step=1635840
SPS: 1587
Epoch: 73, global_step=1658880
SPS: 1592
Epoch: 74, global_step=1681920
SPS: 1598
Epoch: 75, global_step=1704960
SPS: 1604
Epoch: 76, global_step=1728000
Evaluating
Evaluated 17280 steps resulting in 192 episodes
[32mEvaluation Metric: success_once[0m | [36mMean: 0.4010[0m
[32mEvaluation Metric: return[0m | [36mMean: 11.8122[0m
[32mEvaluation Metric: episode_len[0m | [36mMean: 90.0000[0m
[32mEvaluation Metric: reward[0m | [36mMean: 0.1312[0m
[32mEvaluation Metric: success_at_end[0m | [36mMean: 0.1094[0m
model saved to checkpoints/ppo_memtasks/rgb_joints_belief/normalized_dense/InterceptMedium-v0/ppo-belief-interceptmedium-33__33__rgb_joints_belief__20260127_035552/20260127_035552/ckpt_3_76.pt
SPS: 1485
Epoch: 77, global_step=1751040
SPS: 1491
Epoch: 78, global_step=1774080
SPS: 1497
Epoch: 79, global_step=1797120
SPS: 1503
Epoch: 80, global_step=1820160
SPS: 1509
Epoch: 81, global_step=1843200
SPS: 1514
Epoch: 82, global_step=1866240
SPS: 1520
Epoch: 83, global_step=1889280
SPS: 1525
Epoch: 84, global_step=1912320
SPS: 1530
Epoch: 85, global_step=1935360
SPS: 1535
Epoch: 86, global_step=1958400
SPS: 1540
Epoch: 87, global_step=1981440
SPS: 1545
Epoch: 88, global_step=2004480
SPS: 1549
Epoch: 89, global_step=2027520
SPS: 1554
Epoch: 90, global_step=2050560
SPS: 1559
Epoch: 91, global_step=2073600
SPS: 1564
Epoch: 92, global_step=2096640
SPS: 1568
Epoch: 93, global_step=2119680
SPS: 1573
Epoch: 94, global_step=2142720
SPS: 1577
Epoch: 95, global_step=2165760
SPS: 1582
Epoch: 96, global_step=2188800
SPS: 1586
Epoch: 97, global_step=2211840
SPS: 1590
Epoch: 98, global_step=2234880
SPS: 1594
Epoch: 99, global_step=2257920
SPS: 1598
Epoch: 100, global_step=2280960
SPS: 1602
Epoch: 101, global_step=2304000
Evaluating
Evaluated 17280 steps resulting in 192 episodes
[32mEvaluation Metric: success_once[0m | [36mMean: 0.3229[0m
[32mEvaluation Metric: return[0m | [36mMean: 9.3615[0m
[32mEvaluation Metric: episode_len[0m | [36mMean: 90.0000[0m
[32mEvaluation Metric: reward[0m | [36mMean: 0.1040[0m
[32mEvaluation Metric: success_at_end[0m | [36mMean: 0.0729[0m
model saved to checkpoints/ppo_memtasks/rgb_joints_belief/normalized_dense/InterceptMedium-v0/ppo-belief-interceptmedium-33__33__rgb_joints_belief__20260127_035552/20260127_035552/ckpt_4_101.pt
SPS: 1508
Epoch: 102, global_step=2327040
SPS: 1512
Epoch: 103, global_step=2350080
SPS: 1517
Epoch: 104, global_step=2373120
SPS: 1521
Epoch: 105, global_step=2396160
SPS: 1525
Epoch: 106, global_step=2419200
SPS: 1529
Epoch: 107, global_step=2442240
SPS: 1533
Epoch: 108, global_step=2465280
SPS: 1537
Epoch: 109, global_step=2488320
SPS: 1542
Epoch: 110, global_step=2511360
SPS: 1546
Epoch: 111, global_step=2534400
SPS: 1550
Epoch: 112, global_step=2557440
SPS: 1554
Epoch: 113, global_step=2580480
SPS: 1558
Epoch: 114, global_step=2603520
SPS: 1562
Epoch: 115, global_step=2626560
SPS: 1565
Epoch: 116, global_step=2649600
SPS: 1569
Epoch: 117, global_step=2672640
SPS: 1573
Epoch: 118, global_step=2695680
SPS: 1577
Epoch: 119, global_step=2718720
SPS: 1581
Epoch: 120, global_step=2741760
SPS: 1584
Epoch: 121, global_step=2764800
SPS: 1588
Epoch: 122, global_step=2787840
SPS: 1591
Epoch: 123, global_step=2810880
SPS: 1595
Epoch: 124, global_step=2833920
SPS: 1598
Epoch: 125, global_step=2856960
SPS: 1601
Epoch: 126, global_step=2880000
Evaluating
Evaluated 17280 steps resulting in 192 episodes
[32mEvaluation Metric: success_once[0m | [36mMean: 0.2865[0m
[32mEvaluation Metric: return[0m | [36mMean: 8.9393[0m
[32mEvaluation Metric: episode_len[0m | [36mMean: 90.0000[0m
[32mEvaluation Metric: reward[0m | [36mMean: 0.0993[0m
[32mEvaluation Metric: success_at_end[0m | [36mMean: 0.0781[0m
model saved to checkpoints/ppo_memtasks/rgb_joints_belief/normalized_dense/InterceptMedium-v0/ppo-belief-interceptmedium-33__33__rgb_joints_belief__20260127_035552/20260127_035552/ckpt_5_126.pt
SPS: 1525
Epoch: 127, global_step=2903040
SPS: 1529
Epoch: 128, global_step=2926080
SPS: 1532
Epoch: 129, global_step=2949120
SPS: 1536
Epoch: 130, global_step=2972160
SPS: 1539
Epoch: 131, global_step=2995200
SPS: 1543
Epoch: 132, global_step=3018240
SPS: 1546
Epoch: 133, global_step=3041280
SPS: 1549
Epoch: 134, global_step=3064320
SPS: 1553
Epoch: 135, global_step=3087360
SPS: 1556
Epoch: 136, global_step=3110400
SPS: 1559
Epoch: 137, global_step=3133440
SPS: 1562
Epoch: 138, global_step=3156480
SPS: 1566
Epoch: 139, global_step=3179520
SPS: 1569
Epoch: 140, global_step=3202560
SPS: 1572
Epoch: 141, global_step=3225600
SPS: 1575
Epoch: 142, global_step=3248640
SPS: 1578
Epoch: 143, global_step=3271680
SPS: 1581
Epoch: 144, global_step=3294720
SPS: 1584
Epoch: 145, global_step=3317760
SPS: 1587
Epoch: 146, global_step=3340800
SPS: 1590
Epoch: 147, global_step=3363840
SPS: 1593
Epoch: 148, global_step=3386880
SPS: 1595
Epoch: 149, global_step=3409920
SPS: 1598
Epoch: 150, global_step=3432960
SPS: 1601
Epoch: 151, global_step=3456000
Evaluating
Evaluated 17280 steps resulting in 192 episodes
[32mEvaluation Metric: success_once[0m | [36mMean: 0.4062[0m
[32mEvaluation Metric: return[0m | [36mMean: 10.7621[0m
[32mEvaluation Metric: episode_len[0m | [36mMean: 90.0000[0m
[32mEvaluation Metric: reward[0m | [36mMean: 0.1196[0m
[32mEvaluation Metric: success_at_end[0m | [36mMean: 0.1042[0m
model saved to checkpoints/ppo_memtasks/rgb_joints_belief/normalized_dense/InterceptMedium-v0/ppo-belief-interceptmedium-33__33__rgb_joints_belief__20260127_035552/20260127_035552/ckpt_6_151.pt
SPS: 1539
Epoch: 152, global_step=3479040
SPS: 1542
Epoch: 153, global_step=3502080
SPS: 1545
Epoch: 154, global_step=3525120
SPS: 1548
Epoch: 155, global_step=3548160
SPS: 1551
Epoch: 156, global_step=3571200
SPS: 1554
Epoch: 157, global_step=3594240
SPS: 1557
Epoch: 158, global_step=3617280
SPS: 1560
Epoch: 159, global_step=3640320
SPS: 1562
Epoch: 160, global_step=3663360
SPS: 1565
Epoch: 161, global_step=3686400
SPS: 1568
Epoch: 162, global_step=3709440
SPS: 1571
Epoch: 163, global_step=3732480
SPS: 1573
Epoch: 164, global_step=3755520
SPS: 1576
Epoch: 165, global_step=3778560
SPS: 1579
Epoch: 166, global_step=3801600
SPS: 1581
Epoch: 167, global_step=3824640
SPS: 1584
Epoch: 168, global_step=3847680
SPS: 1587
Epoch: 169, global_step=3870720
SPS: 1589
Epoch: 170, global_step=3893760
SPS: 1591
Epoch: 171, global_step=3916800
SPS: 1594
Epoch: 172, global_step=3939840
SPS: 1596
Epoch: 173, global_step=3962880
SPS: 1599
Epoch: 174, global_step=3985920
SPS: 1602
Epoch: 175, global_step=4008960
SPS: 1604
Epoch: 176, global_step=4032000
Evaluating
Evaluated 17280 steps resulting in 192 episodes
[32mEvaluation Metric: success_once[0m | [36mMean: 0.3802[0m
[32mEvaluation Metric: return[0m | [36mMean: 10.4015[0m
[32mEvaluation Metric: episode_len[0m | [36mMean: 90.0000[0m
[32mEvaluation Metric: reward[0m | [36mMean: 0.1156[0m
[32mEvaluation Metric: success_at_end[0m | [36mMean: 0.0573[0m
model saved to checkpoints/ppo_memtasks/rgb_joints_belief/normalized_dense/InterceptMedium-v0/ppo-belief-interceptmedium-33__33__rgb_joints_belief__20260127_035552/20260127_035552/ckpt_7_176.pt
SPS: 1552
Epoch: 177, global_step=4055040
SPS: 1554
Epoch: 178, global_step=4078080
SPS: 1557
Epoch: 179, global_step=4101120
SPS: 1559
Epoch: 180, global_step=4124160
SPS: 1562
Epoch: 181, global_step=4147200
SPS: 1564
Epoch: 182, global_step=4170240
SPS: 1567
Epoch: 183, global_step=4193280
SPS: 1569
Epoch: 184, global_step=4216320
SPS: 1571
Epoch: 185, global_step=4239360
SPS: 1574
Epoch: 186, global_step=4262400
SPS: 1576
Epoch: 187, global_step=4285440
SPS: 1578
Epoch: 188, global_step=4308480
SPS: 1580
Epoch: 189, global_step=4331520
SPS: 1582
Epoch: 190, global_step=4354560
SPS: 1585
Epoch: 191, global_step=4377600
SPS: 1587
Epoch: 192, global_step=4400640
SPS: 1589
Epoch: 193, global_step=4423680
SPS: 1592
Epoch: 194, global_step=4446720
SPS: 1594
Epoch: 195, global_step=4469760
SPS: 1596
Epoch: 196, global_step=4492800
SPS: 1598
Epoch: 197, global_step=4515840
SPS: 1600
Epoch: 198, global_step=4538880
SPS: 1602
Epoch: 199, global_step=4561920
SPS: 1605
Epoch: 200, global_step=4584960
SPS: 1607
Epoch: 201, global_step=4608000
Evaluating
Evaluated 17280 steps resulting in 192 episodes
[32mEvaluation Metric: success_once[0m | [36mMean: 0.4948[0m
[32mEvaluation Metric: return[0m | [36mMean: 13.6098[0m
[32mEvaluation Metric: episode_len[0m | [36mMean: 90.0000[0m
[32mEvaluation Metric: reward[0m | [36mMean: 0.1512[0m
[32mEvaluation Metric: success_at_end[0m | [36mMean: 0.0885[0m
model saved to checkpoints/ppo_memtasks/rgb_joints_belief/normalized_dense/InterceptMedium-v0/ppo-belief-interceptmedium-33__33__rgb_joints_belief__20260127_035552/20260127_035552/ckpt_8_201.pt
SPS: 1560
Epoch: 202, global_step=4631040
SPS: 1563
Epoch: 203, global_step=4654080
SPS: 1565
Epoch: 204, global_step=4677120
SPS: 1567
Epoch: 205, global_step=4700160
SPS: 1569
Epoch: 206, global_step=4723200
SPS: 1571
Epoch: 207, global_step=4746240
SPS: 1573
Epoch: 208, global_step=4769280
SPS: 1575
Epoch: 209, global_step=4792320
SPS: 1577
Epoch: 210, global_step=4815360
SPS: 1579
Epoch: 211, global_step=4838400
SPS: 1581
Epoch: 212, global_step=4861440
SPS: 1583
Epoch: 213, global_step=4884480
SPS: 1585
Epoch: 214, global_step=4907520
SPS: 1587
Epoch: 215, global_step=4930560
SPS: 1589
Epoch: 216, global_step=4953600
SPS: 1591
Epoch: 217, global_step=4976640
SPS: 1593
Epoch: 218, global_step=4999680
SPS: 1595
Epoch: 219, global_step=5022720
SPS: 1597
Epoch: 220, global_step=5045760
SPS: 1599
Epoch: 221, global_step=5068800
SPS: 1601
Epoch: 222, global_step=5091840
SPS: 1603
Epoch: 223, global_step=5114880
SPS: 1605
Epoch: 224, global_step=5137920
SPS: 1607
Epoch: 225, global_step=5160960
SPS: 1609
Epoch: 226, global_step=5184000
Evaluating
Evaluated 17280 steps resulting in 192 episodes
[32mEvaluation Metric: success_once[0m | [36mMean: 0.6094[0m
[32mEvaluation Metric: return[0m | [36mMean: 16.9601[0m
[32mEvaluation Metric: episode_len[0m | [36mMean: 90.0000[0m
[32mEvaluation Metric: reward[0m | [36mMean: 0.1884[0m
[32mEvaluation Metric: success_at_end[0m | [36mMean: 0.1927[0m
model saved to checkpoints/ppo_memtasks/rgb_joints_belief/normalized_dense/InterceptMedium-v0/ppo-belief-interceptmedium-33__33__rgb_joints_belief__20260127_035552/20260127_035552/ckpt_9_226.pt
SPS: 1567
Epoch: 227, global_step=5207040
SPS: 1568
Epoch: 228, global_step=5230080
SPS: 1570
Epoch: 229, global_step=5253120
SPS: 1572
Epoch: 230, global_step=5276160
SPS: 1574
Epoch: 231, global_step=5299200
SPS: 1576
Epoch: 232, global_step=5322240
SPS: 1578
Epoch: 233, global_step=5345280
SPS: 1580
Epoch: 234, global_step=5368320
SPS: 1581
Epoch: 235, global_step=5391360
SPS: 1583
Epoch: 236, global_step=5414400
SPS: 1585
Epoch: 237, global_step=5437440
SPS: 1587
Epoch: 238, global_step=5460480
SPS: 1589
Epoch: 239, global_step=5483520
SPS: 1590
Epoch: 240, global_step=5506560
SPS: 1592
Epoch: 241, global_step=5529600
SPS: 1594
Epoch: 242, global_step=5552640
SPS: 1596
Epoch: 243, global_step=5575680
SPS: 1597
Epoch: 244, global_step=5598720
SPS: 1599
Epoch: 245, global_step=5621760
SPS: 1601
Epoch: 246, global_step=5644800
SPS: 1603
Epoch: 247, global_step=5667840
SPS: 1604
Epoch: 248, global_step=5690880
SPS: 1606
Epoch: 249, global_step=5713920
SPS: 1608
Epoch: 250, global_step=5736960
SPS: 1609
Epoch: 251, global_step=5760000
Evaluating
Evaluated 17280 steps resulting in 192 episodes
[32mEvaluation Metric: success_once[0m | [36mMean: 0.4531[0m
[32mEvaluation Metric: return[0m | [36mMean: 14.8242[0m
[32mEvaluation Metric: episode_len[0m | [36mMean: 90.0000[0m
[32mEvaluation Metric: reward[0m | [36mMean: 0.1647[0m
[32mEvaluation Metric: success_at_end[0m | [36mMean: 0.1615[0m
model saved to checkpoints/ppo_memtasks/rgb_joints_belief/normalized_dense/InterceptMedium-v0/ppo-belief-interceptmedium-33__33__rgb_joints_belief__20260127_035552/20260127_035552/ckpt_10_251.pt
SPS: 1569
Epoch: 252, global_step=5783040
SPS: 1571
Epoch: 253, global_step=5806080
SPS: 1573
Epoch: 254, global_step=5829120
SPS: 1575
Epoch: 255, global_step=5852160
SPS: 1576
Epoch: 256, global_step=5875200
SPS: 1578
Epoch: 257, global_step=5898240
SPS: 1580
Epoch: 258, global_step=5921280
SPS: 1581
Epoch: 259, global_step=5944320
SPS: 1583
Epoch: 260, global_step=5967360
SPS: 1585
Epoch: 261, global_step=5990400
SPS: 1586
Epoch: 262, global_step=6013440
SPS: 1588
Epoch: 263, global_step=6036480
SPS: 1590
Epoch: 264, global_step=6059520
SPS: 1591
Epoch: 265, global_step=6082560
SPS: 1593
Epoch: 266, global_step=6105600
SPS: 1594
Epoch: 267, global_step=6128640
SPS: 1596
Epoch: 268, global_step=6151680
SPS: 1598
Epoch: 269, global_step=6174720
SPS: 1599
Epoch: 270, global_step=6197760
SPS: 1601
Epoch: 271, global_step=6220800
SPS: 1602
Epoch: 272, global_step=6243840
SPS: 1604
Epoch: 273, global_step=6266880
SPS: 1605
Epoch: 274, global_step=6289920
SPS: 1607
Epoch: 275, global_step=6312960
SPS: 1608
Epoch: 276, global_step=6336000
Evaluating
Evaluated 17280 steps resulting in 192 episodes
[32mEvaluation Metric: success_once[0m | [36mMean: 0.4427[0m
[32mEvaluation Metric: return[0m | [36mMean: 14.3349[0m
[32mEvaluation Metric: episode_len[0m | [36mMean: 90.0000[0m
[32mEvaluation Metric: reward[0m | [36mMean: 0.1593[0m
[32mEvaluation Metric: success_at_end[0m | [36mMean: 0.1146[0m
model saved to checkpoints/ppo_memtasks/rgb_joints_belief/normalized_dense/InterceptMedium-v0/ppo-belief-interceptmedium-33__33__rgb_joints_belief__20260127_035552/20260127_035552/ckpt_11_276.pt
SPS: 1572
Epoch: 277, global_step=6359040
SPS: 1574
Epoch: 278, global_step=6382080
SPS: 1575
Epoch: 279, global_step=6405120
SPS: 1577
Epoch: 280, global_step=6428160
SPS: 1578
Epoch: 281, global_step=6451200
SPS: 1580
Epoch: 282, global_step=6474240
SPS: 1582
Epoch: 283, global_step=6497280
SPS: 1583
Epoch: 284, global_step=6520320
SPS: 1585
Epoch: 285, global_step=6543360
SPS: 1586
Epoch: 286, global_step=6566400
SPS: 1588
Epoch: 287, global_step=6589440
SPS: 1589
Epoch: 288, global_step=6612480
SPS: 1591
Epoch: 289, global_step=6635520
SPS: 1592
Epoch: 290, global_step=6658560
SPS: 1594
Epoch: 291, global_step=6681600
SPS: 1595
Epoch: 292, global_step=6704640
SPS: 1596
Epoch: 293, global_step=6727680
SPS: 1598
Epoch: 294, global_step=6750720
SPS: 1599
Epoch: 295, global_step=6773760
SPS: 1601
Epoch: 296, global_step=6796800
SPS: 1602
Epoch: 297, global_step=6819840
SPS: 1603
Epoch: 298, global_step=6842880
SPS: 1605
Epoch: 299, global_step=6865920
SPS: 1606
Epoch: 300, global_step=6888960
SPS: 1608
Epoch: 301, global_step=6912000
Evaluating
Evaluated 17280 steps resulting in 192 episodes
[32mEvaluation Metric: success_once[0m | [36mMean: 0.5365[0m
[32mEvaluation Metric: return[0m | [36mMean: 17.1419[0m
[32mEvaluation Metric: episode_len[0m | [36mMean: 90.0000[0m
[32mEvaluation Metric: reward[0m | [36mMean: 0.1905[0m
[32mEvaluation Metric: success_at_end[0m | [36mMean: 0.1823[0m
model saved to checkpoints/ppo_memtasks/rgb_joints_belief/normalized_dense/InterceptMedium-v0/ppo-belief-interceptmedium-33__33__rgb_joints_belief__20260127_035552/20260127_035552/ckpt_12_301.pt
SPS: 1575
Epoch: 302, global_step=6935040
SPS: 1577
Epoch: 303, global_step=6958080
SPS: 1578
Epoch: 304, global_step=6981120
SPS: 1580
Epoch: 305, global_step=7004160
SPS: 1581
Epoch: 306, global_step=7027200
SPS: 1582
Epoch: 307, global_step=7050240
SPS: 1584
Epoch: 308, global_step=7073280
SPS: 1585
Epoch: 309, global_step=7096320
SPS: 1587
Epoch: 310, global_step=7119360
SPS: 1588
Epoch: 311, global_step=7142400
SPS: 1589
Epoch: 312, global_step=7165440
SPS: 1591
Epoch: 313, global_step=7188480
SPS: 1592
Epoch: 314, global_step=7211520
SPS: 1594
Epoch: 315, global_step=7234560
SPS: 1595
Epoch: 316, global_step=7257600
SPS: 1596
Epoch: 317, global_step=7280640
SPS: 1598
Epoch: 318, global_step=7303680
SPS: 1599
Epoch: 319, global_step=7326720
SPS: 1600
Epoch: 320, global_step=7349760
SPS: 1602
Epoch: 321, global_step=7372800
SPS: 1603
Epoch: 322, global_step=7395840
SPS: 1604
Epoch: 323, global_step=7418880
SPS: 1606
Epoch: 324, global_step=7441920
SPS: 1607
Epoch: 325, global_step=7464960
SPS: 1608
Epoch: 326, global_step=7488000
Evaluating
Evaluated 17280 steps resulting in 192 episodes
[32mEvaluation Metric: success_once[0m | [36mMean: 0.4583[0m
[32mEvaluation Metric: return[0m | [36mMean: 16.3259[0m
[32mEvaluation Metric: episode_len[0m | [36mMean: 90.0000[0m
[32mEvaluation Metric: reward[0m | [36mMean: 0.1814[0m
[32mEvaluation Metric: success_at_end[0m | [36mMean: 0.2031[0m
model saved to checkpoints/ppo_memtasks/rgb_joints_belief/normalized_dense/InterceptMedium-v0/ppo-belief-interceptmedium-33__33__rgb_joints_belief__20260127_035552/20260127_035552/ckpt_13_326.pt
SPS: 1578
Epoch: 327, global_step=7511040
SPS: 1579
Epoch: 328, global_step=7534080
SPS: 1581
Epoch: 329, global_step=7557120
SPS: 1582
Epoch: 330, global_step=7580160
SPS: 1583
Epoch: 331, global_step=7603200
SPS: 1585
Epoch: 332, global_step=7626240
SPS: 1586
Epoch: 333, global_step=7649280
SPS: 1587
Epoch: 334, global_step=7672320
SPS: 1588
Epoch: 335, global_step=7695360
SPS: 1590
Epoch: 336, global_step=7718400
SPS: 1591
Epoch: 337, global_step=7741440
SPS: 1592
Epoch: 338, global_step=7764480
SPS: 1593
Epoch: 339, global_step=7787520
SPS: 1595
Epoch: 340, global_step=7810560
SPS: 1596
Epoch: 341, global_step=7833600
SPS: 1597
Epoch: 342, global_step=7856640
SPS: 1598
Epoch: 343, global_step=7879680
SPS: 1600
Epoch: 344, global_step=7902720
SPS: 1601
Epoch: 345, global_step=7925760
SPS: 1602
Epoch: 346, global_step=7948800
SPS: 1603
Epoch: 347, global_step=7971840
SPS: 1605
Epoch: 348, global_step=7994880
SPS: 1606
Epoch: 349, global_step=8017920
SPS: 1607
Epoch: 350, global_step=8040960
SPS: 1608
Epoch: 351, global_step=8064000
Evaluating
Evaluated 17280 steps resulting in 192 episodes
[32mEvaluation Metric: success_once[0m | [36mMean: 0.4948[0m
[32mEvaluation Metric: return[0m | [36mMean: 16.8604[0m
[32mEvaluation Metric: episode_len[0m | [36mMean: 90.0000[0m
[32mEvaluation Metric: reward[0m | [36mMean: 0.1873[0m
[32mEvaluation Metric: success_at_end[0m | [36mMean: 0.1406[0m
model saved to checkpoints/ppo_memtasks/rgb_joints_belief/normalized_dense/InterceptMedium-v0/ppo-belief-interceptmedium-33__33__rgb_joints_belief__20260127_035552/20260127_035552/ckpt_14_351.pt
SPS: 1580
Epoch: 352, global_step=8087040
SPS: 1581
Epoch: 353, global_step=8110080
SPS: 1582
Epoch: 354, global_step=8133120
SPS: 1584
Epoch: 355, global_step=8156160
SPS: 1585
Epoch: 356, global_step=8179200
SPS: 1586
Epoch: 357, global_step=8202240
SPS: 1587
Epoch: 358, global_step=8225280
SPS: 1588
Epoch: 359, global_step=8248320
SPS: 1589
Epoch: 360, global_step=8271360
SPS: 1591
Epoch: 361, global_step=8294400
SPS: 1592
Epoch: 362, global_step=8317440
SPS: 1593
Epoch: 363, global_step=8340480
SPS: 1594
Epoch: 364, global_step=8363520
SPS: 1595
Epoch: 365, global_step=8386560
SPS: 1596
Epoch: 366, global_step=8409600
SPS: 1598
Epoch: 367, global_step=8432640
SPS: 1599
Epoch: 368, global_step=8455680
SPS: 1600
Epoch: 369, global_step=8478720
SPS: 1601
Epoch: 370, global_step=8501760
SPS: 1602
Epoch: 371, global_step=8524800
SPS: 1603
Epoch: 372, global_step=8547840
SPS: 1604
Epoch: 373, global_step=8570880
SPS: 1605
Epoch: 374, global_step=8593920
SPS: 1606
Epoch: 375, global_step=8616960
SPS: 1607
Epoch: 376, global_step=8640000
Evaluating
Evaluated 17280 steps resulting in 192 episodes
[32mEvaluation Metric: success_once[0m | [36mMean: 0.5260[0m
[32mEvaluation Metric: return[0m | [36mMean: 16.3774[0m
[32mEvaluation Metric: episode_len[0m | [36mMean: 90.0000[0m
[32mEvaluation Metric: reward[0m | [36mMean: 0.1820[0m
[32mEvaluation Metric: success_at_end[0m | [36mMean: 0.1094[0m
model saved to checkpoints/ppo_memtasks/rgb_joints_belief/normalized_dense/InterceptMedium-v0/ppo-belief-interceptmedium-33__33__rgb_joints_belief__20260127_035552/20260127_035552/ckpt_15_376.pt
SPS: 1581
Epoch: 377, global_step=8663040
SPS: 1582
Epoch: 378, global_step=8686080
SPS: 1583
Epoch: 379, global_step=8709120
SPS: 1584
Epoch: 380, global_step=8732160
SPS: 1585
Epoch: 381, global_step=8755200
SPS: 1586
Epoch: 382, global_step=8778240
SPS: 1587
Epoch: 383, global_step=8801280
SPS: 1589
Epoch: 384, global_step=8824320
SPS: 1590
Epoch: 385, global_step=8847360
SPS: 1591
Epoch: 386, global_step=8870400
SPS: 1592
Epoch: 387, global_step=8893440
SPS: 1593
Epoch: 388, global_step=8916480
SPS: 1594
Epoch: 389, global_step=8939520
SPS: 1595
Epoch: 390, global_step=8962560
SPS: 1596
Epoch: 391, global_step=8985600
SPS: 1597
Epoch: 392, global_step=9008640
SPS: 1598
Epoch: 393, global_step=9031680
SPS: 1599
Epoch: 394, global_step=9054720
SPS: 1600
Epoch: 395, global_step=9077760
SPS: 1601
Epoch: 396, global_step=9100800
SPS: 1602
Epoch: 397, global_step=9123840
SPS: 1603
Epoch: 398, global_step=9146880
SPS: 1604
Epoch: 399, global_step=9169920
SPS: 1605
Epoch: 400, global_step=9192960
SPS: 1607
Epoch: 401, global_step=9216000
Evaluating
Evaluated 17280 steps resulting in 192 episodes
[32mEvaluation Metric: success_once[0m | [36mMean: 0.6250[0m
[32mEvaluation Metric: return[0m | [36mMean: 15.7990[0m
[32mEvaluation Metric: episode_len[0m | [36mMean: 90.0000[0m
[32mEvaluation Metric: reward[0m | [36mMean: 0.1755[0m
[32mEvaluation Metric: success_at_end[0m | [36mMean: 0.0469[0m
model saved to checkpoints/ppo_memtasks/rgb_joints_belief/normalized_dense/InterceptMedium-v0/ppo-belief-interceptmedium-33__33__rgb_joints_belief__20260127_035552/20260127_035552/ckpt_16_401.pt
SPS: 1582
Epoch: 402, global_step=9239040
SPS: 1583
Epoch: 403, global_step=9262080
SPS: 1584
Epoch: 404, global_step=9285120
SPS: 1585
Epoch: 405, global_step=9308160
SPS: 1586
Epoch: 406, global_step=9331200
SPS: 1587
Epoch: 407, global_step=9354240
SPS: 1588
Epoch: 408, global_step=9377280
SPS: 1589
Epoch: 409, global_step=9400320
SPS: 1590
Epoch: 410, global_step=9423360
SPS: 1591
Epoch: 411, global_step=9446400
SPS: 1592
Epoch: 412, global_step=9469440
SPS: 1593
Epoch: 413, global_step=9492480
SPS: 1594
Epoch: 414, global_step=9515520
SPS: 1595
Epoch: 415, global_step=9538560
SPS: 1596
Epoch: 416, global_step=9561600
SPS: 1597
Epoch: 417, global_step=9584640
SPS: 1598
Epoch: 418, global_step=9607680
SPS: 1599
Epoch: 419, global_step=9630720
SPS: 1600
Epoch: 420, global_step=9653760
SPS: 1601
Epoch: 421, global_step=9676800
SPS: 1602
Epoch: 422, global_step=9699840
SPS: 1603
Epoch: 423, global_step=9722880
SPS: 1604
Epoch: 424, global_step=9745920
SPS: 1605
Epoch: 425, global_step=9768960
SPS: 1606
Epoch: 426, global_step=9792000
Evaluating
Evaluated 17280 steps resulting in 192 episodes
[32mEvaluation Metric: success_once[0m | [36mMean: 0.5625[0m
[32mEvaluation Metric: return[0m | [36mMean: 18.9443[0m
[32mEvaluation Metric: episode_len[0m | [36mMean: 90.0000[0m
[32mEvaluation Metric: reward[0m | [36mMean: 0.2105[0m
[32mEvaluation Metric: success_at_end[0m | [36mMean: 0.1875[0m
model saved to checkpoints/ppo_memtasks/rgb_joints_belief/normalized_dense/InterceptMedium-v0/ppo-belief-interceptmedium-33__33__rgb_joints_belief__20260127_035552/20260127_035552/ckpt_17_426.pt
SPS: 1582
Epoch: 427, global_step=9815040
SPS: 1583
Epoch: 428, global_step=9838080
SPS: 1584
Epoch: 429, global_step=9861120
SPS: 1585
Epoch: 430, global_step=9884160
SPS: 1586
Epoch: 431, global_step=9907200
SPS: 1587
Epoch: 432, global_step=9930240
SPS: 1588
Epoch: 433, global_step=9953280
SPS: 1589
Epoch: 434, global_step=9976320
SPS: 1590
model saved to checkpoints/ppo_memtasks/rgb_joints_belief/normalized_dense/InterceptMedium-v0/ppo-belief-interceptmedium-33__33__rgb_joints_belief__20260127_035552/20260127_035552/final_ckpt.pt
Running Intercept-Medium (BELIEF), seed 42

===========================================================================
║                        Environment Configuration                        ║
===========================================================================
║ Environment ID: InterceptMedium-v0                                      ║
║ Oracle Info:    None                                                    ║
║ Wrappers:                                                               ║
║    ├─ InitialZeroActionWrapper                                         ║
║    │  └─ {'n_initial_steps': 0}                                           ║
║    ├─ RenderStepInfoWrapper                                            ║
║    ├─ RenderRewardInfoWrapper                                          ║
║    ├─ DebugRewardWrapper                                               ║
║-------------------------------------------------------------------------║
║ include_state:       False │ state will not be used                ║
║ include_rgb:         True  │ rgb images will be used               ║
║ include_oracle:      False │ oracle info will not be used          ║
║ include_joints:      True  │ joints will be used                   ║
===========================================================================

MODE='rgb_joints_belief'
prompt_info=None
Saving eval videos to checkpoints/ppo_memtasks/rgb_joints_belief/normalized_dense/InterceptMedium-v0/ppo-belief-interceptmedium-42__42__rgb_joints_belief__20260127_054208/20260127_054208/videos
======================================================================
Max Episode Steps: 90
======================================================================

Loading belief model from /local/s4176650/sphinx/storage/InterceptMedium-v0_vae_mikasa_last5/final_vae_model.pt
  phi_dim=16, latent_dim=32
Belief model loaded successfully. Memory size: 768
Running training

####
args.num_iterations=434 args.num_envs=256 args.num_eval_envs=16
args.minibatch_size=720 args.batch_size=23040 args.update_epochs=2
####

sample_obs.keys()=dict_keys(['joints', 'rgb'])
joints: torch.Size([256, 25])
rgb: torch.Size([256, 128, 128, 3])


Epoch: 1, global_step=0
Evaluating
Evaluated 17280 steps resulting in 192 episodes
[32mEvaluation Metric: success_once[0m | [36mMean: 0.0000[0m
[32mEvaluation Metric: return[0m | [36mMean: 1.0503[0m
[32mEvaluation Metric: episode_len[0m | [36mMean: 90.0000[0m
[32mEvaluation Metric: reward[0m | [36mMean: 0.0117[0m
[32mEvaluation Metric: success_at_end[0m | [36mMean: 0.0000[0m
model saved to checkpoints/ppo_memtasks/rgb_joints_belief/normalized_dense/InterceptMedium-v0/ppo-belief-interceptmedium-42__42__rgb_joints_belief__20260127_054208/20260127_054208/ckpt_0_1.pt
SPS: 209
Epoch: 2, global_step=23040
SPS: 384
Epoch: 3, global_step=46080
SPS: 531
Epoch: 4, global_step=69120
SPS: 657
Epoch: 5, global_step=92160
SPS: 765
Epoch: 6, global_step=115200
SPS: 858
Epoch: 7, global_step=138240
SPS: 938
Epoch: 8, global_step=161280
SPS: 1007
Epoch: 9, global_step=184320
SPS: 1068
Epoch: 10, global_step=207360
SPS: 1122
Epoch: 11, global_step=230400
SPS: 1171
Epoch: 12, global_step=253440
SPS: 1217
Epoch: 13, global_step=276480
SPS: 1257
Epoch: 14, global_step=299520
SPS: 1295
Epoch: 15, global_step=322560
SPS: 1329
Epoch: 16, global_step=345600
SPS: 1361
Epoch: 17, global_step=368640
SPS: 1391
Epoch: 18, global_step=391680
SPS: 1418
Epoch: 19, global_step=414720
SPS: 1443
Epoch: 20, global_step=437760
SPS: 1467
Epoch: 21, global_step=460800
SPS: 1489
Epoch: 22, global_step=483840
SPS: 1508
Epoch: 23, global_step=506880
SPS: 1527
Epoch: 24, global_step=529920
SPS: 1544
Epoch: 25, global_step=552960
SPS: 1560
Epoch: 26, global_step=576000
Evaluating
Evaluated 17280 steps resulting in 192 episodes
[32mEvaluation Metric: success_once[0m | [36mMean: 0.1458[0m
[32mEvaluation Metric: return[0m | [36mMean: 7.6499[0m
[32mEvaluation Metric: episode_len[0m | [36mMean: 90.0000[0m
[32mEvaluation Metric: reward[0m | [36mMean: 0.0850[0m
[32mEvaluation Metric: success_at_end[0m | [36mMean: 0.0417[0m
model saved to checkpoints/ppo_memtasks/rgb_joints_belief/normalized_dense/InterceptMedium-v0/ppo-belief-interceptmedium-42__42__rgb_joints_belief__20260127_054208/20260127_054208/ckpt_1_26.pt
SPS: 1265
Epoch: 27, global_step=599040
SPS: 1284
Epoch: 28, global_step=622080
SPS: 1303
Epoch: 29, global_step=645120
SPS: 1320
Epoch: 30, global_step=668160
SPS: 1337
Epoch: 31, global_step=691200
SPS: 1353
Epoch: 32, global_step=714240
SPS: 1369
Epoch: 33, global_step=737280
SPS: 1383
Epoch: 34, global_step=760320
SPS: 1397
Epoch: 35, global_step=783360
SPS: 1411
Epoch: 36, global_step=806400
SPS: 1424
Epoch: 37, global_step=829440
SPS: 1437
Epoch: 38, global_step=852480
SPS: 1449
Epoch: 39, global_step=875520
SPS: 1461
Epoch: 40, global_step=898560
SPS: 1473
Epoch: 41, global_step=921600
SPS: 1484
Epoch: 42, global_step=944640
SPS: 1494
Epoch: 43, global_step=967680
SPS: 1504
Epoch: 44, global_step=990720
SPS: 1513
Epoch: 45, global_step=1013760
SPS: 1523
Epoch: 46, global_step=1036800
SPS: 1533
Epoch: 47, global_step=1059840
SPS: 1541
Epoch: 48, global_step=1082880
SPS: 1549
Epoch: 49, global_step=1105920
SPS: 1557
Epoch: 50, global_step=1128960
SPS: 1565
Epoch: 51, global_step=1152000
Evaluating
Evaluated 17280 steps resulting in 192 episodes
[32mEvaluation Metric: success_once[0m | [36mMean: 0.3542[0m
[32mEvaluation Metric: return[0m | [36mMean: 12.8181[0m
[32mEvaluation Metric: episode_len[0m | [36mMean: 90.0000[0m
[32mEvaluation Metric: reward[0m | [36mMean: 0.1424[0m
[32mEvaluation Metric: success_at_end[0m | [36mMean: 0.1146[0m
model saved to checkpoints/ppo_memtasks/rgb_joints_belief/normalized_dense/InterceptMedium-v0/ppo-belief-interceptmedium-42__42__rgb_joints_belief__20260127_054208/20260127_054208/ckpt_2_51.pt
SPS: 1400
Epoch: 52, global_step=1175040
SPS: 1410
Epoch: 53, global_step=1198080
SPS: 1419
Epoch: 54, global_step=1221120
SPS: 1428
Epoch: 55, global_step=1244160
SPS: 1437
Epoch: 56, global_step=1267200
SPS: 1445
Epoch: 57, global_step=1290240
SPS: 1453
Epoch: 58, global_step=1313280
SPS: 1461
Epoch: 59, global_step=1336320
SPS: 1469
Epoch: 60, global_step=1359360
SPS: 1476
Epoch: 61, global_step=1382400
SPS: 1484
Epoch: 62, global_step=1405440
SPS: 1491
Epoch: 63, global_step=1428480
SPS: 1498
Epoch: 64, global_step=1451520
SPS: 1505
Epoch: 65, global_step=1474560
SPS: 1511
Epoch: 66, global_step=1497600
SPS: 1517
Epoch: 67, global_step=1520640
SPS: 1524
Epoch: 68, global_step=1543680
SPS: 1530
Epoch: 69, global_step=1566720
SPS: 1537
Epoch: 70, global_step=1589760
SPS: 1543
Epoch: 71, global_step=1612800
SPS: 1549
Epoch: 72, global_step=1635840
SPS: 1555
Epoch: 73, global_step=1658880
SPS: 1560
Epoch: 74, global_step=1681920
SPS: 1566
Epoch: 75, global_step=1704960
SPS: 1571
Epoch: 76, global_step=1728000
Evaluating
Evaluated 17280 steps resulting in 192 episodes
[32mEvaluation Metric: success_once[0m | [36mMean: 0.2448[0m
[32mEvaluation Metric: return[0m | [36mMean: 10.1586[0m
[32mEvaluation Metric: episode_len[0m | [36mMean: 90.0000[0m
[32mEvaluation Metric: reward[0m | [36mMean: 0.1129[0m
[32mEvaluation Metric: success_at_end[0m | [36mMean: 0.1094[0m
model saved to checkpoints/ppo_memtasks/rgb_joints_belief/normalized_dense/InterceptMedium-v0/ppo-belief-interceptmedium-42__42__rgb_joints_belief__20260127_054208/20260127_054208/ckpt_3_76.pt
SPS: 1454
Epoch: 77, global_step=1751040
SPS: 1460
Epoch: 78, global_step=1774080
SPS: 1466
Epoch: 79, global_step=1797120
SPS: 1471
Epoch: 80, global_step=1820160
SPS: 1477
Epoch: 81, global_step=1843200
SPS: 1483
Epoch: 82, global_step=1866240
SPS: 1490
Epoch: 83, global_step=1889280
SPS: 1496
Epoch: 84, global_step=1912320
SPS: 1501
Epoch: 85, global_step=1935360
SPS: 1506
Epoch: 86, global_step=1958400
SPS: 1511
Epoch: 87, global_step=1981440
SPS: 1516
Epoch: 88, global_step=2004480
SPS: 1521
Epoch: 89, global_step=2027520
SPS: 1526
Epoch: 90, global_step=2050560
SPS: 1531
Epoch: 91, global_step=2073600
SPS: 1536
Epoch: 92, global_step=2096640
SPS: 1540
Epoch: 93, global_step=2119680
SPS: 1545
Epoch: 94, global_step=2142720
SPS: 1549
Epoch: 95, global_step=2165760
SPS: 1554
Epoch: 96, global_step=2188800
SPS: 1558
Epoch: 97, global_step=2211840
SPS: 1562
Epoch: 98, global_step=2234880
SPS: 1566
Epoch: 99, global_step=2257920
SPS: 1571
Epoch: 100, global_step=2280960
SPS: 1575
Epoch: 101, global_step=2304000
Evaluating
Evaluated 17280 steps resulting in 192 episodes
[32mEvaluation Metric: success_once[0m | [36mMean: 0.3646[0m
[32mEvaluation Metric: return[0m | [36mMean: 12.5269[0m
[32mEvaluation Metric: episode_len[0m | [36mMean: 90.0000[0m
[32mEvaluation Metric: reward[0m | [36mMean: 0.1392[0m
[32mEvaluation Metric: success_at_end[0m | [36mMean: 0.1042[0m
model saved to checkpoints/ppo_memtasks/rgb_joints_belief/normalized_dense/InterceptMedium-v0/ppo-belief-interceptmedium-42__42__rgb_joints_belief__20260127_054208/20260127_054208/ckpt_4_101.pt
SPS: 1487
Epoch: 102, global_step=2327040
SPS: 1491
Epoch: 103, global_step=2350080
SPS: 1496
Epoch: 104, global_step=2373120
SPS: 1500
Epoch: 105, global_step=2396160
SPS: 1504
Epoch: 106, global_step=2419200
SPS: 1508
Epoch: 107, global_step=2442240
SPS: 1513
Epoch: 108, global_step=2465280
SPS: 1517
Epoch: 109, global_step=2488320
SPS: 1521
Epoch: 110, global_step=2511360
SPS: 1525
Epoch: 111, global_step=2534400
SPS: 1529
Epoch: 112, global_step=2557440
SPS: 1532
Epoch: 113, global_step=2580480
SPS: 1536
Epoch: 114, global_step=2603520
SPS: 1540
Epoch: 115, global_step=2626560
SPS: 1544
Epoch: 116, global_step=2649600
SPS: 1547
Epoch: 117, global_step=2672640
SPS: 1551
Epoch: 118, global_step=2695680
SPS: 1555
Epoch: 119, global_step=2718720
SPS: 1558
Epoch: 120, global_step=2741760
SPS: 1561
Epoch: 121, global_step=2764800
SPS: 1565
Epoch: 122, global_step=2787840
SPS: 1568
Epoch: 123, global_step=2810880
SPS: 1572
Epoch: 124, global_step=2833920
SPS: 1575
Epoch: 125, global_step=2856960
SPS: 1579
Epoch: 126, global_step=2880000
Evaluating
Evaluated 17280 steps resulting in 192 episodes
[32mEvaluation Metric: success_once[0m | [36mMean: 0.4323[0m
[32mEvaluation Metric: return[0m | [36mMean: 13.8396[0m
[32mEvaluation Metric: episode_len[0m | [36mMean: 90.0000[0m
[32mEvaluation Metric: reward[0m | [36mMean: 0.1538[0m
[32mEvaluation Metric: success_at_end[0m | [36mMean: 0.0677[0m
model saved to checkpoints/ppo_memtasks/rgb_joints_belief/normalized_dense/InterceptMedium-v0/ppo-belief-interceptmedium-42__42__rgb_joints_belief__20260127_054208/20260127_054208/ckpt_5_126.pt
SPS: 1504
Epoch: 127, global_step=2903040
SPS: 1508
Epoch: 128, global_step=2926080
SPS: 1511
Epoch: 129, global_step=2949120
SPS: 1515
Epoch: 130, global_step=2972160
SPS: 1518
Epoch: 131, global_step=2995200
SPS: 1521
Epoch: 132, global_step=3018240
SPS: 1525
Epoch: 133, global_step=3041280
SPS: 1528
Epoch: 134, global_step=3064320
SPS: 1531
Epoch: 135, global_step=3087360
SPS: 1534
Epoch: 136, global_step=3110400
SPS: 1538
Epoch: 137, global_step=3133440
SPS: 1541
Epoch: 138, global_step=3156480
SPS: 1544
Epoch: 139, global_step=3179520
SPS: 1547
Epoch: 140, global_step=3202560
SPS: 1550
Epoch: 141, global_step=3225600
SPS: 1553
Epoch: 142, global_step=3248640
SPS: 1556
Epoch: 143, global_step=3271680
SPS: 1559
Epoch: 144, global_step=3294720
SPS: 1562
Epoch: 145, global_step=3317760
SPS: 1565
Epoch: 146, global_step=3340800
SPS: 1568
Epoch: 147, global_step=3363840
SPS: 1571
Epoch: 148, global_step=3386880
SPS: 1574
Epoch: 149, global_step=3409920
SPS: 1577
Epoch: 150, global_step=3432960
SPS: 1579
Epoch: 151, global_step=3456000
Evaluating
Evaluated 17280 steps resulting in 192 episodes
[32mEvaluation Metric: success_once[0m | [36mMean: 0.3281[0m
[32mEvaluation Metric: return[0m | [36mMean: 12.7658[0m
[32mEvaluation Metric: episode_len[0m | [36mMean: 90.0000[0m
[32mEvaluation Metric: reward[0m | [36mMean: 0.1418[0m
[32mEvaluation Metric: success_at_end[0m | [36mMean: 0.1042[0m
model saved to checkpoints/ppo_memtasks/rgb_joints_belief/normalized_dense/InterceptMedium-v0/ppo-belief-interceptmedium-42__42__rgb_joints_belief__20260127_054208/20260127_054208/ckpt_6_151.pt
SPS: 1517
Epoch: 152, global_step=3479040
SPS: 1520
Epoch: 153, global_step=3502080
SPS: 1523
Epoch: 154, global_step=3525120
SPS: 1526
Epoch: 155, global_step=3548160
SPS: 1529
Epoch: 156, global_step=3571200
SPS: 1531
Epoch: 157, global_step=3594240
SPS: 1534
Epoch: 158, global_step=3617280
SPS: 1537
Epoch: 159, global_step=3640320
SPS: 1540
Epoch: 160, global_step=3663360
SPS: 1543
Epoch: 161, global_step=3686400
SPS: 1545
Epoch: 162, global_step=3709440
SPS: 1548
Epoch: 163, global_step=3732480
SPS: 1551
Epoch: 164, global_step=3755520
SPS: 1553
Epoch: 165, global_step=3778560
SPS: 1556
Epoch: 166, global_step=3801600
SPS: 1559
Epoch: 167, global_step=3824640
SPS: 1561
Epoch: 168, global_step=3847680
SPS: 1564
Epoch: 169, global_step=3870720
SPS: 1567
Epoch: 170, global_step=3893760
SPS: 1569
Epoch: 171, global_step=3916800
SPS: 1572
Epoch: 172, global_step=3939840
SPS: 1574
Epoch: 173, global_step=3962880
SPS: 1577
Epoch: 174, global_step=3985920
SPS: 1579
Epoch: 175, global_step=4008960
SPS: 1582
Epoch: 176, global_step=4032000
Evaluating
Evaluated 17280 steps resulting in 192 episodes
[32mEvaluation Metric: success_once[0m | [36mMean: 0.5104[0m
[32mEvaluation Metric: return[0m | [36mMean: 14.9718[0m
[32mEvaluation Metric: episode_len[0m | [36mMean: 90.0000[0m
[32mEvaluation Metric: reward[0m | [36mMean: 0.1664[0m
[32mEvaluation Metric: success_at_end[0m | [36mMean: 0.0729[0m
model saved to checkpoints/ppo_memtasks/rgb_joints_belief/normalized_dense/InterceptMedium-v0/ppo-belief-interceptmedium-42__42__rgb_joints_belief__20260127_054208/20260127_054208/ckpt_7_176.pt
SPS: 1529
Epoch: 177, global_step=4055040
SPS: 1531
Epoch: 178, global_step=4078080
SPS: 1534
Epoch: 179, global_step=4101120
SPS: 1536
Epoch: 180, global_step=4124160
SPS: 1539
Epoch: 181, global_step=4147200
SPS: 1541
Epoch: 182, global_step=4170240
SPS: 1544
Epoch: 183, global_step=4193280
SPS: 1546
Epoch: 184, global_step=4216320
SPS: 1549
Epoch: 185, global_step=4239360
SPS: 1551
Epoch: 186, global_step=4262400
SPS: 1553
Epoch: 187, global_step=4285440
SPS: 1556
Epoch: 188, global_step=4308480
SPS: 1558
Epoch: 189, global_step=4331520
SPS: 1561
Epoch: 190, global_step=4354560
SPS: 1563
Epoch: 191, global_step=4377600
SPS: 1565
Epoch: 192, global_step=4400640
SPS: 1568
Epoch: 193, global_step=4423680
SPS: 1570
Epoch: 194, global_step=4446720
SPS: 1572
Epoch: 195, global_step=4469760
SPS: 1574
Epoch: 196, global_step=4492800
SPS: 1577
Epoch: 197, global_step=4515840
SPS: 1579
Epoch: 198, global_step=4538880
SPS: 1581
Epoch: 199, global_step=4561920
SPS: 1583
Epoch: 200, global_step=4584960
SPS: 1585
Epoch: 201, global_step=4608000
Evaluating
Evaluated 17280 steps resulting in 192 episodes
[32mEvaluation Metric: success_once[0m | [36mMean: 0.4531[0m
[32mEvaluation Metric: return[0m | [36mMean: 13.8278[0m
[32mEvaluation Metric: episode_len[0m | [36mMean: 90.0000[0m
[32mEvaluation Metric: reward[0m | [36mMean: 0.1536[0m
[32mEvaluation Metric: success_at_end[0m | [36mMean: 0.0521[0m
model saved to checkpoints/ppo_memtasks/rgb_joints_belief/normalized_dense/InterceptMedium-v0/ppo-belief-interceptmedium-42__42__rgb_joints_belief__20260127_054208/20260127_054208/ckpt_8_201.pt
SPS: 1540
Epoch: 202, global_step=4631040
SPS: 1542
Epoch: 203, global_step=4654080
SPS: 1544
Epoch: 204, global_step=4677120
SPS: 1547
Epoch: 205, global_step=4700160
SPS: 1549
Epoch: 206, global_step=4723200
SPS: 1551
Epoch: 207, global_step=4746240
SPS: 1553
Epoch: 208, global_step=4769280
SPS: 1555
Epoch: 209, global_step=4792320
SPS: 1557
Epoch: 210, global_step=4815360
SPS: 1559
Epoch: 211, global_step=4838400
SPS: 1561
Epoch: 212, global_step=4861440
SPS: 1564
Epoch: 213, global_step=4884480
SPS: 1566
Epoch: 214, global_step=4907520
SPS: 1568
Epoch: 215, global_step=4930560
SPS: 1570
Epoch: 216, global_step=4953600
SPS: 1572
Epoch: 217, global_step=4976640
SPS: 1574
Epoch: 218, global_step=4999680
SPS: 1576
Epoch: 219, global_step=5022720
SPS: 1578
Epoch: 220, global_step=5045760
SPS: 1580
Epoch: 221, global_step=5068800
SPS: 1582
Epoch: 222, global_step=5091840
SPS: 1584
Epoch: 223, global_step=5114880
SPS: 1586
Epoch: 224, global_step=5137920
SPS: 1587
Epoch: 225, global_step=5160960
SPS: 1589
Epoch: 226, global_step=5184000
Evaluating
Evaluated 17280 steps resulting in 192 episodes
[32mEvaluation Metric: success_once[0m | [36mMean: 0.5156[0m
[32mEvaluation Metric: return[0m | [36mMean: 17.5480[0m
[32mEvaluation Metric: episode_len[0m | [36mMean: 90.0000[0m
[32mEvaluation Metric: reward[0m | [36mMean: 0.1950[0m
[32mEvaluation Metric: success_at_end[0m | [36mMean: 0.1302[0m
model saved to checkpoints/ppo_memtasks/rgb_joints_belief/normalized_dense/InterceptMedium-v0/ppo-belief-interceptmedium-42__42__rgb_joints_belief__20260127_054208/20260127_054208/ckpt_9_226.pt
SPS: 1548
Epoch: 227, global_step=5207040
SPS: 1550
Epoch: 228, global_step=5230080
SPS: 1552
Epoch: 229, global_step=5253120
SPS: 1554
Epoch: 230, global_step=5276160
SPS: 1556
Epoch: 231, global_step=5299200
SPS: 1558
Epoch: 232, global_step=5322240
SPS: 1560
Epoch: 233, global_step=5345280
SPS: 1561
Epoch: 234, global_step=5368320
SPS: 1563
Epoch: 235, global_step=5391360
SPS: 1565
Epoch: 236, global_step=5414400
SPS: 1567
Epoch: 237, global_step=5437440
SPS: 1569
Epoch: 238, global_step=5460480
SPS: 1570
Epoch: 239, global_step=5483520
SPS: 1572
Epoch: 240, global_step=5506560
SPS: 1574
Epoch: 241, global_step=5529600
SPS: 1576
Epoch: 242, global_step=5552640
SPS: 1578
Epoch: 243, global_step=5575680
SPS: 1579
Epoch: 244, global_step=5598720
SPS: 1581
Epoch: 245, global_step=5621760
SPS: 1583
Epoch: 246, global_step=5644800
SPS: 1585
Epoch: 247, global_step=5667840
SPS: 1586
Epoch: 248, global_step=5690880
SPS: 1588
Epoch: 249, global_step=5713920
SPS: 1590
Epoch: 250, global_step=5736960
SPS: 1592
Epoch: 251, global_step=5760000
Evaluating
Evaluated 17280 steps resulting in 192 episodes
[32mEvaluation Metric: success_once[0m | [36mMean: 0.5156[0m
[32mEvaluation Metric: return[0m | [36mMean: 16.0294[0m
[32mEvaluation Metric: episode_len[0m | [36mMean: 90.0000[0m
[32mEvaluation Metric: reward[0m | [36mMean: 0.1781[0m
[32mEvaluation Metric: success_at_end[0m | [36mMean: 0.0990[0m
model saved to checkpoints/ppo_memtasks/rgb_joints_belief/normalized_dense/InterceptMedium-v0/ppo-belief-interceptmedium-42__42__rgb_joints_belief__20260127_054208/20260127_054208/ckpt_10_251.pt
SPS: 1555
Epoch: 252, global_step=5783040
SPS: 1556
Epoch: 253, global_step=5806080
SPS: 1558
Epoch: 254, global_step=5829120
SPS: 1560
Epoch: 255, global_step=5852160
SPS: 1562
Epoch: 256, global_step=5875200
SPS: 1563
Epoch: 257, global_step=5898240
SPS: 1565
Epoch: 258, global_step=5921280
SPS: 1566
Epoch: 259, global_step=5944320
SPS: 1568
Epoch: 260, global_step=5967360
SPS: 1570
Epoch: 261, global_step=5990400
SPS: 1571
Epoch: 262, global_step=6013440
SPS: 1573
Epoch: 263, global_step=6036480
SPS: 1575
Epoch: 264, global_step=6059520
SPS: 1576
Epoch: 265, global_step=6082560
SPS: 1578
Epoch: 266, global_step=6105600
SPS: 1579
Epoch: 267, global_step=6128640
SPS: 1581
Epoch: 268, global_step=6151680
SPS: 1583
Epoch: 269, global_step=6174720
SPS: 1584
Epoch: 270, global_step=6197760
SPS: 1586
Epoch: 271, global_step=6220800
SPS: 1587
Epoch: 272, global_step=6243840
SPS: 1589
Epoch: 273, global_step=6266880
SPS: 1590
Epoch: 274, global_step=6289920
SPS: 1592
Epoch: 275, global_step=6312960
SPS: 1593
Epoch: 276, global_step=6336000
Evaluating
Evaluated 17280 steps resulting in 192 episodes
[32mEvaluation Metric: success_once[0m | [36mMean: 0.6146[0m
[32mEvaluation Metric: return[0m | [36mMean: 17.1632[0m
[32mEvaluation Metric: episode_len[0m | [36mMean: 90.0000[0m
[32mEvaluation Metric: reward[0m | [36mMean: 0.1907[0m
[32mEvaluation Metric: success_at_end[0m | [36mMean: 0.0885[0m
model saved to checkpoints/ppo_memtasks/rgb_joints_belief/normalized_dense/InterceptMedium-v0/ppo-belief-interceptmedium-42__42__rgb_joints_belief__20260127_054208/20260127_054208/ckpt_11_276.pt
SPS: 1559
Epoch: 277, global_step=6359040
SPS: 1561
Epoch: 278, global_step=6382080
SPS: 1563
Epoch: 279, global_step=6405120
SPS: 1564
Epoch: 280, global_step=6428160
SPS: 1566
Epoch: 281, global_step=6451200
SPS: 1567
Epoch: 282, global_step=6474240
SPS: 1569
Epoch: 283, global_step=6497280
SPS: 1570
Epoch: 284, global_step=6520320
SPS: 1572
Epoch: 285, global_step=6543360
SPS: 1573
Epoch: 286, global_step=6566400
SPS: 1575
Epoch: 287, global_step=6589440
SPS: 1576
Epoch: 288, global_step=6612480
SPS: 1577
Epoch: 289, global_step=6635520
SPS: 1579
Epoch: 290, global_step=6658560
SPS: 1580
Epoch: 291, global_step=6681600
SPS: 1582
Epoch: 292, global_step=6704640
SPS: 1583
Epoch: 293, global_step=6727680
SPS: 1585
Epoch: 294, global_step=6750720
SPS: 1586
Epoch: 295, global_step=6773760
SPS: 1588
Epoch: 296, global_step=6796800
SPS: 1589
Epoch: 297, global_step=6819840
SPS: 1590
Epoch: 298, global_step=6842880
SPS: 1592
Epoch: 299, global_step=6865920
SPS: 1593
Epoch: 300, global_step=6888960
SPS: 1595
Epoch: 301, global_step=6912000
Evaluating
Evaluated 17280 steps resulting in 192 episodes
[32mEvaluation Metric: success_once[0m | [36mMean: 0.4635[0m
[32mEvaluation Metric: return[0m | [36mMean: 16.4699[0m
[32mEvaluation Metric: episode_len[0m | [36mMean: 90.0000[0m
[32mEvaluation Metric: reward[0m | [36mMean: 0.1830[0m
[32mEvaluation Metric: success_at_end[0m | [36mMean: 0.1354[0m
model saved to checkpoints/ppo_memtasks/rgb_joints_belief/normalized_dense/InterceptMedium-v0/ppo-belief-interceptmedium-42__42__rgb_joints_belief__20260127_054208/20260127_054208/ckpt_12_301.pt
SPS: 1563
Epoch: 302, global_step=6935040
SPS: 1565
Epoch: 303, global_step=6958080
SPS: 1566
Epoch: 304, global_step=6981120
SPS: 1568
Epoch: 305, global_step=7004160
SPS: 1569
Epoch: 306, global_step=7027200
SPS: 1570
Epoch: 307, global_step=7050240
SPS: 1572
Epoch: 308, global_step=7073280
SPS: 1573
Epoch: 309, global_step=7096320
SPS: 1575
Epoch: 310, global_step=7119360
SPS: 1576
Epoch: 311, global_step=7142400
SPS: 1577
Epoch: 312, global_step=7165440
SPS: 1579
Epoch: 313, global_step=7188480
SPS: 1580
Epoch: 314, global_step=7211520
SPS: 1581
Epoch: 315, global_step=7234560
SPS: 1582
Epoch: 316, global_step=7257600
SPS: 1584
Epoch: 317, global_step=7280640
SPS: 1585
Epoch: 318, global_step=7303680
SPS: 1586
Epoch: 319, global_step=7326720
SPS: 1588
Epoch: 320, global_step=7349760
SPS: 1589
Epoch: 321, global_step=7372800
SPS: 1590
Epoch: 322, global_step=7395840
SPS: 1592
Epoch: 323, global_step=7418880
SPS: 1593
Epoch: 324, global_step=7441920
SPS: 1594
Epoch: 325, global_step=7464960
SPS: 1595
Epoch: 326, global_step=7488000
Evaluating
Evaluated 17280 steps resulting in 192 episodes
[32mEvaluation Metric: success_once[0m | [36mMean: 0.4948[0m
[32mEvaluation Metric: return[0m | [36mMean: 17.3176[0m
[32mEvaluation Metric: episode_len[0m | [36mMean: 90.0000[0m
[32mEvaluation Metric: reward[0m | [36mMean: 0.1924[0m
[32mEvaluation Metric: success_at_end[0m | [36mMean: 0.1510[0m
model saved to checkpoints/ppo_memtasks/rgb_joints_belief/normalized_dense/InterceptMedium-v0/ppo-belief-interceptmedium-42__42__rgb_joints_belief__20260127_054208/20260127_054208/ckpt_13_326.pt
SPS: 1566
Epoch: 327, global_step=7511040
SPS: 1567
Epoch: 328, global_step=7534080
SPS: 1568
Epoch: 329, global_step=7557120
SPS: 1570
Epoch: 330, global_step=7580160
SPS: 1571
Epoch: 331, global_step=7603200
SPS: 1572
Epoch: 332, global_step=7626240
SPS: 1573
Epoch: 333, global_step=7649280
SPS: 1575
Epoch: 334, global_step=7672320
SPS: 1576
Epoch: 335, global_step=7695360
SPS: 1577
Epoch: 336, global_step=7718400
SPS: 1578
Epoch: 337, global_step=7741440
SPS: 1580
Epoch: 338, global_step=7764480
SPS: 1581
Epoch: 339, global_step=7787520
SPS: 1582
Epoch: 340, global_step=7810560
SPS: 1583
Epoch: 341, global_step=7833600
SPS: 1585
Epoch: 342, global_step=7856640
SPS: 1586
Epoch: 343, global_step=7879680
SPS: 1587
Epoch: 344, global_step=7902720
SPS: 1588
Epoch: 345, global_step=7925760
SPS: 1589
Epoch: 346, global_step=7948800
SPS: 1590
Epoch: 347, global_step=7971840
SPS: 1592
Epoch: 348, global_step=7994880
SPS: 1593
Epoch: 349, global_step=8017920
SPS: 1594
Epoch: 350, global_step=8040960
SPS: 1595
Epoch: 351, global_step=8064000
Evaluating
Evaluated 17280 steps resulting in 192 episodes
[32mEvaluation Metric: success_once[0m | [36mMean: 0.6198[0m
[32mEvaluation Metric: return[0m | [36mMean: 17.9937[0m
[32mEvaluation Metric: episode_len[0m | [36mMean: 90.0000[0m
[32mEvaluation Metric: reward[0m | [36mMean: 0.1999[0m
[32mEvaluation Metric: success_at_end[0m | [36mMean: 0.1250[0m
model saved to checkpoints/ppo_memtasks/rgb_joints_belief/normalized_dense/InterceptMedium-v0/ppo-belief-interceptmedium-42__42__rgb_joints_belief__20260127_054208/20260127_054208/ckpt_14_351.pt
SPS: 1567
Epoch: 352, global_step=8087040
SPS: 1569
Epoch: 353, global_step=8110080
SPS: 1570
Epoch: 354, global_step=8133120
SPS: 1571
Epoch: 355, global_step=8156160
SPS: 1572
Epoch: 356, global_step=8179200
SPS: 1573
Epoch: 357, global_step=8202240
SPS: 1575
Epoch: 358, global_step=8225280
SPS: 1576
Epoch: 359, global_step=8248320
SPS: 1577
Epoch: 360, global_step=8271360
SPS: 1578
Epoch: 361, global_step=8294400
SPS: 1579
Epoch: 362, global_step=8317440
SPS: 1580
Epoch: 363, global_step=8340480
SPS: 1581
Epoch: 364, global_step=8363520
SPS: 1583
Epoch: 365, global_step=8386560
SPS: 1584
Epoch: 366, global_step=8409600
SPS: 1585
Epoch: 367, global_step=8432640
SPS: 1586
Epoch: 368, global_step=8455680
SPS: 1587
Epoch: 369, global_step=8478720
SPS: 1588
Epoch: 370, global_step=8501760
SPS: 1589
Epoch: 371, global_step=8524800
SPS: 1590
Epoch: 372, global_step=8547840
SPS: 1591
Epoch: 373, global_step=8570880
SPS: 1593
Epoch: 374, global_step=8593920
SPS: 1594
Epoch: 375, global_step=8616960
SPS: 1595
Epoch: 376, global_step=8640000
Evaluating
Evaluated 17280 steps resulting in 192 episodes
[32mEvaluation Metric: success_once[0m | [36mMean: 0.5312[0m
[32mEvaluation Metric: return[0m | [36mMean: 18.0164[0m
[32mEvaluation Metric: episode_len[0m | [36mMean: 90.0000[0m
[32mEvaluation Metric: reward[0m | [36mMean: 0.2002[0m
[32mEvaluation Metric: success_at_end[0m | [36mMean: 0.1823[0m
model saved to checkpoints/ppo_memtasks/rgb_joints_belief/normalized_dense/InterceptMedium-v0/ppo-belief-interceptmedium-42__42__rgb_joints_belief__20260127_054208/20260127_054208/ckpt_15_376.pt
SPS: 1569
Epoch: 377, global_step=8663040
SPS: 1570
Epoch: 378, global_step=8686080
SPS: 1571
Epoch: 379, global_step=8709120
SPS: 1572
Epoch: 380, global_step=8732160
SPS: 1574
Epoch: 381, global_step=8755200
SPS: 1575
Epoch: 382, global_step=8778240
SPS: 1576
Epoch: 383, global_step=8801280
SPS: 1577
Epoch: 384, global_step=8824320
SPS: 1578
Epoch: 385, global_step=8847360
SPS: 1579
Epoch: 386, global_step=8870400
SPS: 1580
Epoch: 387, global_step=8893440
SPS: 1581
Epoch: 388, global_step=8916480
SPS: 1582
Epoch: 389, global_step=8939520
SPS: 1583
Epoch: 390, global_step=8962560
SPS: 1584
Epoch: 391, global_step=8985600
SPS: 1585
Epoch: 392, global_step=9008640
SPS: 1586
Epoch: 393, global_step=9031680
SPS: 1587
Epoch: 394, global_step=9054720
SPS: 1588
Epoch: 395, global_step=9077760
SPS: 1589
Epoch: 396, global_step=9100800
SPS: 1590
Epoch: 397, global_step=9123840
SPS: 1591
Epoch: 398, global_step=9146880
SPS: 1592
Epoch: 399, global_step=9169920
SPS: 1593
Epoch: 400, global_step=9192960
SPS: 1594
Epoch: 401, global_step=9216000
Evaluating
Evaluated 17280 steps resulting in 192 episodes
[32mEvaluation Metric: success_once[0m | [36mMean: 0.7344[0m
[32mEvaluation Metric: return[0m | [36mMean: 21.4445[0m
[32mEvaluation Metric: episode_len[0m | [36mMean: 90.0000[0m
[32mEvaluation Metric: reward[0m | [36mMean: 0.2383[0m
[32mEvaluation Metric: success_at_end[0m | [36mMean: 0.1458[0m
model saved to checkpoints/ppo_memtasks/rgb_joints_belief/normalized_dense/InterceptMedium-v0/ppo-belief-interceptmedium-42__42__rgb_joints_belief__20260127_054208/20260127_054208/ckpt_16_401.pt
SPS: 1571
Epoch: 402, global_step=9239040
SPS: 1572
Epoch: 403, global_step=9262080
SPS: 1573
Epoch: 404, global_step=9285120
SPS: 1574
Epoch: 405, global_step=9308160
SPS: 1575
Epoch: 406, global_step=9331200
SPS: 1576
Epoch: 407, global_step=9354240
SPS: 1577
Epoch: 408, global_step=9377280
SPS: 1578
Epoch: 409, global_step=9400320
SPS: 1579
Epoch: 410, global_step=9423360
SPS: 1580
Epoch: 411, global_step=9446400
SPS: 1581
Epoch: 412, global_step=9469440
SPS: 1582
Epoch: 413, global_step=9492480
SPS: 1583
Epoch: 414, global_step=9515520
SPS: 1584
Epoch: 415, global_step=9538560
SPS: 1585
Epoch: 416, global_step=9561600
SPS: 1586
Epoch: 417, global_step=9584640
SPS: 1587
Epoch: 418, global_step=9607680
SPS: 1587
Epoch: 419, global_step=9630720
SPS: 1588
Epoch: 420, global_step=9653760
SPS: 1589
Epoch: 421, global_step=9676800
SPS: 1590
Epoch: 422, global_step=9699840
SPS: 1591
Epoch: 423, global_step=9722880
SPS: 1592
Epoch: 424, global_step=9745920
SPS: 1593
Epoch: 425, global_step=9768960
SPS: 1594
Epoch: 426, global_step=9792000
Evaluating
Evaluated 17280 steps resulting in 192 episodes
[32mEvaluation Metric: success_once[0m | [36mMean: 0.7448[0m
[32mEvaluation Metric: return[0m | [36mMean: 19.7727[0m
[32mEvaluation Metric: episode_len[0m | [36mMean: 90.0000[0m
[32mEvaluation Metric: reward[0m | [36mMean: 0.2197[0m
[32mEvaluation Metric: success_at_end[0m | [36mMean: 0.0938[0m
model saved to checkpoints/ppo_memtasks/rgb_joints_belief/normalized_dense/InterceptMedium-v0/ppo-belief-interceptmedium-42__42__rgb_joints_belief__20260127_054208/20260127_054208/ckpt_17_426.pt
SPS: 1572
Epoch: 427, global_step=9815040
SPS: 1573
Epoch: 428, global_step=9838080
SPS: 1574
Epoch: 429, global_step=9861120
SPS: 1575
Epoch: 430, global_step=9884160
SPS: 1575
Epoch: 431, global_step=9907200
SPS: 1576
Epoch: 432, global_step=9930240
SPS: 1577
Epoch: 433, global_step=9953280
SPS: 1578
Epoch: 434, global_step=9976320
SPS: 1579
model saved to checkpoints/ppo_memtasks/rgb_joints_belief/normalized_dense/InterceptMedium-v0/ppo-belief-interceptmedium-42__42__rgb_joints_belief__20260127_054208/20260127_054208/final_ckpt.pt
Running Intercept-Medium (BELIEF), seed 99

===========================================================================
║                        Environment Configuration                        ║
===========================================================================
║ Environment ID: InterceptMedium-v0                                      ║
║ Oracle Info:    None                                                    ║
║ Wrappers:                                                               ║
║    ├─ InitialZeroActionWrapper                                         ║
║    │  └─ {'n_initial_steps': 0}                                           ║
║    ├─ RenderStepInfoWrapper                                            ║
║    ├─ RenderRewardInfoWrapper                                          ║
║    ├─ DebugRewardWrapper                                               ║
║-------------------------------------------------------------------------║
║ include_state:       False │ state will not be used                ║
║ include_rgb:         True  │ rgb images will be used               ║
║ include_oracle:      False │ oracle info will not be used          ║
║ include_joints:      True  │ joints will be used                   ║
===========================================================================

MODE='rgb_joints_belief'
prompt_info=None
Saving eval videos to checkpoints/ppo_memtasks/rgb_joints_belief/normalized_dense/InterceptMedium-v0/ppo-belief-interceptmedium-99__99__rgb_joints_belief__20260127_072753/20260127_072753/videos
======================================================================
Max Episode Steps: 90
======================================================================

Loading belief model from /local/s4176650/sphinx/storage/InterceptMedium-v0_vae_mikasa_last5/final_vae_model.pt
  phi_dim=16, latent_dim=32
Belief model loaded successfully. Memory size: 768
Running training

####
args.num_iterations=434 args.num_envs=256 args.num_eval_envs=16
args.minibatch_size=720 args.batch_size=23040 args.update_epochs=2
####

sample_obs.keys()=dict_keys(['joints', 'rgb'])
joints: torch.Size([256, 25])
rgb: torch.Size([256, 128, 128, 3])


Epoch: 1, global_step=0
Evaluating
Evaluated 17280 steps resulting in 192 episodes
[32mEvaluation Metric: success_once[0m | [36mMean: 0.0000[0m
[32mEvaluation Metric: return[0m | [36mMean: 1.0567[0m
[32mEvaluation Metric: episode_len[0m | [36mMean: 90.0000[0m
[32mEvaluation Metric: reward[0m | [36mMean: 0.0117[0m
[32mEvaluation Metric: success_at_end[0m | [36mMean: 0.0000[0m
model saved to checkpoints/ppo_memtasks/rgb_joints_belief/normalized_dense/InterceptMedium-v0/ppo-belief-interceptmedium-99__99__rgb_joints_belief__20260127_072753/20260127_072753/ckpt_0_1.pt
SPS: 249
Epoch: 2, global_step=23040
SPS: 450
Epoch: 3, global_step=46080
SPS: 616
Epoch: 4, global_step=69120
SPS: 754
Epoch: 5, global_step=92160
SPS: 870
Epoch: 6, global_step=115200
SPS: 968
Epoch: 7, global_step=138240
SPS: 1052
Epoch: 8, global_step=161280
SPS: 1123
Epoch: 9, global_step=184320
SPS: 1184
Epoch: 10, global_step=207360
SPS: 1239
Epoch: 11, global_step=230400
SPS: 1286
Epoch: 12, global_step=253440
SPS: 1329
Epoch: 13, global_step=276480
SPS: 1370
Epoch: 14, global_step=299520
SPS: 1407
Epoch: 15, global_step=322560
SPS: 1440
Epoch: 16, global_step=345600
SPS: 1470
Epoch: 17, global_step=368640
SPS: 1498
Epoch: 18, global_step=391680
SPS: 1524
Epoch: 19, global_step=414720
SPS: 1548
Epoch: 20, global_step=437760
SPS: 1570
Epoch: 21, global_step=460800
SPS: 1591
Epoch: 22, global_step=483840
SPS: 1610
Epoch: 23, global_step=506880
SPS: 1628
Epoch: 24, global_step=529920
SPS: 1644
Epoch: 25, global_step=552960
SPS: 1659
Epoch: 26, global_step=576000
Evaluating
Evaluated 17280 steps resulting in 192 episodes
[32mEvaluation Metric: success_once[0m | [36mMean: 0.0521[0m
[32mEvaluation Metric: return[0m | [36mMean: 4.8422[0m
[32mEvaluation Metric: episode_len[0m | [36mMean: 90.0000[0m
[32mEvaluation Metric: reward[0m | [36mMean: 0.0538[0m
[32mEvaluation Metric: success_at_end[0m | [36mMean: 0.0104[0m
model saved to checkpoints/ppo_memtasks/rgb_joints_belief/normalized_dense/InterceptMedium-v0/ppo-belief-interceptmedium-99__99__rgb_joints_belief__20260127_072753/20260127_072753/ckpt_1_26.pt
SPS: 1339
Epoch: 27, global_step=599040
SPS: 1358
Epoch: 28, global_step=622080
SPS: 1377
Epoch: 29, global_step=645120
SPS: 1394
Epoch: 30, global_step=668160
SPS: 1411
Epoch: 31, global_step=691200
SPS: 1427
Epoch: 32, global_step=714240
SPS: 1442
Epoch: 33, global_step=737280
SPS: 1457
Epoch: 34, global_step=760320
SPS: 1471
Epoch: 35, global_step=783360
SPS: 1485
Epoch: 36, global_step=806400
SPS: 1498
Epoch: 37, global_step=829440
SPS: 1511
Epoch: 38, global_step=852480
SPS: 1523
Epoch: 39, global_step=875520
SPS: 1535
Epoch: 40, global_step=898560
SPS: 1546
Epoch: 41, global_step=921600
SPS: 1557
Epoch: 42, global_step=944640
SPS: 1568
Epoch: 43, global_step=967680
SPS: 1578
Epoch: 44, global_step=990720
SPS: 1587
Epoch: 45, global_step=1013760
SPS: 1596
Epoch: 46, global_step=1036800
SPS: 1605
Epoch: 47, global_step=1059840
SPS: 1614
Epoch: 48, global_step=1082880
SPS: 1623
Epoch: 49, global_step=1105920
SPS: 1631
Epoch: 50, global_step=1128960
SPS: 1639
Epoch: 51, global_step=1152000
Evaluating
Evaluated 17280 steps resulting in 192 episodes
[32mEvaluation Metric: success_once[0m | [36mMean: 0.1875[0m
[32mEvaluation Metric: return[0m | [36mMean: 7.4597[0m
[32mEvaluation Metric: episode_len[0m | [36mMean: 90.0000[0m
[32mEvaluation Metric: reward[0m | [36mMean: 0.0829[0m
[32mEvaluation Metric: success_at_end[0m | [36mMean: 0.0573[0m
model saved to checkpoints/ppo_memtasks/rgb_joints_belief/normalized_dense/InterceptMedium-v0/ppo-belief-interceptmedium-99__99__rgb_joints_belief__20260127_072753/20260127_072753/ckpt_2_51.pt
SPS: 1459
Epoch: 52, global_step=1175040
SPS: 1468
Epoch: 53, global_step=1198080
SPS: 1477
Epoch: 54, global_step=1221120
SPS: 1486
Epoch: 55, global_step=1244160
SPS: 1494
Epoch: 56, global_step=1267200
SPS: 1502
Epoch: 57, global_step=1290240
SPS: 1510
Epoch: 58, global_step=1313280
SPS: 1518
Epoch: 59, global_step=1336320
SPS: 1526
Epoch: 60, global_step=1359360
SPS: 1533
Epoch: 61, global_step=1382400
SPS: 1541
Epoch: 62, global_step=1405440
SPS: 1548
Epoch: 63, global_step=1428480
SPS: 1555
Epoch: 64, global_step=1451520
SPS: 1562
Epoch: 65, global_step=1474560
SPS: 1569
Epoch: 66, global_step=1497600
SPS: 1575
Epoch: 67, global_step=1520640
SPS: 1582
Epoch: 68, global_step=1543680
SPS: 1588
Epoch: 69, global_step=1566720
SPS: 1594
Epoch: 70, global_step=1589760
SPS: 1600
Epoch: 71, global_step=1612800
SPS: 1606
Epoch: 72, global_step=1635840
SPS: 1612
Epoch: 73, global_step=1658880
SPS: 1617
Epoch: 74, global_step=1681920
SPS: 1622
Epoch: 75, global_step=1704960
SPS: 1628
Epoch: 76, global_step=1728000
Evaluating
Evaluated 17280 steps resulting in 192 episodes
[32mEvaluation Metric: success_once[0m | [36mMean: 0.2240[0m
[32mEvaluation Metric: return[0m | [36mMean: 7.7559[0m
[32mEvaluation Metric: episode_len[0m | [36mMean: 90.0000[0m
[32mEvaluation Metric: reward[0m | [36mMean: 0.0862[0m
[32mEvaluation Metric: success_at_end[0m | [36mMean: 0.0573[0m
model saved to checkpoints/ppo_memtasks/rgb_joints_belief/normalized_dense/InterceptMedium-v0/ppo-belief-interceptmedium-99__99__rgb_joints_belief__20260127_072753/20260127_072753/ckpt_3_76.pt
SPS: 1502
Epoch: 77, global_step=1751040
SPS: 1508
Epoch: 78, global_step=1774080
SPS: 1514
Epoch: 79, global_step=1797120
SPS: 1520
Epoch: 80, global_step=1820160
SPS: 1526
Epoch: 81, global_step=1843200
SPS: 1532
Epoch: 82, global_step=1866240
SPS: 1538
Epoch: 83, global_step=1889280
SPS: 1544
Epoch: 84, global_step=1912320
SPS: 1550
Epoch: 85, global_step=1935360
SPS: 1556
Epoch: 86, global_step=1958400
SPS: 1562
Epoch: 87, global_step=1981440
SPS: 1568
Epoch: 88, global_step=2004480
SPS: 1573
Epoch: 89, global_step=2027520
SPS: 1579
Epoch: 90, global_step=2050560
SPS: 1584
Epoch: 91, global_step=2073600
SPS: 1590
Epoch: 92, global_step=2096640
SPS: 1595
Epoch: 93, global_step=2119680
SPS: 1599
Epoch: 94, global_step=2142720
SPS: 1603
Epoch: 95, global_step=2165760
SPS: 1608
Epoch: 96, global_step=2188800
SPS: 1612
Epoch: 97, global_step=2211840
SPS: 1616
Epoch: 98, global_step=2234880
SPS: 1620
Epoch: 99, global_step=2257920
SPS: 1624
Epoch: 100, global_step=2280960
SPS: 1628
Epoch: 101, global_step=2304000
Evaluating
Evaluated 17280 steps resulting in 192 episodes
[32mEvaluation Metric: success_once[0m | [36mMean: 0.3542[0m
[32mEvaluation Metric: return[0m | [36mMean: 9.6674[0m
[32mEvaluation Metric: episode_len[0m | [36mMean: 90.0000[0m
[32mEvaluation Metric: reward[0m | [36mMean: 0.1074[0m
[32mEvaluation Metric: success_at_end[0m | [36mMean: 0.0729[0m
model saved to checkpoints/ppo_memtasks/rgb_joints_belief/normalized_dense/InterceptMedium-v0/ppo-belief-interceptmedium-99__99__rgb_joints_belief__20260127_072753/20260127_072753/ckpt_4_101.pt
SPS: 1531
Epoch: 102, global_step=2327040
SPS: 1536
Epoch: 103, global_step=2350080
SPS: 1541
Epoch: 104, global_step=2373120
SPS: 1546
Epoch: 105, global_step=2396160
SPS: 1550
Epoch: 106, global_step=2419200
SPS: 1554
Epoch: 107, global_step=2442240
SPS: 1558
Epoch: 108, global_step=2465280
SPS: 1562
Epoch: 109, global_step=2488320
SPS: 1566
Epoch: 110, global_step=2511360
SPS: 1570
Epoch: 111, global_step=2534400
SPS: 1574
Epoch: 112, global_step=2557440
SPS: 1578
Epoch: 113, global_step=2580480
SPS: 1582
Epoch: 114, global_step=2603520
SPS: 1585
Epoch: 115, global_step=2626560
SPS: 1589
Epoch: 116, global_step=2649600
SPS: 1592
Epoch: 117, global_step=2672640
SPS: 1596
Epoch: 118, global_step=2695680
SPS: 1600
Epoch: 119, global_step=2718720
SPS: 1603
Epoch: 120, global_step=2741760
SPS: 1606
Epoch: 121, global_step=2764800
SPS: 1610
Epoch: 122, global_step=2787840
SPS: 1613
Epoch: 123, global_step=2810880
SPS: 1616
Epoch: 124, global_step=2833920
SPS: 1620
Epoch: 125, global_step=2856960
SPS: 1623
Epoch: 126, global_step=2880000
Evaluating
Evaluated 17280 steps resulting in 192 episodes
[32mEvaluation Metric: success_once[0m | [36mMean: 0.2396[0m
[32mEvaluation Metric: return[0m | [36mMean: 8.2328[0m
[32mEvaluation Metric: episode_len[0m | [36mMean: 90.0000[0m
[32mEvaluation Metric: reward[0m | [36mMean: 0.0915[0m
[32mEvaluation Metric: success_at_end[0m | [36mMean: 0.0781[0m
model saved to checkpoints/ppo_memtasks/rgb_joints_belief/normalized_dense/InterceptMedium-v0/ppo-belief-interceptmedium-99__99__rgb_joints_belief__20260127_072753/20260127_072753/ckpt_5_126.pt
SPS: 1544
Epoch: 127, global_step=2903040
SPS: 1547
Epoch: 128, global_step=2926080
SPS: 1551
Epoch: 129, global_step=2949120
SPS: 1554
Epoch: 130, global_step=2972160
SPS: 1557
Epoch: 131, global_step=2995200
SPS: 1560
Epoch: 132, global_step=3018240
SPS: 1564
Epoch: 133, global_step=3041280
SPS: 1567
Epoch: 134, global_step=3064320
SPS: 1570
Epoch: 135, global_step=3087360
SPS: 1573
Epoch: 136, global_step=3110400
SPS: 1576
Epoch: 137, global_step=3133440
SPS: 1579
Epoch: 138, global_step=3156480
SPS: 1582
Epoch: 139, global_step=3179520
SPS: 1585
Epoch: 140, global_step=3202560
SPS: 1588
Epoch: 141, global_step=3225600
SPS: 1591
Epoch: 142, global_step=3248640
SPS: 1594
Epoch: 143, global_step=3271680
SPS: 1596
Epoch: 144, global_step=3294720
SPS: 1599
Epoch: 145, global_step=3317760
SPS: 1602
Epoch: 146, global_step=3340800
SPS: 1605
Epoch: 147, global_step=3363840
SPS: 1607
Epoch: 148, global_step=3386880
SPS: 1610
Epoch: 149, global_step=3409920
SPS: 1612
Epoch: 150, global_step=3432960
SPS: 1615
Epoch: 151, global_step=3456000
Evaluating
Evaluated 17280 steps resulting in 192 episodes
[32mEvaluation Metric: success_once[0m | [36mMean: 0.2292[0m
[32mEvaluation Metric: return[0m | [36mMean: 7.7907[0m
[32mEvaluation Metric: episode_len[0m | [36mMean: 90.0000[0m
[32mEvaluation Metric: reward[0m | [36mMean: 0.0866[0m
[32mEvaluation Metric: success_at_end[0m | [36mMean: 0.0573[0m
model saved to checkpoints/ppo_memtasks/rgb_joints_belief/normalized_dense/InterceptMedium-v0/ppo-belief-interceptmedium-99__99__rgb_joints_belief__20260127_072753/20260127_072753/ckpt_6_151.pt
SPS: 1551
Epoch: 152, global_step=3479040
SPS: 1554
Epoch: 153, global_step=3502080
SPS: 1557
Epoch: 154, global_step=3525120
SPS: 1559
Epoch: 155, global_step=3548160
SPS: 1562
Epoch: 156, global_step=3571200
SPS: 1565
Epoch: 157, global_step=3594240
SPS: 1567
Epoch: 158, global_step=3617280
SPS: 1570
Epoch: 159, global_step=3640320
SPS: 1572
Epoch: 160, global_step=3663360
SPS: 1575
Epoch: 161, global_step=3686400
SPS: 1577
Epoch: 162, global_step=3709440
SPS: 1580
Epoch: 163, global_step=3732480
SPS: 1582
Epoch: 164, global_step=3755520
SPS: 1585
Epoch: 165, global_step=3778560
SPS: 1587
Epoch: 166, global_step=3801600
SPS: 1589
Epoch: 167, global_step=3824640
SPS: 1592
Epoch: 168, global_step=3847680
SPS: 1594
Epoch: 169, global_step=3870720
SPS: 1597
Epoch: 170, global_step=3893760
SPS: 1599
Epoch: 171, global_step=3916800
SPS: 1601
Epoch: 172, global_step=3939840
SPS: 1603
Epoch: 173, global_step=3962880
SPS: 1606
Epoch: 174, global_step=3985920
SPS: 1608
Epoch: 175, global_step=4008960
SPS: 1610
Epoch: 176, global_step=4032000
Evaluating
Evaluated 17280 steps resulting in 192 episodes
[32mEvaluation Metric: success_once[0m | [36mMean: 0.4062[0m
[32mEvaluation Metric: return[0m | [36mMean: 11.1237[0m
[32mEvaluation Metric: episode_len[0m | [36mMean: 90.0000[0m
[32mEvaluation Metric: reward[0m | [36mMean: 0.1236[0m
[32mEvaluation Metric: success_at_end[0m | [36mMean: 0.0990[0m
model saved to checkpoints/ppo_memtasks/rgb_joints_belief/normalized_dense/InterceptMedium-v0/ppo-belief-interceptmedium-99__99__rgb_joints_belief__20260127_072753/20260127_072753/ckpt_7_176.pt
SPS: 1555
Epoch: 177, global_step=4055040
SPS: 1557
Epoch: 178, global_step=4078080
SPS: 1560
Epoch: 179, global_step=4101120
SPS: 1562
Epoch: 180, global_step=4124160
SPS: 1564
Epoch: 181, global_step=4147200
SPS: 1566
Epoch: 182, global_step=4170240
SPS: 1569
Epoch: 183, global_step=4193280
SPS: 1571
Epoch: 184, global_step=4216320
SPS: 1573
Epoch: 185, global_step=4239360
SPS: 1575
Epoch: 186, global_step=4262400
SPS: 1578
Epoch: 187, global_step=4285440
SPS: 1580
Epoch: 188, global_step=4308480
SPS: 1582
Epoch: 189, global_step=4331520
SPS: 1584
Epoch: 190, global_step=4354560
SPS: 1586
Epoch: 191, global_step=4377600
SPS: 1588
Epoch: 192, global_step=4400640
SPS: 1590
Epoch: 193, global_step=4423680
SPS: 1592
Epoch: 194, global_step=4446720
SPS: 1594
Epoch: 195, global_step=4469760
SPS: 1596
Epoch: 196, global_step=4492800
SPS: 1598
Epoch: 197, global_step=4515840
SPS: 1600
Epoch: 198, global_step=4538880
SPS: 1602
Epoch: 199, global_step=4561920
SPS: 1604
Epoch: 200, global_step=4584960
SPS: 1606
Epoch: 201, global_step=4608000
Evaluating
Evaluated 17280 steps resulting in 192 episodes
[32mEvaluation Metric: success_once[0m | [36mMean: 0.5729[0m
[32mEvaluation Metric: return[0m | [36mMean: 13.7746[0m
[32mEvaluation Metric: episode_len[0m | [36mMean: 90.0000[0m
[32mEvaluation Metric: reward[0m | [36mMean: 0.1531[0m
[32mEvaluation Metric: success_at_end[0m | [36mMean: 0.0729[0m
model saved to checkpoints/ppo_memtasks/rgb_joints_belief/normalized_dense/InterceptMedium-v0/ppo-belief-interceptmedium-99__99__rgb_joints_belief__20260127_072753/20260127_072753/ckpt_8_201.pt
SPS: 1559
Epoch: 202, global_step=4631040
SPS: 1561
Epoch: 203, global_step=4654080
SPS: 1563
Epoch: 204, global_step=4677120
SPS: 1565
Epoch: 205, global_step=4700160
SPS: 1567
Epoch: 206, global_step=4723200
SPS: 1569
Epoch: 207, global_step=4746240
SPS: 1571
Epoch: 208, global_step=4769280
SPS: 1573
Epoch: 209, global_step=4792320
SPS: 1575
Epoch: 210, global_step=4815360
SPS: 1577
Epoch: 211, global_step=4838400
SPS: 1578
Epoch: 212, global_step=4861440
SPS: 1580
Epoch: 213, global_step=4884480
SPS: 1582
Epoch: 214, global_step=4907520
SPS: 1584
Epoch: 215, global_step=4930560
SPS: 1586
Epoch: 216, global_step=4953600
SPS: 1588
Epoch: 217, global_step=4976640
SPS: 1590
Epoch: 218, global_step=4999680
SPS: 1592
Epoch: 219, global_step=5022720
SPS: 1593
Epoch: 220, global_step=5045760
SPS: 1595
Epoch: 221, global_step=5068800
SPS: 1597
Epoch: 222, global_step=5091840
SPS: 1599
Epoch: 223, global_step=5114880
SPS: 1600
Epoch: 224, global_step=5137920
SPS: 1602
Epoch: 225, global_step=5160960
SPS: 1604
Epoch: 226, global_step=5184000
Evaluating
Evaluated 17280 steps resulting in 192 episodes
[32mEvaluation Metric: success_once[0m | [36mMean: 0.4635[0m
[32mEvaluation Metric: return[0m | [36mMean: 13.5336[0m
[32mEvaluation Metric: episode_len[0m | [36mMean: 90.0000[0m
[32mEvaluation Metric: reward[0m | [36mMean: 0.1504[0m
[32mEvaluation Metric: success_at_end[0m | [36mMean: 0.1146[0m
model saved to checkpoints/ppo_memtasks/rgb_joints_belief/normalized_dense/InterceptMedium-v0/ppo-belief-interceptmedium-99__99__rgb_joints_belief__20260127_072753/20260127_072753/ckpt_9_226.pt
SPS: 1561
Epoch: 227, global_step=5207040
SPS: 1562
Epoch: 228, global_step=5230080
SPS: 1564
Epoch: 229, global_step=5253120
SPS: 1566
Epoch: 230, global_step=5276160
SPS: 1568
Epoch: 231, global_step=5299200
SPS: 1569
Epoch: 232, global_step=5322240
SPS: 1571
Epoch: 233, global_step=5345280
SPS: 1573
Epoch: 234, global_step=5368320
SPS: 1574
Epoch: 235, global_step=5391360
SPS: 1576
Epoch: 236, global_step=5414400
SPS: 1578
Epoch: 237, global_step=5437440
SPS: 1579
Epoch: 238, global_step=5460480
SPS: 1581
Epoch: 239, global_step=5483520
SPS: 1583
Epoch: 240, global_step=5506560
SPS: 1584
Epoch: 241, global_step=5529600
SPS: 1586
Epoch: 242, global_step=5552640
SPS: 1588
Epoch: 243, global_step=5575680
SPS: 1589
Epoch: 244, global_step=5598720
SPS: 1591
Epoch: 245, global_step=5621760
SPS: 1593
Epoch: 246, global_step=5644800
SPS: 1594
Epoch: 247, global_step=5667840
SPS: 1596
Epoch: 248, global_step=5690880
SPS: 1598
Epoch: 249, global_step=5713920
SPS: 1599
Epoch: 250, global_step=5736960
SPS: 1601
Epoch: 251, global_step=5760000
Evaluating
Evaluated 17280 steps resulting in 192 episodes
[32mEvaluation Metric: success_once[0m | [36mMean: 0.3958[0m
[32mEvaluation Metric: return[0m | [36mMean: 11.2791[0m
[32mEvaluation Metric: episode_len[0m | [36mMean: 90.0000[0m
[32mEvaluation Metric: reward[0m | [36mMean: 0.1253[0m
[32mEvaluation Metric: success_at_end[0m | [36mMean: 0.0833[0m
model saved to checkpoints/ppo_memtasks/rgb_joints_belief/normalized_dense/InterceptMedium-v0/ppo-belief-interceptmedium-99__99__rgb_joints_belief__20260127_072753/20260127_072753/ckpt_10_251.pt
SPS: 1562
Epoch: 252, global_step=5783040
SPS: 1564
Epoch: 253, global_step=5806080
SPS: 1566
Epoch: 254, global_step=5829120
SPS: 1567
Epoch: 255, global_step=5852160
SPS: 1569
Epoch: 256, global_step=5875200
SPS: 1571
Epoch: 257, global_step=5898240
SPS: 1572
Epoch: 258, global_step=5921280
SPS: 1574
Epoch: 259, global_step=5944320
SPS: 1575
Epoch: 260, global_step=5967360
SPS: 1577
Epoch: 261, global_step=5990400
SPS: 1579
Epoch: 262, global_step=6013440
SPS: 1580
Epoch: 263, global_step=6036480
SPS: 1582
Epoch: 264, global_step=6059520
SPS: 1583
Epoch: 265, global_step=6082560
SPS: 1585
Epoch: 266, global_step=6105600
SPS: 1586
Epoch: 267, global_step=6128640
SPS: 1588
Epoch: 268, global_step=6151680
SPS: 1589
Epoch: 269, global_step=6174720
SPS: 1591
Epoch: 270, global_step=6197760
SPS: 1592
Epoch: 271, global_step=6220800
SPS: 1594
Epoch: 272, global_step=6243840
SPS: 1595
Epoch: 273, global_step=6266880
SPS: 1597
Epoch: 274, global_step=6289920
SPS: 1598
Epoch: 275, global_step=6312960
SPS: 1600
Epoch: 276, global_step=6336000
Evaluating
Evaluated 17280 steps resulting in 192 episodes
[32mEvaluation Metric: success_once[0m | [36mMean: 0.5312[0m
[32mEvaluation Metric: return[0m | [36mMean: 16.5677[0m
[32mEvaluation Metric: episode_len[0m | [36mMean: 90.0000[0m
[32mEvaluation Metric: reward[0m | [36mMean: 0.1841[0m
[32mEvaluation Metric: success_at_end[0m | [36mMean: 0.1406[0m
model saved to checkpoints/ppo_memtasks/rgb_joints_belief/normalized_dense/InterceptMedium-v0/ppo-belief-interceptmedium-99__99__rgb_joints_belief__20260127_072753/20260127_072753/ckpt_11_276.pt
SPS: 1565
Epoch: 277, global_step=6359040
SPS: 1567
Epoch: 278, global_step=6382080
SPS: 1569
Epoch: 279, global_step=6405120
SPS: 1570
Epoch: 280, global_step=6428160
SPS: 1572
Epoch: 281, global_step=6451200
SPS: 1573
Epoch: 282, global_step=6474240
SPS: 1575
Epoch: 283, global_step=6497280
SPS: 1576
Epoch: 284, global_step=6520320
SPS: 1578
Epoch: 285, global_step=6543360
SPS: 1579
Epoch: 286, global_step=6566400
SPS: 1581
Epoch: 287, global_step=6589440
SPS: 1582
Epoch: 288, global_step=6612480
SPS: 1583
Epoch: 289, global_step=6635520
SPS: 1585
Epoch: 290, global_step=6658560
SPS: 1586
Epoch: 291, global_step=6681600
SPS: 1588
Epoch: 292, global_step=6704640
SPS: 1589
Epoch: 293, global_step=6727680
SPS: 1591
Epoch: 294, global_step=6750720
SPS: 1592
Epoch: 295, global_step=6773760
SPS: 1594
Epoch: 296, global_step=6796800
SPS: 1595
Epoch: 297, global_step=6819840
SPS: 1596
Epoch: 298, global_step=6842880
SPS: 1598
Epoch: 299, global_step=6865920
SPS: 1599
Epoch: 300, global_step=6888960
SPS: 1601
Epoch: 301, global_step=6912000
Evaluating
Evaluated 17280 steps resulting in 192 episodes
[32mEvaluation Metric: success_once[0m | [36mMean: 0.4219[0m
[32mEvaluation Metric: return[0m | [36mMean: 14.2944[0m
[32mEvaluation Metric: episode_len[0m | [36mMean: 90.0000[0m
[32mEvaluation Metric: reward[0m | [36mMean: 0.1588[0m
[32mEvaluation Metric: success_at_end[0m | [36mMean: 0.0833[0m
model saved to checkpoints/ppo_memtasks/rgb_joints_belief/normalized_dense/InterceptMedium-v0/ppo-belief-interceptmedium-99__99__rgb_joints_belief__20260127_072753/20260127_072753/ckpt_12_301.pt
SPS: 1570
Epoch: 302, global_step=6935040
SPS: 1572
Epoch: 303, global_step=6958080
SPS: 1573
Epoch: 304, global_step=6981120
SPS: 1575
Epoch: 305, global_step=7004160
SPS: 1576
Epoch: 306, global_step=7027200
SPS: 1578
Epoch: 307, global_step=7050240
SPS: 1579
Epoch: 308, global_step=7073280
SPS: 1580
Epoch: 309, global_step=7096320
SPS: 1582
Epoch: 310, global_step=7119360
SPS: 1583
Epoch: 311, global_step=7142400
SPS: 1585
Epoch: 312, global_step=7165440
SPS: 1586
Epoch: 313, global_step=7188480
SPS: 1587
Epoch: 314, global_step=7211520
SPS: 1589
Epoch: 315, global_step=7234560
SPS: 1590
Epoch: 316, global_step=7257600
SPS: 1591
Epoch: 317, global_step=7280640
SPS: 1592
Epoch: 318, global_step=7303680
SPS: 1594
Epoch: 319, global_step=7326720
SPS: 1595
Epoch: 320, global_step=7349760
SPS: 1596
Epoch: 321, global_step=7372800
SPS: 1598
Epoch: 322, global_step=7395840
SPS: 1599
Epoch: 323, global_step=7418880
SPS: 1600
Epoch: 324, global_step=7441920
SPS: 1602
Epoch: 325, global_step=7464960
SPS: 1603
Epoch: 326, global_step=7488000
Evaluating
Evaluated 17280 steps resulting in 192 episodes
[32mEvaluation Metric: success_once[0m | [36mMean: 0.4167[0m
[32mEvaluation Metric: return[0m | [36mMean: 14.6275[0m
[32mEvaluation Metric: episode_len[0m | [36mMean: 90.0000[0m
[32mEvaluation Metric: reward[0m | [36mMean: 0.1625[0m
[32mEvaluation Metric: success_at_end[0m | [36mMean: 0.1094[0m
model saved to checkpoints/ppo_memtasks/rgb_joints_belief/normalized_dense/InterceptMedium-v0/ppo-belief-interceptmedium-99__99__rgb_joints_belief__20260127_072753/20260127_072753/ckpt_13_326.pt
SPS: 1574
Epoch: 327, global_step=7511040
SPS: 1575
Epoch: 328, global_step=7534080
SPS: 1576
Epoch: 329, global_step=7557120
SPS: 1578
Epoch: 330, global_step=7580160
SPS: 1579
Epoch: 331, global_step=7603200
SPS: 1580
Epoch: 332, global_step=7626240
SPS: 1581
Epoch: 333, global_step=7649280
SPS: 1583
Epoch: 334, global_step=7672320
SPS: 1584
Epoch: 335, global_step=7695360
SPS: 1585
Epoch: 336, global_step=7718400
SPS: 1587
Epoch: 337, global_step=7741440
SPS: 1588
Epoch: 338, global_step=7764480
SPS: 1589
Epoch: 339, global_step=7787520
SPS: 1590
Epoch: 340, global_step=7810560
SPS: 1592
Epoch: 341, global_step=7833600
SPS: 1593
Epoch: 342, global_step=7856640
SPS: 1594
Epoch: 343, global_step=7879680
SPS: 1595
Epoch: 344, global_step=7902720
SPS: 1597
Epoch: 345, global_step=7925760
SPS: 1598
Epoch: 346, global_step=7948800
SPS: 1599
Epoch: 347, global_step=7971840
SPS: 1600
Epoch: 348, global_step=7994880
SPS: 1601
Epoch: 349, global_step=8017920
SPS: 1603
Epoch: 350, global_step=8040960
SPS: 1604
Epoch: 351, global_step=8064000
Evaluating
Evaluated 17280 steps resulting in 192 episodes
[32mEvaluation Metric: success_once[0m | [36mMean: 0.5521[0m
[32mEvaluation Metric: return[0m | [36mMean: 15.5869[0m
[32mEvaluation Metric: episode_len[0m | [36mMean: 90.0000[0m
[32mEvaluation Metric: reward[0m | [36mMean: 0.1732[0m
[32mEvaluation Metric: success_at_end[0m | [36mMean: 0.0833[0m
model saved to checkpoints/ppo_memtasks/rgb_joints_belief/normalized_dense/InterceptMedium-v0/ppo-belief-interceptmedium-99__99__rgb_joints_belief__20260127_072753/20260127_072753/ckpt_14_351.pt
SPS: 1577
Epoch: 352, global_step=8087040
SPS: 1578
Epoch: 353, global_step=8110080
SPS: 1579
Epoch: 354, global_step=8133120
SPS: 1581
Epoch: 355, global_step=8156160
SPS: 1582
Epoch: 356, global_step=8179200
SPS: 1583
Epoch: 357, global_step=8202240
SPS: 1584
Epoch: 358, global_step=8225280
SPS: 1585
Epoch: 359, global_step=8248320
SPS: 1587
Epoch: 360, global_step=8271360
SPS: 1588
Epoch: 361, global_step=8294400
SPS: 1589
Epoch: 362, global_step=8317440
SPS: 1590
Epoch: 363, global_step=8340480
SPS: 1591
Epoch: 364, global_step=8363520
SPS: 1593
Epoch: 365, global_step=8386560
SPS: 1594
Epoch: 366, global_step=8409600
SPS: 1595
Epoch: 367, global_step=8432640
SPS: 1596
Epoch: 368, global_step=8455680
SPS: 1597
Epoch: 369, global_step=8478720
SPS: 1598
Epoch: 370, global_step=8501760
SPS: 1600
Epoch: 371, global_step=8524800
SPS: 1601
Epoch: 372, global_step=8547840
SPS: 1602
Epoch: 373, global_step=8570880
SPS: 1603
Epoch: 374, global_step=8593920
SPS: 1604
Epoch: 375, global_step=8616960
SPS: 1605
Epoch: 376, global_step=8640000
Evaluating
Evaluated 17280 steps resulting in 192 episodes
[32mEvaluation Metric: success_once[0m | [36mMean: 0.3542[0m
[32mEvaluation Metric: return[0m | [36mMean: 11.8363[0m
[32mEvaluation Metric: episode_len[0m | [36mMean: 90.0000[0m
[32mEvaluation Metric: reward[0m | [36mMean: 0.1315[0m
[32mEvaluation Metric: success_at_end[0m | [36mMean: 0.0312[0m
model saved to checkpoints/ppo_memtasks/rgb_joints_belief/normalized_dense/InterceptMedium-v0/ppo-belief-interceptmedium-99__99__rgb_joints_belief__20260127_072753/20260127_072753/ckpt_15_376.pt
SPS: 1580
Epoch: 377, global_step=8663040
SPS: 1581
Epoch: 378, global_step=8686080
SPS: 1582
Epoch: 379, global_step=8709120
SPS: 1583
Epoch: 380, global_step=8732160
SPS: 1584
Epoch: 381, global_step=8755200
SPS: 1586
Epoch: 382, global_step=8778240
SPS: 1587
Epoch: 383, global_step=8801280
SPS: 1588
Epoch: 384, global_step=8824320
SPS: 1589
Epoch: 385, global_step=8847360
SPS: 1590
Epoch: 386, global_step=8870400
SPS: 1591
Epoch: 387, global_step=8893440
SPS: 1592
Epoch: 388, global_step=8916480
SPS: 1593
Epoch: 389, global_step=8939520
SPS: 1594
Epoch: 390, global_step=8962560
SPS: 1595
Epoch: 391, global_step=8985600
SPS: 1596
Epoch: 392, global_step=9008640
SPS: 1598
Epoch: 393, global_step=9031680
SPS: 1599
Epoch: 394, global_step=9054720
SPS: 1600
Epoch: 395, global_step=9077760
SPS: 1601
Epoch: 396, global_step=9100800
SPS: 1602
Epoch: 397, global_step=9123840
SPS: 1603
Epoch: 398, global_step=9146880
SPS: 1604
Epoch: 399, global_step=9169920
SPS: 1605
Epoch: 400, global_step=9192960
SPS: 1606
Epoch: 401, global_step=9216000
Evaluating
Evaluated 17280 steps resulting in 192 episodes
[32mEvaluation Metric: success_once[0m | [36mMean: 0.4583[0m
[32mEvaluation Metric: return[0m | [36mMean: 15.1860[0m
[32mEvaluation Metric: episode_len[0m | [36mMean: 90.0000[0m
[32mEvaluation Metric: reward[0m | [36mMean: 0.1687[0m
[32mEvaluation Metric: success_at_end[0m | [36mMean: 0.0729[0m
model saved to checkpoints/ppo_memtasks/rgb_joints_belief/normalized_dense/InterceptMedium-v0/ppo-belief-interceptmedium-99__99__rgb_joints_belief__20260127_072753/20260127_072753/ckpt_16_401.pt
SPS: 1582
Epoch: 402, global_step=9239040
SPS: 1583
Epoch: 403, global_step=9262080
SPS: 1584
Epoch: 404, global_step=9285120
SPS: 1585
Epoch: 405, global_step=9308160
SPS: 1586
Epoch: 406, global_step=9331200
SPS: 1587
Epoch: 407, global_step=9354240
SPS: 1588
Epoch: 408, global_step=9377280
SPS: 1589
Epoch: 409, global_step=9400320
SPS: 1590
Epoch: 410, global_step=9423360
SPS: 1591
Epoch: 411, global_step=9446400
SPS: 1592
Epoch: 412, global_step=9469440
SPS: 1593
Epoch: 413, global_step=9492480
SPS: 1594
Epoch: 414, global_step=9515520
SPS: 1595
Epoch: 415, global_step=9538560
SPS: 1596
Epoch: 416, global_step=9561600
SPS: 1597
Epoch: 417, global_step=9584640
SPS: 1598
Epoch: 418, global_step=9607680
SPS: 1599
Epoch: 419, global_step=9630720
SPS: 1600
Epoch: 420, global_step=9653760
SPS: 1601
Epoch: 421, global_step=9676800
SPS: 1602
Epoch: 422, global_step=9699840
SPS: 1603
Epoch: 423, global_step=9722880
SPS: 1604
Epoch: 424, global_step=9745920
SPS: 1605
Epoch: 425, global_step=9768960
SPS: 1606
Epoch: 426, global_step=9792000
Evaluating
Evaluated 17280 steps resulting in 192 episodes
[32mEvaluation Metric: success_once[0m | [36mMean: 0.4948[0m
[32mEvaluation Metric: return[0m | [36mMean: 14.8387[0m
[32mEvaluation Metric: episode_len[0m | [36mMean: 90.0000[0m
[32mEvaluation Metric: reward[0m | [36mMean: 0.1649[0m
[32mEvaluation Metric: success_at_end[0m | [36mMean: 0.0885[0m
model saved to checkpoints/ppo_memtasks/rgb_joints_belief/normalized_dense/InterceptMedium-v0/ppo-belief-interceptmedium-99__99__rgb_joints_belief__20260127_072753/20260127_072753/ckpt_17_426.pt
SPS: 1583
Epoch: 427, global_step=9815040
SPS: 1584
Epoch: 428, global_step=9838080
SPS: 1585
Epoch: 429, global_step=9861120
SPS: 1586
Epoch: 430, global_step=9884160
SPS: 1587
Epoch: 431, global_step=9907200
SPS: 1588
Epoch: 432, global_step=9930240
SPS: 1589
Epoch: 433, global_step=9953280
SPS: 1590
Epoch: 434, global_step=9976320
SPS: 1591
model saved to checkpoints/ppo_memtasks/rgb_joints_belief/normalized_dense/InterceptMedium-v0/ppo-belief-interceptmedium-99__99__rgb_joints_belief__20260127_072753/20260127_072753/final_ckpt.pt
