Enabling podman.socket for user: s4176650
Running RememberShapeAndColor5x3-v0 with belief, seed 42

===========================================================================
║                        Environment Configuration                        ║
===========================================================================
║ Environment ID: RememberShapeAndColor3x3-v0                             ║
║ Oracle Info:    None                                                    ║
║ Wrappers:                                                               ║
║    ├─ InitialZeroActionWrapper                                         ║
║    │  └─ {'n_initial_steps': 0}                                           ║
║    ├─ RememberShapeAndColorInfoWrapper                                 ║
║    ├─ RenderStepInfoWrapper                                            ║
║    ├─ RenderRewardInfoWrapper                                          ║
║    ├─ DebugRewardWrapper                                               ║
║-------------------------------------------------------------------------║
║ include_state:       False │ state will not be used                ║
║ include_rgb:         True  │ rgb images will be used               ║
║ include_oracle:      False │ oracle info will not be used          ║
║ include_joints:      True  │ joints will be used                   ║
===========================================================================

MODE='rgb_joints_belief'
prompt_info=None
{0: 'cube', 1: 'sphere', 2: 't_shape', 3: 'cross', 4: 'torus'}
{0: 'cube', 1: 'sphere', 2: 't_shape', 3: 'cross', 4: 'torus'}
Saving eval videos to checkpoints/ppo_memtasks/rgb_joints_belief/normalized_dense/RememberShapeAndColor3x3-v0/ppo-mlp-dense-remember-shape-color-3x3-v0-belief__42__rgb_joints_belief__20260105_091412/20260105_091412/videos
======================================================================
Max Episode Steps: 60
======================================================================

Loading belief model from /local/s4176650/sphinx/storage/RememberShapeAndColor3x3-v0_vae_mikasa_new_10/final_vae_model.pt
  phi_dim=16, latent_dim=32
Belief model loaded successfully. Memory size: 768
  [DETERMINISTIC MODE] Using z=0 and decoder mean (no random sampling)
Running training

####
args.num_iterations=865 args.num_envs=200 args.num_eval_envs=16
args.minibatch_size=375 args.batch_size=12000 args.update_epochs=4
####

sample_obs.keys()=dict_keys(['joints', 'rgb'])
joints: torch.Size([200, 25])
rgb: torch.Size([200, 128, 128, 3])


Epoch: 1, global_step=0
Evaluating
Evaluated 11520 steps resulting in 192 episodes
[32mEvaluation Metric: success_once[0m | [36mMean: 0.0000[0m
[32mEvaluation Metric: return[0m | [36mMean: 9.7816[0m
[32mEvaluation Metric: episode_len[0m | [36mMean: 60.0000[0m
[32mEvaluation Metric: reward[0m | [36mMean: 0.1630[0m
[32mEvaluation Metric: success_at_end[0m | [36mMean: 0.0000[0m
model saved to checkpoints/ppo_memtasks/rgb_joints_belief/normalized_dense/RememberShapeAndColor3x3-v0/ppo-mlp-dense-remember-shape-color-3x3-v0-belief__42__rgb_joints_belief__20260105_091412/20260105_091412/ckpt_0_1.pt
SPS: 114
Epoch: 2, global_step=12000
SPS: 212
Epoch: 3, global_step=24000
SPS: 297
Epoch: 4, global_step=36000
SPS: 371
Epoch: 5, global_step=48000
SPS: 436
Epoch: 6, global_step=60000
SPS: 493
Epoch: 7, global_step=72000
SPS: 544
Epoch: 8, global_step=84000
SPS: 590
Epoch: 9, global_step=96000
SPS: 632
Epoch: 10, global_step=108000
SPS: 669
Epoch: 11, global_step=120000
SPS: 703
Epoch: 12, global_step=132000
SPS: 733
Epoch: 13, global_step=144000
SPS: 760
Epoch: 14, global_step=156000
SPS: 785
Epoch: 15, global_step=168000
SPS: 809
Epoch: 16, global_step=180000
SPS: 831
Epoch: 17, global_step=192000
SPS: 850
Epoch: 18, global_step=204000
SPS: 869
Epoch: 19, global_step=216000
SPS: 887
Epoch: 20, global_step=228000
SPS: 904
Epoch: 21, global_step=240000
SPS: 918
Epoch: 22, global_step=252000
SPS: 933
Epoch: 23, global_step=264000
SPS: 947
Epoch: 24, global_step=276000
SPS: 959
Epoch: 25, global_step=288000
SPS: 971
Epoch: 26, global_step=300000
SPS: 981
Epoch: 27, global_step=312000
SPS: 990
Epoch: 28, global_step=324000
